04-18 20:28:39.333 I/[MCFSDK_android_1.2.27006]_4_McfCasterImpl( 1112): isNetworkEnabled - type : 1 ret : true
04-18 20:28:39.333 D/WifiProfileShare.McfCast( 1112): -ME--- mIsNetworkEnabled :true
04-18 20:28:39.333 D/WifiProfileShare.McfCast( 1112): -ME--- updatePasswordDate pwdData size:6
04-18 20:28:39.333 D/NetworkMonitor(27457): Network capabilities changed status: (hasInternet = true, WiFI = true, Cellular = false, Ethernet = false, VPN = false, Bluetooth = false, Validated = true, Behind captive = false, Unmetered = true, Airplane = false)
04-18 20:28:39.333 I/Tycho.VoiceLibrary(26253): TeleWifiMonitor.updateSignalState, (is connected: true, signal level: 99%, link speed: 720Mbps) -> (is connected: true, signal level: 99%, link speed: 960Mbps)
04-18 20:28:39.334 I/Tycho.VoiceLibrary(26253): Skip the config reloading on wifi_state_change because it's using local profile and enableConfigReloadForLocalProfile is disabled.
04-18 20:28:39.334 I/Tycho.VoiceLibrary(26253): ImsRegistrationNetworkSelector.onWifiStateChanged
04-18 20:28:39.427 I/HBD     ( 6870): h onCapabilityChanged  setNetworkState currentNetworkState : wifi 
04-18 20:28:39.524 W/AlarmManager( 1797): Unrecognized alarm listener com.android.networkstack.android.net.ip.IpClientLinkObserver$Dhcp6PdPreferredPrefixAlarmListener@97e2610
04-18 20:28:39.524 D/io_stats(  519): !@   8,0 r 2772050 73390693 w 765280 25504320 d 78499 31697980 f 29738 66065 iot 1242072 0 th 0 0 0 pt 0 inp 0 0 6077.630
04-18 20:28:39.539 I/BtGatt.ScanHelper( 2139): onScanResult to scannerId: 3- eventType=0x1b, addressType=1, address=XX:XX:XX:XX:F2:68, primaryPhy=1, secondaryPhy=0, advertisingSid=0xff, txPower=127, rssi=-67, periodicAdvInt=0x0
04-18 20:28:39.567 I/dex2oat32(28881): dex2oat took 8.834s (23.933s cpu) (threads: 4) arena alloc=7272KB (7447272B) java alloc=2741KB (2806992B) native alloc=6965KB (7132432B) free=10MB (11478496B) swap=32MB (33554432B)
04-18 20:28:39.576 I/BtGatt.ScanHelper( 2139): onScanResult to scannerId: 3- eventType=0x1b, addressType=0, address=XX:XX:XX:XX:B7:E9, primaryPhy=1, secondaryPhy=0, advertisingSid=0xff, txPower=127, rssi=-39, periodicAdvInt=0x0
04-18 20:28:39.608 E/BatteryDump(  761): !@new_battery_dump : 4222,2854,1700,3400,76,293,293,433,0,343,391,442,0,Charging,CC_MODE,Normal,Good,PDIC_APDO,0,Normal,0,0,9291,0x40000000,0x10000,0x0,0,0,0000,0000,00000000,0,0,0,0,25,4083,7580,990,0,
04-18 20:28:39.616 I/sehhealth-service(  761): updateLrpSysfs: write: 393
04-18 20:28:39.617 D/[SS]BattFunctions( 1112): [sendRemainingChargingTimeChangedIntent]remainingChargingTime:3154 ,mLastRemainingChargingTime:3165
04-18 20:28:39.620 I/AODBatteryManager( 1814): updateBatteryData: ACTION_BATTERY_CHANGED
04-18 20:28:39.621 I/ChargingInfoManager( 1814): updateChargingInfo: newState = AOD ChargingInfo [mState=BATTERY_AND_REMAIN_TIME, mIsCharging=true, mIsPlugged=true, mIsFullyCharged=false, mIsBatteryProtectMode=false, mBetteryLevel=76, mBetteryProtectModeType0, mIsSlowChargingfalse], oldState = AOD ChargingInfo [mState=BATTERY_AND_REMAIN_TIME, mIsCharging=true, mIsPlugged=true, mIsFullyCharged=false, mIsBatteryProtectMode=false, mBetteryLevel=76, mBetteryProtectModeType0, mIsSlowChargingfalse]
04-18 20:28:39.621 D/PowerUI ( 1814): Charging time is changed, check charging notification
04-18 20:28:39.622 D/PowerUI.Notification( 1814): showChargingNotice - oldBatteryLevel : 75 , BatteryLevel : 76 / oldChargingType : 11 , ChargingType : 11 / oldChargingTime : 3165, ChargingTime : 3154 / oldMaximumEnabled : false , MaximumEnabled : false / oldMaximumThreshold : 80 , MaximumThreshold : 80
04-18 20:28:39.625 I/NotificationManager( 1814): com.android.systemui: notify(2131363875, charging_state, Notification(channel=CHR shortcut=null contentView=null vibrate=null sound=null defaults=0 flags=ONGOING_EVENT|ONLY_ALERT_ONCE color=0x00000000 category=sys groupKey=CHARGING vis=PUBLIC semFlags=0x0 semPriority=0 semMissedCount=0)) as user
04-18 20:28:39.627 W/PermissionService( 1112): getPermissionFlags: Unknown user -1
04-18 20:28:39.627 W/PermissionService( 1112): getPermissionFlags: Unknown user -1
04-18 20:28:39.647 I/artd    (25296): dex2oat returned code 0
04-18 20:28:39.690 I/ArtService( 1112): Dexopt result: [packageName = com.teslacoilsw.launcher] DexContainerFileDexoptResult{dexContainerFile=/data/app/~~ObpjW38apxsIACTZtZe1nQ==/com.teslacoilsw.launcher-FLMiE_LvDr2ogIcSa5t1Ow==/base.apk, primaryAbi=true, abi=arm64-v8a, actualCompilerFilter=speed-profile, status=PERFORMED, dex2oatWallTimeMillis=8991, dex2oatCpuTimeMillis=24050, sizeBytes=49305156, sizeBeforeBytes=0, extendedStatusFlags=[]}
04-18 20:28:39.691 D/PersonaManagerService( 1112): getSeparationConfigfromCache is called
04-18 20:28:39.692 D/PackageManager( 1112): isLocaleOptimizedPackage() -  Non optimized app: com.teslacoilsw.launcher. Proceed with normal install
04-18 20:28:39.695 I/AppsFilter( 1112): interaction: PackageSetting{cdaf0a1 com.averycorp.prismtask/10097} -> PackageSetting{970e5c9 com.teslacoilsw.launcher/10354} BLOCKED
04-18 20:28:39.787 D/PackageManager_ASKS( 1112): call checkDeletableList.
04-18 20:28:39.788 D/SystemFileBackupManager( 1112): Already scheduled
04-18 20:28:39.790 I/ActivityManager( 1112): Force stopping com.teslacoilsw.launcher appid=10354 user=0: pkg removed
04-18 20:28:39.818 I/Finsky  (30690): [2] aiyb - Received: android.intent.action.PACKAGE_REMOVED, [Y3zRMiFr6X0kYgOIX6SWZvagYTKUKWUEInJDT7FT5ZQ]
04-18 20:28:39.819 I/Finsky:background(30703): [2] aixr - Received: android.intent.action.PACKAGE_REMOVED, [Y3zRMiFr6X0kYgOIX6SWZvagYTKUKWUEInJDT7FT5ZQ]
04-18 20:28:39.820 I/ActivityManager( 1112): Force stopping com.teslacoilsw.launcher appid=10354 user=0: pkg removed
04-18 20:28:39.826 V/PackageManager( 1112): vzwCarrierId : VZW
04-18 20:28:39.826 V/PackageManager( 1112): vzwSalesCode : VZW
04-18 20:28:39.826 V/PackageManager( 1112): getMVSPackageName exception : android.content.pm.PackageManager$NameNotFoundException: com.verizon.loginengine.unbranded
04-18 20:28:39.826 V/PackageManager( 1112): getMVSPackageName : com.verizon.mips.services
04-18 20:28:39.832 I/Telecom ( 1112): SamsungTelecomServiceImpl : isInManagedCall - callingPackage : android / callingUser : UserHandle{0} / hasCrossUserAccess : true
04-18 20:28:39.834 I/Finsky:background(30703): [510] Wrote row to frosting DB: 40940
04-18 20:28:39.839 W/MediaProvider( 3880): WorkProfileOwnerApps cache is empty
04-18 20:28:39.839 D/PickerSyncLockManager( 3880): Trying to acquire lock com.android.providers.media.photopicker.sync.CloseableReentrantLock@30681dd[Unlocked]. Lock Name = CLOUD_PROVIDER_LOCK. Threads that may be waiting to acquire this lock = []
04-18 20:28:39.839 D/CloseableReentrantLock( 3880): Successfully acquired lock com.android.providers.media.photopicker.sync.CloseableReentrantLock@30681dd[Locked by thread main]. Lock Name = CLOUD_PROVIDER_LOCK. Threads that may be waiting to acquire this lock = []
04-18 20:28:39.839 D/CloseableReentrantLock( 3880): Successfully released lock com.android.providers.media.photopicker.sync.CloseableReentrantLock@30681dd[Unlocked]. Lock Name = CLOUD_PROVIDER_LOCK. Threads that may be waiting to acquire this lock = []
04-18 20:28:39.839 I/PackageInfoManager_FLP( 3096): action : ACTION_PACKAGE_REMOVED, packageName = com.teslacoilsw.launcher
04-18 20:28:39.840 D/SecSTQuickControlRequestReceiver( 1814): onReceive intent = Intent { act=android.intent.action.PACKAGE_REMOVED dat=package: flg=0x4000010 (has extras) }
04-18 20:28:39.840 I/NearbySharing(32471): Network state changed: NetworkState(isRestricted=false, isOnline=true, isCongested=false, isMetered=false, isWifiConnected=true)
04-18 20:28:39.842 I/Finsky:background(30703): [510] Wrote row to frosting DB: 40941
04-18 20:28:39.842 D/SEP_UNION_SemDeviceInfoManagerService( 1112): onReceive : android.intent.action.PACKAGE_REMOVED, userId = 0 
04-18 20:28:39.843 D/ShortcutService( 1112): received package broadcast intent: Intent { act=android.intent.action.PACKAGE_REMOVED dat=package: flg=0x4000010 (has extras) }
04-18 20:28:39.843 D/ActivityManager( 1112): Received BROADCAST intent 0xd7b0433 Key{broadcastIntent pkg=com.android.systemui intent=act=com.samsung.android.app.edgelighting.PACKAGE_REMOVED cmp=com.android.systemui/.edgelighting.EdgeLightingReceiver$1 flags=0x2000000 u=0} requestCode=0 sent=0 from uid 1000
04-18 20:28:39.843 D/SEP_UNION_SemDeviceInfoManagerService( 1112): Send intent com.samsung.android.app.edgelighting.PACKAGE_REMOVED, userId: 0 by broadcast 
04-18 20:28:39.845 I/VvmPkgInstalledRcvr( 1748): onReceive(): android.intent.action.PACKAGE_REMOVED
04-18 20:28:39.846 I/VvmPkgInstalledRcvr( 1748): packageName: com.teslacoilsw.launcher, systemDialer: com.samsung.android.dialer
04-18 20:28:39.847 I/Telecom ( 1112): SamsungTelecomServiceImpl : getCallCapablePhoneAccounts - includeDisabledAccounts : false / callingPackage : com.android.phone / callingUser : UserHandle{0} / hasCrossUserAccess : true
04-18 20:28:39.848 I/VvmPkgInstalledRcvr( 1748): capablePhoneAccounts : [ComponentInfo{com.android.phone/com.samsung.telephony.services.advanced.cmc.SamsungCmcConnectionService}, ***, UserHandle{0}]
04-18 20:28:39.848 I/VvmPkgInstalledRcvr( 1748): capablePhoneAccounts.size : 1
04-18 20:28:39.849 I/Telecom ( 1112): SamsungTelecomServiceImpl : getCallCapablePhoneAccounts - includeDisabledAccounts : false / callingPackage : com.android.phone / callingUser : UserHandle{0} / hasCrossUserAccess : true
04-18 20:28:39.850 E/AppOps  ( 1112): attributionTag VCN not declared in manifest of android
04-18 20:28:39.850 I/VvmPkgInstalledRcvr( 1748): phoneAccountHandle : ComponentInfo{com.android.phone/com.samsung.telephony.services.advanced.cmc.SamsungCmcConnectionService}, ***, UserHandle{0}
04-18 20:28:39.850 I/VvmPkgInstalledRcvr( 1748): pinnedTelephonyManager : android.telephony.TelephonyManager@c032534
04-18 20:28:39.850 D/ControlsListingControllerImpl( 1814): ServiceConfig reloaded, count: 1
04-18 20:28:39.851 D/TileServices( 1814): mUninstallReceiver onReceive = Intent { act=android.intent.action.PACKAGE_REMOVED dat=package: flg=0x4000010 (has extras) }
04-18 20:28:39.851 E/AppOps  ( 1112): attributionTag VCN not declared in manifest of android
04-18 20:28:39.851 I/VvmPkgInstalledRcvr( 1748): pinnedTelephonyManager : subscriberId: 310*********782
04-18 20:28:39.853 I/VvmPkgInstalledRcvr( 1748): getCarrierVvmPackages : config: PersistableBundle[{imsvoice.voice_on_default_bearer_supported_bool=false, imsvoice.rtp_inactivity_time_threshold_millis_long=5000, imsss.ut_transport_type_int=1, imsemergency.emergency_call_setup_timer_on_current_network_sec_int=0, carrier_volte_provisioned_bool=false, support_cdma_1x_voice_calls_bool=true, support_ss_over_cdma_bool=false, disable_charge_indication_bool=false, ims.sip_timer_t4_millis_int=17000, support_tdscdma_bool=false, httpSocketTimeout=60000, allowed_initial_attach_apn_types_string_array=[ia, default], disable_supplementary_services_in_airplane_mode_bool=false, call_barring_default_service_class_int=1, call_redirection_service_component_name_string=null, carrier_wfc_supports_wifi_only_bool=false, carrier_default_actions_on_default_network_available_string_array=[false: 7, true: 8], imsvoice.minimum_session_expires_timer_sec_int=90, vonr_on_by_default_bool=true, iwlan_handover_policy_string_array=[source=GERAN|UTRAN|EUTRAN|NGRAN|IWLAN, target=GERAN|UTRAN|EUTRAN|NGRAN|IWLAN, type=disallowed, capabilities=MMS|XCAP|CBS|SUPL|DUN|BIP|FOTA], operator_selection_expand_bool=true, disable_cdma_activation_code_bool=false, simplified_network_settings_bool=false, imsemergency.emergency_registration_timer_millis_int=10000, call_forwarding_when_unanswered_supported_bool=true, imsvt.h264_payload_description_bundle=PersistableBundle[{99=PersistableBundle[{}], 100=PersistableBundle[{imsvt.video_codec_attribute_packetization_mode_int=0}]}], support_tdscdma_roaming_networks_string_array=null, opportunistic.5g_data_switch_hysteresis_time_long=2000, ims.sip_timer_d_millis_int=130000, gps.lpp_profile=2, call_barring_visibility_bool=false, __carrier_config_package_version__=5356223, gba_mode_int=1, ims.registration_subscribe_expiry_timer_sec_int=600000, gps.es_extension_sec=0, enable_apps_string_array=null, 5g_icon_display_secondary_grace_period_string=, carrier_default_wfc_ims_roaming_enabled_bool=false, cdma_nonroaming_networks_string_array=null, imsss.ut_as_server_fqdn_string=, imsemergency.emergency_lte_preferred_after_nr_failed_bool=false, signal_strength_nr_nsa_use_lte_as_primary_bool=true, aliasMinChars=2, fdn_number_length_limit_int=20, support_ims_call_forwarding_while_roaming_bool=true, wfc_data_spn_format_idx_int=0, hide_sim_lock_settings_bool=true, premium_capability_network_setup_time_millis_long=300000, satellite_esos_supported_bool=false, drop_video_call_when_answering_audio_call_bool=false, data_stall_recovery_timers_long_array=[180000, 180000, 180000, 180000, 180000], satellite_connection_hysteresis_sec_int=30, opportunistic_esim_download_via_wifi_only_bool=false, imsss.xcap_over_ut_supported_rats_int_array=[3, 5, 6], ci_action_on_sys_update_bool=false, carrier_certificate_string_array=[4C36AF4A5BDAD97C1F3D8B283416D244496C2AC5EAFE8226079EF6F676FD1859:com.google.android.apps.tycho], convert_cdma_caller_id_mmi_codes_while_roaming_on_3gpp_bool=false, support_enhanced_call_blocking_bool=true, iwlan.ike_rekey_hard_timer_in_sec=14400, vvm_port_number_int=0, premium_capability_notification_display_timeout_millis_long=1800000, wifi_connectivity_extend_cell_delay=-1, imsemergency.emergency_requires_ims_registration_bool=false, vcn_network_selection_ipsec_packet_loss_percent_threshold=-1, carrier_default_wfc_ims_enabled_bool=false, iwlan.ike_session_encryption_aes_ctr_key_size_int_array=[128, 192, 256], dial_string_replace_string_array=null, opportunistic_network_entry_threshold_bandwidth_int=1024, imsemergency.emergency_requires_volte_enabled_bool=false, opportunistic_network_data_switch_exit_hysteresis_time_long=3000, imsss.use_csfb_on_xcap_over_ut_failure_bool=true, gsm_nonroaming_networks_string_array=null, imsserviceentitlement.ims_provisioning_bool=false, wifi.avoid_5ghz_softap_for_laa_bool=false, hide_ims_apn_bool=false, carrier_network_service_wlan_class_override_string=, vvm_destination_number_string=, ims.ipsec_encryption_algorithms_int_array=[0, 1, 2], opportunistic.5g_backoff_time_long=10000, enable_cross_sim_calling_on_oppo
04-18 20:28:39.853 I/VvmPkgInstalledRcvr( 1748): getCarrierVvmPackages : singlePackage: 
04-18 20:28:39.853 I/VvmPkgInstalledRcvr( 1748): getCarrierVvmPackages : arrayPackages: null
04-18 20:28:39.853 I/VvmPkgInstalledRcvr( 1748):  NOT contains : com.teslacoilsw.launcher
04-18 20:28:39.853 D/SPluginManagerImpl( 1814): onReceive: android.intent.action.PACKAGE_REMOVED, size:{com.android.systemui.navigationbar.plugin.PluginBarInteractionManager$pluginListener$1@96150c=SPluginInstanceManager@180583236 (action=com.samsung.systemui.navigationbar.PLUGIN), com.android.systemui.pluginlock.PluginLockMediatorImpl@2cb5511=SPluginInstanceManager@258106413 (action=com.samsung.systemui.action.PLUGIN_LOCK), com.android.systemui.slimindicator.SlimIndicatorPluginMediator@39c14fd=SPluginInstanceManager@255364450 (action=com.samsung.systemui.action.SPLUGIN_SLIMINDICATOR), com.android.systemui.volume.VolumeStarInteractor$start$1@45f1dc6=SPluginInstanceManager@32784115 (action=com.samsung.systemui.volume.PLUGIN), com.android.systemui.noticenter.NotiCenterPlugin$NotiCenterPluginListener@537a346=SPluginInstanceManager@52365232 (action=com.samsung.systemui.action.PLUGIN_NOTICENTER), com.samsung.android.systemui.multistar.MultiStarManager$2@a7ae0b1=SPluginInstanceManager@179181097 (action=com.samsung.systemui.action.PLUGIN_MULTISTAR)}
04-18 20:28:39.853 E/AppOps  ( 1112): attributionTag VCN not declared in manifest of android
04-18 20:28:39.853 D/KeyguardUpdateMonitor( 1814): received broadcast android.intent.action.PACKAGE_REMOVED
04-18 20:28:39.853 D/Navbar.Store( 1814): handleEvent(0) OnPackageRemoved(packageName=com.teslacoilsw.launcher) [Module] NavBarStoreImpl
04-18 20:28:39.853 D/Navbar.Store( 1814): --[Band]TASKBAR_PACK_PACKAGE_REMOVED
04-18 20:28:39.853 D/Navbar.Store( 1814): --[Band]REMOTE_VIEW_PACK_PACKAGE_REMOVED
04-18 20:28:39.853 D/SecSTQuickControlRequestReceiver( 1814): onReceiveForPackage action = android.intent.action.PACKAGE_REMOVED, pkgName = com.teslacoilsw.launcher
04-18 20:28:39.853 I/GoodLockLifecycle( 1814): onPackageRemoved: com.teslacoilsw.launcher
04-18 20:28:39.853 I/Finsky:background(30703): [2] aixr - Received: android.intent.action.PACKAGE_REMOVED, [Y3zRMiFr6X0kYgOIX6SWZvagYTKUKWUEInJDT7FT5ZQ]
04-18 20:28:39.853 D/FaceWidgetMusicViewModel( 1814): onPackageRemoved() pkg = com.teslacoilsw.launcher, r = true
04-18 20:28:39.854 D/ActivityManager( 1112): Received BROADCAST intent 0xb1a83f0 Key{broadcastIntent pkg=com.samsung.android.provider.filterprovider intent=act=com.samsung.android.provider.filterprovider.INTENT_PACKAGE_REMOVED cmp=com.samsung.android.provider.filterprovider/.PackageIntentReceiver flags=0x2000000 u=0} requestCode=0 sent=0 from uid 1000
04-18 20:28:39.854 D/SEP_UNION_SemDeviceInfoManagerService( 1112): Send intent com.samsung.android.provider.filterprovider.INTENT_PACKAGE_REMOVED, userId: 0 by broadcast 
04-18 20:28:39.854 E/AppOps  ( 1112): attributionTag VCN not declared in manifest of android
04-18 20:28:39.855 I/Finsky  (30690): [2] AIM: AppInfoCacheUpdater -> invalidating apps: [com.teslacoilsw.launcher]
04-18 20:28:39.855 I/Finsky  (30690): [2] AIM: AppInfoManager-Perf > getApps > called for 1 apps
04-18 20:28:39.855 I/Telephony: SamsungTuiRelayReceiver( 1748): registerWhoWhoPackageRemovedEvents
04-18 20:28:39.855 I/Telephony: SamsungTuiRelayReceiver( 1748): registerCallBGProviderPackageRemovedEvents
04-18 20:28:39.855 I/Telephony: SamsungTuiRelayReceiver( 1748): sendRelayIntentForCallBG
04-18 20:28:39.857 I/y:lmbApkScanner(20072): Background concurrent mark compact GC freed 190KB AllocSpace bytes, 0(0B) LOS objects, 65% free, 3269KB/9413KB, paused 221us,39.659ms total 55.953ms
04-18 20:28:39.857 I/FILP/PackageIntentReceiver(24054): action 1: com.samsung.android.provider.filterprovider.INTENT_PACKAGE_REMOVED
04-18 20:28:39.857 I/FILP/PackageIntentReceiver(24054): pkgName : com.teslacoilsw.launcher
04-18 20:28:39.857 I/FILP/PackageIntentReceiver(24054): action 2: com.samsung.android.provider.filterprovider.INTENT_PACKAGE_REMOVED
04-18 20:28:39.857 I/FILP/PackageIntentReceiver(24054): action 3: com.samsung.android.provider.filterprovider.INTENT_PACKAGE_REMOVED
04-18 20:28:39.858 W/ContextImpl(24054): Calling a method in the system process without a qualified user: android.app.ContextImpl.startService:1993 android.content.ContextWrapper.startService:844 android.content.ContextWrapper.startService:844 com.samsung.android.provider.filterprovider.PackageIntentReceiver.onReceive:340 android.app.ActivityThread.handleReceiver:5381 
04-18 20:28:39.859 I/artd    (25296): GetBestInfo: odex next to the dex file (/data/app/~~ObpjW38apxsIACTZtZe1nQ==/com.teslacoilsw.launcher-FLMiE_LvDr2ogIcSa5t1Ow==/oat/arm64/base.odex) is kOatUpToDate with filter 'speed-profile' executable 'false'
04-18 20:28:39.859 W/y:lmbApkScanner(20072): ApkAssets: Deleting an ApkAssets object '<empty> and /data/app/~~fvRRB71ChOvfuddaXl7CLg==/com.drumeo-Qns2AGAzERt_ulnIi63VFQ==/base.apk' with 1 weak references
04-18 20:28:39.859 I/Finsky  (30690): [81] AIM: AppInfoManager-Perf > OnDeviceAppInfo > cacheHitCount=0, cacheMissCount=1. Missed  in cache (limit 10) : [com.teslacoilsw.launcher]
04-18 20:28:39.859 W/y:lmbApkScanner(20072): ApkAssets: Deleting an ApkAssets object '<empty> and /data/app/~~fvRRB71ChOvfuddaXl7CLg==/com.drumeo-Qns2AGAzERt_ulnIi63VFQ==/split_config.arm64_v8a.apk' with 1 weak references
04-18 20:28:39.859 W/y:lmbApkScanner(20072): ApkAssets: Deleting an ApkAssets object '<empty> and /data/app/~~fvRRB71ChOvfuddaXl7CLg==/com.drumeo-Qns2AGAzERt_ulnIi63VFQ==/split_config.en.apk' with 1 weak references
04-18 20:28:39.859 W/y:lmbApkScanner(20072): ApkAssets: Deleting an ApkAssets object '<empty> and /data/app/~~fvRRB71ChOvfuddaXl7CLg==/com.drumeo-Qns2AGAzERt_ulnIi63VFQ==/split_config.xhdpi.apk' with 1 weak references
04-18 20:28:39.859 I/Finsky  (30690): [81] AIM: Got app ownership map. App counts: 1. Unique apps: 1
04-18 20:28:39.862 D/IntervalStats( 1112): Unable to parse usage stats packages: [3, 12, 34, 38, 61, 63, 85, 101, 121, 150, 152, 242, 267, 347, 379, 399, 402, 403, 404, 405, 407, 411, 415, 421, 422, 424, 427, 439, 440, 441, 442, 443, 446, 455, 456, 457, 459, 460, 461, 462, 463, 464, 465, 466, 467, 468, 469, 470, 471, 472, 473, 474, 475, 476, 477, 478, 479, 480, 481, 482, 483, 484, 485, 486, 487, 488, 489, 490, 491, 525, 526, 527, 537]
04-18 20:28:39.864 E/Finsky  (30690): [83] [Counters] attempted to use a non-positive increment for: 4753
04-18 20:28:39.864 I/Telecom ( 1112): CarModeTracker: Package com.teslacoilsw.launcher is not tracked.: SSH.oR@DQs
04-18 20:28:39.864 I/Telecom ( 1112): InCallController: updateCarModeForConnections: car mode apps: : SSH.oR@DQs
04-18 20:28:39.864 I/Telecom ( 1112): InCallController: update carmode current:UserHandle{0} parent:null: SSH.oR@DQs
04-18 20:28:39.864 D/LocationManagerService( 1112): package com.teslacoilsw.launcher reset
04-18 20:28:39.865 I/SGM:GameManager( 1112): PkgUpdateReceiver, onReceive(), action=android.intent.action.PACKAGE_REMOVED, userId=0
04-18 20:28:39.865 I/SGM:GameManager( 1112): PkgUpdateReceiver, onPackageRemoved(). pkgName=com.teslacoilsw.launcher, userId=0
04-18 20:28:39.865 D/SGM:Util( 1112): isPkgInstalled(). pkgName=com.teslacoilsw.launcher, userId=0, installed=true
04-18 20:28:39.865 I/SGM:GameManager( 1112): PkgUpdateReceiver, onPackageRemoved(). The package is still installed. It is not uninstallation but update
04-18 20:28:39.865 D/MetaDataCollector( 1112): onReceive: begin action=android.intent.action.PACKAGE_REMOVED
04-18 20:28:39.865 D/MetaDataCollector( 1112): onReceive: done pkgName=com.teslacoilsw.launcher
04-18 20:28:39.865 V/PackageManager( 1112): vzwCustomAction: com.verizon.provider.PACKAGE_REMOVED
04-18 20:28:39.865 V/PackageManager( 1112): Target Package for explicit intent: com.verizon.mips.services
04-18 20:28:39.867 D/OverlayManager( 1112): reconcileSettingsForPackage pkgName=com.teslacoilsw.launcher userId=0
04-18 20:28:39.867 I/OverlayManager( 1112): updateOverlaysForTarget() called with: targetPackage = [com.teslacoilsw.launcher], userId = [0], flags = [2]
04-18 20:28:39.867 I/Finsky:background(30703): [81] IQ:PSL: onPackageRemoved com.teslacoilsw.launcher, replacing=true existingStatus=[Package:com.teslacoilsw.launcher, isid:mhmqBN3YQF-4HnuztipGLA] state:INSTALLING
04-18 20:28:39.868 I/HoneySpace.NotificationListener( 2265): onNotificationPosted com.android.systemui: -1|com.android.systemui|2131363875|charging_state|10063: 0
04-18 20:28:39.868 V/PackageManager( 1112): vzwCarrierId : VZW
04-18 20:28:39.868 V/PackageManager( 1112): vzwSalesCode : VZW
04-18 20:28:39.868 I/HoneySpace.NotificationListener( 2265): invalid notification: com.android.systemui UserHandle{-1}: canShowBadge is false
04-18 20:28:39.868 V/PackageManager( 1112): getMVSPackageName exception : android.content.pm.PackageManager$NameNotFoundException: com.verizon.loginengine.unbranded
04-18 20:28:39.869 V/PackageManager( 1112): getMVSPackageName : com.verizon.mips.services
04-18 20:28:39.869 V/PackageManager( 1112): vzwCustomAction: com.verizon.provider.PACKAGE_ADDED
04-18 20:28:39.869 V/PackageManager( 1112): Target Package for explicit intent: com.verizon.mips.services
04-18 20:28:39.870 W/PackageConfigPersister( 1112): App-specific configuration not found for packageName: com.teslacoilsw.launcher and userId: 0
04-18 20:28:39.871 D/ActivityThread( 7419): Package [com.teslacoilsw.launcher] reported as REPLACED, but missing application info. Assuming REMOVED.
04-18 20:28:39.872 I/Finsky  (30690): [597] [ContentSync] finished, scheduled=false
04-18 20:28:39.871 D/ActivityThread(23397): Package [com.teslacoilsw.launcher] reported as REPLACED, but missing application info. Assuming REMOVED.
04-18 20:28:39.872 D/ActivityThread( 3869): Package [com.teslacoilsw.launcher] reported as REPLACED, but missing application info. Assuming REMOVED.
04-18 20:28:39.872 D/ActivityThread(26177): Package [com.teslacoilsw.launcher] reported as REPLACED, but missing application info. Assuming REMOVED.
04-18 20:28:39.872 D/ActivityThread( 4632): Package [com.teslacoilsw.launcher] reported as REPLACED, but missing application info. Assuming REMOVED.
04-18 20:28:39.873 D/ActivityThread(26253): Package [com.teslacoilsw.launcher] reported as REPLACED, but missing application info. Assuming REMOVED.
04-18 20:28:39.873 D/ActivityThread( 3880): Package [com.teslacoilsw.launcher] reported as REPLACED, but missing application info. Assuming REMOVED.
04-18 20:28:39.873 D/ActivityThread(26168): Package [com.teslacoilsw.launcher] reported as REPLACED, but missing application info. Assuming REMOVED.
04-18 20:28:39.873 D/ActivityThread(24659): Package [com.teslacoilsw.launcher] reported as REPLACED, but missing application info. Assuming REMOVED.
04-18 20:28:39.873 D/ActivityThread(22501): Package [com.teslacoilsw.launcher] reported as REPLACED, but missing application info. Assuming REMOVED.
04-18 20:28:39.873 D/ActivityThread(23894): Package [com.teslacoilsw.launcher] reported as REPLACED, but missing application info. Assuming REMOVED.
04-18 20:28:39.873 D/ActivityThread(10936): Package [com.teslacoilsw.launcher] reported as REPLACED, but missing application info. Assuming REMOVED.
04-18 20:28:39.874 V/PackageManager( 1112): vzwCarrierId : VZW
04-18 20:28:39.874 V/PackageManager( 1112): vzwSalesCode : VZW
04-18 20:28:39.874 V/PackageManager( 1112): getMVSPackageName exception : android.content.pm.PackageManager$NameNotFoundException: com.verizon.loginengine.unbranded
04-18 20:28:39.874 V/PackageManager( 1112): getMVSPackageName : com.verizon.mips.services
04-18 20:28:39.874 D/ActivityThread( 2249): Package [com.teslacoilsw.launcher] reported as REPLACED, but missing application info. Assuming REMOVED.
04-18 20:28:39.874 V/PackageManager( 1112): vzwCustomAction: com.verizon.provider.PACKAGE_REPLACED
04-18 20:28:39.874 V/PackageManager( 1112): Target Package for explicit intent: com.verizon.mips.services
04-18 20:28:39.874 D/ActivityThread( 1748): Package [com.teslacoilsw.launcher] reported as REPLACED, but missing application info. Assuming REMOVED.
04-18 20:28:39.874 D/ActivityThread(26182): Package [com.teslacoilsw.launcher] reported as REPLACED, but missing application info. Assuming REMOVED.
04-18 20:28:39.874 D/ActivityThread(20072): Package [com.teslacoilsw.launcher] reported as REPLACED, but missing application info. Assuming REMOVED.
04-18 20:28:39.874 D/ActivityThread(24462): Package [com.teslacoilsw.launcher] reported as REPLACED, but missing application info. Assuming REMOVED.
04-18 20:28:39.875 D/ActivityThread(28508): Package [com.teslacoilsw.launcher] reported as REPLACED, but missing application info. Assuming REMOVED.
04-18 20:28:39.875 D/ActivityThread( 1797): Package [com.teslacoilsw.launcher] reported as REPLACED, but missing application info. Assuming REMOVED.
04-18 20:28:39.875 D/ActivityThread(24462): Package [com.teslacoilsw.launcher] reported as REPLACED, but missing application info. Assuming REMOVED.
04-18 20:28:39.875 D/ActivityThread(23865): Package [com.teslacoilsw.launcher] reported as REPLACED, but missing application info. Assuming REMOVED.
04-18 20:28:39.875 D/ActivityThread(10343): Package [com.teslacoilsw.launcher] reported as REPLACED, but missing application info. Assuming REMOVED.
04-18 20:28:39.875 D/ActivityThread(27097): Package [com.teslacoilsw.launcher] reported as REPLACED, but missing application info. Assuming REMOVED.
04-18 20:28:39.875 D/ActivityThread(32494): Package [com.teslacoilsw.launcher] reported as REPLACED, but missing application info. Assuming REMOVED.
04-18 20:28:39.876 D/ActivityThread( 6338): Package [com.teslacoilsw.launcher] reported as REPLACED, but missing application info. Assuming REMOVED.
04-18 20:28:39.876 D/ActivityThread(26168): Package [com.teslacoilsw.launcher] reported as REPLACED, but missing application info. Assuming REMOVED.
04-18 20:28:39.876 D/ActivityThread(27457): Package [com.teslacoilsw.launcher] reported as REPLACED, but missing application info. Assuming REMOVED.
04-18 20:28:39.876 D/ActivityThread(22501): Package [com.teslacoilsw.launcher] reported as REPLACED, but missing application info. Assuming REMOVED.
04-18 20:28:39.876 D/ActivityThread(20072): Package [com.teslacoilsw.launcher] reported as REPLACED, but missing application info. Assuming REMOVED.
04-18 20:28:39.877 D/ActivityThread( 3210): Package [com.teslacoilsw.launcher] reported as REPLACED, but missing application info. Assuming REMOVED.
04-18 20:28:39.877 D/ActivityThread(28121): Package [com.teslacoilsw.launcher] reported as REPLACED, but missing application info. Assuming REMOVED.
04-18 20:28:39.877 D/ActivityThread(28225): Package [com.teslacoilsw.launcher] reported as REPLACED, but missing application info. Assuming REMOVED.
04-18 20:28:39.877 D/ActivityThread(26182): Package [com.teslacoilsw.launcher] reported as REPLACED, but missing application info. Assuming REMOVED.
04-18 20:28:39.877 D/ActivityThread(26253): Package [com.teslacoilsw.launcher] reported as REPLACED, but missing application info. Assuming REMOVED.
04-18 20:28:39.877 I/PackageManager( 1112): result of install: 1{197014340}
04-18 20:28:39.877 D/ActivityThread( 3880): Package [com.teslacoilsw.launcher] reported as REPLACED, but missing application info. Assuming REMOVED.
04-18 20:28:39.878 D/ActivityThread(16046): Package [com.teslacoilsw.launcher] reported as REPLACED, but missing application info. Assuming REMOVED.
04-18 20:28:39.878 D/ActivityThread(26177): Package [com.teslacoilsw.launcher] reported as REPLACED, but missing application info. Assuming REMOVED.
04-18 20:28:39.878 D/ActivityThread( 1748): Package [com.teslacoilsw.launcher] reported as REPLACED, but missing application info. Assuming REMOVED.
04-18 20:28:39.878 D/ActivityThread(28010): Package [com.teslacoilsw.launcher] reported as REPLACED, but missing application info. Assuming REMOVED.
04-18 20:28:39.878 D/ActivityThread(28508): Package [com.teslacoilsw.launcher] reported as REPLACED, but missing application info. Assuming REMOVED.
04-18 20:28:39.878 D/PackageInstallerSession( 1112): Marking session 593565038 as applied
04-18 20:28:39.878 D/ActivityThread(24405): Package [com.teslacoilsw.launcher] reported as REPLACED, but missing application info. Assuming REMOVED.
04-18 20:28:39.879 D/ActivityThread( 1797): Package [com.teslacoilsw.launcher] reported as REPLACED, but missing application info. Assuming REMOVED.
04-18 20:28:39.879 I/PackageInstallerSession( 1112): result of session: 1{593565038}, Session installed
04-18 20:28:39.879 D/ActivityThread( 4632): Package [com.teslacoilsw.launcher] reported as REPLACED, but missing application info. Assuming REMOVED.
04-18 20:28:39.879 D/ActivityThread( 6338): Package [com.teslacoilsw.launcher] reported as REPLACED, but missing application info. Assuming REMOVED.
04-18 20:28:39.879 D/ActivityThread( 2249): Package [com.teslacoilsw.launcher] reported as REPLACED, but missing application info. Assuming REMOVED.
04-18 20:28:39.879 D/ActivityManager( 1112): Received BROADCAST intent 0x85106d5 Key{broadcastIntent pkg=com.android.vending intent=act=com.android.vending.INTENT_PACKAGE_INSTALL_COMMIT.com.teslacoilsw.launcher:81044 pkg=com.android.vending flags=0x42000000 u=0} requestCode=-543885287 sent=0 from uid 1000
04-18 20:28:39.879 D/ActivityThread(24659): Package [com.teslacoilsw.launcher] reported as REPLACED, but missing application info. Assuming REMOVED.
04-18 20:28:39.879 D/ActivityThread( 3869): Package [com.teslacoilsw.launcher] reported as REPLACED, but missing application info. Assuming REMOVED.
04-18 20:28:39.880 D/ActivityThread(16046): Package [com.teslacoilsw.launcher] reported as REPLACED, but missing application info. Assuming REMOVED.
04-18 20:28:39.881 I/Pageboost( 1112): remove app @ runtime : com.teslacoilsw.launcher
04-18 20:28:39.881 D/ActivityThread(24405): Package [com.teslacoilsw.launcher] reported as REPLACED, but missing application info. Assuming REMOVED.
04-18 20:28:39.881 D/ActivityThread(23865): Package [com.teslacoilsw.launcher] reported as REPLACED, but missing application info. Assuming REMOVED.
04-18 20:28:39.881 D/ActivityThread(28121): Package [com.teslacoilsw.launcher] reported as REPLACED, but missing application info. Assuming REMOVED.
04-18 20:28:39.882 D/ActivityThread( 3210): Package [com.teslacoilsw.launcher] reported as REPLACED, but missing application info. Assuming REMOVED.
04-18 20:28:39.882 I/mdec/NotiSyncUtility( 1864): device ready for noti sync : true
04-18 20:28:39.882 D/ActivityThread(27457): Package [com.teslacoilsw.launcher] reported as REPLACED, but missing application info. Assuming REMOVED.
04-18 20:28:39.882 D/ActivityThread(28010): Package [com.teslacoilsw.launcher] reported as REPLACED, but missing application info. Assuming REMOVED.
04-18 20:28:39.883 D/OverlayManager( 1112): reconcileSettingsForPackage pkgName=com.teslacoilsw.launcher userId=0
04-18 20:28:39.883 I/OverlayManager( 1112): updateOverlaysForTarget() called with: targetPackage = [com.teslacoilsw.launcher], userId = [0], flags = [0]
04-18 20:28:39.883 D/ActivityThread(28225): Package [com.teslacoilsw.launcher] reported as REPLACED, but missing application info. Assuming REMOVED.
04-18 20:28:39.883 V/NotificationManagerService$NotificationListeners( 1112): enabling notification listener for 0: ComponentInfo{com.teslacoilsw.launcher/com.teslacoilsw.launcher.notificationlistener.NotificationListener}
04-18 20:28:39.884 D/ActivityThread( 3079): Package [com.teslacoilsw.launcher] reported as REPLACED, but missing application info. Assuming REMOVED.
04-18 20:28:39.884 I/Finsky:background(30703): [510] Wrote row to frosting DB: 40942
04-18 20:28:39.884 D/SEP_UNION_SemDeviceInfoManagerService( 1112): Package com.teslacoilsw.launcher is removed on User 0 
04-18 20:28:39.885 V/NotificationManagerService$NotificationListeners( 1112): binding: Intent { act=android.service.notification.NotificationListenerService cmp=com.teslacoilsw.launcher/.notificationlistener.NotificationListener (has extras) }
04-18 20:28:39.885 D/CarrierSvcBindHelper( 1748): onPackageUpdateFinished: com.teslacoilsw.launcher
04-18 20:28:39.888 D/ActivityThread( 1814): Package [com.teslacoilsw.launcher] reported as REPLACED, but missing application info. Assuming REMOVED.
04-18 20:28:39.889 I/Finsky:background(30703): [510] Wrote row to frosting DB: 40943
04-18 20:28:39.890 D/EuiccConnector( 1748): handleMessage: E msg.what=1
04-18 20:28:39.890 D/EuiccConnector( 1748): processMsg: AvailableState
04-18 20:28:39.890 D/EuiccConnector( 1748): processMsg: UnavailableState
04-18 20:28:39.890 D/ActivityThread(32471): Package [com.teslacoilsw.launcher] reported as REPLACED, but missing application info. Assuming REMOVED.
04-18 20:28:39.890 D/ActivityThread(32471): Package [com.teslacoilsw.launcher] reported as REPLACED, but missing application info. Assuming REMOVED.
04-18 20:28:39.891 D/EuiccConnector( 1748): transitionTo: destState=AvailableState
04-18 20:28:39.891 D/ActivityThread(23397): Package [com.teslacoilsw.launcher] reported as REPLACED, but missing application info. Assuming REMOVED.
04-18 20:28:39.891 D/ShortcutService( 1112): received package broadcast intent: Intent { act=android.intent.action.PACKAGE_ADDED dat=package: flg=0x4000010 (has extras) }
04-18 20:28:39.891 D/ShortcutService( 1112): replacing package: com.teslacoilsw.launcher userId0
04-18 20:28:39.892 D/ActivityThread(23860): Package [com.teslacoilsw.launcher] reported as REPLACED, but missing application info. Assuming REMOVED.
04-18 20:28:39.892 I/AppWidgetServiceImpl( 1112): Received broadcast: android.intent.action.PACKAGE_ADDED, Updates all providers with com.teslacoilsw.launcher, userId: 0
04-18 20:28:39.892 D/ActivityThread(23894): Package [com.teslacoilsw.launcher] reported as REPLACED, but missing application info. Assuming REMOVED.
04-18 20:28:39.894 D/SGM:GameManager( 1112): identifyGamePackage. com.teslacoilsw.launcher, mCurrentUserId: 0, callerUserId: 0, callingMethodInfo: com.samsung.android.game.SemGameManager.isGamePackage(SemGameManager.java:105)
04-18 20:28:39.894 D/SGM:SemGameManager( 1112): isGamePackage(), pkgName=com.teslacoilsw.launcher, ret=false
04-18 20:28:39.894 E/AppOps  ( 1112): attributionTag VCN not declared in manifest of android
04-18 20:28:39.894 D/ActivityThread(27097): Package [com.teslacoilsw.launcher] reported as REPLACED, but missing application info. Assuming REMOVED.
04-18 20:28:39.894 D/CompatChangeReporter( 1112): Compat change id reported: 151861875; UID 10354; state: ENABLED
04-18 20:28:39.894 D/CarrierSvcBindHelper( 1748): No carrier app for: 0
04-18 20:28:39.894 V/GrammaticalInflectionUtils( 1112): AttributionSource: AttributionSource { uid = 10354, packageName = null, attributionTag = null, token = android.os.Binder@3993a8f, deviceId = 0, next = null } does not have READ_SYSTEM_GRAMMATICAL_GENDER permission.
04-18 20:28:39.894 D/CarrierSvcBindHelper( 1748): onPackageModified: com.teslacoilsw.launcher
04-18 20:28:39.895 D/ActivityThread(32494): Package [com.teslacoilsw.launcher] reported as REPLACED, but missing application info. Assuming REMOVED.
04-18 20:28:39.895 D/ActivityThread(10343): Package [com.teslacoilsw.launcher] reported as REPLACED, but missing application info. Assuming REMOVED.
04-18 20:28:39.896 D/EuiccConnector( 1748): handleMessage: new destination call exit/enter
04-18 20:28:39.896 D/EuiccConnector( 1748): setupTempStateStackWithStatesToEnter: X mTempStateStackCount=1,curStateInfo: state=UnavailableState,active=true,parent=null
04-18 20:28:39.896 E/system_server( 1112): No package ID 7f found for resource ID 0x7f08040d.
04-18 20:28:39.896 D/EuiccConnector( 1748): invokeExitMethods: AvailableState
04-18 20:28:39.896 D/EuiccConnector( 1748): moveTempStackToStateStack: i=0,j=1
04-18 20:28:39.896 E/system_server( 1112): No package ID 7f found for resource ID 0x7f1400b0.
04-18 20:28:39.896 D/EuiccConnector( 1748): moveTempStackToStateStack: X mStateStackTop=1,startingIndex=1,Top=AvailableState
04-18 20:28:39.896 D/EuiccConnector( 1748): invokeEnterMethods: AvailableState
04-18 20:28:39.896 D/EuiccConnector( 1748): handleMessage: X
04-18 20:28:39.896 D/EuiccConnector( 1748): handleMessage: E msg.what=1
04-18 20:28:39.896 D/ActivityThread(10936): Package [com.teslacoilsw.launcher] reported as REPLACED, but missing application info. Assuming REMOVED.
04-18 20:28:39.896 D/EuiccConnector( 1748): processMsg: AvailableState
04-18 20:28:39.896 D/EuiccConnector( 1748): processMsg: UnavailableState
04-18 20:28:39.896 E/system_server( 1112): No package ID 7f found for resource ID 0x7f080410.
04-18 20:28:39.896 E/system_server( 1112): No package ID 7f found for resource ID 0x7f1403fa.
04-18 20:28:39.896 D/SEP_UNION_SemDeviceInfoManagerService( 1112): onReceive : android.intent.action.PACKAGE_ADDED, userId = 0 
04-18 20:28:39.896 D/ActivityManager( 1112): Received BROADCAST intent 0x41879d8 Key{broadcastIntent pkg=com.sec.android.diagmonagent intent=act=com.sec.android.diagmonagent.intent.PACKAGE_ADDED pkg=com.sec.android.diagmonagent cmp=com.sec.android.diagmonagent/.sa.datalogging.monitor.AppInstallationMonitor$AppInstallationBroadcastReceiver flags=0x2000000 u=0} requestCode=0 sent=0 from uid 1000
04-18 20:28:39.896 D/SEP_UNION_SemDeviceInfoManagerService( 1112): Send intent com.sec.android.diagmonagent.intent.PACKAGE_ADDED, userId: 0 by broadcast 
04-18 20:28:39.897 V/NotificationManagerService$NotificationListeners( 1112): enabling notification listener for 0: ComponentInfo{com.actionlauncher.playstore/com.actionlauncher.notificationlistener.NotificationService}
04-18 20:28:39.897 V/NotificationManagerService$NotificationListeners( 1112): Not registering ComponentInfo{com.actionlauncher.playstore/com.actionlauncher.notificationlistener.NotificationService} is already bound
04-18 20:28:39.897 D/EuiccConnector( 1748): transitionTo: destState=AvailableState
04-18 20:28:39.897 V/NotificationManagerService$NotificationListeners( 1112): enabling notification listener for 0: ComponentInfo{com.bitdefender.security/com.bitdefender.lambada.sensors.NotificationsSensor$NotificationService}
04-18 20:28:39.897 V/NotificationManagerService$NotificationListeners( 1112): Not registering ComponentInfo{com.bitdefender.security/com.bitdefender.lambada.sensors.NotificationsSensor$NotificationService} is already bound
04-18 20:28:39.897 V/NotificationManagerService$NotificationListeners( 1112): enabling notification listener for 0: ComponentInfo{com.sec.android.app.launcher/com.android.launcher3.notification.NotificationListener}
04-18 20:28:39.897 V/NotificationManagerService$NotificationListeners( 1112): Not registering ComponentInfo{com.sec.android.app.launcher/com.android.launcher3.notification.NotificationListener} is already bound
04-18 20:28:39.897 D/EuiccConnector( 1748): handleMessage: new destination call exit/enter
04-18 20:28:39.897 D/EuiccConnector( 1748): setupTempStateStackWithStatesToEnter: X mTempStateStackCount=1,curStateInfo: state=UnavailableState,active=true,parent=null
04-18 20:28:39.897 D/EuiccConnector( 1748): invokeExitMethods: AvailableState
04-18 20:28:39.897 D/EuiccConnector( 1748): moveTempStackToStateStack: i=0,j=1
04-18 20:28:39.897 D/EuiccConnector( 1748): moveTempStackToStateStack: X mStateStackTop=1,startingIndex=1,Top=AvailableState
04-18 20:28:39.897 D/EuiccConnector( 1748): invokeEnterMethods: AvailableState
04-18 20:28:39.897 D/EuiccConnector( 1748): handleMessage: X
04-18 20:28:39.898 D/ActivityManager( 1112): Received BROADCAST intent 0xc8874bc Key{broadcastIntent pkg=com.android.systemui intent=act=com.samsung.android.app.edgelighting.PACKAGE_ADDED cmp=com.android.systemui/.edgelighting.EdgeLightingReceiver$1 flags=0x2000000 u=0} requestCode=0 sent=0 from uid 1000
04-18 20:28:39.898 D/SEP_UNION_SemDeviceInfoManagerService( 1112): Send intent com.samsung.android.app.edgelighting.PACKAGE_ADDED, userId: 0 by broadcast 
04-18 20:28:39.898 D/ActivityManager( 1112): Received BROADCAST intent 0x5050f9a Key{broadcastIntent pkg=com.samsung.android.provider.filterprovider intent=act=com.samsung.android.provider.filterprovider.INTENT_PACKAGE_ADDED cmp=com.samsung.android.provider.filterprovider/.PackageIntentReceiver flags=0x2000000 u=0} requestCode=0 sent=0 from uid 1000
04-18 20:28:39.898 D/SEP_UNION_SemDeviceInfoManagerService( 1112): Send intent com.samsung.android.provider.filterprovider.INTENT_PACKAGE_ADDED, userId: 0 by broadcast 
04-18 20:28:39.898 D/InputMethodManagerService( 1112): isImeSwitcherDisabledPackage : false
04-18 20:28:39.899 D/ActivityManager( 1112): Received SERVICE intent 0x2d39d52 Key{startService pkg=com.samsung.android.app.routines intent=act=com.samsung.android.app.routines.ACTION_PACKAGE_CHANGED cmp=com.samsung.android.app.routines/.domainmodel.service.RoutineService flags=0x2000000 u=0} requestCode=10000 from uid 1000
04-18 20:28:39.899 E/AppOps  ( 1112): attributionTag VCN not declared in manifest of android
04-18 20:28:39.900 D/SEP_UNION_SemDeviceInfoManagerService( 1112): Send intent com.samsung.android.app.routines.ACTION_PACKAGE_CHANGED, userId: 0 by broadcast 
04-18 20:28:39.900 D/EuiccConnector( 1748): handleMessage: E msg.what=103
04-18 20:28:39.900 D/EuiccConnector( 1748): processMsg: AvailableState
04-18 20:28:39.900 D/EuiccConnector( 1748): deferMessage: msg=103
04-18 20:28:39.900 D/EuiccConnector( 1748): transitionTo: destState=BindingState
04-18 20:28:39.900 D/EuiccConnector( 1748): handleMessage: new destination call exit/enter
04-18 20:28:39.900 D/EuiccConnector( 1748): setupTempStateStackWithStatesToEnter: X mTempStateStackCount=1,curStateInfo: null
04-18 20:28:39.900 D/EuiccConnector( 1748): invokeExitMethods: AvailableState
04-18 20:28:39.900 D/EuiccConnector( 1748): invokeExitMethods: UnavailableState
04-18 20:28:39.900 D/EuiccConnector( 1748): moveTempStackToStateStack: i=0,j=0
04-18 20:28:39.900 D/EuiccConnector( 1748): moveTempStackToStateStack: X mStateStackTop=0,startingIndex=0,Top=BindingState
04-18 20:28:39.900 D/EuiccConnector( 1748): invokeEnterMethods: BindingState
04-18 20:28:39.901 D/ActivityThread(23860): Package [com.teslacoilsw.launcher] reported as REPLACED, but missing application info. Assuming REMOVED.
04-18 20:28:39.902 D/ActivityThread( 1112): Package [com.teslacoilsw.launcher] reported as REPLACED, but missing application info. Assuming REMOVED.
04-18 20:28:39.902 D/ActivityThread( 1112): Package [com.teslacoilsw.launcher] reported as REPLACED, but missing application info. Assuming REMOVED.
04-18 20:28:39.902 E/AppOps  ( 1112): attributionTag VCN not declared in manifest of android
04-18 20:28:39.905 D/ActivityThread( 3079): Package [com.teslacoilsw.launcher] reported as REPLACED, but missing application info. Assuming REMOVED.
04-18 20:28:39.905 E/AppOps  ( 1112): attributionTag VCN not declared in manifest of android
04-18 20:28:39.905 I/Routine@Core[4.8.02.28]: RoutineService(10876): onCreate
04-18 20:28:39.905 I/Routine@Core[4.8.02.28]: RoutineService(10876): onStartCommand: com.samsung.android.app.routines.ACTION_PACKAGE_CHANGED
04-18 20:28:39.905 I/Routine@Core[4.8.02.28]: RoutineService(10876): onStartCommand - ACTION_ROUTINE_PACKAGE_CHANGED
04-18 20:28:39.905 D/CompatChangeReporter( 1112): Compat change id reported: 151861875; UID 1000; state: ENABLED
04-18 20:28:39.906 I/Routine@Core[4.8.02.28]: MetadataLoaderImpl(10876): collectInBackground - packageName:com.teslacoilsw.launcher
04-18 20:28:39.906 I/Finsky:background(30703): [2] aixr - Deduping intent android.intent.action.PACKAGE_REMOVED
04-18 20:28:39.906 D/ActivityThread( 1814): Package [com.teslacoilsw.launcher] reported as REPLACED, but missing application info. Assuming REMOVED.
04-18 20:28:39.907 D/ActivityThread(30703): Package [com.teslacoilsw.launcher] reported as REPLACED, but missing application info. Assuming REMOVED.
04-18 20:28:39.907 I/Finsky:background(30703): [92] RECEIVER_PACKAGE_MONITOR_BACKGROUND#logWorkEndAndFinishGoAsync: SUCCESS
04-18 20:28:39.908 D/ActivityManager( 1112): Received BROADCAST intent 0xd6a3c9e Key{broadcastIntent pkg=com.samsung.android.rubin.app intent=act=com.samsung.android.rubin.inferenceengine.datalogging.action.PACKAGE_ADDED pkg=com.samsung.android.rubin.app cmp=com.samsung.android.rubin.app/com.samsung.android.rubin.inferenceengine.contextanalytics.engine.loggers.AppInstallationLogger$AppInstallationBroadcastReceiver flags=0x2000000 u=0} requestCode=0 sent=0 from uid 1000
04-18 20:28:39.908 D/SEP_UNION_SemDeviceInfoManagerService( 1112): Send intent com.samsung.android.rubin.inferenceengine.datalogging.action.PACKAGE_ADDED, userId: 0 by broadcast 
04-18 20:28:39.908 D/EuiccConnector( 1748): transitionTo: destState=DisconnectedState
04-18 20:28:39.908 D/EuiccConnector( 1748): moveDeferredMessageAtFrontOfQueue; what=103
04-18 20:28:39.908 D/EuiccConnector( 1748): handleMessage: new destination call exit/enter
04-18 20:28:39.908 D/EuiccConnector( 1748): setupTempStateStackWithStatesToEnter: X mTempStateStackCount=1,curStateInfo: null
04-18 20:28:39.908 D/EuiccConnector( 1748): invokeExitMethods: BindingState
04-18 20:28:39.908 D/EuiccConnector( 1748): moveTempStackToStateStack: i=0,j=0
04-18 20:28:39.908 D/EuiccConnector( 1748): moveTempStackToStateStack: X mStateStackTop=0,startingIndex=0,Top=DisconnectedState
04-18 20:28:39.908 D/EuiccConnector( 1748): invokeEnterMethods: DisconnectedState
04-18 20:28:39.908 D/EuiccConnector( 1748): handleMessage: X
04-18 20:28:39.908 D/Zygote  (  724): Forked child process 28977
04-18 20:28:39.908 D/EuiccConnector( 1748): handleMessage: E msg.what=103
04-18 20:28:39.908 D/EuiccConnector( 1748): processMsg: DisconnectedState
04-18 20:28:39.908 D/EuiccConnector( 1748): deferMessage: msg=103
04-18 20:28:39.908 D/EuiccConnector( 1748): handleMessage: X
04-18 20:28:39.909 I/Finsky:background(30703): [81] IQ:PRCC: should not cancel queued up install for com.teslacoilsw.launcher because this is a regular app update
04-18 20:28:39.909 D/ActivityThread(30703): Package [com.teslacoilsw.launcher] reported as REPLACED, but missing application info. Assuming REMOVED.
04-18 20:28:39.910 I/SdkSandboxManager( 1112): No SDKs used. Skipping SDK data reconcilation for CallingInfo{mUid=10354, mPackageName='com.teslacoilsw.launcher, mAppProcessToken='null'}
04-18 20:28:39.910 I/SdkSandboxManager( 1112): No SDKs used. Skipping SDK data reconcilation for CallingInfo{mUid=10354, mPackageName='com.teslacoilsw.launcher, mAppProcessToken='null'}
04-18 20:28:39.911 E/AppOps  ( 1112): attributionTag VCN not declared in manifest of android
04-18 20:28:39.913 E/AppOps  ( 1112): attributionTag VCN not declared in manifest of android
04-18 20:28:39.913 D/SEP_UNION_SemDeviceInfoManagerService( 1112): onReceive : android.intent.action.PACKAGE_REPLACED, userId = 0 
04-18 20:28:39.915 D/ActivityManager( 1112): Received BROADCAST intent 0x5bd4d5f Key{broadcastIntent pkg=com.sec.android.diagmonagent intent=act=com.sec.android.diagmonagent.intent.PACKAGE_REPLACED pkg=com.sec.android.diagmonagent cmp=com.sec.android.diagmonagent/.sa.datalogging.monitor.AppInstallationMonitor$AppInstallationBroadcastReceiver flags=0x2000000 u=0} requestCode=0 sent=0 from uid 1000
04-18 20:28:39.915 D/SEP_UNION_SemDeviceInfoManagerService( 1112): Send intent com.sec.android.diagmonagent.intent.PACKAGE_REPLACED, userId: 0 by broadcast 
04-18 20:28:39.915 D/CarrierSvcBindHelper( 1748): No carrier app for: 0
