04-18 20:23:25.424 I/Rubin   ( 5699): [68] com.samsung.android.rubin.inferenceengine.contextanalytics.engine.monitors.moment.exercise.ExercisingWithCmhMonitor.isSatisfiedByCmh(Unknown Source) : isSatisfiedByCmh is false
04-18 20:23:25.424 D/SGM:FgCheckThread( 2880): sendFocusOutConditionally() - mPrevNotiPkg: (unknown), userId: 0
04-18 20:23:25.424 D/SGM:FgCheckThread( 2880):   handleResume(). pkgName: com.teslacoilsw.launcher, userId: 0, category: non-game
04-18 20:23:25.424 D/SGM:FgCheckThread( 2880): notifyFocusInOut(). of pkg: com.teslacoilsw.launcher, type: 4, isSecGameFamily: false, userId: 0
04-18 20:23:25.424 D/SGM:FgCheckThread( 2880):   notifyFocusInOut(). unexpected mPrevNotiType: -1
04-18 20:23:25.424 D/SGM:SystemHelper( 2880): callReleaseBlock needReleaseBlock:false
04-18 20:23:25.424 I/BLASTBufferQueue( 6279): [VRI[Acetone]@20a5585#25](f:0,a:0,s:0) onFrameAvailable the first frame is available
04-18 20:23:25.424 D/BackgroundInstallControlService( 2880): Package event received: 0
04-18 20:23:25.424 I/SurfaceComposerClient( 6279): apply transaction with the first frame. layerId: 12819, bufferData(ID: 26968099651700, frameNumber: 1)
04-18 20:23:25.424 D/BackgroundInstallControlService( 2880): Package event received: 0
04-18 20:23:25.424 D/SGM:GameManager( 2880): identifyGamePackage. com.teslacoilsw.launcher, mCurrentUserId: 0, callingMethodInfo: com.samsung.android.game.SemGameManager.isGamePackage(SemGameManager.java:106)
04-18 20:23:25.424 D/SGM:SemGameManager( 2880): isGamePackage(), pkgName=com.teslacoilsw.launcher, ret=false
04-18 20:23:25.424 I/VRI[Acetone]@20a5585( 6279): Received frameCommittedCallback lastAttemptedDrawFrameNum=1 didProduceBuffer=true
04-18 20:23:25.424 I/SurfaceFlinger( 1888): [Acetone$_6279#12819] setTransactionState with the first frame. bufferData(ID: 26968099651700, frameNumber: 1)
04-18 20:23:25.425 D/VRI[Acetone]@20a5585( 6279): reportDrawFinished seqId=0
04-18 20:23:25.425 D/WindowManager( 2880): finishDrawingWindow: Window{4bbc8a4 u0 Acetone} mDrawState=DRAW_PENDING seqId=0
04-18 20:23:25.425 I/BufferQueueProducer( 7303): [](id:1c87000000a6,api:0,p:100693102,c:7303) setDequeueTimeout:2077252342
04-18 20:23:25.425 I/CocktailBarManagerServiceContainer( 2880): handleMessage: entry what = 5
04-18 20:23:25.425 I/BLASTBufferQueue_Java( 7303): new BLASTBufferQueue, mName= VRI[NovaLauncher]@2937be3 mNativeObject= 0xb4000076396d65b0 caller= android.view.ViewRootImpl.updateBlastSurfaceIfNeeded:3585 android.view.ViewRootImpl.relayoutWindow:11685 android.view.ViewRootImpl.performTraversals:4804 android.view.ViewRootImpl.doTraversal:3924 android.view.ViewRootImpl$TraversalRunnable.run:12903 android.view.Choreographer$CallbackRecord.run:1901 android.view.Choreographer$CallbackRecord.run:1910 android.view.Choreographer.doCallbacks:1367 android.view.Choreographer.doFrame:1292 android.view.Choreographer$FrameDisplayEventReceiver.run:1870 
04-18 20:23:25.425 I/HoneySpace.EdgePanel.CocktailHostRepositoryImpl( 4684): onNoteResume
04-18 20:23:25.425 I/BLASTBufferQueue_Java( 7303): update, w= 1080 h= 2340 mName = VRI[NovaLauncher]@2937be3 mNativeObject= 0xb4000076396d65b0 sc.mNativeObject= 0xb4000076b963c810 format= -2 caller= android.view.ViewRootImpl.updateBlastSurfaceIfNeeded:3590 android.view.ViewRootImpl.relayoutWindow:11685 android.view.ViewRootImpl.performTraversals:4804 android.view.ViewRootImpl.doTraversal:3924 android.view.ViewRootImpl$TraversalRunnable.run:12903 android.view.Choreographer$CallbackRecord.run:1901 
04-18 20:23:25.425 I/HoneySpace.EdgePanel.EdgePanelContainerViewModel( 4684): cocktailHostRepository.edgePanelOperation NoteResumeComponent(componentName=ComponentInfo{com.teslacoilsw.launcher/com.teslacoilsw.launcher.NovaLauncher})
04-18 20:23:25.425 I/HoneySpace.EdgePanel.ActivityUtils( 4684): HomePackage : com.teslacoilsw.launcher, resumePackageName : com.teslacoilsw.launcher, className : com.teslacoilsw.launcher.NovaLauncher
04-18 20:23:25.425 I/VRI[NovaLauncher]@2937be3( 7303): Relayout returned: old=(0,0,1080,2340) new=(0,0,1080,2340) relayoutAsync=false req=(1080,2340)0 dur=3 res=0x3 s={true 0xb40000764964ac90} ch=true seqId=0
04-18 20:23:25.425 V/WindowManager( 2880): Collecting in transition 876: WallpaperWindowToken{c19afac showWhenLocked=false}_<system>, caller=com.android.server.wm.TransitionController.collect:7 com.android.server.wm.WallpaperWindowToken.setVisibility:55 com.android.server.wm.WallpaperController.adjustWallpaperWindows:857 com.android.server.wm.RootWindowContainer.applySurfaceChangesTransaction$1:141 com.android.server.wm.RootWindowContainer.performSurfacePlacementNoTrace:59 
04-18 20:23:25.425 V/WindowManager( 2880): Setting visibility of Window{a1d24be u0 com.samsung.android.wallpaper.live.infinity.InfinityWallpaper}: true, caller=com.android.server.wm.WindowContainer.sendAppVisibilityToClients:19 com.android.server.wm.WindowToken.setClientVisible:48 com.android.server.wm.WallpaperWindowToken.setVisible$1:3 com.android.server.wm.WallpaperWindowToken.commitVisibility:48 com.android.server.wm.WallpaperWindowToken.setVisibility:101 
04-18 20:23:25.425 D/SurfaceComposerClient( 2880): setCornerRadius ## 70d7b43 com.teslacoilsw.launcher/com.teslacoilsw.launcher.NovaLauncher#124 cornerRadius=0.000000
04-18 20:23:25.425 D/VRI[NovaLauncher]@2937be3( 7303): mThreadedRenderer.initialize() mSurface={isValid=true 0xb40000764964ac90} hwInitialized=true
04-18 20:23:25.425 I/WallpaperService( 4283): dispatchAppVisibility: system, visible=true , mLidState = -1
04-18 20:23:25.425 D/SurfaceComposerClient( 2880): setCornerRadius ## 70d7b43 com.teslacoilsw.launcher/com.teslacoilsw.launcher.NovaLauncher#124 cornerRadius=0.000000
04-18 20:23:25.425 D/BLASTSyncEngine( 2880): SyncGroup 876:  Unfinished container: ActivityRecord{143099008 u0 com.teslacoilsw.launcher/.NovaLauncher t8} mSyncState=2
04-18 20:23:25.425 D/SurfaceComposerClient( 2880): setCornerRadius ## 70d7b43 com.teslacoilsw.launcher/com.teslacoilsw.launcher.NovaLauncher#124 cornerRadius=0.000000
04-18 20:23:25.426 D/BLASTSyncEngine( 2880): SyncGroup 876:  Unfinished container: ActivityRecord{143099008 u0 com.teslacoilsw.launcher/.NovaLauncher t8} mSyncState=2
04-18 20:23:25.426 I/SAMSUNGWALLET[US](15914): [ProcessMonitor] App went to background.
04-18 20:23:25.426 I/WallpaperService( 4283): updateSurface system forceRelayout=false forceReport=false redrawNeeded=false myWidth=-1 myHeight=-1 fixedSize=false x = 0 y = 0 mWidth=-1 mHeight=-1
04-18 20:23:25.426 I/WallpaperService( 4283): reportVisibility: visibility changed. visible=true
04-18 20:23:25.426 I/SprWallpaper|InfinityWallpaper( 4283): onVisibilityChanged: visible[true], mInitialized[true], isPreview[false]
04-18 20:23:25.426 I/bvtw    ( 6279): onResume
04-18 20:23:25.426 D/PowerManagerService( 2880): [api] isDozeAfterScreenOff  (uid: 10143 pid: 4283)
04-18 20:23:25.426 I/SprWallpaper|infinity_Choreographer( 4283): startMotion : type 2
04-18 20:23:25.426 I/SprWallpaper|infinity_Choreographer( 4283): same motion
04-18 20:23:25.427 D/BackgroundInstallControlService( 2880): Package event received: 0
04-18 20:23:25.427 W/HWUI    ( 4283): Surface doesn't have any previously queued frames, nothing to readback from
04-18 20:23:25.428 I/SAMSUNGWALLET(15914): [Hint_PayHintService] Hint Status - already invisible, skip hide : [4000000] - Disable on home
04-18 20:23:25.429 D/VRI[NovaLauncher]@2937be3( 7303): reportNextDraw android.view.ViewRootImpl.performTraversals:5443 android.view.ViewRootImpl.doTraversal:3924 android.view.ViewRootImpl$TraversalRunnable.run:12903 android.view.Choreographer$CallbackRecord.run:1901 android.view.Choreographer$CallbackRecord.run:1910 
04-18 20:23:25.429 D/VRI[NovaLauncher]@2937be3( 7303): Setup new sync=wmsSync-VRI[NovaLauncher]@2937be3#16
04-18 20:23:25.429 I/VRI[NovaLauncher]@2937be3( 7303): Creating new active sync group VRI[NovaLauncher]@2937be3#17
04-18 20:23:25.429 D/VRI[NovaLauncher]@2937be3( 7303): Start draw after previous draw not visible
04-18 20:23:25.429 I/SurfaceFlinger( 1888): [com.teslacoilsw.launcher/com.teslacoilsw.launcher.NovaLauncher$_7303#12820] attach to parent LayerHierarchy{RequestedLayerState{70d7b43 com.teslacoilsw.launcher/com.teslacoilsw.launcher.NovaLauncher#124 parentId=123} 1 children}
04-18 20:23:25.429 I/SurfaceFlinger( 1888): [Surface(name=9e4983f StatusBar)/@0xa14ff13 - animation-leash of insets_animation#12821] attach to parent LayerHierarchy{RequestedLayerState{WindowToken{2f08c5e type=2000 android.os.BinderProxy@b734ae0}#94 parentId=17} 2 children}
04-18 20:23:25.429 I/SurfaceFlinger( 1888): [Surface(name=6ace8e4 NavigationBar0)/@0xf75744e - animation-leash of insets_animation#12822] attach to parent LayerHierarchy{RequestedLayerState{WindowToken{d3cd477 type=2019 android.os.BinderProxy@29ef511}#90 parentId=34} 2 children}
04-18 20:23:25.430 W/ProcessStats( 2880): Tracking association SourceState{e9845fc com.sec.android.daemonapp:weather_content_provider/10229 BFgs #240902} whose proc state 4 is better than process ProcessState{2da4f7b com.sec.android.daemonapp/10229 pkg=com.sec.android.daemonapp} proc state 5 (1 skipped)
04-18 20:23:25.430 D/VRI[NovaLauncher]@2937be3( 7303): registerCallbacksForSync syncBuffer=false
04-18 20:23:25.432 I/AccessibilityManagerService( 2880): semIsAccessibilityServiceEnabled()
04-18 20:23:25.432 I/AccessibilityManagerService( 2880): semIsAccessibilityServiceEnabled()
04-18 20:23:25.432 I/AccessibilityManagerService( 2880): semIsAccessibilityServiceEnabled()
04-18 20:23:25.433 D/VRI[NovaLauncher]@2937be3( 7303): Received frameDrawingCallback syncResult=0 frameNum=1.
04-18 20:23:25.433 I/VRI[NovaLauncher]@2937be3( 7303): mWNT: t=0xb4000076296bded0 mBlastBufferQueue=0xb4000076396d65b0 fn= 1 HdrRenderState mRenderHdrSdrRatio=1.0 caller= android.view.ViewRootImpl$12.onFrameDraw:15441 android.view.ThreadedRenderer$1.onFrameDraw:718 <bottom of call stack> 
04-18 20:23:25.433 I/VRI[NovaLauncher]@2937be3( 7303): Setting up sync and frameCommitCallback
04-18 20:23:25.436 I/BLASTBufferQueue( 7303): [VRI[NovaLauncher]@2937be3#152](f:0,a:0,s:0) onFrameAvailable the first frame is available
04-18 20:23:25.436 I/SurfaceComposerClient( 7303): apply transaction with the first frame. layerId: 12820, bufferData(ID: 31366146163859, frameNumber: 1)
04-18 20:23:25.436 I/VRI[NovaLauncher]@2937be3( 7303): Received frameCommittedCallback lastAttemptedDrawFrameNum=1 didProduceBuffer=true
04-18 20:23:25.436 I/SurfaceFlinger( 1888): [com.teslacoilsw.launcher/com.teslacoilsw.launcher.NovaLauncher$_7303#12820] setTransactionState with the first frame. bufferData(ID: 31366146163859, frameNumber: 1)
04-18 20:23:25.436 D/VRI[NovaLauncher]@2937be3( 7303): reportDrawFinished seqId=0
04-18 20:23:25.436 D/WindowManager( 2880): finishDrawingWindow: Window{70d7b43 u0 com.teslacoilsw.launcher/com.teslacoilsw.launcher.NovaLauncher} mDrawState=DRAW_PENDING seqId=0
04-18 20:23:25.436 I/AppWidgetServiceImpl( 2880): startListening() 
04-18 20:23:25.436 I/AppWidgetServiceImpl( 2880): startListening callbacks : com.android.internal.appwidget.IAppWidgetHost$Stub$Proxy@fc1b959 intervalEnsure:79097195 intervalHostLock:79097195 LhostId:HostId{user:0, app:10684, hostId:1024, pkg:com.teslacoilsw.launcher}
04-18 20:23:25.436 I/AppWidgetServiceImpl( 2880): startListening() finish
04-18 20:23:25.437 I/SurfaceFlinger( 1888): RequestedLayer [com.samsung.android.wallpaper.live.infinity.InfinityWallpaper$_4283#80] hidden!! flag  from(1) --> to(0)
04-18 20:23:25.437 I/SurfaceFlinger( 1888): [LayerHierarchy{RequestedLayerState{6ace8e4 NavigationBar0#91 parentId=12822} 1 children}] reparent to LayerHierarchy{RequestedLayerState{Surface(name=6ace8e4 NavigationBar0)/@0xf75744e - animation-leash of insets_animation#12822 parentId=90} 1 children}
04-18 20:23:25.437 I/SurfaceFlinger( 1888): [LayerHierarchy{RequestedLayerState{9e4983f StatusBar#95 parentId=12821} 1 children}] reparent to LayerHierarchy{RequestedLayerState{Surface(name=9e4983f StatusBar)/@0xa14ff13 - animation-leash of insets_animation#12821 parentId=94} 1 children}
04-18 20:23:25.437 I/SurfaceFlinger( 1888): [LayerHierarchy{RequestedLayerState{Surface(name=6ace8e4 NavigationBar0)/@0xf75744e - animation-leash of insets_animation#12817} no children}] reparent to OffscreenRoot
04-18 20:23:25.437 I/SurfaceFlinger( 1888): [LayerHierarchy{RequestedLayerState{Surface(name=6ace8e4 NavigationBar0)/@0xf75744e - animation-leash of insets_animation#12817} no children}] RelativeParent to null
04-18 20:23:25.437 I/SurfaceFlinger( 1888): [LayerHierarchy{RequestedLayerState{Surface(name=9e4983f StatusBar)/@0xa14ff13 - animation-leash of insets_animation#12791} no children}] reparent to OffscreenRoot
04-18 20:23:25.437 I/SurfaceFlinger( 1888): [LayerHierarchy{RequestedLayerState{Surface(name=9e4983f StatusBar)/@0xa14ff13 - animation-leash of insets_animation#12791} no children}] RelativeParent to null
04-18 20:23:25.437 I/AppWidgetHost( 7303): updateAppWidgetView, appWidgetId = 35, v = ea.i{95c3a27 VFE....L. R.....ID 0,795-864,1591 #87}
04-18 20:23:25.438 D/SurfaceComposerClient( 2880): setCornerRadius ## 70d7b43 com.teslacoilsw.launcher/com.teslacoilsw.launcher.NovaLauncher#124 cornerRadius=0.000000
04-18 20:23:25.438 D/SurfaceComposerClient( 2880): setCornerRadius ## 70d7b43 com.teslacoilsw.launcher/com.teslacoilsw.launcher.NovaLauncher#124 cornerRadius=0.000000
04-18 20:23:25.438 V/WindowManager( 2880): SyncGroup 876: Finished!
04-18 20:23:25.438 V/WindowManager( 2880): Loading animations: picked package=com.google.android.googlequicksearchbox
04-18 20:23:25.438 V/WindowManager( 2880): performShowLocked: mDrawState=HAS_DRAWN in Window{4bbc8a4 u0 Acetone}
04-18 20:23:25.438 V/WindowManager( 2880): performShowLocked: mDrawState=HAS_DRAWN in Window{70d7b43 u0 com.teslacoilsw.launcher/com.teslacoilsw.launcher.NovaLauncher}
04-18 20:23:25.438 D/ChangeTransitionController( 2880): onTransactionReady: TransitionRecord{a925be5 id=876 type=OPEN flags=0x0 c=[
04-18 20:23:25.438 D/ChangeTransitionController( 2880):    ChangeInfo{acc4cc8 container=ActivityRecord{7280314 u0 com.teslacoilsw.launcher/.NovaLauncher t-1} flags=0x0}
04-18 20:23:25.438 D/ChangeTransitionController( 2880):    ChangeInfo{22a5ff container=Task{759b931 #8 type=home I=com.teslacoilsw.launcher/.NovaLauncher} flags=0x0}
04-18 20:23:25.438 D/ChangeTransitionController( 2880):    ChangeInfo{f8e8fcc container=Task{8712843 #1 type=home} flags=0x0}
04-18 20:23:25.438 D/ChangeTransitionController( 2880):    ChangeInfo{34b9215 container=ActivityRecord{143099008 u0 com.teslacoilsw.launcher/.NovaLauncher t8} flags=0x0}
04-18 20:23:25.438 D/ChangeTransitionController( 2880):    ChangeInfo{eedc92a container=Display{#0 state=ON size=1080x2340 ROTATION_0} flags=0x0}
04-18 20:23:25.438 D/ChangeTransitionController( 2880):    ChangeInfo{f05a31b container=DefaultTaskDisplayArea_d0@170776820 flags=0x0}
04-18 20:23:25.438 D/ChangeTransitionController( 2880):    ChangeInfo{efadcb8 container=RemoteWallpaperAnim:1:1@172243350 flags=0x0}
04-18 20:23:25.438 D/ChangeTransitionController( 2880):    ChangeInfo{e603a91 container=ActivityRecord{201204734 u0 com.android.chrome/com.google.android.apps.chrome.Main t33248} flags=0x0}
04-18 20:23:25.438 D/ChangeTransitionController( 2880):    ChangeInfo{df74df6 container=WallpaperWindowToken{c19afac showWhenLocked=false}_<system> flags=0x0}
04-18 20:23:25.438 D/ChangeTransitionController( 2880):    ChangeInfo{e5155f7 container=Task{ea0e75f #33248 type=standard A=10278:com.android.chrome} flags=0x0}
04-18 20:23:25.438 D/ChangeTransitionController( 2880): ]
04-18 20:23:25.438 D/ChangeTransitionController( 2880): }
04-18 20:23:25.438 V/WindowManager( 2880): Start calculating TransitionInfo based on participants: {ActivityRecord{7280314 u0 com.teslacoilsw.launcher/.NovaLauncher t-1}, Task{759b931 #8 type=home I=com.teslacoilsw.launcher/.NovaLauncher}, Task{8712843 #1 type=home}, ActivityRecord{143099008 u0 com.teslacoilsw.launcher/.NovaLauncher t8}, ActivityRecord{201204734 u0 com.android.chrome/com.google.android.apps.chrome.Main t33248}, WallpaperWindowToken{c19afac showWhenLocked=false}_<system>}
04-18 20:23:25.438 V/WindowManager( 2880):   Final targets: [ChangeInfo{f8e8fcc container=Task{8712843 #1 type=home} flags=0x30}, ChangeInfo{e5155f7 container=Task{ea0e75f #33248 type=standard A=10278:com.android.chrome} flags=0x10}, ChangeInfo{df74df6 container=WallpaperWindowToken{c19afac showWhenLocked=false}_<system> flags=0x0}]
04-18 20:23:25.439 I/SurfaceFlinger( 1888): id=12823 createSurf, flag=84004, Transition Root: Task=1#12823
04-18 20:23:25.439 D/SurfaceFlinger( 1888): [input] setFocusedWindow: 70d7b43 com.teslacoilsw.launcher/com.teslacoilsw.launcher.NovaLauncher
04-18 20:23:25.439 D/InputDispatcher( 2880): Once focus requested (0): 70d7b43 com.teslacoilsw.launcher/com.teslacoilsw.launcher.NovaLauncher
04-18 20:23:25.439 D/InputDispatcher( 2880): Focus request (0): 70d7b43 com.teslacoilsw.launcher/com.teslacoilsw.launcher.NovaLauncher but waiting because NOT_VISIBLE
04-18 20:23:25.440 I/SurfaceControlRegistry( 2880): show, t=StartTransaction_SyncId<876> sc=ActivityRecord{143099008 u0 com.teslacoilsw.launcher/.NovaLauncher t8}, caller=android.view.SurfaceControl$Transaction.show:3557 com.android.server.wm.Transition.onTransactionReady:2048 com.android.server.wm.BLASTSyncEngine$SyncGroup.finishNow:240 com.android.server.wm.BLASTSyncEngine.onSurfacePlacement:263 com.android.server.wm.RootWindowContainer.performSurfacePlacementNoTrace:1083 com.android.server.wm.WindowSurfacePlacer.performSurfacePlacement:166 
04-18 20:23:25.440 I/SurfaceControlRegistry( 2880): show, t=StartTransaction_SyncId<876> sc=Task=8, caller=android.view.SurfaceControl$Transaction.show:3557 com.android.server.wm.Transition.onTransactionReady:2081 com.android.server.wm.BLASTSyncEngine$SyncGroup.finishNow:240 com.android.server.wm.BLASTSyncEngine.onSurfacePlacement:263 com.android.server.wm.RootWindowContainer.performSurfacePlacementNoTrace:1083 com.android.server.wm.WindowSurfacePlacer.performSurfacePlacement:166 
04-18 20:23:25.440 D/SurfaceComposerClient( 2880): setCornerRadius ## WallpaperWindowToken{c19afac showWhenLocked=false}#77 cornerRadius=0.000000
04-18 20:23:25.440 D/SurfaceComposerClient( 2880): setCornerRadius ## Task=33248#2882 cornerRadius=0.000000
04-18 20:23:25.440 D/SurfaceComposerClient( 2880): setCornerRadius ## Task=1#53 cornerRadius=0.000000
04-18 20:23:25.440 V/WindowManager( 2880): Calling onTransitionReady: {id=876 t=OPEN f=0x0 trk=0 r=[0@Point(0, 0)] c=[
04-18 20:23:25.440 V/WindowManager( 2880):         {WCT{RemoteToken{86d699 Task{8712843 #1 type=home}}} m=TO_FRONT f=SHOW_WALLPAPER|MOVE_TO_TOP|EDGE_EXTENSION_RESTRICTION leash=Surface(name=Task=1)/@0x756286d sb=Rect(0, 0 - 1080, 2340) eb=Rect(0, 0 - 1080, 2340) epz=Point(1080, 2340) d=0 taskParent=-1 inset=Rect(0, 85 - 0, 135)},
04-18 20:23:25.440 V/WindowManager( 2880):         {WCT{RemoteToken{d0b8915 Task{ea0e75f #33248 type=standard A=10278:com.android.chrome}}} m=TO_BACK f=EDGE_EXTENSION_RESTRICTION leash=Surface(name=Task=33248)/@0x29e04ff sb=Rect(0, 0 - 1080, 2340) eb=Rect(0, 0 - 1080, 2340) epz=Point(1080, 2340) d=0 taskParent=-1 inset=Rect(0, 85 - 0, 135) allowAppBgLayer=true},
04-18 20:23:25.440 V/WindowManager( 2880):         {m=TO_FRONT f=IS_WALLPAPER|IS_FIXED_PORTRAIT p=WCT{RemoteToken{b78db46 RemoteWallpaperAnim:1:1@172243350}} leash=Surface(name=WallpaperWindowToken{c19afac showWhenLocked=false})/@0xdf08de3 sb=Rect(0, 0 - 1080, 2340) eb=Rect(0, 0 - 1080, 2340) epz=Point(1080, 2340) d=0 inset=Rect(0, 0 - 0, 0)}
04-18 20:23:25.440 V/WindowManager( 2880):     ]}
04-18 20:23:25.440 D/PowerManagerService( 2880): [api] setPowerBoost(L) boost:0, durationMs:0, caller (uid: 1000 pid: 2880) <- m() in com.android.server.display.DisplayManagerService$BinderService$$ExternalSyntheticOutline0:1
04-18 20:23:25.440 I/ActivityTaskManager( 2880): done cause=notifyTransitionStarting drawn timestamp=79081375591446 info=TransitionInfo{53ceecd a=ActivityRecord{143099008 u0 com.teslacoilsw.launcher/.NovaLauncher t8} d=true}
04-18 20:23:25.440 D/RestrictionPolicy( 2880): isScreenCaptureEnabled : ret=true userId=0
04-18 20:23:25.440 D/ScreenCapture( 2880): [Capture_TEST] : setIsScreenShotBySystem true
04-18 20:23:25.440 I/SurfaceComposerClient( 2880): captureLayers:childrenOnly:1, sync:1
04-18 20:23:25.440 V/WindowManagerShell( 4008): onTransitionReady(transaction=12369505883303)
04-18 20:23:25.441 V/WindowManagerShell( 4008): onTransitionReady (#876) android.os.BinderProxy@e570585: {id=876 t=OPEN f=0x0 trk=0 r=[0@Point(0, 0)] c=[
04-18 20:23:25.441 V/WindowManagerShell( 4008):         {m=TO_FRONT f=SHOW_WALLPAPER|MOVE_TO_TOP|EDGE_EXTENSION_RESTRICTION leash=Surface(name=Task=1)/@0x489bae8 sb=Rect(0, 0 - 1080, 2340) eb=Rect(0, 0 - 1080, 2340) epz=Point(1080, 2340) d=0 taskParent=-1 inset=Rect(0, 85 - 0, 135)},
04-18 20:23:25.441 V/WindowManagerShell( 4008):         {m=TO_BACK f=EDGE_EXTENSION_RESTRICTION leash=Surface(name=Task=33248)/@0xd077501 sb=Rect(0, 0 - 1080, 2340) eb=Rect(0, 0 - 1080, 2340) epz=Point(1080, 2340) d=0 taskParent=-1 inset=Rect(0, 85 - 0, 135) allowAppBgLayer=true},
04-18 20:23:25.441 V/WindowManagerShell( 4008):         {m=TO_FRONT f=IS_WALLPAPER|IS_FIXED_PORTRAIT p=WCT{android.window.IWindowContainerToken$Stub$Proxy@8b39d94} leash=Surface(name=WallpaperWindowToken{c19afac showWhenLocked=false})/@0x1994fa6 sb=Rect(0, 0 - 1080, 2340) eb=Rect(0, 0 - 1080, 2340) epz=Point(1080, 2340) d=0 inset=Rect(0, 0 - 0, 0)}
04-18 20:23:25.441 V/WindowManagerShell( 4008):     ]}
04-18 20:23:25.441 V/ShellDesktopMode( 4008): DesktopModeLogger: taskInfo map after processing changes 0
04-18 20:23:25.441 D/ShellDesktopMode( 4008): DesktopTaskChangeListener: onTaskMovingToFront for taskId=1, displayId=0
04-18 20:23:25.441 I/SurfaceControlRegistry( 4008): show, t=StartTransaction_SyncId<876> sc=WallpaperWindowToken{c19afac showWhenLocked=false}, caller=android.view.SurfaceControl$Transaction.show:3557 com.android.wm.shell.transition.Transitions.dispatchReady:687 com.android.wm.shell.transition.Transitions.onTransitionReady:251 com.android.wm.shell.transition.Transitions$TransitionPlayerImpl$$ExternalSyntheticLambda0.run:13 android.os.Handler.handleCallback:995 android.os.Handler.dispatchMessage:103 
04-18 20:23:25.441 I/SurfaceControlRegistry( 4008): hide, t=FinishTransaction_SyncId<876> sc=Task=33248, caller=android.view.SurfaceControl$Transaction.hide:3583 com.android.wm.shell.transition.Transitions.dispatchReady:1263 com.android.wm.shell.transition.Transitions.onTransitionReady:251 com.android.wm.shell.transition.Transitions$TransitionPlayerImpl$$ExternalSyntheticLambda0.run:13 android.os.Handler.handleCallback:995 android.os.Handler.dispatchMessage:103 
04-18 20:23:25.441 I/SurfaceControlRegistry( 4008): show, t=StartTransaction_SyncId<876> sc=Task=1, caller=android.view.SurfaceControl$Transaction.show:3557 com.android.wm.shell.transition.Transitions.dispatchReady:1279 com.android.wm.shell.transition.Transitions.onTransitionReady:251 com.android.wm.shell.transition.Transitions$TransitionPlayerImpl$$ExternalSyntheticLambda0.run:13 android.os.Handler.handleCallback:995 android.os.Handler.dispatchMessage:103 
04-18 20:23:25.441 I/SurfaceControlRegistry( 4008): show, t=FinishTransaction_SyncId<876> sc=Task=1, caller=android.view.SurfaceControl$Transaction.show:3557 com.android.wm.shell.transition.Transitions.dispatchReady:1330 com.android.wm.shell.transition.Transitions.onTransitionReady:251 com.android.wm.shell.transition.Transitions$TransitionPlayerImpl$$ExternalSyntheticLambda0.run:13 android.os.Handler.handleCallback:995 android.os.Handler.dispatchMessage:103 
04-18 20:23:25.441 V/WindowManagerShell( 4008): Playing animation for (#876) android.os.BinderProxy@e570585@0
04-18 20:23:25.441 I/SurfaceControlRegistry( 4008): show, t=StartTransaction_SyncId<876> sc=Transition Root: Task=1, caller=android.view.SurfaceControl$Transaction.show:3557 com.android.wm.shell.transition.Transitions.playTransition:79 com.android.wm.shell.transition.Transitions.processReadyQueue:239 com.android.wm.shell.transition.Transitions.dispatchReady:1352 com.android.wm.shell.transition.Transitions.onTransitionReady:251 com.android.wm.shell.transition.Transitions$TransitionPlayerImpl$$ExternalSyntheticLambda0.run:13 
04-18 20:23:25.441 V/ShellRecents( 4008): RecentsTransitionHandler.startAnimation: no controller found
04-18 20:23:25.441 V/ShellDesktopMode( 4008): DesktopMixedTransitionHandler: No pending desktop transition
04-18 20:23:25.441 V/WindowManagerShell( 4008): Transition doesn't have explicit remote, search filters for match for {id=876 t=OPEN f=0x0 trk=0 r=[0@Point(0, 0)] c=[{m=TO_FRONT f=SHOW_WALLPAPER|MOVE_TO_TOP|EDGE_EXTENSION_RESTRICTION leash=Surface(name=Task=1)/@0x489bae8 sb=Rect(0, 0 - 1080, 2340) eb=Rect(0, 0 - 1080, 2340) epz=Point(1080, 2340) d=0 taskParent=-1 inset=Rect(0, 85 - 0, 135)},{m=TO_BACK f=EDGE_EXTENSION_RESTRICTION leash=Surface(name=Task=33248)/@0xd077501 sb=Rect(0, 0 - 1080, 2340) eb=Rect(0, 0 - 1080, 2340) epz=Point(1080, 2340) d=0 taskParent=-1 inset=Rect(0, 85 - 0, 135) allowAppBgLayer=true},{m=TO_FRONT f=IS_WALLPAPER|IS_FIXED_PORTRAIT p=WCT{android.window.IWindowContainerToken$Stub$Proxy@8b39d94} leash=Surface(name=WallpaperWindowToken{c19afac showWhenLocked=false})/@0x1994fa6 sb=Rect(0, 0 - 1080, 2340) eb=Rect(0, 0 - 1080, 2340) epz=Point(1080, 2340) d=0 inset=Rect(0, 0 - 0, 0)}]}
04-18 20:23:25.441 V/WindowManagerShell( 4008):  Delegate animation for (#876) to null
04-18 20:23:25.441 V/WindowManagerShell( 4008): start default transition animation, info = {id=876 t=OPEN f=0x0 trk=0 r=[0@Point(0, 0)] c=[{m=TO_FRONT f=SHOW_WALLPAPER|MOVE_TO_TOP|EDGE_EXTENSION_RESTRICTION leash=Surface(name=Task=1)/@0x489bae8 sb=Rect(0, 0 - 1080, 2340) eb=Rect(0, 0 - 1080, 2340) epz=Point(1080, 2340) d=0 taskParent=-1 inset=Rect(0, 85 - 0, 135)},{m=TO_BACK f=EDGE_EXTENSION_RESTRICTION leash=Surface(name=Task=33248)/@0xd077501 sb=Rect(0, 0 - 1080, 2340) eb=Rect(0, 0 - 1080, 2340) epz=Point(1080, 2340) d=0 taskParent=-1 inset=Rect(0, 85 - 0, 135) allowAppBgLayer=true},{m=TO_FRONT f=IS_WALLPAPER|IS_FIXED_PORTRAIT p=WCT{android.window.IWindowContainerToken$Stub$Proxy@8b39d94} leash=Surface(name=WallpaperWindowToken{c19afac showWhenLocked=false})/@0x1994fa6 sb=Rect(0, 0 - 1080, 2340) eb=Rect(0, 0 - 1080, 2340) epz=Point(1080, 2340) d=0 inset=Rect(0, 0 - 0, 0)}]}
04-18 20:23:25.442 V/WindowManagerShell( 4008): loadAnimation: anim=android.view.animation.AnimationSet@6ff4183 animAttr=0x11 type=OPEN isEntrance=false
04-18 20:23:25.443 V/WindowManagerShell( 4008):    wallpaperTransit=WALLPAPER_OPEN translucent=false
04-18 20:23:25.443 V/WindowManagerShell( 4008):    change={m=TO_BACK f=EDGE_EXTENSION_RESTRICTION leash=Surface(name=Task=33248)/@0xd077501 sb=Rect(0, 0 - 1080, 2340) eb=Rect(0, 0 - 1080, 2340) epz=Point(1080, 2340) d=0 taskParent=-1 inset=Rect(0, 85 - 0, 135) allowAppBgLayer=true}
04-18 20:23:25.443 V/WindowManagerShell( 4008): loadAnimation: anim=android.view.animation.AnimationSet@1ea72df animAttr=0x10 type=OPEN isEntrance=true
04-18 20:23:25.443 V/WindowManagerShell( 4008):    wallpaperTransit=WALLPAPER_OPEN translucent=false
04-18 20:23:25.443 V/WindowManagerShell( 4008):    change={m=TO_FRONT f=SHOW_WALLPAPER|MOVE_TO_TOP|EDGE_EXTENSION_RESTRICTION leash=Surface(name=Task=1)/@0x489bae8 sb=Rect(0, 0 - 1080, 2340) eb=Rect(0, 0 - 1080, 2340) epz=Point(1080, 2340) d=0 taskParent=-1 inset=Rect(0, 85 - 0, 135)}
04-18 20:23:25.443 I/SurfaceControlRegistry( 4008): apply, t=StartTransaction_SyncId<876>, caller=android.view.SurfaceControl$Transaction.apply:3459 android.view.SurfaceControl$Transaction.apply:3447 android.view.SurfaceControl$Transaction.apply:3397 com.android.wm.shell.transition.DefaultTransitionHandler.startAnimation:3387 com.android.wm.shell.transition.Transitions.dispatchTransition:90 com.android.wm.shell.transition.Transitions.playTransition:774 
04-18 20:23:25.443 V/WindowManagerShell( 4008):  animated by com.android.wm.shell.transition.DefaultTransitionHandler@551593a
04-18 20:23:25.445 I/SnapAlloc( 1792): Using graphics libs for alignment calculations
04-18 20:23:25.446 I/SurfaceFlinger( 1888): RequestedLayer [Acetone$_6279#12819] hidden!! flag  from(1) --> to(0)
04-18 20:23:25.446 I/SurfaceFlinger( 1888): RequestedLayer [com.teslacoilsw.launcher/com.teslacoilsw.launcher.NovaLauncher$_7303#12820] hidden!! flag  from(1) --> to(0)
04-18 20:23:25.446 I/SurfaceFlinger( 1888): RequestedLayer [Transition Root: Task=1#12823] hidden!! flag  from(1) --> to(0)
04-18 20:23:25.446 I/SurfaceFlinger( 1888): RequestedLayer [ActivityRecord{143099008 u0 com.teslacoilsw.launcher/.NovaLauncher t8}#123] hidden!! flag  from(1) --> to(0)
04-18 20:23:25.446 I/SurfaceFlinger( 1888): RequestedLayer [Task=8#122] hidden!! flag  from(1) --> to(0)
04-18 20:23:25.446 I/SurfaceFlinger( 1888): RequestedLayer [WallpaperWindowToken{c19afac showWhenLocked=false}#77] hidden!! flag  from(1) --> to(0)
04-18 20:23:25.446 I/SurfaceFlinger( 1888): RequestedLayer [Task=1#53] hidden!! flag  from(1) --> to(0)
04-18 20:23:25.446 E/SurfaceFlinger( 1888): alpha changed 1.000 -> 0.000 - Task=1#53
04-18 20:23:25.446 E/SurfaceFlinger( 1888): alpha changed 0.000 -> 0.000 - Task=1#53
04-18 20:23:25.446 I/SurfaceFlinger( 1888): [LayerHierarchy{RequestedLayerState{Task=1#53 parentId=12823 z=4} 2 children}] reparent to LayerHierarchy{RequestedLayerState{Transition Root: Task=1#12823 parentId=10} 1 children}
04-18 20:23:25.446 I/SurfaceFlinger( 1888): [LayerHierarchy{RequestedLayerState{Task=33248#2882 parentId=12823 z=6} 1 children}] reparent to LayerHierarchy{RequestedLayerState{Transition Root: Task=1#12823 parentId=10} 2 children}
04-18 20:23:25.446 I/SurfaceFlinger( 1888): [Transition Root: Task=1#12823] attach to parent LayerHierarchy{RequestedLayerState{DefaultTaskDisplayArea_d0#10 parentId=9} 36 children}
04-18 20:23:25.447 I/SurfaceFlinger( 1888): Capture layer list: 	 com.android.chrome/ChromeChildSurface#12804(seamlessTransition:0)
04-18 20:23:25.447 I/SurfaceFlinger( 1888): Capture layer list: 	 com.android.chrome/com.google.android.apps.chrome.Main$_20643#12794(seamlessTransition:0)
04-18 20:23:25.447 I/CompositionEngine( 1888): [setDisplaySize] size=(1080, 2340)
04-18 20:23:25.447 D/RenderEngine( 1888): [SEC_SF_EFFECTS] drawLayersInternal,1483, Rendering layer ScreenCaptureFillLayer at index 0
04-18 20:23:25.447 D/RenderEngine( 1888): [SEC_SF_EFFECTS] drawLayersInternal,1483, Rendering layer com.android.chrome/ChromeChildSurface#12804 at index 1
04-18 20:23:25.447 D/RenderEngine( 1888): [SEC_SF_EFFECTS] drawLayersInternal,1483, Rendering layer com.android.chrome/com.google.android.apps.chrome.Main$_20643#12794 at index 2
04-18 20:23:25.447 W/qdgralloc( 1793): GetSnapFormat: Explicit UBWC formats such as 2141391881 are no longer supported, please switch to using base / linear formats + UBWC usage bits
04-18 20:23:25.447 W/qdgralloc( 1793): GetSnapUsage: UBWC explicit formats have been deprecated, please use the base format + UBWC usage flag! 2141391881
04-18 20:23:25.447 D/SurfaceFlinger( 1888): Display 4630947191136750483 HWC layers:
04-18 20:23:25.447 D/SurfaceFlinger( 1888):        DEVICE |           18395344930562 | 00000100 | 0x7fa30c09   |    0.0    0.0 1440.0 3120.0 |    0    0 1080 2340 | Wallpaper BBQ wrapper 5_system#81 (1633)
04-18 20:23:25.447 D/SurfaceFlinger( 1888):        DEVICE |           23652384899079 | 00000102 | RGBA_8888    |    0.0    0.0 1080.0 2120.0 |    0   85 1080 2205 | com.android.chrome/ChromeChildSurface#12804 (3550)
04-18 20:23:25.447 D/SurfaceFlinger( 1888):        DEVICE |           88661009891677 | 00002100 | RGBA_8888    |    0.0    0.0 1080.0 2340.0 |    0    0 1080 2340 | com.android.chrome/com.google.android.apps.chrome.Main$_20643#12794 (592)
04-18 20:23:25.447 D/SurfaceFlinger( 1888):        DEVICE |           17214228927180 | 00002100 | RGBA_8888    |    0.0    0.0 1080.0   85.0 |    0    0 1080   85 | StatusBar$_4008#102 (98583)
04-18 20:23:25.447 D/SurfaceFlinger( 1888):        DEVICE |           20117626816516 | 00002100 | RGBA_8888    |    0.0    0.0   67.0  342.0 |    0  970   67 1312 | com.sec.android.app.launcher/com.sam[...]l.app.CocktailBarService$_4684#12625 (1)
04-18 20:23:25.447 D/SurfaceFlinger( 1888):        DEVICE |           17214228925820 | 00002100 | RGBA_8888    |    0.0    0.0 1080.0  135.0 |    
04-18 20:23:25.447 D/SurfaceFlinger( 1888): 0 2205 1080 2340 | NavigationBar0$_4008#98 (31316)
04-18 20:23:25.447 D/SurfaceFlinger( 1888):        DEVICE |           17214228927217 | 00002140 | RGBA_8888    |    0.0    0.0 1080.0   85.0 |    0    0 1080   85 | ScreenDecorOverlay$_4008#12101 (214)
04-18 20:23:25.447 D/SurfaceFlinger( 1888):        DEVICE |           17214228927221 | 00002140 | RGBA_8888    |    0.0    0.0 1080.0   85.0 |    0 2255 1080 2340 | ScreenDecorOverlayBottom$_4008#12102 (2)
04-18 20:23:25.447 D/SurfaceFlinger( 1888): 
04-18 20:23:25.449 D/RestrictionPolicy( 2880): isScreenCaptureEnabled : ret=true userId=0
04-18 20:23:25.449 D/SurfaceComposerClient( 2880): setCornerRadius ## 70d7b43 com.teslacoilsw.launcher/com.teslacoilsw.launcher.NovaLauncher#124 cornerRadius=0.000000
04-18 20:23:25.449 D/SurfaceComposerClient( 2880): setCornerRadius ## 70d7b43 com.teslacoilsw.launcher/com.teslacoilsw.launcher.NovaLauncher#124 cornerRadius=0.000000
04-18 20:23:25.450 I/SurfaceFlinger( 1888): id=12791 Removed Surface(name=9e4983f StatusBar)/@0xa14ff13 - animation-leash of insets_animation#12791 (277)
04-18 20:23:25.450 I/SurfaceFlinger( 1888): id=12817 Removed Surface(name=6ace8e4 NavigationBar0)/@0xf75744e - animation-leash of insets_animation#12817 (277)
04-18 20:23:25.450 D/BBA2    ( 2880): updateWindowVisible for pid : 7303, visible : 1
04-18 20:23:25.450 I/DisplayDeviceRepository( 2880): Display device changed render timings: "Built-in Screen", renderFrameRate=120.00001, presentationDeadlineNanos=9333333, appVsyncOffsetNanos=8333333, frameRateOverrides=[{uid=10045 frameRateHz=120.00001}, {uid=10143 frameRateHz=120.00001}, {uid=10152 frameRateHz=120.00001}, {uid=10278 frameRateHz=120.00001}]
04-18 20:23:25.451 D/SurfaceComposerClient( 2880): setCornerRadius ## 70d7b43 com.teslacoilsw.launcher/com.teslacoilsw.launcher.NovaLauncher#124 cornerRadius=0.000000
04-18 20:23:25.451 I/InsetsSourceConsumer( 7303): applyRequestedVisibilityToControl: visible=true, type=statusBars, host=com.teslacoilsw.launcher/com.teslacoilsw.launcher.NovaLauncher
04-18 20:23:25.451 I/InsetsSourceConsumer( 7303): applyRequestedVisibilityToControl: visible=true, type=navigationBars, host=com.teslacoilsw.launcher/com.teslacoilsw.launcher.NovaLauncher
04-18 20:23:25.453 D/NetdEventListenerService( 2880): DNS Requested by 105, 10272(com.google.android.gms,...), SUCCESS, 0ms
04-18 20:23:25.454 I/SurfaceFlinger( 1888): destroyed Surface(name=6ace8e4 NavigationBar0)/@0xf75744e - animation-leash of insets_animation#12817 form LifecycleManager
04-18 20:23:25.454 I/SurfaceFlinger( 1888): destroyed Surface(name=9e4983f StatusBar)/@0xa14ff13 - animation-leash of insets_animation#12791 form LifecycleManager
04-18 20:23:25.454 I/SurfaceFlinger( 1888): id=12817 onLayerDestroyed from LayerHierarchyBuilder(RequestedLayerState{Surface(name=6ace8e4 NavigationBar0)/@0xf75744e - animation-leash of insets_animation#12817 !handle})
04-18 20:23:25.454 I/SurfaceFlinger( 1888): id=12791 onLayerDestroyed from LayerHierarchyBuilder(RequestedLayerState{Surface(name=9e4983f StatusBar)/@0xa14ff13 - animation-leash of insets_animation#12791 !handle})
04-18 20:23:25.455 I/Layer   ( 1888): id=12817 Destroyed Surface(name=6ace8e4 NavigationBar0)/@0xf75744e - animation-leash of insets_animation#12817
04-18 20:23:25.455 I/Layer   ( 1888): id=12791 Destroyed Surface(name=9e4983f StatusBar)/@0xa14ff13 - animation-leash of insets_animation#12791
04-18 20:23:25.455 D/SystemUIService( 4008): SYSUI_RAM_OPTIMIZATION onTrimMemory=20
04-18 20:23:25.455 D/CentralSurfaces( 4008): SYSUI_RAM_OPTIMIZATION onTrimMemory=20
04-18 20:23:25.456 D/HWUI    ( 4008): CacheManager::trimMemory(20)
04-18 20:23:25.456 D/[secipm]( 2880): mSecIpmManager report to nap
04-18 20:23:25.456 I/PkgPredictorService-SecIpmManagerServiceImpl( 2880): reportToNAP uid:10684 com.teslacoilsw.launcher/com.teslacoilsw.launcher.NovaLauncher thisTime:49
04-18 20:23:25.456 D/PkgPredictorService-SecIpmManagerServiceImpl( 2880): reportToNAP: mHeavyLaunchCounter is false
04-18 20:23:25.457 V/WindowManager( 2880): Sent Transition (#876) createdAt=04-18 20:23:25.389 via request=TransitionRequestInfo { type = OPEN, triggerTask = TaskInfo{userId=0 taskId=8 effectiveUid=10684 displayId=0 isRunning=true baseIntent=Intent { act=android.intent.action.MAIN cat=[android.intent.category.HOME] flg=0x10000100 cmp=com.teslacoilsw.launcher/.NovaLauncher } baseActivity=ComponentInfo{com.teslacoilsw.launcher/com.teslacoilsw.launcher.NovaLauncher} topActivity=ComponentInfo{com.teslacoilsw.launcher/com.teslacoilsw.launcher.NovaLauncher} origActivity=null realActivity=ComponentInfo{com.teslacoilsw.launcher/com.teslacoilsw.launcher.NovaLauncher} numActivities=1 lastActiveTime=79005598 supportsMultiWindow=true resizeMode=2 isResizeable=true minWidth=-1 minHeight=-1 maxWidth=-1 maxHeight=-1 defaultMinSize=220 desktopDefaultMinSize=304 token=WCT{RemoteToken{79002d8 Task{759b931 #8 type=home I=com.teslacoilsw.launcher/.NovaLauncher}}} topActivityType=2 pictureInPictureParams=null shouldDockBigOverlays=false launchIntoPipHostTaskId=-1 lastParentTaskIdBeforePip=-1 displayCutoutSafeInsets=Rect(0, 85 - 0, 0) topActivityInfo=ActivityInfo{a0ccab7 com.teslacoilsw.launcher.NovaLauncher} launchCookies=[] positionInParent=Point(0, 0) parentTaskId=-1 isFocused=false isVisible=false isVisibleRequested=false isTopActivityNoDisplay=false isSleeping=false locusId=null displayAreaFeatureId=1 isTopActivityTransparent=false isActivityStackTransparent=false lastNonFullscreenBounds=Rect(81, 560 - 999, 1730) capturedLink=null capturedLinkTimestamp=0 requestedVisibleTypes=-9 topActivityRequestOpenInBrowserEducationTimestamp=0 appCompatTaskInfo=AppCompatTaskInfo { topActivityInSizeCompat=false eligibleForLetterboxEducation= false isLetterboxEducationEnabled= false isLetterboxDoubleTapEnabled= false eligibleForUserAspectRatioButton= false topActivityBoundsLetterboxed= false isFromLetterboxDoubleTap= false topActivityLetterboxVerticalPosition= -1 topActivityLetterboxHorizontalPosition= -1 topActivityLetterboxWidth=-1 topActivityLetterboxHeight=-1 topActivityAppBounds=Rect(0, 0 - 1080, 2340) isUserFullscreenOverrideEnabled=false isSystemFullscreenOverrideEnabled=false hasMinAspectRatioOverride=false topActivityLetterboxBounds=null cameraCompatTaskInfo=CameraCompatTaskInfo { freeformCameraCompatMode=inactive} topActivityBounds=null topActivityInDisplayCompat=false singleTapFromLetterbox=false} topActivityMainWindowFrame=null originallySupportedMultiWindow=true hasWallpaper=false rootAffinity=null isTopTaskInStage=false CoverLauncherWidgetTask=false LaunchedFromAppsCoverLauncherTask=false LaunchedFromMultistarCoverLauncherTask=false isAllowedSeamlessRotation=false isTopTransparentActivity=false isAliasManaged=false hasConfigChanged=false snappingGuideBounds=null isAiKeyRemoveAppTask=false lastDesktopWindowingBounds=null lastExternalDesktopWindowingBounds=null safeCutoutInsets=null}, pipChange = null, remoteTransition = null, displayChange = null, flags = 0, debugId = 876 }
04-18 20:23:25.457 V/WindowManager( 2880):     startWCT=WindowContainerTransaction { changes= {} hops= [] errorCallbackToken=null taskFragmentOrganizer=null }
04-18 20:23:25.457 V/WindowManager( 2880):     info={id=876 t=OPEN f=0x0 trk=0 r=[0@Point(0, 0)] c=[
04-18 20:23:25.457 V/WindowManager( 2880):         {WCT{RemoteToken{86d699 Task{8712843 #1 type=home}}} m=TO_FRONT f=SHOW_WALLPAPER|MOVE_TO_TOP|EDGE_EXTENSION_RESTRICTION leash=Surface(name=Task=1)/@0x756286d sb=Rect(0, 0 - 1080, 2340) eb=Rect(0, 0 - 1080, 2340) epz=Point(1080, 2340) d=0 taskParent=-1 inset=Rect(0, 85 - 0, 135)},
04-18 20:23:25.457 V/WindowManager( 2880):         {WCT{RemoteToken{d0b8915 Task{ea0e75f #33248 type=standard A=10278:com.android.chrome}}} m=TO_BACK f=EDGE_EXTENSION_RESTRICTION leash=Surface(name=Task=33248)/@0x29e04ff sb=Rect(0, 0 - 1080, 2340) eb=Rect(0, 0 - 1080, 2340) epz=Point(1080, 2340) d=0 taskParent=-1 inset=Rect(0, 85 - 0, 135) allowAppBgLayer=true},
04-18 20:23:25.457 V/WindowManager( 2880):         {m=TO_FRONT f=IS_WALLPAPER|IS_FIXED_PORTRAIT p=WCT{RemoteToken{b78db46 RemoteWallpaperAnim:1:1@172243350}} leash=Surface(name=WallpaperWindowToken{c19afac showWhenLocked=false})/@0xdf08de3 sb=Rect(0, 0 - 1080, 2340) eb=Rect(0, 0 - 1080, 2340) epz=Point(1080, 2340) d=0 inset=Rect(0, 0 - 0, 0)}
04-18 20:23:25.457 V/WindowManager( 2880):     ]}
04-18 20:23:25.460 W/keymint_tee( 1178): [WRN]begin req PARAMS: A3, D4, 
04-18 20:23:25.462 D/keymint_swd( 1178): keymint_swd keymint [WRN] (km_add_tag:528) skip: non repetable tag already exists with different value: 268435458
04-18 20:23:25.462 D/keymint_swd( 1178): keymint_swd keymint [WRN] (asymm_pad_to_openssl:49) unknown padding mode: 0
04-18 20:23:25.462 D/keymint_swd( 1178): keymint_swd keymint [WRN] (swd_run_cb:267) swd_begin() returns 0
04-18 20:23:25.462 D/android.hardware.security.keymint-service( 1178): begin: ret 0
04-18 20:23:25.462 I/keystore2( 1174): system/security/keystore2/src/security_level.rs:466 - In create_operation. Success to create IKeystoreOperation. 10272, None
04-18 20:23:25.463 D/keymint_swd( 1178): keymint_swd keymint [WRN] (swd_run_cb:267) swd_finish() returns 0
04-18 20:23:25.463 D/android.hardware.security.keymint-service( 1178): finish: ret 0
04-18 20:23:25.471 E/SurfaceFlinger( 1888): alpha changed 0.096 -> 0.000 - Task=33248#2882
04-18 20:23:25.471 I/DisplayDeviceRepository( 2880): Display device changed render timings: "Built-in Screen", renderFrameRate=120.00001, presentationDeadlineNanos=9333333, appVsyncOffsetNanos=8333333, frameRateOverrides=[{uid=10045 frameRateHz=120.00001}, {uid=10143 frameRateHz=120.00001}, {uid=10152 frameRateHz=120.00001}]
04-18 20:23:25.472 D/SurfaceComposerClient( 2880): setCornerRadius ## 70d7b43 com.teslacoilsw.launcher/com.teslacoilsw.launcher.NovaLauncher#124 cornerRadius=0.000000
04-18 20:23:25.472 D/SurfaceFlinger( 1888): Display 4630947191136750483 HWC layers:
04-18 20:23:25.472 D/SurfaceFlinger( 1888):        DEVICE |           18395344930562 | 00000100 | 0x7fa30c09   |    0.0    0.0 1440.0 3120.0 |    0    0 1080 2340 | Wallpaper BBQ wrapper 5_system#81 (1633)
04-18 20:23:25.472 D/SurfaceFlinger( 1888):        DEVICE |           17214228927183 | 00002100 | RGBA_8888    |    0.0    0.0 1080.0   85.0 |    0    0 1080   85 | StatusBar$_4008#102 (98584)
04-18 20:23:25.472 D/SurfaceFlinger( 1888):        DEVICE |           20117626816516 | 00002100 | RGBA_8888    |    0.0    0.0   67.0  342.0 |    0  970   67 1312 | com.sec.android.app.launcher/com.sam[...]l.app.CocktailBarService$_4684#12625 (1)
04-18 20:23:25.472 D/SurfaceFlinger( 1888):        DEVICE |           17214228925832 | 00002100 | RGBA_8888    |    0.0    0.0 1080.0  135.0 |    0 2205 1080 2340 | NavigationBar0$_4008#98 (31319)
04-18 20:23:25.472 D/SurfaceFlinger( 1888):        DEVICE |           17214228927217 | 00002140 | RGBA_8888    |    0.0    0.0 1080.0   85.0 |    0    0 1080   85 | ScreenDecorOverlay$_4008#12101 (214)
04-18 20:23:25.472 D/SurfaceFlinger( 1888):        DEVICE |           17214228927221 | 00002140 | RGBA_8888    |    0.0    0.0 1080.0   85.0 |    0 2255 1080 2340 | ScreenDecorOverlayBottom$_4008#12102 
04-18 20:23:25.472 D/SurfaceFlinger( 1888): (2)
04-18 20:23:25.472 D/SurfaceFlinger( 1888): 
04-18 20:23:25.506 D/io_stats( 1121): !@   8,0 r 27154233 467743088 w 5719065 116479664 d 448007 81758412 f 590 2197 iot 2155496 0 th 0 0 0 pt 0 inp 0 2 79081.441
04-18 20:23:25.506 D/io_stats( 1121): !@ Read_top(KB): commerce.mobile:low(21311) 6180 coilsw.launcher:top(7303) 2720 martsuggestions:high(6999) 2508
04-18 20:23:25.506 D/io_stats( 1121): !@ Write_top(KB): kworker/u17:1:/(22195) 2780 f2fs_ckpt-254:6:/(1318) 2528 .android.chrome:top(20643) 256
04-18 20:23:25.506 I/HoneySpace.RecentTasks( 4684): onRecentTasksChanged
04-18 20:23:25.506 I/SDHMS:k ( 7213): onTaskStackChanged
04-18 20:23:25.507 I/M0      ( 7213): limitCPUFreq:: freq = -1
04-18 20:23:25.508 W/ParceledListSlice( 2880): Element #21 is 23332 bytes.
04-18 20:23:25.509 I/SurfaceFlinger( 1888): id=12715 Removed Surface(name=Task=33217)/@0xe27cc6f_transition-leash#12715 (275)
04-18 20:23:25.509 I/SurfaceFlinger( 1888): id=12716 Removed Surface(name=Task=1)/@0x57c365a_transition-leash#12716 (275)
04-18 20:23:25.509 I/SurfaceFlinger( 1888): id=12745 Removed Transition Root: Task=33217#12745 (275)
04-18 20:23:25.512 E/SurfaceFlinger( 1888): alpha changed 0.000 -> 0.002 - Task=1#53
04-18 20:23:25.512 I/SurfaceFlinger( 1888): destroyed Surface(name=Task=1)/@0x57c365a_transition-leash#12716 form LifecycleManager
04-18 20:23:25.512 I/SurfaceFlinger( 1888): destroyed Surface(name=TransientLaunchOverlayToken{ca2b184 token=android.os.BinderProxy@1ffdb97})/@0x8d16e12_transition-leash#12746 form LifecycleManager
04-18 20:23:25.512 I/SurfaceFlinger( 1888): destroyed Surface(name=Task=33217)/@0xe27cc6f_transition-leash#12715 form LifecycleManager
04-18 20:23:25.512 I/SurfaceFlinger( 1888): destroyed Surface(name=Task=33217)/@0x4a189e3_transition-leash#12747 form LifecycleManager
04-18 20:23:25.512 I/SurfaceFlinger( 1888): destroyed Transition Root: Task=33217#12745 form LifecycleManager
04-18 20:23:25.512 I/SurfaceFlinger( 1888): destroyed Surface(name=Task=33318)/@0x95d0fe0_transition-leash#12748 form LifecycleManager
04-18 20:23:25.512 I/SurfaceFlinger( 1888): id=12716 onLayerDestroyed from LayerHierarchyBuilder(RequestedLayerState{Surface(name=Task=1)/@0x57c365a_transition-leash#12716 !handle z=1})
04-18 20:23:25.512 I/SurfaceFlinger( 1888): id=12746 onLayerDestroyed from LayerHierarchyBuilder(RequestedLayerState{Surface(name=TransientLaunchOverlayToken{ca2b184 token=android.os.BinderProxy@1ffdb97})/@0x8d16e12_transition-leash#12746 !handle z=1})
04-18 20:23:25.512 I/SurfaceFlinger( 1888): id=12715 onLayerDestroyed from LayerHierarchyBuilder(RequestedLayerState{Surface(name=Task=33217)/@0xe27cc6f_transition-leash#12715 !handle z=4})
04-18 20:23:25.512 I/SurfaceFlinger( 1888): id=12747 onLayerDestroyed from LayerHierarchyBuilder(RequestedLayerState{Surface(name=Task=33217)/@0x4a189e3_transition-leash#12747 !handle z=2})
04-18 20:23:25.512 I/SurfaceFlinger( 1888): id=12745 onLayerDestroyed from LayerHierarchyBuilder(RequestedLayerState{Transition Root: Task=33217#12745 !handle z=34})
04-18 20:23:25.512 I/SurfaceFlinger( 1888): id=12748 onLayerDestroyed from LayerHierarchyBuilder(RequestedLayerState{Surface(name=Task=33318)/@0x95d0fe0_transition-leash#12748 !handle z=2147483647})
04-18 20:23:25.513 I/Layer   ( 1888): id=12716 Destroyed Surface(name=Task=1)/@0x57c365a_transition-leash#12716
04-18 20:23:25.513 I/Layer   ( 1888): id=12746 Destroyed Surface(name=TransientLaunchOverlayToken{ca2b184 token=android.os.BinderProxy@1ffdb97})/@0x8d16e12_transition-leash#12746
04-18 20:23:25.513 I/Layer   ( 1888): id=12715 Destroyed Surface(name=Task=33217)/@0xe27cc6f_transition-leash#12715
04-18 20:23:25.513 I/Layer   ( 1888): id=12747 Destroyed Surface(name=Task=33217)/@0x4a189e3_transition-leash#12747
04-18 20:23:25.513 I/Layer   ( 1888): id=12745 Destroyed Transition Root: Task=33217#12745
04-18 20:23:25.513 I/Layer   ( 1888): id=12748 Destroyed Surface(name=Task=33318)/@0x95d0fe0_transition-leash#12748
04-18 20:23:25.513 I/DisplayDeviceRepository( 2880): Display device changed render timings: "Built-in Screen", renderFrameRate=120.00001, presentationDeadlineNanos=9333333, appVsyncOffsetNanos=8333333, frameRateOverrides=[{uid=10045 frameRateHz=120.00001}, {uid=10143 frameRateHz=120.00001}, {uid=10152 frameRateHz=120.00001}, {uid=10684 frameRateHz=120.00001}]
04-18 20:23:25.513 D/SurfaceComposerClient( 2880): setCornerRadius ## 70d7b43 com.teslacoilsw.launcher/com.teslacoilsw.launcher.NovaLauncher#124 cornerRadius=0.000000
04-18 20:23:25.513 I/vendor.qti.bluetooth@1.0-ibs_handler( 1758): ProcessIbsCmd: Received IBS_WAKE_IND: 0xFD
04-18 20:23:25.513 D/vendor.qti.bluetooth@1.0-ibs_handler( 1758): SerialClockVote: vote for UART CLK ON
04-18 20:23:25.514 D/vendor.qti.bluetooth@1.0-wake_lock( 1758): Acquire wakelock is acquired 
04-18 20:23:25.514 I/vendor.qti.bluetooth@1.0-ibs_handler( 1758): ProcessIbsCmd: Writing IBS_WAKE_ACK
04-18 20:23:25.514 D/SurfaceFlinger( 1888): Display 4630947191136750483 HWC layers:
04-18 20:23:25.514 D/SurfaceFlinger( 1888):        DEVICE |           18395344930562 | 00000100 | 0x7fa30c09   |    0.0    0.0 1440.0 3120.0 |    0    0 1080 2340 | Wallpaper BBQ wrapper 5_system#81 (1633)
04-18 20:23:25.514 D/SurfaceFlinger( 1888):        DEVICE |           31366146163858 | 00002100 | RGBA_8888    |  270.0  584.0  810.0 1756.0 |    0    0 1080 2340 | com.teslacoilsw.launcher/com.teslacoilsw.launcher.NovaLauncher$_7303#12820 (2)
04-18 20:23:25.514 D/SurfaceFlinger( 1888):        DEVICE |           17214228927183 | 00002100 | RGBA_8888    |    0.0    0.0 1080.0   85.0 |    0    0 1080   85 | StatusBar$_4008#102 (98584)
04-18 20:23:25.514 D/SurfaceFlinger( 1888):        DEVICE |           20117626816516 | 00002100 | RGBA_8888    |    0.0    0.0   67.0  342.0 |    0  970   67 1312 | com.sec.android.app.launcher/com.sam[...]l.app.CocktailBarService$_4684#12625 (1)
04-18 20:23:25.514 D/SurfaceFlinger( 1888):        DEVICE |           17214228925820 | 00002100 | RGBA_8888    |    0.0    0.0 1080.0  135.0 |    0 2205 1080 2340 | NavigationBar0$_4008#98 (31324)
04-18 20:23:25.514 D/SurfaceFlinger( 1888):        DEVICE |           17214228927217 | 00002140 | RGBA_8888    |    0.0    0.0 1080.0   85.0 |    0    0 1080   
04-18 20:23:25.514 D/SurfaceFlinger( 1888): 85 | ScreenDecorOverlay$_4008#12101 (214)
