04-18 20:28:30.312 I/gatt_api( 4384): system/stack/gatt/gatt_api.cc:1168 GATTC_SendHandleValueConfirm: conn_id: 0x0190 ignored not waiting for indication ack
04-18 20:28:30.312 I/gatt_api( 4384): system/stack/gatt/gatt_api.cc:1159 GATTC_SendHandleValueConfirm: conn_id=0x0133 , cid=0x0004
04-18 20:28:30.312 I/gatt_api( 4384): system/stack/gatt/gatt_api.cc:1168 GATTC_SendHandleValueConfirm: conn_id: 0x0133 ignored not waiting for indication ack
04-18 20:28:30.312 I/gatt_api( 4384): system/stack/gatt/gatt_api.cc:1159 GATTC_SendHandleValueConfirm: conn_id=0x0130 , cid=0x0004
04-18 20:28:30.312 I/gatt_api( 4384): system/stack/gatt/gatt_api.cc:1168 GATTC_SendHandleValueConfirm: conn_id: 0x0130 ignored not waiting for indication ack
04-18 20:28:30.312 I/gatt_api( 4384): system/stack/gatt/gatt_api.cc:1159 GATTC_SendHandleValueConfirm: conn_id=0x012f , cid=0x0004
04-18 20:28:30.312 I/gatt_api( 4384): system/stack/gatt/gatt_api.cc:1168 GATTC_SendHandleValueConfirm: conn_id: 0x012f ignored not waiting for indication ack
04-18 20:28:30.312 I/gatt_api( 4384): system/stack/gatt/gatt_api.cc:1159 GATTC_SendHandleValueConfirm: conn_id=0x012e , cid=0x0004
04-18 20:28:30.312 I/gatt_api( 4384): system/stack/gatt/gatt_api.cc:1168 GATTC_SendHandleValueConfirm: conn_id: 0x012e ignored not waiting for indication ack
04-18 20:28:30.312 I/gatt_api( 4384): system/stack/gatt/gatt_api.cc:1159 GATTC_SendHandleValueConfirm: conn_id=0x012d , cid=0x0004
04-18 20:28:30.312 I/gatt_api( 4384): system/stack/gatt/gatt_api.cc:1168 GATTC_SendHandleValueConfirm: conn_id: 0x012d ignored not waiting for indication ack
04-18 20:28:30.312 I/gatt_api( 4384): system/stack/gatt/gatt_api.cc:1159 GATTC_SendHandleValueConfirm: conn_id=0x012c , cid=0x0004
04-18 20:28:30.312 I/gatt_api( 4384): system/stack/gatt/gatt_api.cc:1168 GATTC_SendHandleValueConfirm: conn_id: 0x012c ignored not waiting for indication ack
04-18 20:28:30.312 I/gatt_api( 4384): system/stack/gatt/gatt_api.cc:1159 GATTC_SendHandleValueConfirm: conn_id=0x0140 , cid=0x0004
04-18 20:28:30.312 I/gatt_api( 4384): system/stack/gatt/gatt_api.cc:1168 GATTC_SendHandleValueConfirm: conn_id: 0x0140 ignored not waiting for indication ack
04-18 20:28:30.312 W/bt_btif_gattc( 4384): system/btif/src/btif_gatt_client.cc:224 btif_gattc_upstreams_evt: Event BTA_GATTC_NOTIF_EVT [10]
04-18 20:28:30.312 I/gatt_api( 4384): system/stack/gatt/gatt_api.cc:1159 GATTC_SendHandleValueConfirm: conn_id=0x01ba , cid=0x0004
04-18 20:28:30.312 I/gatt_api( 4384): system/stack/gatt/gatt_api.cc:1168 GATTC_SendHandleValueConfirm: conn_id: 0x01ba ignored not waiting for indication ack
04-18 20:28:30.319 I/AdapterProperties( 4384): getBondedDevices: length=30
04-18 20:28:30.320 I/System.out(18752): Characteristic: writeCharacteristic result: SUCCESS
04-18 20:28:30.320 W/bt_bta_gattc( 4384): system/bta/gatt/bta_gattc_act.cc:1084 bta_gattc_write: write status:0
04-18 20:28:30.329 I/NativePlugin(15085): call is: getSystemAlertSound
04-18 20:28:30.329 D/RingtoneManager(15085): getActualDefaultRingtoneUri  type    :4
04-18 20:28:30.330 I/RingtoneManager(15085): Ringtone value : content://0@media/internal/audio/media/146?title=Homecoming&canonical=1
04-18 20:28:30.346 D/PowerManagerService( 2880): displayReady: false groupId=0
04-18 20:28:30.346 D/DisplayPowerController[0]( 2880): animateScreenStateChange: target=ON, mIsEnabled=true
04-18 20:28:30.346 D/PowerManagerService( 2880): displayReady: true groupId=0
04-18 20:28:30.365 D/BackgroundInstallControlService( 2880): Package event received: 0
04-18 20:28:30.367 D/SecFgsManagerController( 4008): onForegroundStateChanged: [dialog:false]:[isForeground:true]:[packageName:com.dexcom.g7]:[token:android.os.BinderProxy@78716b]:[userId:0]
04-18 20:28:30.370 W/l2c_ble ( 4384): system/stack/l2cap/l2c_ble.cc:111 l2cble_notify_le_connection: 
04-18 20:28:30.370 I/BtGatt.GattService( 4384): onWriteCharacteristic() - address=XX:XX:XX:XX:C7:14, status=0, length=1
04-18 20:28:30.371 W/l2c_ble ( 4384): system/stack/l2cap/l2c_ble.cc:111 l2cble_notify_le_connection: 
04-18 20:28:30.371 W/l2c_ble_conn_params( 4384): system/stack/l2cap/l2c_ble_conn_params.cc:232 l2cble_start_conn_update: conn_update_mask 0x0a
04-18 20:28:30.371 W/btm_acl ( 4384): system/stack/acl/btm_acl.cc:2709 acl_ble_connection_parameters_request: 
04-18 20:28:30.377 I/BatteryService_BatteryPropertiesRegistrar( 2880): [getProperty]id:4
04-18 20:28:30.377 I/BatteryService_BatteryPropertiesRegistrar( 2880): [getProperty]prop.long:-9223372036854775808 ,prop.string:null
04-18 20:28:30.377 I/BatteryService_BatteryPropertiesRegistrar( 2880): [getProperty]id:6
04-18 20:28:30.377 I/BatteryService_BatteryPropertiesRegistrar( 2880): [getProperty]prop.long:-9223372036854775808 ,prop.string:null
04-18 20:28:30.398 E/HeatmapThread( 1872): ECT Thread time in milliseconds: 1776558510
04-18 20:28:30.399 D/HeatmapThread( 1872): !@ batteryplugType : 0
04-18 20:28:30.399 D/HeatmapThread( 1872): !@ batteryLevel : 59  batteryTemperature : 342 
04-18 20:28:30.399 D/HeatmapThread( 1872): !@ Heatmap currtime: 29609308
04-18 20:28:30.399 D/HeatmapThread( 1872): !@ Heatmap prevtime: 29609305
04-18 20:28:30.399 D/HeatmapThread( 1872): !@ Heatmap plugstarttime: 35791394
04-18 20:28:30.399 D/HeatmapThread( 1872): !@ Heatmap prevv_dsoh_update_time: 29609163
04-18 20:28:30.399 E/HeatmapThread( 1872): !@ CAM New BSOH: 100
04-18 20:28:30.411 I/vendor.qti.bluetooth@1.0-ibs_handler( 1758): ProcessIbsCmd: Received IBS_SLEEP_IND: 0xFE
04-18 20:28:30.430 I/vendor.qti.bluetooth@1.0-ibs_handler( 1758): ProcessIbsCmd: Received IBS_WAKE_IND: 0xFD
04-18 20:28:30.430 I/vendor.qti.bluetooth@1.0-ibs_handler( 1758): ProcessIbsCmd: Writing IBS_WAKE_ACK
04-18 20:28:30.472 I/vendor.qti.bluetooth@1.0-ibs_handler( 1758): ProcessIbsCmd: Received IBS_SLEEP_IND: 0xFE
04-18 20:28:30.476 I/VSyncReactor( 1888): Current= 120, Period= 120, Distance= 3
04-18 20:28:30.477 I/SDM     ( 1793): AIScalerFeatureIntfImpl::LookupConfig: Scale ratio = 1.780000
04-18 20:28:30.477 I/SDM     ( 1793): AIScalerParserIntfImpl::LookupConfig: Scale Ratio Match Found Here
04-18 20:28:30.483 D/NetdEventListenerService( 2880): DNS Requested by 105, 10435(com.dexcom.g7), SUCCESS, 29ms
04-18 20:28:30.484 I/VSyncReactor( 1888): Current= 120, Period= 120, Distance= 120
04-18 20:28:30.508 W/keymint_tee( 1178): [WRN]begin req PARAMS: A3, D0, 
04-18 20:28:30.510 D/keymint_swd( 1178): keymint_swd keymint [WRN] (km_add_tag:528) skip: non repetable tag already exists with different value: 268435458
04-18 20:28:30.510 D/keymint_swd( 1178): keymint_swd keymint [WRN] (asymm_pad_to_openssl:49) unknown padding mode: 0
04-18 20:28:30.510 D/keymint_swd( 1178): keymint_swd keymint [WRN] (swd_run_cb:267) swd_begin() returns 0
04-18 20:28:30.510 D/android.hardware.security.keymint-service( 1178): begin: ret 0
04-18 20:28:30.510 I/keystore2( 1174): system/security/keystore2/src/security_level.rs:466 - In create_operation. Success to create IKeystoreOperation. 10435, None
04-18 20:28:30.510 D/keymint_swd( 1178): keymint_swd keymint [WRN] (swd_run_cb:267) swd_finish() returns 0
04-18 20:28:30.510 D/android.hardware.security.keymint-service( 1178): finish: ret 0
04-18 20:28:30.517 I/sensors-hal( 1767): qsh_conn_event_cb:927, event[0] sensor:call_gesture  Wakeup, msg_id=1025, ts=1524643485655
04-18 20:28:30.517 I/sensors-hal( 1767): handle_sns_client_event:47, call_gesture ts=79402276160921, event:4.000000
04-18 20:28:30.517 I/sensors-hal( 1767): insert_awaking_events:873, smp2p_event, 36.call_gesture, msgid:1025
04-18 20:28:30.518 I/SensorService( 2880): [EARPROXIMITY] Proposed event Call gesture = 4
04-18 20:28:30.518 D/SensorService( 2880): [EARPROXIMITY] Move
04-18 20:28:30.547 D/PowerManagerService( 2880): displayReady: false groupId=0
04-18 20:28:30.547 D/DisplayPowerController[0]( 2880): animateScreenStateChange: target=ON, mIsEnabled=true
04-18 20:28:30.547 D/PowerManagerService( 2880): displayReady: true groupId=0
04-18 20:28:30.548 I/SDM     ( 1793): DisplayBase::CommitThread: Received idle timeout, panel: cmd, timeout: 70000 us
04-18 20:28:30.570 I/Telecom ( 2880): SamsungTelecomServiceImpl : isInManagedCall - callingPackage : android / callingUser : UserHandle{0} / hasCrossUserAccess : true
04-18 20:28:30.584 I/HoneySpace.NotificationListener( 4684): onNotificationPosted com.dexcom.g7: 0|com.dexcom.g7|1|null|10435: 0
04-18 20:28:30.584 I/HoneySpace.NotificationListener( 4684): invalid notification: com.dexcom.g7 UserHandle{0}: canShowBadge is false
04-18 20:28:30.585 I/NotificationListener( 9088): [Service]v6.1.9-eap02 Received new notification
04-18 20:28:30.585 I/NotificationPipeline( 9088): Processing new notification: 0|com.dexcom.g7|1|null|10435
04-18 20:28:30.585 W/BridgeModeModel( 9088): Not started, default to bridging
04-18 20:28:30.585 E/Notification4WatchManager_NB( 9088): WatchFactory.getWatch-lastConnectedNodeId is null
04-18 20:28:30.585 W/Notification4WatchManager_NB( 9088): NotificationBridgeCallback.onNotificationPosted-never connected before
04-18 20:28:30.585 I/NotificationPipeline( 9088): Discarding notification: 0|com.dexcom.g7|1|null|10435
04-18 20:28:30.591 I/LockscreenNotificationIconsOnlyController( 4008): onNotificationInfoUpdated 0
04-18 20:28:30.591 I/AODNotificationManager( 4008): updateNotification() 
04-18 20:28:30.593 I/SDM     ( 1793): AIScalerFeatureIntfImpl::LookupConfig: Scale ratio = 1.780000
04-18 20:28:30.593 I/SDM     ( 1793): AIScalerParserIntfImpl::LookupConfig: Scale Ratio Match Found Here
04-18 20:28:30.621 I/vendor.qti.bluetooth@1.0-ibs_handler( 1758): DeviceSleep: TX Awake, Sending SLEEP_IND
04-18 20:28:30.621 D/vendor.qti.bluetooth@1.0-ibs_handler( 1758): SerialClockVote: vote for UART CLK OFF
04-18 20:28:30.638 D/InputReader( 2880): Btn_touch(5): value=1 when=79386.573211
04-18 20:28:30.638 I/InputReader( 2880): Touch event's action is 0x0 (id=6, t=0) [pCnt=1, s=0.7460 ] when=79386.573211
04-18 20:28:30.640 I/InputDispatcher( 2880): Delivering touch to (4008): action: 0x4, f=0x0, d=0, '6ace8e4', t=1 
04-18 20:28:30.640 I/InputDispatcher( 2880): Delivering touch to (29875): action: 0x0, f=0x0, d=0, 'f852820', t=1 
04-18 20:28:30.640 D/PowerManagerService( 2880): [api] userActivityFromNative : touch displayId=0 eventTime=79386573
04-18 20:28:30.640 D/PowerManagerService( 2880): UserActivityStateListenerState: 1
04-18 20:28:30.640 I/VRI[MainActivity]@ca0699(29875): ViewPostIme pointer 0
04-18 20:28:30.640 I/GestureDetector( 2880): obtain mCurrentDownEvent. id: 156169716 caller: com.android.server.wm.SystemGesturesPointerEventListener.onPointerEvent:17 com.android.server.wm.PointerEventDispatcher.onInputEvent:51 android.view.InputEventReceiver.dispatchInputEvent:392 
04-18 20:28:30.640 I/GestureDetector( 2880): obtain mCurrentDownEvent. id: 156169716 caller: com.android.server.wm.SystemPerformancePointerEventListener.onPointerEvent:13 com.android.server.wm.PointerEventDispatcher.onInputEvent:51 android.view.InputEventReceiver.dispatchInputEvent:392 
04-18 20:28:30.641 I/SemDvfsHyPerManager( 7213): acquire hyper - TA_TOUCH_SHARE/7213@32, type = -999
04-18 20:28:30.641 I/HYPER-HAL( 1773): [RequestManager.cpp]acquire(): Acquired ID : 26248667  [7213 / 32]    HINT : TA_TOUCH_SHARE    list : [TIMEOUT / 1500] 
04-18 20:28:30.642 I/VRI[MainActivity]@ca0699(29875): call setFrameRateCategory for touch hint category=high hint, reason=touch, vri=VRI[MainActivity]@ca0699
04-18 20:28:30.646 I/GestureDetector( 2880): obtain mCurrentMotionEventRaw. action: 2 id: 120829528
04-18 20:28:30.646 I/GestureDetector( 2880): obtain mCurrentMotionEventRaw. action: 2 id: 120829528
04-18 20:28:30.651 I/SurfaceFlinger( 1888): [com.averycorp.prismtask/com.averycorp.prismtask.MainActivity$_29875#12830] setFrameRateCategory: HighHint
04-18 20:28:30.664 I/SDM     ( 1793): DisplayBase::CommitThread: Received idle timeout, panel: cmd, timeout: 70000 us
04-18 20:28:30.737 D/InputReader( 2880): Btn_touch(5): value=0 when=79386.672775
04-18 20:28:30.737 I/InputReader( 2880): Touch event's action is 0x1 (id=6, t=0) [pCnt=1, s=] when=79386.672775
04-18 20:28:30.737 I/InputDispatcher( 2880): Delivering touch to (29875): action: 0x1, f=0x0, d=0, 'f852820', t=1 
04-18 20:28:30.737 I/VRI[MainActivity]@ca0699(29875): ViewPostIme pointer 1
04-18 20:28:30.745 I/Dialog  (29875): mIsDeviceDefault = false, mIsSamsungBasicInteraction = false, isMetaDataInActivity = false
04-18 20:28:30.747 D/PowerManagerService( 2880): displayReady: false groupId=0
04-18 20:28:30.748 D/DisplayPowerController[0]( 2880): animateScreenStateChange: target=ON, mIsEnabled=true
04-18 20:28:30.748 D/PowerManagerService( 2880): displayReady: true groupId=0
04-18 20:28:30.748 I/DecorView(29875): setWindowBackground: isPopOver=false color=0 d=android.graphics.drawable.ColorDrawable@40445ed
04-18 20:28:30.753 W/WindowOnBackDispatcher(29875): OnBackInvokedCallback is not enabled for the application.
04-18 20:28:30.753 W/WindowOnBackDispatcher(29875): Set 'android:enableOnBackInvokedCallback="true"' in the application manifest.
04-18 20:28:30.754 I/WindowManager(29875): WindowManagerGlobal#addView, ty=2, view=com.android.internal.policy.DecorView{525df6 V.E...... R.....I. 0,0-0,0}[MainActivity], caller=android.view.WindowManagerImpl.addView:158 android.app.Dialog.show:540 androidx.compose.material3.ModalBottomSheet_androidKt$ModalBottomSheetDialog$1$1.invoke:307 
04-18 20:28:30.754 D/ViewRootImpl(29875): desktopMode is false
04-18 20:28:30.755 I/ViewRootImpl(29875): dVRR is disabled
04-18 20:28:30.755 D/NativeCustomFrequencyManager(29875): [NativeCFMS] BpCustomFrequencyManager::BpCustomFrequencyManager()
04-18 20:28:30.756 D/InputTransport( 2880): Input channel constructed: '2701ada', fd=1580
04-18 20:28:30.756 D/InputTransport( 2880): Input channel constructed: '2701ada', fd=1598
04-18 20:28:30.756 D/InputTransport( 2880): Input channel constructed: '2701ada', fd=1725
04-18 20:28:30.756 D/InputTransport( 2880): Input channel destroyed: '2701ada', fd=1598
04-18 20:28:30.757 I/SurfaceFlinger( 1888): id=12851 createSurf, flag=84004, 2701ada com.averycorp.prismtask/com.averycorp.prismtask.MainActivity#12851
04-18 20:28:30.757 I/SS_POWER_HINT_SESSION( 1778): SS_ADPF 29875-10883-eb30 PowerHintSession createHintSession : , 30077, 30078, 29875, 30040 : 16666667
04-18 20:28:30.757 D/RestrictionPolicy( 2880): isScreenCaptureEnabled : ret=true userId=0
04-18 20:28:30.758 D/WindowManager( 2880): Changing focus from Window{f852820 u0 com.averycorp.prismtask/com.averycorp.prismtask.MainActivity} to Window{2701ada u0 com.averycorp.prismtask/com.averycorp.prismtask.MainActivity} displayId=0 Callers=com.android.server.wm.WindowManagerService.addWindowInner:565 com.android.server.wm.WindowManagerService.addWindow:1842 com.android.server.wm.Session.addToDisplayAsUser:24 android.view.IWindowSession$Stub.onTransact:757 
04-18 20:28:30.758 I/HYPER-HAL( 1773): [RequestManager.cpp]acquire(): Acquired ID : 26501061  [1778 / 5501]    HINT :      list : [TID_LOW_LATENCY / 1] [TID / 30077] [TID / 30078] [TID / 29875] [TID / 30040] 
04-18 20:28:30.758 I/WindowManager( 2880): Cancelling animation restarting=true, leash=Surface(name=Surface(name=9e4983f StatusBar)/@0xa14ff13 - animation-leash of insets_animation)/@0xc263573
04-18 20:28:30.758 I/WindowManager( 2880): Reparenting to original parent: Surface(name=WindowToken{2f08c5e type=2000 android.os.BinderProxy@b734ae0})/@0xc5a9550, destroy=false, surface=Surface(name=9e4983f StatusBar)/@0xa14ff13
04-18 20:28:30.758 I/WindowManager( 2880): Reparenting to leash, surface=Surface(name=9e4983f StatusBar)/@0xa14ff13, leashParent=Surface(name=WindowToken{2f08c5e type=2000 android.os.BinderProxy@b734ae0})/@0xc5a9550
04-18 20:28:30.758 I/SurfaceFlinger( 1888): id=12852 createSurf, flag=24000, Surface(name=9e4983f StatusBar)/@0xa14ff13 - animation-leash of insets_animation#12852
04-18 20:28:30.758 D/WindowManager( 2880): makeSurface duration=0 leash=Surface(name=Surface(name=9e4983f StatusBar)/@0xa14ff13 - animation-leash of insets_animation)/@0x713c01
04-18 20:28:30.758 D/InsetsSourceProvider( 2880): updateControlForTarget: control=InsetsSourceControl: {765a0000 mType=statusBars initiallyVisible mSurfacePosition=Point(0, 0) mInsetsHint=Insets{left=0, top=85, right=0, bottom=0}}, target=Window{2701ada u0 com.averycorp.prismtask/com.averycorp.prismtask.MainActivity}, from=com.android.server.wm.InsetsStateController.onControlTargetChanged:83 com.android.server.wm.InsetsPolicy.updateBarControlTarget:212 com.android.server.wm.DisplayPolicy.updateSystemBarAttributes:262 com.android.server.wm.WindowManagerService.updateFocusedWindowLocked:372 com.android.server.wm.WindowManagerService.addWindowInner:565 
04-18 20:28:30.758 I/WindowManager( 2880): Cancelling animation restarting=true, leash=Surface(name=Surface(name=6ace8e4 NavigationBar0)/@0xf75744e - animation-leash of insets_animation)/@0x11d6c78
04-18 20:28:30.758 I/WindowManager( 2880): Reparenting to original parent: Surface(name=WindowToken{d3cd477 type=2019 android.os.BinderProxy@29ef511})/@0xc6796f, destroy=false, surface=Surface(name=6ace8e4 NavigationBar0)/@0xf75744e
04-18 20:28:30.758 I/WindowManager( 2880): Reparenting to leash, surface=Surface(name=6ace8e4 NavigationBar0)/@0xf75744e, leashParent=Surface(name=WindowToken{d3cd477 type=2019 android.os.BinderProxy@29ef511})/@0xc6796f
04-18 20:28:30.758 I/SurfaceFlinger( 1888): id=12853 createSurf, flag=24000, Surface(name=6ace8e4 NavigationBar0)/@0xf75744e - animation-leash of insets_animation#12853
04-18 20:28:30.758 D/WindowManager( 2880): makeSurface duration=0 leash=Surface(name=Surface(name=6ace8e4 NavigationBar0)/@0xf75744e - animation-leash of insets_animation)/@0xe8ce200
04-18 20:28:30.758 D/InsetsSourceProvider( 2880): updateControlForTarget: control=InsetsSourceControl: {c1bf0001 mType=navigationBars initiallyVisible mSurfacePosition=Point(0, 2205) mInsetsHint=Insets{left=0, top=0, right=0, bottom=135}}, target=Window{2701ada u0 com.averycorp.prismtask/com.averycorp.prismtask.MainActivity}, from=com.android.server.wm.InsetsStateController.onControlTargetChanged:83 com.android.server.wm.InsetsPolicy.updateBarControlTarget:225 com.android.server.wm.DisplayPolicy.updateSystemBarAttributes:262 com.android.server.wm.WindowManagerService.updateFocusedWindowLocked:372 com.android.server.wm.WindowManagerService.addWindowInner:565 
04-18 20:28:30.758 V/SystemKeyManager( 2880): updateFocusedWindow() is called, com.averycorp.prismtask/com.averycorp.prismtask.MainActivity
04-18 20:28:30.758 I/SystemKeyManager( 2880): requested systemKeyInfo size=1 focusedWindow=com.averycorp.prismtask/com.averycorp.prismtask.MainActivity
04-18 20:28:30.758 I/SystemKeyManager( 2880): requested systemKeyInfo size=1 focusedWindow=com.averycorp.prismtask/com.averycorp.prismtask.MainActivity
04-18 20:28:30.758 D/InputTransport( 2880): Input channel destroyed: '2701ada', fd=1725
04-18 20:28:30.759 D/InputTransport(29875): Input channel constructed: '2701ada', fd=230
04-18 20:28:30.759 I/InsetsController(29875): onStateChanged: host=com.averycorp.prismtask/com.averycorp.prismtask.MainActivity, from=android.view.ViewRootImpl.onInsetsStateChanged:3026, state=InsetsState: {mDisplayFrame=Rect(0, 0 - 1080, 2340), mDisplayCutout=DisplayCutout{insets=Rect(0, 85 - 0, 0) waterfall=Insets{left=0, top=0, right=0, bottom=0} boundingRect={Bounds=[Rect(0, 0 - 0, 0), Rect(514, 0 - 566, 85), Rect(0, 0 - 0, 0), Rect(0, 0 - 0, 0)]} cutoutPathParserInfo={CutoutPathParserInfo{displayWidth=1080 displayHeight=2340 physicalDisplayWidth=1080 physicalDisplayHeight=2340 density={2.8125} cutoutSpec={M 0,0 H -9.333333333333333 V 30.13333333333333 H 9.333333333333333 V 0 H 0 Z @dp} rotation={0} scale={1.0} physicalPixelDisplaySizeRatio={1.0}}} sideOverrides={}}, mRoundedCorners=RoundedCorners{[RoundedCorner{position=TopLeft, radius=42, center=Point(42, 42)}, RoundedCorner{position=TopRight, radius=42, center=Point(1038, 42)}, RoundedCorner{position=BottomRight, radius=42, center=Point(1038, 2298)}, RoundedCorner{position=BottomLeft, radius=42, center=Point(42, 2298)}]}  mRoundedCornerFrame=Rect(0, 0 - 1080, 2340), mPrivacyIndicatorBounds=PrivacyIndicatorBounds {static bounds=Rect(956, 0 - 1080, 85) rotation=0}, mDisplayShape=DisplayShape{ spec=-311912193 displayWidth=1080 displayHeight=2340 physicalPixelDisplaySizeRatio=0.75 rotation=0 offsetX=0 offsetY=0 scale=1.0}, mSources= { InsetsSource: {c1bf0001 mType=navigationBars mFrame=[0,2205][1080,2340] mVisible=true mFlags= mSideHint=BOTTOM mBoundingRects=null}, InsetsSource: {c1bf0004 mType=systemGestures mFrame=[0,0][0,0] mVisible=true mFlags= mSideHint=NONE mBoundingRects=null}, InsetsSource: {c1bf0005 mType=mandatorySystemGestures mFrame=[0,2205][1080,2340] mVisible=true mFlags= mSideHint=BOTTOM mBoundingRects=null}, InsetsSource: {c1bf0006 mType=tappableElement mFrame=[0,2205][1080,2340] mVisible=true mFlags= mSideHint=BOTTOM mBoundingRects=null}, InsetsSource: {c1bf0024 mType=systemGestures mFrame=[0,0][0,0] mVisible=true mFlags= mSideHint=NONE mBoundingRects=null}, InsetsSource: {3 mType=ime mFrame=[0,0][0,0] mVisible=false mFlags= mSideHint=NONE mBoundingRects=null}, InsetsSource: {27 mType=displayCutout mFrame=[0,0][1080,85] mVisible=true mFlags= mSideHint=TOP mBoundingRects=null}, InsetsSource: {765a0000 mType=statusBars mFrame=[0,0][1080,85] mVisible=true mFlags= mSideHint=TOP mBoundingRects=null}, InsetsSource: {765a0005 mType=mandatorySystemGestures mFrame=[0,0][1080,119] mVisible=true mFlags= mSideHint=TOP mBoundingRects=null}, InsetsSource: {765a0006 mType=tappableElement mFrame=[0,0][1080,85] mVisible=true mFlags= mSideHint=TOP mBoundingRects=null} }
04-18 20:28:30.759 I/VRI[MainActivity]@df725f7(29875): synced displayState. AttachInfo displayState=2
04-18 20:28:30.760 I/VRI[MainActivity]@df725f7(29875): setView = com.android.internal.policy.DecorView@525df6 IsHRR=false mFlingFrameRateChange=0 TM=true
04-18 20:28:30.760 W/WindowOnBackDispatcher(29875): OnBackInvokedCallback is not enabled for the application.
04-18 20:28:30.760 W/WindowOnBackDispatcher(29875): Set 'android:enableOnBackInvokedCallback="true"' in the application manifest.
04-18 20:28:30.762 W/WindowOnBackDispatcher(29875): OnBackInvokedCallback is not enabled for the application.
04-18 20:28:30.762 W/WindowOnBackDispatcher(29875): Set 'android:enableOnBackInvokedCallback="true"' in the application manifest.
04-18 20:28:30.767 I/SurfaceFlinger( 1888): RequestedLayer [2701ada com.averycorp.prismtask/com.averycorp.prismtask.MainActivity#12851] hidden!! flag  from(1) --> to(0)
04-18 20:28:30.767 I/SurfaceFlinger( 1888): [LayerHierarchy{RequestedLayerState{ImeContainer#15 parentId=12547 relativeParentId=12851 z=1} 1 children}] RelativeParent to LayerHierarchy{RequestedLayerState{2701ada com.averycorp.prismtask/com.averycorp.prismtask.MainActivity#12851 parentId=12547 z=1} 1 children}
04-18 20:28:30.767 I/SurfaceFlinger( 1888): [LayerHierarchy{RequestedLayerState{6ace8e4 NavigationBar0#91 parentId=12853} 1 children}] reparent to LayerHierarchy{RequestedLayerState{Surface(name=6ace8e4 NavigationBar0)/@0xf75744e - animation-leash of insets_animation#12853 parentId=90} 1 children}
04-18 20:28:30.767 I/SurfaceFlinger( 1888): [LayerHierarchy{RequestedLayerState{9e4983f StatusBar#95 parentId=12852} 1 children}] reparent to LayerHierarchy{RequestedLayerState{Surface(name=9e4983f StatusBar)/@0xa14ff13 - animation-leash of insets_animation#12852 parentId=94} 1 children}
04-18 20:28:30.767 I/SurfaceFlinger( 1888): [LayerHierarchy{RequestedLayerState{Surface(name=6ace8e4 NavigationBar0)/@0xf75744e - animation-leash of insets_animation#12845} no children}] reparent to OffscreenRoot
04-18 20:28:30.767 I/SurfaceFlinger( 1888): [LayerHierarchy{RequestedLayerState{Surface(name=6ace8e4 NavigationBar0)/@0xf75744e - animation-leash of insets_animation#12845} no children}] RelativeParent to null
04-18 20:28:30.767 I/SurfaceFlinger( 1888): [LayerHierarchy{RequestedLayerState{Surface(name=9e4983f StatusBar)/@0xa14ff13 - animation-leash of insets_animation#12843} no children}] reparent to OffscreenRoot
04-18 20:28:30.767 I/SurfaceFlinger( 1888): [LayerHierarchy{RequestedLayerState{Surface(name=9e4983f StatusBar)/@0xa14ff13 - animation-leash of insets_animation#12843} no children}] RelativeParent to null
04-18 20:28:30.767 I/SurfaceFlinger( 1888): [2701ada com.averycorp.prismtask/com.averycorp.prismtask.MainActivity#12851] attach to parent LayerHierarchy{RequestedLayerState{ActivityRecord{192758685 u0 com.averycorp.prismtask/.MainActivity t33317}#12547 parentId=12546} 4 children}
04-18 20:28:30.767 I/SurfaceFlinger( 1888): [Surface(name=9e4983f StatusBar)/@0xa14ff13 - animation-leash of insets_animation#12852] attach to parent LayerHierarchy{RequestedLayerState{WindowToken{2f08c5e type=2000 android.os.BinderProxy@b734ae0}#94 parentId=17} 1 children}
04-18 20:28:30.767 I/SurfaceFlinger( 1888): [Surface(name=6ace8e4 NavigationBar0)/@0xf75744e - animation-leash of insets_animation#12853] attach to parent LayerHierarchy{RequestedLayerState{WindowToken{d3cd477 type=2019 android.os.BinderProxy@29ef511}#90 parentId=34} 1 children}
04-18 20:28:30.771 D/vendor.qti.bluetooth@1.0-wake_lock( 1758): Release wakelock is released 
04-18 20:28:30.776 I/HYPER-HAL( 1773): [RequestManager.cpp]acquire(): Acquired ID : 26508342  [1778 / 5502]    HINT :      list : [UCLAMP_MIN_BOOST / 0] [TIMEOUT / 350] [TID / 30077] [TID / 30078] [TID / 29875] [TID / 30040] 
04-18 20:28:30.777 D/CoreBackPreview( 2880): Window{2701ada u0 com.averycorp.prismtask/com.averycorp.prismtask.MainActivity}: Setting back callback OnBackInvokedCallbackInfo{mCallback=android.window.IOnBackInvokedCallback$Stub$Proxy@f98c87e, mPriority=0, mIsAnimationCallback=false, mOverrideBehavior=0}
04-18 20:28:30.779 I/Telecom ( 2880): SamsungTelecomServiceImpl : isInManagedCall - callingPackage : android / callingUser : UserHandle{0} / hasCrossUserAccess : true
04-18 20:28:30.781 D/Bubbles ( 4008): onEntryUpdated : shouldBubbleUp=false ,key=0|com.dexcom.g7|1|null|10435
04-18 20:28:30.781 W/MediaSessionRecord( 2880): Ignoring call to destroyed session
04-18 20:28:30.781 D/InterruptionStateProvider( 4008):  no Heads up : edgelighting enabled app. 0|com.dexcom.g7|1|null|10435
04-18 20:28:30.788 I/NotificationListener( 9088): [Service]v6.1.9-eap02 Received new notification
04-18 20:28:30.788 I/HoneySpace.NotificationListener( 4684): onNotificationPosted com.dexcom.g7: 0|com.dexcom.g7|0|0|com.dexcom.g7|g:Aggregate_NormalNotificationSection|10435|0|com.dexcom.g7|g:Aggregate_NormalNotificationSection: 0
04-18 20:28:30.788 I/HoneySpace.NotificationListener( 4684): invalid notification: com.dexcom.g7 UserHandle{0}: canShowBadge is false
04-18 20:28:30.789 I/NotificationPipeline( 9088): Processing new notification: 0|com.dexcom.g7|0|0|com.dexcom.g7|g:Aggregate_NormalNotificationSection|10435|0|com.dexcom.g7|g:Aggregate_NormalNotificationSection
04-18 20:28:30.789 W/BridgeModeModel( 9088): Not started, default to bridging
04-18 20:28:30.789 E/Notification4WatchManager_NB( 9088): WatchFactory.getWatch-lastConnectedNodeId is null
04-18 20:28:30.789 W/Notification4WatchManager_NB( 9088): NotificationBridgeCallback.onNotificationPosted-never connected before
04-18 20:28:30.789 I/NotificationPipeline( 9088): Discarding notification: 0|com.dexcom.g7|0|0|com.dexcom.g7|g:Aggregate_NormalNotificationSection|10435|0|com.dexcom.g7|g:Aggregate_NormalNotificationSection
04-18 20:28:30.792 D/NetdEventListenerService( 2880): DNS Requested by 105, 10528(com.instagram.android), 4(FAIL), isBlocked=true, 0ms
04-18 20:28:30.795 W/RefactorFlag( 4008): New code path expects SceneContainerFlag to be enabled.
04-18 20:28:30.796 D/ExpandableNotifRow( 4008): mMaxSmallHeight different before reInflateViews mMaxSmallHeight: 203 mTempSmallHeight:0 0|com.dexcom.g7|1|null|10435
04-18 20:28:30.796 D/ExpandableNotifRow( 4008): mMaxSmallHeight different before reInflateViews mMaxSmallHeight: 203 mTempSmallHeight:0 0|com.dexcom.g7|1|null|10435
04-18 20:28:30.797 I/LockscreenNotificationIconsOnlyController( 4008): onNotificationInfoUpdated 0
04-18 20:28:30.797 I/AODNotificationManager( 4008): updateNotification() 
04-18 20:28:30.798 D/InterruptionStateProvider( 4008):  no Heads up : edgelighting enabled app. 0|com.dexcom.g7|1|null|10435
04-18 20:28:30.798 D/LocalImageResolver( 4008): Couldn't use ImageDecoder for drawable, falling back to non-resized load.
04-18 20:28:30.799 D/LocalImageResolver( 4008): Couldn't use ImageDecoder for drawable, falling back to non-resized load.
04-18 20:28:30.799 I/AppIconSolution( 4008): return adaptive icon for com.dexcom.g7, isNight = true
04-18 20:28:30.806 I/WindowManager( 2880): Relayout Window{2701ada u0 com.averycorp.prismtask/com.averycorp.prismtask.MainActivity}: viewVisibility=0 req=1080x2340 ty=2 d0
04-18 20:28:30.806 I/SurfaceFlinger( 1888): id=12854 createSurf, flag=44004, com.averycorp.prismtask/com.averycorp.prismtask.MainActivity$_29875#12854
04-18 20:28:30.806 D/WindowManager( 2880): makeSurface duration=0 name=com.averycorp.prismtask/com.averycorp.prismtask.MainActivity$_29875
04-18 20:28:30.806 D/SurfaceComposerClient( 2880): setCornerRadius ## f852820 com.averycorp.prismtask/com.averycorp.prismtask.MainActivity#12555 cornerRadius=0.000000
04-18 20:28:30.807 W/RefactorFlag( 4008): New code path expects SceneContainerFlag to be enabled.
04-18 20:28:30.807 D/SurfaceComposerClient( 2880): setCornerRadius ## f852820 com.averycorp.prismtask/com.averycorp.prismtask.MainActivity#12555 cornerRadius=0.000000
04-18 20:28:30.807 I/WindowManager( 2880): Relayout hash=2701ada, pid=29875, syncId=-1: mAttrs={(0,0)(fillxfill) gr=CENTER sim={adjust=nothing} layoutInDisplayCutoutMode=always ty=APPLICATION fmt=TRANSPARENT wanim=0x1030309
04-18 20:28:30.807 I/WindowManager( 2880):   fl=81810100
04-18 20:28:30.807 I/WindowManager( 2880):   pfl=10008840
04-18 20:28:30.807 I/WindowManager( 2880):   bhv=1
04-18 20:28:30.807 I/WindowManager( 2880):   fitSides=0
04-18 20:28:30.807 I/WindowManager( 2880):   frameRateBoostOnTouch=true
04-18 20:28:30.807 I/WindowManager( 2880):   dvrrWindowFrameRateHint=true naviIconColor=0}
04-18 20:28:30.807 I/InsetsSourceConsumer(29875): applyRequestedVisibilityToControl: visible=true, type=statusBars, host=com.averycorp.prismtask/com.averycorp.prismtask.MainActivity
04-18 20:28:30.808 I/InsetsSourceConsumer(29875): applyRequestedVisibilityToControl: visible=true, type=navigationBars, host=com.averycorp.prismtask/com.averycorp.prismtask.MainActivity
04-18 20:28:30.808 I/BufferQueueProducer(29875): [](id:74b300000007,api:0,p:0,c:29875) setDequeueTimeout:2077252342
04-18 20:28:30.808 I/BLASTBufferQueue_Java(29875): new BLASTBufferQueue, mName= VRI[MainActivity]@df725f7 mNativeObject= 0xb40000763997f010 caller= android.view.ViewRootImpl.updateBlastSurfaceIfNeeded:3585 android.view.ViewRootImpl.relayoutWindow:11685 android.view.ViewRootImpl.performTraversals:4804 android.view.ViewRootImpl.doTraversal:3924 android.view.ViewRootImpl$TraversalRunnable.run:12903 android.view.Choreographer$CallbackRecord.run:1901 android.view.Choreographer$CallbackRecord.run:1910 android.view.Choreographer.doCallbacks:1367 android.view.Choreographer.doFrame:1292 android.view.Choreographer$FrameDisplayEventReceiver.run:1870 
04-18 20:28:30.808 I/BLASTBufferQueue_Java(29875): update, w= 1080 h= 2340 mName = VRI[MainActivity]@df725f7 mNativeObject= 0xb40000763997f010 sc.mNativeObject= 0xb4000076b957ce10 format= -2 caller= android.view.ViewRootImpl.updateBlastSurfaceIfNeeded:3590 android.view.ViewRootImpl.relayoutWindow:11685 android.view.ViewRootImpl.performTraversals:4804 android.view.ViewRootImpl.doTraversal:3924 android.view.ViewRootImpl$TraversalRunnable.run:12903 android.view.Choreographer$CallbackRecord.run:1901 
04-18 20:28:30.808 I/VRI[MainActivity]@df725f7(29875): Relayout returned: old=(0,0,1080,2340) new=(0,0,1080,2340) relayoutAsync=false req=(1080,2340)0 dur=2 res=0x3 s={true 0xb40000764969ada0} ch=true seqId=0
04-18 20:28:30.808 I/VRI[MainActivity]@df725f7(29875): performConfigurationChange setNightDimText nightDimLevel=75
04-18 20:28:30.809 D/VRI[MainActivity]@df725f7(29875): mThreadedRenderer.initialize() mSurface={isValid=true 0xb40000764969ada0} hwInitialized=true
04-18 20:28:30.809 I/SurfaceFlinger( 1888): [com.averycorp.prismtask/com.averycorp.prismtask.MainActivity$_29875#12854] attach to parent LayerHierarchy{RequestedLayerState{2701ada com.averycorp.prismtask/com.averycorp.prismtask.MainActivity#12851 parentId=12547 z=1} 2 children}
04-18 20:28:30.809 D/ExpandableNotifRow( 4008): mMaxSmallHeight different before reInflateViews mMaxSmallHeight: 203 mTempSmallHeight:0 0|com.dexcom.g7|1|null|10435
04-18 20:28:30.809 D/ExpandableNotifRow( 4008): mMaxSmallHeight different before reInflateViews mMaxSmallHeight: 203 mTempSmallHeight:0 0|com.dexcom.g7|1|null|10435
04-18 20:28:30.809 D/ExpandableNotifRow( 4008): mMaxSmallHeight different before reInflateViews mMaxSmallHeight: 203 mTempSmallHeight:0 0|com.dexcom.g7|1|null|10435
04-18 20:28:30.809 D/ExpandableNotifRow( 4008): mMaxSmallHeight different before reInflateViews mMaxSmallHeight: 203 mTempSmallHeight:0 0|com.dexcom.g7|1|null|10435
04-18 20:28:30.810 I/AppIconSolution( 4008): return adaptive icon for com.dexcom.g7, isNight = true
04-18 20:28:30.813 I/LockscreenNotificationIconsOnlyController( 4008): onNotificationInfoUpdated 0
04-18 20:28:30.813 I/AODNotificationManager( 4008): updateNotification() 
04-18 20:28:30.816 D/VRI[MainActivity]@df725f7(29875): reportNextDraw android.view.ViewRootImpl.performTraversals:5443 android.view.ViewRootImpl.doTraversal:3924 android.view.ViewRootImpl$TraversalRunnable.run:12903 android.view.Choreographer$CallbackRecord.run:1901 android.view.Choreographer$CallbackRecord.run:1910 
04-18 20:28:30.816 D/VRI[MainActivity]@df725f7(29875): Setup new sync=wmsSync-VRI[MainActivity]@df725f7#14
04-18 20:28:30.816 I/VRI[MainActivity]@df725f7(29875): Creating new active sync group VRI[MainActivity]@df725f7#15
04-18 20:28:30.816 D/VRI[MainActivity]@df725f7(29875): registerCallbacksForSync syncBuffer=false
04-18 20:28:30.819 D/SurfaceFlinger( 1888): [input] setFocusedWindow: 2701ada com.averycorp.prismtask/com.averycorp.prismtask.MainActivity
04-18 20:28:30.819 W/RefactorFlag( 4008): New code path expects SceneContainerFlag to be enabled.
04-18 20:28:30.820 D/InputDispatcher( 2880): Once focus requested (0): 2701ada com.averycorp.prismtask/com.averycorp.prismtask.MainActivity
04-18 20:28:30.820 D/InputDispatcher( 2880): Focus request (0): 2701ada com.averycorp.prismtask/com.averycorp.prismtask.MainActivity but waiting because NOT_VISIBLE
04-18 20:28:30.820 D/InputDispatcher( 2880): Focus left window (0): f852820 com.averycorp.prismtask/com.averycorp.prismtask.MainActivity
04-18 20:28:30.821 D/ExpandableNotifRow( 4008): mMaxSmallHeight different before reInflateViews mMaxSmallHeight: 203 mTempSmallHeight:0 0|com.dexcom.g7|1|null|10435
04-18 20:28:30.821 D/ExpandableNotifRow( 4008): mMaxSmallHeight different before reInflateViews mMaxSmallHeight: 203 mTempSmallHeight:0 0|com.dexcom.g7|1|null|10435
04-18 20:28:30.821 D/VRI[MainActivity]@df725f7(29875): Received frameDrawingCallback syncResult=0 frameNum=1.
04-18 20:28:30.821 I/VRI[MainActivity]@df725f7(29875): mWNT: t=0xb4000076295da6d0 mBlastBufferQueue=0xb40000763997f010 fn= 1 HdrRenderState mRenderHdrSdrRatio=1.0 caller= android.view.ViewRootImpl$12.onFrameDraw:15441 android.view.ThreadedRenderer$1.onFrameDraw:718 <bottom of call stack> 
04-18 20:28:30.821 I/VRI[MainActivity]@df725f7(29875): Setting up sync and frameCommitCallback
04-18 20:28:30.822 I/BLASTBufferQueue(29875): [VRI[MainActivity]@df725f7#7](f:0,a:0,s:0) onFrameAvailable the first frame is available
04-18 20:28:30.822 I/SurfaceComposerClient(29875): apply transaction with the first frame. layerId: 12854, bufferData(ID: 128312147968031, frameNumber: 1)
04-18 20:28:30.822 I/VRI[MainActivity]@df725f7(29875): Received frameCommittedCallback lastAttemptedDrawFrameNum=1 didProduceBuffer=true
04-18 20:28:30.822 I/SurfaceFlinger( 1888): [com.averycorp.prismtask/com.averycorp.prismtask.MainActivity$_29875#12854] setTransactionState with the first frame. bufferData(ID: 128312147968031, frameNumber: 1)
04-18 20:28:30.822 D/HWUI    (29875): CFMS:: SetUp Pid : 29875    Tid : 30040
04-18 20:28:30.822 I/LockscreenNotificationIconsOnlyController( 4008): onNotificationInfoUpdated 0
04-18 20:28:30.822 I/AODNotificationManager( 4008): updateNotification() 
04-18 20:28:30.822 D/VRI[MainActivity]@df725f7(29875): reportDrawFinished seqId=0
04-18 20:28:30.822 D/WindowManager( 2880): finishDrawingWindow: Window{2701ada u0 com.averycorp.prismtask/com.averycorp.prismtask.MainActivity} mDrawState=DRAW_PENDING seqId=0
04-18 20:28:30.822 D/SurfaceComposerClient( 2880): setCornerRadius ## f852820 com.averycorp.prismtask/com.averycorp.prismtask.MainActivity#12555 cornerRadius=0.000000
04-18 20:28:30.823 I/WindowManager( 2880): Reparenting to leash, surface=Surface(name=2701ada com.averycorp.prismtask/com.averycorp.prismtask.MainActivity)/@0x1f4ee8a, leashParent=Surface(name=ActivityRecord{192758685 u0 com.averycorp.prismtask/.MainActivity t33317})/@0x7cb4677
04-18 20:28:30.823 I/SurfaceFlinger( 1888): id=12855 createSurf, flag=24004, Surface(name=2701ada com.averycorp.prismtask/com.averycorp.prismtask.MainActivity)/@0x1f4ee8a - animation-leash of window_animation#12855
04-18 20:28:30.823 D/WindowManager( 2880): makeSurface duration=0 leash=Surface(name=Surface(name=2701ada com.averycorp.prismtask/com.averycorp.prismtask.MainActivity)/@0x1f4ee8a - animation-leash of window_animation)/@0xeb3ccfb
04-18 20:28:30.823 V/WindowManager( 2880): performShowLocked: mDrawState=HAS_DRAWN in Window{2701ada u0 com.averycorp.prismtask/com.averycorp.prismtask.MainActivity}
04-18 20:28:30.823 D/SurfaceComposerClient( 2880): setCornerRadius ## f852820 com.averycorp.prismtask/com.averycorp.prismtask.MainActivity#12555 cornerRadius=0.000000
04-18 20:28:30.823 D/SurfaceComposerClient( 2880): setCornerRadius ## f852820 com.averycorp.prismtask/com.averycorp.prismtask.MainActivity#12555 cornerRadius=0.000000
04-18 20:28:30.823 D/SurfaceComposerClient( 2880): setCornerRadius ## f852820 com.averycorp.prismtask/com.averycorp.prismtask.MainActivity#12555 cornerRadius=0.000000
04-18 20:28:30.825 I/SurfaceFlinger( 1888): [Surface(name=2701ada com.averycorp.prismtask/com.averycorp.prismtask.MainActivity)/@0x1f4ee8a - animation-leash of window_animation#12855] attach to parent LayerHierarchy{RequestedLayerState{ActivityRecord{192758685 u0 com.averycorp.prismtask/.MainActivity t33317}#12547 parentId=12546} 5 children}
04-18 20:28:30.826 D/PowerManagerService( 2880): [api] setPowerBoost(L) boost:0, durationMs:0, caller (uid: 1000 pid: 2880) <- m() in com.android.server.display.DisplayManagerService$BinderService$$ExternalSyntheticOutline0:1
04-18 20:28:30.826 D/HWUI    (29875): HWUI - treat SMPTE_170M as sRGB
04-18 20:28:30.829 D/InsetsController(29875): show(ime(), fromIme=false)
04-18 20:28:30.829 I/ImeTracker(29875): com.averycorp.prismtask:b5f66c3f: onRequestShow at ORIGIN_CLIENT reason SHOW_SOFT_INPUT_BY_INSETS_API fromUser false
04-18 20:28:30.829 D/InsetsController(29875): Setting requestedVisibleTypes to -1 (was -9)
04-18 20:28:30.829 I/InsetsController(29875): setRequestedVisibleTypes: visible=true, mask=ime, host=com.averycorp.prismtask/com.averycorp.prismtask.MainActivity, from=android.view.InsetsController.controlAnimationUnchecked:1604 android.view.InsetsController.applyAnimation:2416 android.view.InsetsController.applyAnimation:2343 android.view.InsetsController.show:1422 android.view.InsetsController.show:1335 androidx.core.view.SoftwareKeyboardControllerCompat$Impl30.show:194 androidx.core.view.SoftwareKeyboardControllerCompat.show:71 androidx.compose.ui.text.input.InputMethodManagerImpl.showSoftInput:84 androidx.compose.ui.text.input.TextInputServiceAndroid.setKeyboardVisibleImmediately:457 androidx.compose.ui.text.input.TextInputServiceAndroid.processInputCommands:345 
04-18 20:28:30.829 I/ImeTracker( 2880): com.averycorp.prismtask:b5f66c3f: onFailed at PHASE_SERVER_UPDATE_CLIENT_VISIBILITY
04-18 20:28:30.830 I/WindowManager( 2880): Relayout Window{2701ada u0 com.averycorp.prismtask/com.averycorp.prismtask.MainActivity}: viewVisibility=0 req=1080x2340 ty=2 d0
04-18 20:28:30.830 I/BLASTBufferQueue_Java(29875): update, w= 1080 h= 2340 mName = VRI[MainActivity]@df725f7 mNativeObject= 0xb40000763997f010 sc.mNativeObject= 0xb4000076b957ce10 format= -2 caller= android.view.ViewRootImpl.updateBlastSurfaceIfNeeded:3574 android.view.ViewRootImpl.relayoutWindow:11685 android.view.ViewRootImpl.performTraversals:4804 android.view.ViewRootImpl.doTraversal:3924 android.view.ViewRootImpl$TraversalRunnable.run:12903 android.view.Choreographer$CallbackRecord.run:1901 
04-18 20:28:30.830 I/VRI[MainActivity]@df725f7(29875): Relayout returned: old=(0,0,1080,2340) new=(0,0,1080,2340) relayoutAsync=true req=(1080,2340)0 dur=0 res=0x0 s={true 0xb40000764969ada0} ch=false seqId=0
04-18 20:28:30.830 D/SurfaceComposerClient( 2880): setCornerRadius ## f852820 com.averycorp.prismtask/com.averycorp.prismtask.MainActivity#12555 cornerRadius=0.000000
04-18 20:28:30.830 D/WindowManager( 2880): updateSystemBarAttributes: displayId=0, focusedCanBeNavColorWin=false, win=Window{2701ada u0 com.averycorp.prismtask/com.averycorp.prismtask.MainActivity}, navColorWin=Window{2701ada u0 com.averycorp.prismtask/com.averycorp.prismtask.MainActivity}, caller=com.android.server.wm.DisplayPolicy.finishPostLayoutPolicyLw:17 com.android.server.wm.RootWindowContainer.applySurfaceChangesTransaction$1:195 com.android.server.wm.RootWindowContainer.performSurfacePlacementNoTrace:59 
04-18 20:28:30.830 D/WindowManager( 2880): updateSystemBarAttributes, bhv=1, apr=0, statusBarAprRegions=[AppearanceRegion{ bounds=[0,0][1080,2340]}], requestedVisibilities=-1
04-18 20:28:30.830 I/VRI[MainActivity]@df725f7(29875): registerCallbackForPendingTransactions
04-18 20:28:30.831 D/SurfaceComposerClient( 2880): setCornerRadius ## f852820 com.averycorp.prismtask/com.averycorp.prismtask.MainActivity#12555 cornerRadius=0.000000
04-18 20:28:30.831 I/WindowManager( 2880): Relayout hash=2701ada, pid=0, syncId=-1: mAttrs={(0,0)(fillxfill) gr=CENTER sim={adjust=nothing} layoutInDisplayCutoutMode=always ty=APPLICATION fmt=TRANSPARENT wanim=0x1030309
04-18 20:28:30.831 I/WindowManager( 2880):   fl=81810100
04-18 20:28:30.831 I/WindowManager( 2880):   pfl=10008840
04-18 20:28:30.831 I/WindowManager( 2880):   bhv=1
04-18 20:28:30.831 I/WindowManager( 2880):   fitSides=0
04-18 20:28:30.831 I/WindowManager( 2880):   frameRateBoostOnTouch=true
04-18 20:28:30.831 I/WindowManager( 2880):   dvrrWindowFrameRateHint=true naviIconColor=0}
04-18 20:28:30.831 I/VRI[MainActivity]@df725f7(29875): mWNT: t=0xb400007629611c50 mBlastBufferQueue=0xb40000763997f010 fn= 2 HdrRenderState mRenderHdrSdrRatio=1.0 caller= android.view.ViewRootImpl$10.onFrameDraw:6536 android.view.ViewRootImpl$4.onFrameDraw:2489 android.view.ThreadedRenderer$1.onFrameDraw:718 
04-18 20:28:30.832 I/SurfaceFlinger( 1888): id=12843 Removed Surface(name=9e4983f StatusBar)/@0xa14ff13 - animation-leash of insets_animation#12843 (264)
04-18 20:28:30.832 I/SurfaceFlinger( 1888): id=12845 Removed Surface(name=6ace8e4 NavigationBar0)/@0xf75744e - animation-leash of insets_animation#12845 (264)
04-18 20:28:30.832 I/ImeFocusController(29875): onPreWindowFocus: skipped hasWindowFocus=false mHasImeFocus=true
04-18 20:28:30.832 I/ImeFocusController(29875): onPostWindowFocus: skipped hasWindowFocus=false mHasImeFocus=true
04-18 20:28:30.834 I/SurfaceFlinger( 1888): [Display 0 name="Built-in Screen"#49] setFrameRateCategory: High
04-18 20:28:30.834 I/SurfaceFlinger( 1888): RequestedLayer [Surface(name=2701ada com.averycorp.p[...]tion-leash of window_animation#12855] hidden!! flag  from(1) --> to(0)
04-18 20:28:30.834 E/SurfaceFlinger( 1888): alpha changed 1.000 -> 0.000 - Surface(name=2701ada com.averycorp.prismtask/com.averycorp.prismtask.MainActivity)/@0x1f4ee8a - animation-leash of window_animation#12855
04-18 20:28:30.834 I/SurfaceFlinger( 1888): RequestedLayer [com.averycorp.prismtask/com.averycorp.prismtask.MainActivity$_29875#12854] hidden!! flag  from(1) --> to(0)
04-18 20:28:30.834 E/SurfaceFlinger( 1888): alpha changed 0.000 -> 0.000 - Surface(name=2701ada com.averycorp.prismtask/com.averycorp.prismtask.MainActivity)/@0x1f4ee8a - animation-leash of window_animation#12855
04-18 20:28:30.834 I/SurfaceFlinger( 1888): destroyed Surface(name=6ace8e4 NavigationBar0)/@0xf75744e - animation-leash of insets_animation#12845 form LifecycleManager
04-18 20:28:30.834 I/SurfaceFlinger( 1888): destroyed Surface(name=9e4983f StatusBar)/@0xa14ff13 - animation-leash of insets_animation#12843 form LifecycleManager
04-18 20:28:30.834 I/SurfaceFlinger( 1888): [LayerHierarchy{RequestedLayerState{2701ada com.averycorp.prismtask/com.averycorp.prismtask.MainActivity#12851 parentId=12855 z=1} 2 children}] reparent to LayerHierarchy{RequestedLayerState{Surface(name=2701ada com.averycorp.prismtask/com.averycorp.prismtask.MainActivity)/@0x1f4ee8a - animation-leash of window_animation#12855 parentId=12547 z=1} 1 children}
04-18 20:28:30.834 I/SurfaceFlinger( 1888): id=12845 onLayerDestroyed from LayerHierarchyBuilder(RequestedLayerState{Surface(name=6ace8e4 NavigationBar0)/@0xf75744e - animation-leash of insets_animation#12845 !handle})
04-18 20:28:30.834 I/SurfaceFlinger( 1888): id=12843 onLayerDestroyed from LayerHierarchyBuilder(RequestedLayerState{Surface(name=9e4983f StatusBar)/@0xa14ff13 - animation-leash of insets_animation#12843 !handle})
04-18 20:28:30.834 I/Layer   ( 1888): id=12845 Destroyed Surface(name=6ace8e4 NavigationBar0)/@0xf75744e - animation-leash of insets_animation#12845
04-18 20:28:30.834 I/Layer   ( 1888): id=12843 Destroyed Surface(name=9e4983f StatusBar)/@0xa14ff13 - animation-leash of insets_animation#12843
04-18 20:28:30.835 I/DisplayDeviceRepository( 2880): Display device changed render timings: "Built-in Screen", renderFrameRate=120.00001, presentationDeadlineNanos=9333333, appVsyncOffsetNanos=8333333, frameRateOverrides=[{uid=10045 frameRateHz=120.00001}, {uid=10152 frameRateHz=120.00001}, {uid=10883 frameRateHz=120.00001}]
04-18 20:28:30.835 D/SurfaceComposerClient( 2880): setCornerRadius ## f852820 com.averycorp.prismtask/com.averycorp.prismtask.MainActivity#12555 cornerRadius=0.000000
04-18 20:28:30.835 D/DisplayLifecycle( 4008): updateDisplay id = 0
04-18 20:28:30.835 D/StackScroller( 4008): onDisplayChanged for predraw skip to 2
04-18 20:28:30.836 D/WifiDisplayAdapter( 2880): isFitToActiveDisplayLocked : false
04-18 20:28:30.842 E/SurfaceFlinger( 1888): alpha changed 0.000 -> 0.094 - Surface(name=2701ada com.averycorp.prismtask/com.averycorp.prismtask.MainActivity)/@0x1f4ee8a - animation-leash of window_animation#12855
04-18 20:28:30.844 D/SurfaceFlinger( 1888): Display 4630947191136750483 HWC layers:
04-18 20:28:30.844 D/SurfaceFlinger( 1888):        DEVICE |          128312147968021 | 00002102 | RGBA_8888    |    0.0    0.0 1080.0 2340.0 |    0    0 1080 2340 | com.averycorp.prismtask/com.averycorp.prismtask.MainActivity$_29875#12830 (347)
04-18 20:28:30.844 D/SurfaceFlinger( 1888):        DEVICE |          128312147968029 | 00002100 | RGBA_8888    |    0.0    0.0 1080.0 2244.0 |    0   96 1080 2340 | com.averycorp.prismtask/com.averycorp.prismtask.MainActivity$_29875#12854 (3)
04-18 20:28:30.844 D/SurfaceFlinger( 1888):        DEVICE |           17214228927182 | 00002100 | RGBA_8888    |    0.0    0.0 1080.0   85.0 |    0    0 1080   85 | StatusBar$_4008#102 (99390)
04-18 20:28:30.844 D/SurfaceFlinger( 1888):        DEVICE |           20117626816516 | 00002100 | RGBA_8888    |    0.0    0.0   67.0  342.0 |    0  970   67 1312 | com.sec.android.app.launcher/com.sam[...]l.app.CocktailBarService$_4684#12625 (1)
04-18 20:28:30.844 D/SurfaceFlinger( 1888):        DEVICE |           17214228925832 | 00002100 | RGBA_8888    |    0.0    0.0 1080.0  135.0 |    0 2205 1080 2340 | NavigationBar0$_4008#98 (31359)
04-18 20:28:30.844 D/SurfaceFlinger( 1888):        DEVICE |           17214228927217 | 00002140 | RGBA_8888    |    0.0   
04-18 20:28:30.844 D/SurfaceFlinger( 1888):  0.0 1080.0   85.0 |    0    0 1080   85 | ScreenDecorOverlay$_4008#12101 (214)
04-18 20:28:30.844 D/SurfaceFlinger( 1888):        DEVICE |           17214228927221 | 00002140 | RGBA_8888    |    0.0    0.0 1080.0   85.0 |    0 2255 1080 2340 | ScreenDecorOverlayBottom$_4008#12102 (2)
04-18 20:28:30.844 D/SurfaceFlinger( 1888): 
04-18 20:28:30.845 D/InputDispatcher( 2880): Focus entered window (0): 2701ada com.averycorp.prismtask/com.averycorp.prismtask.MainActivity
04-18 20:28:30.852 D/VRI[MainActivity]@df725f7(29875): mThreadedRenderer.initializeIfNeeded()#2 mSurface={isValid=true 0xb40000764969ada0}
04-18 20:28:30.852 D/InputMethodManagerUtils(29875): startInputInner - Id : 0
04-18 20:28:30.852 I/InputMethodManager(29875): startInputInner - IInputMethodManagerGlobalInvoker.startInputOrWindowGainedFocus
04-18 20:28:30.853 V/InputMethodManagerService( 2880): startInputOrWindowGainedFocusInternalLocked: reason=WINDOW_FOCUS_GAIN client=android.os.BinderProxy@633a7fa inputContext=com.android.internal.inputmethod.IRemoteInputConnection$Stub$Proxy@ae83dd7 editorInfo=android.view.inputmethod.EditorInfo@30406c4 startInputFlags=VIEW_HAS_FOCUS|IS_TEXT_EDITOR|INITIAL_CONNECTION softInputMode=STATE_UNSPECIFIED|ADJUST_NOTHING windowFlags=#81810100 unverifiedTargetSdkVersion=35 bindingController=com.android.server.inputmethod.InputMethodBindingController@abc6567 imeDispatcher=android.window.ImeOnBackInvokedDispatcher@25ec9ad cs=ClientState{4eec336 mUid=10883 mPid=29875 mSelfReportedDisplayId=0} imeRequestedVisible=true
