04-18 20:28:29.458 D/SLocation( 2880): BluetoothStatusMonitor - conn, (E6:77:78:**:**:14/698), state : 12, 2
04-18 20:28:29.458 D/SLocation( 2880): BluetoothDeviceManager - handleConnected (E6:77:78:**:**:14/698) [2]
04-18 20:28:29.458 I/BluetoothRemoteDevices( 4384): getBatteryLevel : -1 from HFP
04-18 20:28:29.458 I/BluetoothDeviceBatteryManager( 2880): # BatteryLevel : -1
04-18 20:28:29.458 D/SLocation( 2880): DeviceStatusNotifyManager - broadcastReceiver.onReceive end 79401217
04-18 20:28:29.458 I/Mocca_VehicleDetectionHelper( 2880): (1.1.04.1)BT: Processing BT intent android.bluetooth.device.action.ACL_CONNECTED
04-18 20:28:29.458 I/Mocca_VehicleDetectionHelper( 2880): (1.1.04.1)BT: Major class: 7936 Minor class: 7936
04-18 20:28:29.459 D/SBluetoothControllerImpl( 4008): ACLConnectionStateChanged=E6:77:78:AB:C7:14 CONNECTED
04-18 20:28:29.459 D/SBluetoothControllerImpl( 4008): updateConnected = 0mConnectionState = 0
04-18 20:28:29.459 V/BluetoothEventManager(29321): onReceive :: android.bluetooth.device.action.ACL_CONNECTED
04-18 20:28:29.459 D/SBluetoothControllerImpl( 4008): handleMessage : 2
04-18 20:28:29.460 I/GH.WifiBluetoothRcvr(22562): Connection action: android.bluetooth.device.action.ACL_CONNECTED, device XX:XX:XX:XX:C7:14
04-18 20:28:29.460 I/[-0400]oneconnect[1.8.45.24_01][CORE](18486): QcSupportUtil.isQcSupportedMode - user: 0
04-18 20:28:29.461 W/[-0400]oneconnect[1.8.45.24_01][CORE](18486): QcReceiver.handleIntent - owner mode: android.bluetooth.device.action.ACL_CONNECTED
04-18 20:28:29.461 D/BackgroundInstallControlService( 2880): Package event received: 0
04-18 20:28:29.461 I/GH.WifiBluetoothRcvr(22562): Wireless projection is available on this phone.
04-18 20:28:29.461 I/Connection4WatchManager( 9498): ConnectionReceiver.onReceive-android.bluetooth.device.action.ACL_CONNECTED
04-18 20:28:29.461 D/BackgroundInstallControlService( 2880): Package event received: 0
04-18 20:28:29.462 I/CAR.BTCapsStore(22562): Checking device with address E6:77:78:AB:C7:14
04-18 20:28:29.462 I/[MCFDs]_IntentUtil( 7233): emitToConsumer - (ACL_CONNECTION_STATE) ACTION_ID_ACL_CONNECTED, consumer size=1
04-18 20:28:29.462 I/GH.WifiBluetoothRcvr(22562): Bluetooth device XX:XX:XX:XX:C7:14 cached null list of UUIDs
04-18 20:28:29.462 W/CAR.BTCapsStore(22562): Error while obtaining cached UUIDs.
04-18 20:28:29.462 W/CAR.BTCapsStore(22562): Device have invalid UUIDs and won't request SDP.
04-18 20:28:29.462 I/CAR.BTCapsStore(22562): AAW status (UNKNOWN_AND_DONT_TRY_RFCOMM).
04-18 20:28:29.462 I/SHEALTH#OOBEManager( 9796): getState :NOT_NEEDED / remote
04-18 20:28:29.462 D/BackgroundInstallControlService( 2880): Package event received: 0
04-18 20:28:29.462 I/Connection4WatchManager( 9498): BluetoothEventHandler.onBluetoothEvent-action: android.bluetooth.device.action.ACL_CONNECTED
04-18 20:28:29.462 I/GH.ConnLoggerV2(22562): Session expired, will start a new session
04-18 20:28:29.463 W/Connection4WatchManager( 9498): WatchData.isManualConnectWatch() : do not have device - ##:##:##:##:C7:14!!
04-18 20:28:29.463 I/ActivityManager( 2880): Changes in 90001 15 to 15, 128 to 0
04-18 20:28:29.463 I/Connection4WatchManager( 9498): ConnectionHandler.getDeviceFromIntent() : non contain watch - ##:##:##:##:C7:14
04-18 20:28:29.463 I/ActivityManager( 2880): Changes in 90000 15 to 15, 128 to 0
04-18 20:28:29.463 I/bt_btif_dm( 4384): system/btif/src/btif_dm.cc:1208 btif_dm_get_connection_state: Acl is not connected to peer:xx:xx:xx:xx:1d:25
04-18 20:28:29.464 I/GH.ConnLoggerV2(22562): Started session eabf6fd0-8ebf-4e10-83f3-a898b824b1d6, start time = 79401221
04-18 20:28:29.464 I/GH.ConnLoggerV2(22562): Session eabf6fd0-8ebf-4e10-83f3-a898b824b1d6, event 0, detail OptionalInt.empty, SESSION_STARTED, at 79401221 
04-18 20:28:29.464 I/GH.ConnLoggerV2(22562): Session eabf6fd0-8ebf-4e10-83f3-a898b824b1d6, event 1, detail OptionalInt[1571], WIRELESS_SDP_MANAGER_NULL_UUIDS, at 79401221 
04-18 20:28:29.464 W/bt_btif_gattc( 4384): system/btif/src/btif_gatt_client.cc:224 btif_gattc_upstreams_evt: Event BTA_GATTC_OPEN_EVT [2]
04-18 20:28:29.464 D/BluetoothAdapter(22562): getBondedDevices() - package : com.google.android.projection.gearhead, state : 12
04-18 20:28:29.464 W/BtGatt.GattService( 4384): pkgName : com.dexcom.g7
04-18 20:28:29.465 I/AdapterProperties( 4384): getBondedDevices: length=30
04-18 20:28:29.465 D/BluetoothGatt(18752): onClientConnectionState() - status=0 clientIf=186 connected=true device=XX:XX:XX:XX:C7:14
04-18 20:28:29.465 I/aajr    ( 7001): onReceive
04-18 20:28:29.465 I/[-0400]oneconnect[1.8.45.24_01][CORE](18486): BTStateChangeReceiver.onReceive - Action : android.bluetooth.device.action.ACL_CONNECTED
04-18 20:28:29.465 I/bt_btif_dm( 4384): system/btif/src/btif_dm.cc:1208 btif_dm_get_connection_state: Acl is not connected to peer:xx:xx:xx:xx:5d:e6
04-18 20:28:29.465 I/bt_btif_dm( 4384): system/btif/src/btif_dm.cc:1208 btif_dm_get_connection_state: Acl is not connected to peer:xx:xx:xx:xx:13:87
04-18 20:28:29.465 E/bt_bta_dm_sec( 4384): system/bta/dm/bta_dm_sec.cc:939 bta_dm_set_encryption: Unable to start encryption as already in progress peer:xx:xx:xx:xx:c7:14 transport:BT_TRANSPORT_LE
04-18 20:28:29.465 I/bt_btif_dm( 4384): system/btif/src/btif_dm.cc:1208 btif_dm_get_connection_state: Acl is not connected to peer:xx:xx:xx:xx:a2:9c
04-18 20:28:29.465 I/[-0400]oneconnect[1.8.45.24_01][CORE](18486): BluetoothHelper.handleActionConnectionStateChanged -  [action]android.bluetooth.device.action.ACL_CONNECTED [connState]2[address]DXCM0K - ($)
04-18 20:28:29.465 I/bt_btif_dm( 4384): system/btif/src/btif_dm.cc:1208 btif_dm_get_connection_state: Acl is not connected to peer:xx:xx:xx:xx:8e:cc
04-18 20:28:29.465 I/[-0400]oneconnect[1.8.45.24_01][CORE](18486): ExcludeDiscoveryEventManager.isExcludeDeviceStateBtEvent -  device: ($)-D(6) | BT: ($)E6:77
04-18 20:28:29.465 I/ScanController( 4384): onScanResult to scannerId: 7- eventType=0x0, addressType=1, address=XX:XX:XX:XX:55:E6, primaryPhy=1, secondaryPhy=1, advertisingSid=0x2, txPower=127, rssi=-54, periodicAdvInt=0x0
04-18 20:28:29.466 I/bt_btif_dm( 4384): system/btif/src/btif_dm.cc:1208 btif_dm_get_connection_state: Acl is not connected to peer:xx:xx:xx:xx:7d:84
04-18 20:28:29.466 I/bt_btif_dm( 4384): system/btif/src/btif_dm.cc:1208 btif_dm_get_connection_state: Acl is not connected to peer:xx:xx:xx:xx:d8:34
04-18 20:28:29.466 I/NearbyDiscovery(18747): (REDACTED) %s: onDeviceConnected
04-18 20:28:29.466 I/abxk    ( 7001): (REDACTED) bluetoothConnectionStateChanged. Action: %s
04-18 20:28:29.466 I/abwl    ( 7001): Registering Gemini service client
04-18 20:28:29.466 I/abwq    ( 7001): Initializing PhoneMediaHandler
04-18 20:28:29.466 I/bt_btif_dm( 4384): system/btif/src/btif_dm.cc:1208 btif_dm_get_connection_state: Acl is not connected to peer:xx:xx:xx:xx:13:c3
04-18 20:28:29.466 I/D_FMM:[WearableManager     ]( 8505): LBA_Event : DXCM0K - E6:**:**:**:C7:14
04-18 20:28:29.467 I/[-0400]oneconnect[1.8.45.24_01][CORE](18486): QcDbManager.updateDevice -  - ($)
04-18 20:28:29.467 D/SLocation( 2880): DeviceStatusNotifyManager - broadcastReceiver.onReceive start 79401226
04-18 20:28:29.467 D/SLocation( 2880): DeviceStatusNotifyManager - broadcastReceiver.onReceive end 79401226
04-18 20:28:29.467 I/bt_btif_dm( 4384): system/btif/src/btif_dm.cc:1208 btif_dm_get_connection_state: Acl is not connected to peer:xx:xx:xx:xx:62:18
04-18 20:28:29.467 I/BluetoothHeadset(18486): getConnectionState() in if statement
04-18 20:28:29.467 I/bt_btif_dm( 4384): system/btif/src/btif_dm.cc:1208 btif_dm_get_connection_state: Acl is not connected to peer:xx:xx:xx:xx:a5:b6
04-18 20:28:29.468 I/SLocation( 2880): DeviceStatusNotifyManager - received action : android.bluetooth.device.action.ACL_CONNECTED, package : null
04-18 20:28:29.468 D/SLocation( 2880): BluetoothStatusMonitor - conn, (E6:77:78:**:**:14/698), state : 12, 2
04-18 20:28:29.468 D/SLocation( 2880): BluetoothDeviceManager - handleConnected (E6:77:78:**:**:14/698) [2]
04-18 20:28:29.468 D/BluetoothAdapter(18747): getBondedDevices() - package : com.google.android.gms, state : 12
04-18 20:28:29.468 W/D_FMM:[WDDvcDBHandler      ]( 8505): select wearable failed : E6:**:**:**:C7:14
04-18 20:28:29.468 I/bt_btif_dm( 4384): system/btif/src/btif_dm.cc:1208 btif_dm_get_connection_state: Acl is not connected to peer:xx:xx:xx:xx:45:c5
04-18 20:28:29.468 I/[-0400]oneconnect[1.8.45.24_01][CORE](18486): Remoteless@RemotelessConnectionBroadcastReceiver.onReceive - Not a remoteless: ($)E6:77 
04-18 20:28:29.468 D/SBluetoothControllerImpl( 4008): ACLConnectionStateChanged=E6:77:78:AB:C7:14 CONNECTED
04-18 20:28:29.468 D/SBluetoothControllerImpl( 4008): updateConnected = 0mConnectionState = 0
04-18 20:28:29.468 I/AdapterProperties( 4384): getBondedDevices: length=30
04-18 20:28:29.469 I/bt_btif_dm( 4384): system/btif/src/btif_dm.cc:1208 btif_dm_get_connection_state: Acl is not connected to peer:xx:xx:xx:xx:b9:2b
04-18 20:28:29.469 I/bt_btif_dm( 4384): system/btif/src/btif_dm.cc:1208 btif_dm_get_connection_state: Acl is not connected to peer:xx:xx:xx:xx:50:eb
04-18 20:28:29.469 I/bt_btif_dm( 4384): system/btif/src/btif_dm.cc:1208 btif_dm_get_connection_state: Acl is not connected to peer:xx:xx:xx:xx:18:3d
04-18 20:28:29.469 I/bt_btif_dm( 4384): system/btif/src/btif_dm.cc:1208 btif_dm_get_connection_state: Acl is not connected to peer:xx:xx:xx:xx:b5:db
04-18 20:28:29.470 I/AdapterProperties( 4384): getBondedDevices: length=30
04-18 20:28:29.470 I/bt_btif_dm( 4384): system/btif/src/btif_dm.cc:1208 btif_dm_get_connection_state: Acl is not connected to peer:xx:xx:xx:xx:1d:25
04-18 20:28:29.470 I/bt_btif_dm( 4384): system/btif/src/btif_dm.cc:1208 btif_dm_get_connection_state: Acl is not connected to peer:xx:xx:xx:xx:91:46
04-18 20:28:29.470 I/bt_btif_dm( 4384): system/btif/src/btif_dm.cc:1208 btif_dm_get_connection_state: Acl is not connected to peer:xx:xx:xx:xx:9c:39
04-18 20:28:29.471 I/bt_btif_dm( 4384): system/btif/src/btif_dm.cc:1208 btif_dm_get_connection_state: Acl is not connected to peer:xx:xx:xx:xx:88:ad
04-18 20:28:29.471 D/SBluetoothControllerImpl( 4008): handleMessage : 2
04-18 20:28:29.471 I/bt_btif_dm( 4384): system/btif/src/btif_dm.cc:1208 btif_dm_get_connection_state: Acl is not connected to peer:xx:xx:xx:xx:b4:53
04-18 20:28:29.471 I/bt_btif_dm( 4384): system/btif/src/btif_dm.cc:1208 btif_dm_get_connection_state: Acl is not connected to peer:xx:xx:xx:xx:51:77
04-18 20:28:29.471 D/BluetoothGatt(18752): discoverServices() - device: XX:XX:XX:XX:C7:14
04-18 20:28:29.471 I/bt_btif_dm( 4384): system/btif/src/btif_dm.cc:1208 btif_dm_get_connection_state: Acl is not connected to peer:xx:xx:xx:xx:ce:70
04-18 20:28:29.471 I/bt_btif_dm( 4384): system/btif/src/btif_dm.cc:1208 btif_dm_get_connection_state: Acl is not connected to peer:xx:xx:xx:xx:d8:34
04-18 20:28:29.472 D/BluetoothAdapter(18747): getBondedDevices() - package : com.google.android.gms, state : 12
04-18 20:28:29.473 I/bt_btif_dm( 4384): system/btif/src/btif_dm.cc:1208 btif_dm_get_connection_state: Acl is not connected to peer:xx:xx:xx:xx:ac:b0
04-18 20:28:29.473 E/BluetoothRemoteDevices( 4384): mSocketConnectedCount 0
04-18 20:28:29.473 W/bt_btif_gattc( 4384): system/btif/src/btif_gatt_client.cc:224 btif_gattc_upstreams_evt: Event BTA_GATTC_SEARCH_RES_EVT [7]
04-18 20:28:29.473 W/bt_btif_gattc( 4384): system/btif/src/btif_gatt_client.cc:306 btif_gattc_upstreams_evt: Ignoring event (7)
04-18 20:28:29.473 W/bt_btif_gattc( 4384): system/btif/src/btif_gatt_client.cc:224 btif_gattc_upstreams_evt: Event BTA_GATTC_SEARCH_RES_EVT [7]
04-18 20:28:29.473 W/bt_btif_gattc( 4384): system/btif/src/btif_gatt_client.cc:306 btif_gattc_upstreams_evt: Ignoring event (7)
04-18 20:28:29.473 I/[-0400]oneconnect[1.8.45.24_01][CORE](18486): BluetoothHelper.getBtDevice - deviceBt ($)-D(6)
04-18 20:28:29.473 W/bt_btif_gattc( 4384): system/btif/src/btif_gatt_client.cc:224 btif_gattc_upstreams_evt: Event BTA_GATTC_SEARCH_RES_EVT [7]
04-18 20:28:29.473 W/bt_btif_gattc( 4384): system/btif/src/btif_gatt_client.cc:306 btif_gattc_upstreams_evt: Ignoring event (7)
04-18 20:28:29.473 W/bt_btif_gattc( 4384): system/btif/src/btif_gatt_client.cc:224 btif_gattc_upstreams_evt: Event BTA_GATTC_SEARCH_RES_EVT [7]
04-18 20:28:29.473 W/bt_btif_gattc( 4384): system/btif/src/btif_gatt_client.cc:306 btif_gattc_upstreams_evt: Ignoring event (7)
04-18 20:28:29.473 W/bt_btif_gattc( 4384): system/btif/src/btif_gatt_client.cc:224 btif_gattc_upstreams_evt: Event BTA_GATTC_SEARCH_CMPL_EVT [6]
04-18 20:28:29.473 I/bt_bta_gattc( 4384): system/bta/gatt/bta_gattc_cache.cc:1081 bta_gattc_get_gatt_db: 
04-18 20:28:29.473 W/bt_bta_gattc( 4384): system/bta/gatt/bta_gattc_cache.cc:983 bta_gattc_get_gatt_db_impl: start_handle 0x0000, end_handle 0xffff
04-18 20:28:29.473 I/bt_btif_dm( 4384): system/btif/src/btif_dm.cc:1208 btif_dm_get_connection_state: Acl is not connected to peer:xx:xx:xx:xx:49:34
04-18 20:28:29.473 I/BluetoothRemoteDevices( 4384): isSsDualBuds XX:XX:XX:XX:C7:14, false
04-18 20:28:29.473 I/[-0400]oneconnect[1.8.45.24_01][CORE](18486): BluetoothHelperUtil.getManufacturerData -  - ($)
04-18 20:28:29.473 I/[-0400]oneconnect[1.8.45.24_01][CORE](18486): BluetoothHelper.getBtDevice - isConnected:false
04-18 20:28:29.473 D/BluetoothGatt(18752): onSearchComplete() = address=XX:XX:XX:XX:C7:14 status=0
04-18 20:28:29.474 I/GH.CarSvcDataStorage(22562): Using DB version: 13
04-18 20:28:29.474 I/bt_btif_dm( 4384): system/btif/src/btif_dm.cc:1208 btif_dm_get_connection_state: Acl is not connected to peer:xx:xx:xx:xx:26:f5
04-18 20:28:29.474 I/bt_btif_dm( 4384): system/btif/src/btif_dm.cc:1208 btif_dm_get_connection_state: Acl is not connected to peer:xx:xx:xx:xx:1b:5d
04-18 20:28:29.475 I/AdapterProperties( 4384): getBondedDevices: length=30
04-18 20:28:29.476 I/bt_btif_dm( 4384): system/btif/src/btif_dm.cc:1208 btif_dm_get_connection_state: Acl is not connected to peer:xx:xx:xx:xx:58:0c
04-18 20:28:29.476 D/BluetoothGatt(18752): readRssi() - device: XX:XX:XX:XX:C7:14
04-18 20:28:29.476 I/BUPlugin_BluetoothReceiver(11548): onReceive()
04-18 20:28:29.476 I/BUPlugin_BluetoothReceiverHandle(11548): onReceive() : android.bluetooth.device.action.ACL_CONNECTED
04-18 20:28:29.476 I/BUPlugin_BluetoothManager(11548): onReceive() : android.bluetooth.device.action.ACL_CONNECTED
04-18 20:28:29.476 I/BUPlugin_BluetoothManager(11548): isAdapterOn() : true
04-18 20:28:29.477 I/bt_btif_dm( 4384): system/btif/src/btif_dm.cc:1208 btif_dm_get_connection_state: Acl is not connected to peer:xx:xx:xx:xx:3f:b6
04-18 20:28:29.477 I/bt_btif_dm( 4384): system/btif/src/btif_dm.cc:1208 btif_dm_get_connection_state: Acl is not connected to peer:xx:xx:xx:xx:20:dd
04-18 20:28:29.477 I/bt_btif_dm( 4384): system/btif/src/btif_dm.cc:1208 btif_dm_get_connection_state: Acl is not connected to peer:xx:xx:xx:xx:2b:ec
04-18 20:28:29.477 I/ActivityManager( 2880): Changes in 10109 10 to 10, 0 to 128
04-18 20:28:29.477 I/VSyncReactor( 1888): Current= 120, Period= 120, Distance= 1
04-18 20:28:29.478 I/[-0400]oneconnect[1.8.45.24_01][CORE](18486): BluetoothHelper.setDeviceTypeAndIconForExceptedDevices - devicename: ($)-D(6)
04-18 20:28:29.478 I/[-0400]oneconnect[1.8.45.24_01][CORE](18486): ExcludeDiscoveryEventManager.isExcludeDeviceStateBtEvent -  device: ($)-D(6) | BT: ($)E6:77
04-18 20:28:29.478 D/ConnectivityManager(22562): StackLog: [android.net.ConnectivityManager.sendRequestForNetwork(ConnectivityManager.java:4740)] [android.net.ConnectivityManager.sendRequestForNetwork(ConnectivityManager.java:4908)] [android.net.ConnectivityManager.registerNetworkCallback(ConnectivityManager.java:5325)] [android.net.ConnectivityManager.registerNetworkCallback(ConnectivityManager.java:5295)] [com.google.android.apps.auto.components.connectivity.impl.ConnectivityEventHandlerImpl.c(SourceFile:94)] [com.google.android.apps.auto.components.connectivity.impl.ConnectivityEventHandlerImpl$ConnectivityEventBroadcastReceiver.c(SourceFile:111)] [kif.b(SourceFile:189)] [lnt.onReceive(SourceFile:97)] [android.app.ActivityThread.handleReceiver(ActivityThread.java:5663)] [android.app.ActivityThread.-$$Nest$mhandleReceiver(Unknown Source:0)] [android.app.ActivityThread$H.handleMessage(ActivityThread.java:2904)]
04-18 20:28:29.479 I/bt_btif_dm( 4384): system/btif/src/btif_dm.cc:1208 btif_dm_get_connection_state: Acl is not connected to peer:xx:xx:xx:xx:8e:cc
04-18 20:28:29.479 I/Nearby  (18747): (REDACTED) is blocked device type %s, isAuto=%s, isIot=%s, isLatchsky=%s, isChinaWearable=%s, isTv=%s, isWearable=%s (supportWearOs=%s), isChromeOsDevice=%s (supportChromeOs=%s)
04-18 20:28:29.479 I/NearbyDiscovery(18747): (REDACTED) DiscoveryService onStartCommand action: %s
04-18 20:28:29.479 I/SDM     ( 1793): AIScalerFeatureIntfImpl::LookupConfig: Scale ratio = 1.780000
04-18 20:28:29.479 I/SDM     ( 1793): AIScalerParserIntfImpl::LookupConfig: Scale Ratio Match Found Here
04-18 20:28:29.479 I/bt_btif_dm( 4384): system/btif/src/btif_dm.cc:1208 btif_dm_get_connection_state: Acl is not connected to peer:xx:xx:xx:xx:ab:11
04-18 20:28:29.479 I/NearbyDiscovery(18747): (REDACTED) onAclChange: state=%s, transport=%s, %s
04-18 20:28:29.480 I/bt_btif_dm( 4384): system/btif/src/btif_dm.cc:1208 btif_dm_get_connection_state: Acl is not connected to peer:xx:xx:xx:xx:11:bc
04-18 20:28:29.481 I/ActivityManager( 2880): Changes in 10460 19 to 11, 0 to 128
04-18 20:28:29.481 I/CAR.BTCapsStore(22562): Checking device with address E6:77:78:AB:C7:14
04-18 20:28:29.482 W/CAR.BTCapsStore(22562): Error while obtaining cached UUIDs.
04-18 20:28:29.482 W/CAR.BTCapsStore(22562): Device have invalid UUIDs and won't request SDP.
04-18 20:28:29.482 I/CAR.BTCapsStore(22562): AAW status (UNKNOWN_AND_DONT_TRY_RFCOMM).
04-18 20:28:29.482 D/ConnectivityService( 2880): Rematched networks [computed 0ms] [applied 0ms] [issued 1]
04-18 20:28:29.482 D/ConnectivityService( 2880): NetworkReassignment : no changes
04-18 20:28:29.483 D/SensorService( 2880): setUidStateForConnection uid= 10460 , ident = 0xb400007569614230 , state= 0
04-18 20:28:29.483 I/NearbyDiscovery(18747): (REDACTED) FastPair: lock scan rate if needed, %s, bondState=%s
04-18 20:28:29.483 I/GH.SharedService(22562): Shared Service created
04-18 20:28:29.483 I/NearbyDiscovery(18747): (REDACTED) PureOffloadFastPairScanner: eventType=%s, isInternalReq=%s, isScanning=%s, isScanningAllowed=%s
04-18 20:28:29.484 I/ehai    ( 7001): (REDACTED) appOpsListener %s %s
04-18 20:28:29.484 D/LocationManagerService( 2880): gps provider getLastLocation from : 10257/com.google.android.projection.gearhead
04-18 20:28:29.484 I/GH.SharedServiceConnect(22562): onServiceConnected(ComponentName:ComponentInfo{com.google.android.projection.gearhead/com.google.android.gearhead.service.SharedService}, service:lum@75d8f11)
04-18 20:28:29.484 I/ehai    ( 7001): (REDACTED) Ignoring irrelevant audio permission changes for package %s
04-18 20:28:29.484 I/NearbyDiscovery(18747): (REDACTED) ApFastPairScanner: isScreenOn=%s, isLocationEnabled=%s, disableLocationRequirement=%s, isDiscoveryScanningEnabled=%s, during24GhzWifiWarmingUpPeriod=%s
04-18 20:28:29.485 D/LocationManagerService( 2880): gps provider getLastLocation from : 10257/com.google.android.projection.gearhead
04-18 20:28:29.485 D/BluetoothAdapter(18747): isLeEnabled(): ON
04-18 20:28:29.485 I/BatteryService_BatteryPropertiesRegistrar( 2880): [getProperty]id:1
04-18 20:28:29.485 I/BatteryService_BatteryPropertiesRegistrar( 2880): [getProperty]prop.long:-9223372036854775808 ,prop.string:null
04-18 20:28:29.485 I/NearbyDiscovery(18747): (REDACTED) ApFastPairScanner: eventType=%s, intReq=%s, scanning=%s, scanAllowed=%s, bleEnabled=%s, lockScanRate=%s, startScanningByLowPowerMode=%s
04-18 20:28:29.485 I/NearbyDiscovery(18747): (REDACTED) ApFastPairScanner: Already in %s scanning
04-18 20:28:29.485 I/NearbyDiscovery(18747): (REDACTED) ApFastPairScanner: set recover event type, from=%s, to=%s
04-18 20:28:29.485 I/NearbyDiscovery(18747): ApFastPairScanner: LockScanRateResult isn't UNLOCK but handled [CONTEXT service_id=265 ]
04-18 20:28:29.486 I/VSyncReactor( 1888): Current= 120, Period= 120, Distance= 120
04-18 20:28:29.488 I/System.out(18752): Characteristic: Enabling indication: f8083535-849e-531c-c594-30f1f86a4ea5
04-18 20:28:29.488 D/BluetoothGatt(18752): setCharacteristicNotification() - uuid: f8083535-849e-531c-c594-30f1f86a4ea5 enable: true
04-18 20:28:29.488 V/ClearcutMetricXmitter(22562): Transmission is done.
04-18 20:28:29.488 I/System.out(18752): Characteristic: status was set successfully: true
04-18 20:28:29.489 I/System.out(18752): Characteristic: writeDescriptor result: SUCCESS
04-18 20:28:29.489 W/bt_bta_gattc( 4384): system/bta/gatt/bta_gattc_act.cc:1084 bta_gattc_write: write status:0
04-18 20:28:29.490 D/NetdEventListenerService( 2880): DNS Requested by 105, 10435(com.dexcom.g7), SUCCESS, 0ms
04-18 20:28:29.520 I/vendor.qti.bluetooth@1.0-ibs_handler( 1758): ProcessIbsCmd: Received IBS_SLEEP_IND: 0xFE
04-18 20:28:29.544 D/PowerManagerService( 2880): displayReady: false groupId=0
04-18 20:28:29.544 D/DisplayPowerController[0]( 2880): animateScreenStateChange: target=ON, mIsEnabled=true
04-18 20:28:29.544 D/PowerManagerService( 2880): displayReady: true groupId=0
04-18 20:28:29.550 I/SDM     ( 1793): DisplayBase::CommitThread: Received idle timeout, panel: cmd, timeout: 70000 us
04-18 20:28:29.602 D/io_stats( 1121): !@   8,0 r 27228563 468976800 w 5825194 118481132 d 449036 82020680 f 601 2204 iot 2165272 0 th 0 0 0 pt 0 inp 0 0 79385.537
04-18 20:28:29.603 D/io_stats( 1121): !@ Read_top(KB): facebook.stella:low(23328) 1208 kworker/u17:0:/(32368) 768 com.dexcom.g7:low(18752) 352
04-18 20:28:29.603 D/io_stats( 1121): !@ Write_top(KB): kworker/u17:4:/(18473) 3488 droid.rubin.app:low(5699) 72 yapp:AppMetrica:low(13621) 32
04-18 20:28:29.607 W/facebook.stella(23328): Reducing the number of considered missed Gc histogram windows from 197 to 100
04-18 20:28:29.641 V/SemStrongRssiRoaming( 2880): POLL (Rssi:-30 MinRssi:-25 Guard:1)
04-18 20:28:29.650 I/vendor.qti.bluetooth@1.0-ibs_handler( 1758): ProcessIbsCmd: Received IBS_WAKE_IND: 0xFD
04-18 20:28:29.651 I/vendor.qti.bluetooth@1.0-ibs_handler( 1758): ProcessIbsCmd: Writing IBS_WAKE_ACK
04-18 20:28:29.655 W/bt_btm_sec( 4384): system/stack/btm/btm_sec.cc:3349 btm_sec_encrypt_change: Security Manager encryption change request hci_status:HCI_SUCCESS request:encrypt state: le_link:tSECURITY_STATE::ENCRYPTING(0x2) classic_link:tSECURITY_STATE::IDLE(0x0) sec_flags:0x1088 key_size:16
04-18 20:28:29.655 W/bt_bta_dm_sec( 4384): system/bta/dm/bta_dm_sec.cc:896 bta_dm_encrypt_cback: Encrypted:T, peer:xx:xx:xx:xx:c7:14 transport:BT_TRANSPORT_LE status:tBTM_STATUS::BTM_SUCCESS callback:T
04-18 20:28:29.655 W/smp_act ( 4384): system/stack/smp/smp_act.cc:2143 smp_link_encrypted: SMP state machine busy so skipping encryption enable:1 device:xx:xx:xx:xx:c7:14
04-18 20:28:29.655 I/bluetooth( 4384): system/stack/eatt/eatt_impl.h:995 connect: Device xx:xx:xx:xx:c7:14, role central
04-18 20:28:29.655 W/bluetooth( 4384): system/stack/gatt/gatt_attr.cc:911 gatt_cl_read_sr_supp_feat_req: BDA: xx:xx:xx:xx:c7:14 read gatt supported features
04-18 20:28:29.656 W/bt_btif_gattc( 4384): system/btif/src/btif_gatt_client.cc:224 btif_gattc_upstreams_evt: Event BTA_GATTC_ENC_CMPL_CB_EVT [17]
04-18 20:28:29.656 E/bt_btif_gattc( 4384): system/btif/src/btif_gatt_client.cc:344 btif_gattc_upstreams_evt: Unhandled event (17)!
04-18 20:28:29.667 I/sensors-hal( 1767): handle_sns_std_sensor_event:90, light_cct: ts = 79401422423942 ns; value = [75, 75, 29, 29, 35, 116, 0, 0, 13920, 0]
04-18 20:28:29.712 W/l2c_ble ( 4384): system/stack/l2cap/l2c_ble.cc:111 l2cble_notify_le_connection: 
04-18 20:28:29.712 I/bt_btm_ble( 4384): system/stack/btm/btm_ble_gap.cc:1726 btm_ble_read_remote_appearance_cmpl: Appearance 0x0000, Class of Device 0-1f-0 found for xx:xx:xx:xx:c7:14
04-18 20:28:29.712 I/gatt_api( 4384): system/stack/gatt/gatt_api.cc:1649 GATT_Disconnect: conn_id=298
04-18 20:28:29.712 W/bluetooth( 4384): system/stack/gatt/gatt_main.cc:323 gatt_update_app_hold_link_status: Hold link status of [xx:xx:xx:xx:c7:14], size=1
04-18 20:28:29.712 W/bluetooth( 4384): system/stack/gatt/gatt_main.cc:326 gatt_update_app_hold_link_status: gatt_if : 186
04-18 20:28:29.712 W/bluetooth( 4384): system/stack/gatt/gatt_main.cc:348 gatt_update_app_hold_link_status: attempt to remove non-existing gatt_if=42
04-18 20:28:29.712 I/bluetooth( 4384): system/stack/gatt/gatt_main.cc:385 gatt_update_app_use_link_flag: App status is not updated for gatt_if=42
04-18 20:28:29.745 D/PowerManagerService( 2880): displayReady: false groupId=0
04-18 20:28:29.745 D/DisplayPowerController[0]( 2880): animateScreenStateChange: target=ON, mIsEnabled=true
04-18 20:28:29.745 D/PowerManagerService( 2880): displayReady: true groupId=0
04-18 20:28:29.771 W/l2c_ble ( 4384): system/stack/l2cap/l2c_ble.cc:111 l2cble_notify_le_connection: 
04-18 20:28:29.778 I/System.out(18752): Characteristic: Enabling notifications: f8083538-849e-531c-c594-30f1f86a4ea5
04-18 20:28:29.778 D/BluetoothGatt(18752): setCharacteristicNotification() - uuid: f8083538-849e-531c-c594-30f1f86a4ea5 enable: true
04-18 20:28:29.779 I/System.out(18752): Characteristic: status was set successfully: true
04-18 20:28:29.779 W/bt_bta_gattc( 4384): system/bta/gatt/bta_gattc_act.cc:1084 bta_gattc_write: write status:0
04-18 20:28:29.780 I/System.out(18752): Characteristic: writeDescriptor result: SUCCESS
04-18 20:28:29.827 I/sensors-hal( 1767): handle_sns_std_sensor_event:408, [SSC_LIGHT] P: 74(74),c:1,b:116,m:13,cl:0,l:73,s:40,l0:13664,l1:0,s0:7500,s1:0,acl:1,opr:0.11,f(r):318,u(bl):320,if:0,wi:0,si:0,0(N:0)
04-18 20:28:29.827 I/sensors-hal( 1767): set_config:64, no need to adjust sample_period_ns due to reporting_mode = 2
04-18 20:28:29.827 I/sensors-hal( 1767): batch:368, android.sensor.light/51, period=100000000, max_latency=0 request completed
04-18 20:28:29.827 E/SensorService( 2880): BigData:Pakage) 5 already disabled. 
04-18 20:28:29.827 I/sensors-hal( 1767): set_config:64, no need to adjust sample_period_ns due to reporting_mode = 2
04-18 20:28:29.827 I/sensors-hal( 1767): batch:368, android.sensor.light/51, period=100000000, max_latency=0 request completed
04-18 20:28:29.830 W/l2c_ble ( 4384): system/stack/l2cap/l2c_ble.cc:111 l2cble_notify_le_connection: 
04-18 20:28:29.830 W/bluetooth( 4384): system/stack/eatt/eatt_impl.h:877 supported_features_cb: xx:xx:xx:xx:c7:14 is_eatt_supported = 0
04-18 20:28:29.891 W/l2c_ble ( 4384): system/stack/l2cap/l2c_ble.cc:111 l2cble_notify_le_connection: 
04-18 20:28:29.891 W/adbd    ( 8751): timed out while waiting for FUNCTIONFS_BIND, trying again
04-18 20:28:29.892 I/adbd    ( 8751): UsbFfs: connection terminated: monitor thread finished
04-18 20:28:29.899 I/System.out(18752): Characteristic: writeCharacteristic result: SUCCESS
04-18 20:28:29.899 W/bt_bta_gattc( 4384): system/bta/gatt/bta_gattc_act.cc:1084 bta_gattc_write: write status:0
04-18 20:28:29.940 D/NetdEventListenerService( 2880): DNS Requested by 105, 10528(com.instagram.android), 4(FAIL), isBlocked=true, 0ms
04-18 20:28:29.942 E/WifiStaIfaceAidlImpl( 2880): getCachedScanData failed with service-specific exception: android.os.ServiceSpecificException:  (code 4)
04-18 20:28:29.942 D/NetdEventListenerService( 2880): DNS Requested by 105, 10528(com.instagram.android), 4(FAIL), isBlocked=true, 0ms
04-18 20:28:29.943 D/SemWifiUsabilityStatsMonitor( 2880): onWifiUsabilityStats - seqNum 11399, isSameBssidAndFreq true
04-18 20:28:29.944 I/SemWifiLinkQualityMonitor( 2880): Link stat: 2841 / 387 / 1.21 (196) / 1729 / -29.0 || 100.0 : 1729.00 / 0.5 : 0.83 / 0.55 : 0.14 / G (G) || 5da6045a5745: 0.088 / 90.928 / N || N N / 0 0 / Y 2.0 / Y X 0 / 79385879 0 || Invalid
04-18 20:28:29.944 D/InsDataManager( 2880): onOutageCountUpdate() - Outage Data: 0, LQ : Y. Outage Triggered: false
04-18 20:28:29.944 D/InsDataManager( 2880): Trying to save initial normal data.
04-18 20:28:29.945 E/InsController( 2880): Error in onOutageCountUpdate: android.net.VpnTransportInfo cannot be cast to android.net.wifi.WifiInfo
04-18 20:28:29.945 D/SemInsManager( 2880): {"bssid": "5da6045a5745","rssi": -29.0,"latency": 0.0879814752227569,"outage_count": 0,"lq_callback_triggered": true,"outage_log": "Link stat: 2841 / 387 / 1.21 (196) / 1729 / -29.0 || 100.0 : 1729.00 / 0.5 : 0.83 / 0.55 : 0.14 / G (G) || 5da6045a5745: 0.088 / 90.928 / N || N N / 0 0 / Y 2.0 / Y X 0 / 79385879 0 || Invalid""Magnetic Sensor Events size": "0""Pressure Sensor Events size": "0"}
04-18 20:28:29.945 I/adbd    ( 8751): opening control endpoint /dev/usb-ffs/adb/ep0
04-18 20:28:29.945 D/PowerManagerService( 2880): displayReady: false groupId=0
04-18 20:28:29.945 D/DisplayPowerController[0]( 2880): animateScreenStateChange: target=ON, mIsEnabled=true
04-18 20:28:29.945 D/PowerManagerService( 2880): displayReady: true groupId=0
04-18 20:28:29.950 D/BackgroundInstallControlService( 2880): Package event received: 0
04-18 20:28:29.950 W/l2c_ble ( 4384): system/stack/l2cap/l2c_ble.cc:111 l2cble_notify_le_connection: 
04-18 20:28:29.950 I/BtGatt.GattService( 4384): onWriteCharacteristic() - address=XX:XX:XX:XX:C7:14, status=0, length=10
04-18 20:28:29.951 W/l2c_ble ( 4384): system/stack/l2cap/l2c_ble.cc:111 l2cble_notify_le_connection: 
04-18 20:28:29.951 I/gatt_api( 4384): system/stack/gatt/gatt_api.cc:1159 GATTC_SendHandleValueConfirm: conn_id=0x01ad , cid=0x0004
04-18 20:28:29.951 I/gatt_api( 4384): system/stack/gatt/gatt_api.cc:1172 GATTC_SendHandleValueConfirm: Received confirmation, ind_count= 14, sending confirmation
04-18 20:28:29.951 I/gatt_api( 4384): system/stack/gatt/gatt_api.cc:1159 GATTC_SendHandleValueConfirm: conn_id=0x0191 , cid=0x0004
04-18 20:28:29.951 I/gatt_api( 4384): system/stack/gatt/gatt_api.cc:1168 GATTC_SendHandleValueConfirm: conn_id: 0x0191 ignored not waiting for indication ack
04-18 20:28:29.951 I/gatt_api( 4384): system/stack/gatt/gatt_api.cc:1159 GATTC_SendHandleValueConfirm: conn_id=0x0135 , cid=0x0004
04-18 20:28:29.951 I/gatt_api( 4384): system/stack/gatt/gatt_api.cc:1168 GATTC_SendHandleValueConfirm: conn_id: 0x0135 ignored not waiting for indication ack
04-18 20:28:29.951 I/gatt_api( 4384): system/stack/gatt/gatt_api.cc:1159 GATTC_SendHandleValueConfirm: conn_id=0x0190 , cid=0x0004
04-18 20:28:29.951 I/gatt_api( 4384): system/stack/gatt/gatt_api.cc:1168 GATTC_SendHandleValueConfirm: conn_id: 0x0190 ignored not waiting for indication ack
04-18 20:28:29.951 I/gatt_api( 4384): system/stack/gatt/gatt_api.cc:1159 GATTC_SendHandleValueConfirm: conn_id=0x0133 , cid=0x0004
04-18 20:28:29.951 I/gatt_api( 4384): system/stack/gatt/gatt_api.cc:1168 GATTC_SendHandleValueConfirm: conn_id: 0x0133 ignored not waiting for indication ack
04-18 20:28:29.951 I/gatt_api( 4384): system/stack/gatt/gatt_api.cc:1159 GATTC_SendHandleValueConfirm: conn_id=0x0130 , cid=0x0004
04-18 20:28:29.951 I/gatt_api( 4384): system/stack/gatt/gatt_api.cc:1168 GATTC_SendHandleValueConfirm: conn_id: 0x0130 ignored not waiting for indication ack
04-18 20:28:29.951 I/gatt_api( 4384): system/stack/gatt/gatt_api.cc:1159 GATTC_SendHandleValueConfirm: conn_id=0x012f , cid=0x0004
04-18 20:28:29.951 I/gatt_api( 4384): system/stack/gatt/gatt_api.cc:1168 GATTC_SendHandleValueConfirm: conn_id: 0x012f ignored not waiting for indication ack
04-18 20:28:29.951 I/gatt_api( 4384): system/stack/gatt/gatt_api.cc:1159 GATTC_SendHandleValueConfirm: conn_id=0x012e , cid=0x0004
04-18 20:28:29.951 I/gatt_api( 4384): system/stack/gatt/gatt_api.cc:1168 GATTC_SendHandleValueConfirm: conn_id: 0x012e ignored not waiting for indication ack
04-18 20:28:29.951 I/gatt_api( 4384): system/stack/gatt/gatt_api.cc:1159 GATTC_SendHandleValueConfirm: conn_id=0x012d , cid=0x0004
04-18 20:28:29.951 I/gatt_api( 4384): system/stack/gatt/gatt_api.cc:1168 GATTC_SendHandleValueConfirm: conn_id: 0x012d ignored not waiting for indication ack
04-18 20:28:29.951 I/gatt_api( 4384): system/stack/gatt/gatt_api.cc:1159 GATTC_SendHandleValueConfirm: conn_id=0x012c , cid=0x0004
04-18 20:28:29.951 I/gatt_api( 4384): system/stack/gatt/gatt_api.cc:1168 GATTC_SendHandleValueConfirm: conn_id: 0x012c ignored not waiting for indication ack
04-18 20:28:29.951 I/gatt_api( 4384): system/stack/gatt/gatt_api.cc:1159 GATTC_SendHandleValueConfirm: conn_id=0x0140 , cid=0x0004
04-18 20:28:29.951 I/gatt_api( 4384): system/stack/gatt/gatt_api.cc:1168 GATTC_SendHandleValueConfirm: conn_id: 0x0140 ignored not waiting for indication ack
04-18 20:28:29.951 W/bt_btif_gattc( 4384): system/btif/src/btif_gatt_client.cc:224 btif_gattc_upstreams_evt: Event BTA_GATTC_NOTIF_EVT [10]
04-18 20:28:29.951 I/gatt_api( 4384): system/stack/gatt/gatt_api.cc:1159 GATTC_SendHandleValueConfirm: conn_id=0x01ba , cid=0x0004
04-18 20:28:29.951 I/gatt_api( 4384): system/stack/gatt/gatt_api.cc:1168 GATTC_SendHandleValueConfirm: conn_id: 0x01ba ignored not waiting for indication ack
04-18 20:28:29.953 I/System.out(18752): Characteristic: writeCharacteristic result: SUCCESS
04-18 20:28:29.953 W/bt_bta_gattc( 4384): system/bta/gatt/bta_gattc_act.cc:1084 bta_gattc_write: write status:0
04-18 20:28:30.010 W/l2c_ble ( 4384): system/stack/l2cap/l2c_ble.cc:111 l2cble_notify_le_connection: 
04-18 20:28:30.010 I/BtGatt.GattService( 4384): onWriteCharacteristic() - address=XX:XX:XX:XX:C7:14, status=0, length=9
04-18 20:28:30.011 W/l2c_ble ( 4384): system/stack/l2cap/l2c_ble.cc:111 l2cble_notify_le_connection: 
04-18 20:28:30.011 I/gatt_api( 4384): system/stack/gatt/gatt_api.cc:1159 GATTC_SendHandleValueConfirm: conn_id=0x01ad , cid=0x0004
04-18 20:28:30.011 I/gatt_api( 4384): system/stack/gatt/gatt_api.cc:1172 GATTC_SendHandleValueConfirm: Received confirmation, ind_count= 14, sending confirmation
04-18 20:28:30.011 I/gatt_api( 4384): system/stack/gatt/gatt_api.cc:1159 GATTC_SendHandleValueConfirm: conn_id=0x0191 , cid=0x0004
04-18 20:28:30.011 I/gatt_api( 4384): system/stack/gatt/gatt_api.cc:1168 GATTC_SendHandleValueConfirm: conn_id: 0x0191 ignored not waiting for indication ack
04-18 20:28:30.011 I/gatt_api( 4384): system/stack/gatt/gatt_api.cc:1159 GATTC_SendHandleValueConfirm: conn_id=0x0135 , cid=0x0004
04-18 20:28:30.011 I/gatt_api( 4384): system/stack/gatt/gatt_api.cc:1168 GATTC_SendHandleValueConfirm: conn_id: 0x0135 ignored not waiting for indication ack
04-18 20:28:30.011 I/gatt_api( 4384): system/stack/gatt/gatt_api.cc:1159 GATTC_SendHandleValueConfirm: conn_id=0x0190 , cid=0x0004
04-18 20:28:30.011 I/gatt_api( 4384): system/stack/gatt/gatt_api.cc:1168 GATTC_SendHandleValueConfirm: conn_id: 0x0190 ignored not waiting for indication ack
04-18 20:28:30.011 I/gatt_api( 4384): system/stack/gatt/gatt_api.cc:1159 GATTC_SendHandleValueConfirm: conn_id=0x0133 , cid=0x0004
04-18 20:28:30.011 I/gatt_api( 4384): system/stack/gatt/gatt_api.cc:1168 GATTC_SendHandleValueConfirm: conn_id: 0x0133 ignored not waiting for indication ack
04-18 20:28:30.011 I/gatt_api( 4384): system/stack/gatt/gatt_api.cc:1159 GATTC_SendHandleValueConfirm: conn_id=0x0130 , cid=0x0004
04-18 20:28:30.011 I/gatt_api( 4384): system/stack/gatt/gatt_api.cc:1168 GATTC_SendHandleValueConfirm: conn_id: 0x0130 ignored not waiting for indication ack
04-18 20:28:30.011 I/gatt_api( 4384): system/stack/gatt/gatt_api.cc:1159 GATTC_SendHandleValueConfirm: conn_id=0x012f , cid=0x0004
04-18 20:28:30.011 I/gatt_api( 4384): system/stack/gatt/gatt_api.cc:1168 GATTC_SendHandleValueConfirm: conn_id: 0x012f ignored not waiting for indication ack
04-18 20:28:30.011 I/gatt_api( 4384): system/stack/gatt/gatt_api.cc:1159 GATTC_SendHandleValueConfirm: conn_id=0x012e , cid=0x0004
04-18 20:28:30.011 I/gatt_api( 4384): system/stack/gatt/gatt_api.cc:1168 GATTC_SendHandleValueConfirm: conn_id: 0x012e ignored not waiting for indication ack
04-18 20:28:30.011 I/gatt_api( 4384): system/stack/gatt/gatt_api.cc:1159 GATTC_SendHandleValueConfirm: conn_id=0x012d , cid=0x0004
04-18 20:28:30.011 W/bt_btif_gattc( 4384): system/btif/src/btif_gatt_client.cc:224 btif_gattc_upstreams_evt: Event BTA_GATTC_NOTIF_EVT [10]
04-18 20:28:30.011 I/gatt_api( 4384): system/stack/gatt/gatt_api.cc:1168 GATTC_SendHandleValueConfirm: conn_id: 0x012d ignored not waiting for indication ack
04-18 20:28:30.011 I/gatt_api( 4384): system/stack/gatt/gatt_api.cc:1159 GATTC_SendHandleValueConfirm: conn_id=0x012c , cid=0x0004
04-18 20:28:30.011 I/gatt_api( 4384): system/stack/gatt/gatt_api.cc:1168 GATTC_SendHandleValueConfirm: conn_id: 0x012c ignored not waiting for indication ack
04-18 20:28:30.011 I/gatt_api( 4384): system/stack/gatt/gatt_api.cc:1159 GATTC_SendHandleValueConfirm: conn_id=0x0140 , cid=0x0004
04-18 20:28:30.011 I/gatt_api( 4384): system/stack/gatt/gatt_api.cc:1168 GATTC_SendHandleValueConfirm: conn_id: 0x0140 ignored not waiting for indication ack
04-18 20:28:30.011 I/gatt_api( 4384): system/stack/gatt/gatt_api.cc:1159 GATTC_SendHandleValueConfirm: conn_id=0x01ba , cid=0x0004
04-18 20:28:30.011 I/gatt_api( 4384): system/stack/gatt/gatt_api.cc:1168 GATTC_SendHandleValueConfirm: conn_id: 0x01ba ignored not waiting for indication ack
04-18 20:28:30.017 I/System.out(18752): Characteristic: Enabling indication: f8083534-849e-531c-c594-30f1f86a4ea5
04-18 20:28:30.017 D/BluetoothGatt(18752): setCharacteristicNotification() - uuid: f8083534-849e-531c-c594-30f1f86a4ea5 enable: true
04-18 20:28:30.018 I/System.out(18752): Characteristic: status was set successfully: true
04-18 20:28:30.018 I/System.out(18752): Characteristic: writeDescriptor result: SUCCESS
04-18 20:28:30.019 W/bt_bta_gattc( 4384): system/bta/gatt/bta_gattc_act.cc:1084 bta_gattc_write: write status:0
04-18 20:28:30.070 W/l2c_ble ( 4384): system/stack/l2cap/l2c_ble.cc:111 l2cble_notify_le_connection: 
04-18 20:28:30.072 I/System.out(18752): Characteristic: Enabling notifications: f8083536-849e-531c-c594-30f1f86a4ea5
04-18 20:28:30.072 D/BluetoothGatt(18752): setCharacteristicNotification() - uuid: f8083536-849e-531c-c594-30f1f86a4ea5 enable: true
04-18 20:28:30.073 I/System.out(18752): Characteristic: status was set successfully: true
04-18 20:28:30.073 I/System.out(18752): Characteristic: writeDescriptor result: SUCCESS
04-18 20:28:30.073 W/bt_bta_gattc( 4384): system/bta/gatt/bta_gattc_act.cc:1084 bta_gattc_write: write status:0
04-18 20:28:30.118 D/AiAgentEffect( 4008): onPrivacyItemsChanged privacyItems.size = 1
04-18 20:28:30.118 D/AiAgentEffect( 4008): onPrivacyItemsChanged privacyItems isEmpty or found item is null
04-18 20:28:30.124 I/HoneySpace.StatusIconTracker( 4684): invokeEvent() called with: event = PrivacyInfo(visible=true)
04-18 20:28:30.126 W/View    ( 4008): requestLayout() improperly called by com.android.systemui.qs.SecQSGradationDrawableView{e5e63e2 V.E...... ......ID 0,0-1080,332 #7f0a0a16 app:id/qs_gradation_view} during layout: running second layout pass
04-18 20:28:30.126 W/View    ( 4008): requestLayout() improperly called by android.widget.FrameLayout{36b9373 V.E...... ......I. 0,0-1080,2340 #2} during layout: running second layout pass
04-18 20:28:30.126 W/View    ( 4008): requestLayout() improperly called by android.widget.FrameLayout{9ad0230 V.E...... ......ID 0,153-1080,2205 #7f0a0a14 app:id/qs_frame} during layout: running second layout pass
04-18 20:28:30.127 W/RefactorFlag( 4008): New code path expects SceneContainerFlag to be enabled.
04-18 20:28:30.130 W/l2c_ble ( 4384): system/stack/l2cap/l2c_ble.cc:111 l2cble_notify_le_connection: 
04-18 20:28:30.132 I/System.out(18752): Characteristic: writeCharacteristic result: SUCCESS
04-18 20:28:30.132 W/bt_bta_gattc( 4384): system/bta/gatt/bta_gattc_act.cc:1084 bta_gattc_write: write status:0
04-18 20:28:30.137 I/SDM     ( 1793): AIScalerFeatureIntfImpl::LookupConfig: Scale ratio = 1.780000
04-18 20:28:30.137 I/SDM     ( 1793): AIScalerParserIntfImpl::LookupConfig: Scale Ratio Match Found Here
04-18 20:28:30.143 I/VSyncReactor( 1888): Current= 120, Period= 120, Distance= 2
04-18 20:28:30.145 D/PowerManagerService( 2880): displayReady: false groupId=0
04-18 20:28:30.146 D/DisplayPowerController[0]( 2880): animateScreenStateChange: target=ON, mIsEnabled=true
04-18 20:28:30.146 D/PowerManagerService( 2880): displayReady: true groupId=0
04-18 20:28:30.151 I/VSyncReactor( 1888): Current= 120, Period= 120, Distance= 120
04-18 20:28:30.193 W/l2c_ble ( 4384): system/stack/l2cap/l2c_ble.cc:111 l2cble_notify_le_connection: 
04-18 20:28:30.193 I/BtGatt.GattService( 4384): onWriteCharacteristic() - address=XX:XX:XX:XX:C7:14, status=0, length=1
04-18 20:28:30.195 W/l2c_ble ( 4384): system/stack/l2cap/l2c_ble.cc:111 l2cble_notify_le_connection: 
04-18 20:28:30.195 I/gatt_api( 4384): system/stack/gatt/gatt_api.cc:1159 GATTC_SendHandleValueConfirm: conn_id=0x01ad , cid=0x0004
04-18 20:28:30.195 I/gatt_api( 4384): system/stack/gatt/gatt_api.cc:1172 GATTC_SendHandleValueConfirm: Received confirmation, ind_count= 14, sending confirmation
04-18 20:28:30.195 I/gatt_api( 4384): system/stack/gatt/gatt_api.cc:1159 GATTC_SendHandleValueConfirm: conn_id=0x0191 , cid=0x0004
04-18 20:28:30.195 I/gatt_api( 4384): system/stack/gatt/gatt_api.cc:1168 GATTC_SendHandleValueConfirm: conn_id: 0x0191 ignored not waiting for indication ack
04-18 20:28:30.195 I/gatt_api( 4384): system/stack/gatt/gatt_api.cc:1159 GATTC_SendHandleValueConfirm: conn_id=0x0135 , cid=0x0004
04-18 20:28:30.195 I/gatt_api( 4384): system/stack/gatt/gatt_api.cc:1168 GATTC_SendHandleValueConfirm: conn_id: 0x0135 ignored not waiting for indication ack
04-18 20:28:30.195 I/gatt_api( 4384): system/stack/gatt/gatt_api.cc:1159 GATTC_SendHandleValueConfirm: conn_id=0x0190 , cid=0x0004
04-18 20:28:30.195 I/gatt_api( 4384): system/stack/gatt/gatt_api.cc:1168 GATTC_SendHandleValueConfirm: conn_id: 0x0190 ignored not waiting for indication ack
04-18 20:28:30.195 I/gatt_api( 4384): system/stack/gatt/gatt_api.cc:1159 GATTC_SendHandleValueConfirm: conn_id=0x0133 , cid=0x0004
04-18 20:28:30.195 I/gatt_api( 4384): system/stack/gatt/gatt_api.cc:1168 GATTC_SendHandleValueConfirm: conn_id: 0x0133 ignored not waiting for indication ack
04-18 20:28:30.195 I/gatt_api( 4384): system/stack/gatt/gatt_api.cc:1159 GATTC_SendHandleValueConfirm: conn_id=0x0130 , cid=0x0004
04-18 20:28:30.195 I/gatt_api( 4384): system/stack/gatt/gatt_api.cc:1168 GATTC_SendHandleValueConfirm: conn_id: 0x0130 ignored not waiting for indication ack
04-18 20:28:30.195 I/gatt_api( 4384): system/stack/gatt/gatt_api.cc:1159 GATTC_SendHandleValueConfirm: conn_id=0x012f , cid=0x0004
04-18 20:28:30.195 I/gatt_api( 4384): system/stack/gatt/gatt_api.cc:1168 GATTC_SendHandleValueConfirm: conn_id: 0x012f ignored not waiting for indication ack
04-18 20:28:30.195 I/gatt_api( 4384): system/stack/gatt/gatt_api.cc:1159 GATTC_SendHandleValueConfirm: conn_id=0x012e , cid=0x0004
04-18 20:28:30.195 I/gatt_api( 4384): system/stack/gatt/gatt_api.cc:1168 GATTC_SendHandleValueConfirm: conn_id: 0x012e ignored not waiting for indication ack
04-18 20:28:30.195 I/gatt_api( 4384): system/stack/gatt/gatt_api.cc:1159 GATTC_SendHandleValueConfirm: conn_id=0x012d , cid=0x0004
04-18 20:28:30.195 I/gatt_api( 4384): system/stack/gatt/gatt_api.cc:1168 GATTC_SendHandleValueConfirm: conn_id: 0x012d ignored not waiting for indication ack
04-18 20:28:30.195 I/gatt_api( 4384): system/stack/gatt/gatt_api.cc:1159 GATTC_SendHandleValueConfirm: conn_id=0x012c , cid=0x0004
04-18 20:28:30.195 I/gatt_api( 4384): system/stack/gatt/gatt_api.cc:1168 GATTC_SendHandleValueConfirm: conn_id: 0x012c ignored not waiting for indication ack
04-18 20:28:30.195 I/gatt_api( 4384): system/stack/gatt/gatt_api.cc:1159 GATTC_SendHandleValueConfirm: conn_id=0x0140 , cid=0x0004
04-18 20:28:30.195 I/gatt_api( 4384): system/stack/gatt/gatt_api.cc:1168 GATTC_SendHandleValueConfirm: conn_id: 0x0140 ignored not waiting for indication ack
04-18 20:28:30.196 W/bt_btif_gattc( 4384): system/btif/src/btif_gatt_client.cc:224 btif_gattc_upstreams_evt: Event BTA_GATTC_NOTIF_EVT [10]
04-18 20:28:30.196 I/gatt_api( 4384): system/stack/gatt/gatt_api.cc:1159 GATTC_SendHandleValueConfirm: conn_id=0x01ba , cid=0x0004
04-18 20:28:30.196 I/gatt_api( 4384): system/stack/gatt/gatt_api.cc:1168 GATTC_SendHandleValueConfirm: conn_id: 0x01ba ignored not waiting for indication ack
04-18 20:28:30.207 I/System.out(18752): Characteristic: writeCharacteristic result: SUCCESS
04-18 20:28:30.207 W/bt_bta_gattc( 4384): system/bta/gatt/bta_gattc_act.cc:1084 bta_gattc_write: write status:0
04-18 20:28:30.208 I/SDM     ( 1793): DisplayBase::CommitThread: Received idle timeout, panel: cmd, timeout: 70000 us
04-18 20:28:30.250 W/l2c_ble ( 4384): system/stack/l2cap/l2c_ble.cc:111 l2cble_notify_le_connection: 
04-18 20:28:30.250 I/BtGatt.GattService( 4384): onWriteCharacteristic() - address=XX:XX:XX:XX:C7:14, status=0, length=1
04-18 20:28:30.251 W/l2c_ble ( 4384): system/stack/l2cap/l2c_ble.cc:111 l2cble_notify_le_connection: 
04-18 20:28:30.251 I/gatt_api( 4384): system/stack/gatt/gatt_api.cc:1159 GATTC_SendHandleValueConfirm: conn_id=0x01ad , cid=0x0004
04-18 20:28:30.251 I/gatt_api( 4384): system/stack/gatt/gatt_api.cc:1172 GATTC_SendHandleValueConfirm: Received confirmation, ind_count= 14, sending confirmation
04-18 20:28:30.251 I/gatt_api( 4384): system/stack/gatt/gatt_api.cc:1159 GATTC_SendHandleValueConfirm: conn_id=0x0191 , cid=0x0004
04-18 20:28:30.251 I/gatt_api( 4384): system/stack/gatt/gatt_api.cc:1168 GATTC_SendHandleValueConfirm: conn_id: 0x0191 ignored not waiting for indication ack
04-18 20:28:30.251 I/gatt_api( 4384): system/stack/gatt/gatt_api.cc:1159 GATTC_SendHandleValueConfirm: conn_id=0x0135 , cid=0x0004
04-18 20:28:30.251 I/gatt_api( 4384): system/stack/gatt/gatt_api.cc:1168 GATTC_SendHandleValueConfirm: conn_id: 0x0135 ignored not waiting for indication ack
04-18 20:28:30.251 I/gatt_api( 4384): system/stack/gatt/gatt_api.cc:1159 GATTC_SendHandleValueConfirm: conn_id=0x0190 , cid=0x0004
04-18 20:28:30.251 I/gatt_api( 4384): system/stack/gatt/gatt_api.cc:1168 GATTC_SendHandleValueConfirm: conn_id: 0x0190 ignored not waiting for indication ack
04-18 20:28:30.251 I/gatt_api( 4384): system/stack/gatt/gatt_api.cc:1159 GATTC_SendHandleValueConfirm: conn_id=0x0133 , cid=0x0004
04-18 20:28:30.251 I/gatt_api( 4384): system/stack/gatt/gatt_api.cc:1168 GATTC_SendHandleValueConfirm: conn_id: 0x0133 ignored not waiting for indication ack
04-18 20:28:30.251 I/gatt_api( 4384): system/stack/gatt/gatt_api.cc:1159 GATTC_SendHandleValueConfirm: conn_id=0x0130 , cid=0x0004
04-18 20:28:30.251 I/gatt_api( 4384): system/stack/gatt/gatt_api.cc:1168 GATTC_SendHandleValueConfirm: conn_id: 0x0130 ignored not waiting for indication ack
04-18 20:28:30.251 I/gatt_api( 4384): system/stack/gatt/gatt_api.cc:1159 GATTC_SendHandleValueConfirm: conn_id=0x012f , cid=0x0004
04-18 20:28:30.251 I/gatt_api( 4384): system/stack/gatt/gatt_api.cc:1168 GATTC_SendHandleValueConfirm: conn_id: 0x012f ignored not waiting for indication ack
04-18 20:28:30.251 I/gatt_api( 4384): system/stack/gatt/gatt_api.cc:1159 GATTC_SendHandleValueConfirm: conn_id=0x012e , cid=0x0004
04-18 20:28:30.251 W/bt_btif_gattc( 4384): system/btif/src/btif_gatt_client.cc:224 btif_gattc_upstreams_evt: Event BTA_GATTC_NOTIF_EVT [10]
04-18 20:28:30.251 I/gatt_api( 4384): system/stack/gatt/gatt_api.cc:1168 GATTC_SendHandleValueConfirm: conn_id: 0x012e ignored not waiting for indication ack
04-18 20:28:30.252 I/gatt_api( 4384): system/stack/gatt/gatt_api.cc:1159 GATTC_SendHandleValueConfirm: conn_id=0x012d , cid=0x0004
04-18 20:28:30.252 I/gatt_api( 4384): system/stack/gatt/gatt_api.cc:1168 GATTC_SendHandleValueConfirm: conn_id: 0x012d ignored not waiting for indication ack
04-18 20:28:30.252 I/gatt_api( 4384): system/stack/gatt/gatt_api.cc:1159 GATTC_SendHandleValueConfirm: conn_id=0x012c , cid=0x0004
04-18 20:28:30.252 I/gatt_api( 4384): system/stack/gatt/gatt_api.cc:1168 GATTC_SendHandleValueConfirm: conn_id: 0x012c ignored not waiting for indication ack
04-18 20:28:30.252 I/gatt_api( 4384): system/stack/gatt/gatt_api.cc:1159 GATTC_SendHandleValueConfirm: conn_id=0x0140 , cid=0x0004
04-18 20:28:30.252 I/gatt_api( 4384): system/stack/gatt/gatt_api.cc:1168 GATTC_SendHandleValueConfirm: conn_id: 0x0140 ignored not waiting for indication ack
04-18 20:28:30.252 I/gatt_api( 4384): system/stack/gatt/gatt_api.cc:1159 GATTC_SendHandleValueConfirm: conn_id=0x01ba , cid=0x0004
04-18 20:28:30.252 I/gatt_api( 4384): system/stack/gatt/gatt_api.cc:1168 GATTC_SendHandleValueConfirm: conn_id: 0x01ba ignored not waiting for indication ack
04-18 20:28:30.255 I/System.out(18752): Characteristic: writeCharacteristic result: SUCCESS
04-18 20:28:30.255 W/bt_bta_gattc( 4384): system/bta/gatt/bta_gattc_act.cc:1084 bta_gattc_write: write status:0
04-18 20:28:30.312 W/l2c_ble ( 4384): system/stack/l2cap/l2c_ble.cc:111 l2cble_notify_le_connection: 
04-18 20:28:30.312 I/BtGatt.GattService( 4384): onWriteCharacteristic() - address=XX:XX:XX:XX:C7:14, status=0, length=2
04-18 20:28:30.312 W/l2c_ble ( 4384): system/stack/l2cap/l2c_ble.cc:111 l2cble_notify_le_connection: 
04-18 20:28:30.312 I/gatt_api( 4384): system/stack/gatt/gatt_api.cc:1159 GATTC_SendHandleValueConfirm: conn_id=0x01ad , cid=0x0004
04-18 20:28:30.312 I/gatt_api( 4384): system/stack/gatt/gatt_api.cc:1172 GATTC_SendHandleValueConfirm: Received confirmation, ind_count= 14, sending confirmation
04-18 20:28:30.312 I/gatt_api( 4384): system/stack/gatt/gatt_api.cc:1159 GATTC_SendHandleValueConfirm: conn_id=0x0191 , cid=0x0004
04-18 20:28:30.312 I/gatt_api( 4384): system/stack/gatt/gatt_api.cc:1168 GATTC_SendHandleValueConfirm: conn_id: 0x0191 ignored not waiting for indication ack
04-18 20:28:30.312 I/gatt_api( 4384): system/stack/gatt/gatt_api.cc:1159 GATTC_SendHandleValueConfirm: conn_id=0x0135 , cid=0x0004
04-18 20:28:30.312 I/gatt_api( 4384): system/stack/gatt/gatt_api.cc:1168 GATTC_SendHandleValueConfirm: conn_id: 0x0135 ignored not waiting for indication ack
04-18 20:28:30.312 I/gatt_api( 4384): system/stack/gatt/gatt_api.cc:1159 GATTC_SendHandleValueConfirm: conn_id=0x0190 , cid=0x0004
