04-18 20:28:31.115 I/VRI[MainActivity]@df725f7(29875): mWNT: t=0xb4000076295a11d0 mBlastBufferQueue=0xb40000763997f010 fn= 35 HdrRenderState mRenderHdrSdrRatio=1.0 caller= android.view.SyncRtSurfaceTransactionApplier.applyTransaction:100 android.view.SyncRtSurfaceTransactionApplier.lambda$scheduleApply$0:73 android.view.SyncRtSurfaceTransactionApplier.$r8$lambda$afI4fXg3U3-nBZQEDQMiNy-B06s:0 
04-18 20:28:31.120 I/VRI[MainActivity]@df725f7(29875): mWNT: t=0xb4000076295ed210 mBlastBufferQueue=0xb40000763997f010 fn= 36 HdrRenderState mRenderHdrSdrRatio=1.0 caller= android.view.SyncRtSurfaceTransactionApplier.applyTransaction:100 android.view.SyncRtSurfaceTransactionApplier.lambda$scheduleApply$0:73 android.view.SyncRtSurfaceTransactionApplier.$r8$lambda$afI4fXg3U3-nBZQEDQMiNy-B06s:0 
04-18 20:28:31.122 W/RefactorFlag( 4008): New code path expects SceneContainerFlag to be enabled.
04-18 20:28:31.123 D/ExpandableNotifRow( 4008): mMaxSmallHeight different before reInflateViews mMaxSmallHeight: 203 mTempSmallHeight:0 0|com.dexcom.g7|36|null|10435
04-18 20:28:31.123 D/ExpandableNotifRow( 4008): mMaxSmallHeight different before reInflateViews mMaxSmallHeight: 203 mTempSmallHeight:0 0|com.dexcom.g7|36|null|10435
04-18 20:28:31.124 I/LockscreenNotificationIconsOnlyController( 4008): onNotificationInfoUpdated 0
04-18 20:28:31.124 I/AODNotificationManager( 4008): updateNotification() 
04-18 20:28:31.125 I/WindowManager( 2880): Reparenting to original parent: Surface(name=ActivityRecord{192758685 u0 com.averycorp.prismtask/.MainActivity t33317})/@0x7cb4677, destroy=true, surface=Surface(name=2701ada com.averycorp.prismtask/com.averycorp.prismtask.MainActivity)/@0x1f4ee8a
04-18 20:28:31.126 D/SurfaceComposerClient( 2880): setCornerRadius ## f852820 com.averycorp.prismtask/com.averycorp.prismtask.MainActivity#12555 cornerRadius=0.000000
04-18 20:28:31.126 I/HYPER-HAL( 1773): [RequestManager.cpp]releaseLocked(): Released ID : 26508342
04-18 20:28:31.127 W/Paint   ( 4008): The elegant text height cannot be turned off.
04-18 20:28:31.128 I/VRI[MainActivity]@df725f7(29875): mWNT: t=0xb40000762958dc10 mBlastBufferQueue=0xb40000763997f010 fn= 37 HdrRenderState mRenderHdrSdrRatio=1.0 caller= android.view.SyncRtSurfaceTransactionApplier.applyTransaction:100 android.view.SyncRtSurfaceTransactionApplier.lambda$scheduleApply$0:73 android.view.SyncRtSurfaceTransactionApplier.$r8$lambda$afI4fXg3U3-nBZQEDQMiNy-B06s:0 
04-18 20:28:31.128 D/LocalImageResolver( 4008): Couldn't use ImageDecoder for drawable, falling back to non-resized load.
04-18 20:28:31.130 I/AppIconSolution( 4008): return adaptive icon for com.dexcom.g7, isNight = true
04-18 20:28:31.131 E/HealthConnectService( 2880): IllegalArgumentException: 
04-18 20:28:31.131 E/HealthConnectService( 2880): java.lang.IllegalArgumentException: Invalid token
04-18 20:28:31.131 E/HealthConnectService( 2880): 	at com.android.server.healthconnect.proto.Kind$$ExternalSyntheticBUOutline0.m(go/retraceme da2168fe893261b2a0352a4251d1c9f63d09f5414192be8321a60b6eb998b00a:3)
04-18 20:28:31.131 E/HealthConnectService( 2880): 	at com.android.server.healthconnect.common.changelog.ChangeLogsRequestHelper.getRequest(go/retraceme da2168fe893261b2a0352a4251d1c9f63d09f5414192be8321a60b6eb998b00a:160)
04-18 20:28:31.131 E/HealthConnectService( 2880): 	at com.android.server.healthconnect.HealthConnectServiceImpl.lambda$getChangeLogs$11(go/retraceme da2168fe893261b2a0352a4251d1c9f63d09f5414192be8321a60b6eb998b00a:12)
04-18 20:28:31.131 E/HealthConnectService( 2880): 	at com.android.server.healthconnect.HealthConnectServiceImpl$$ExternalSyntheticLambda3.execute(go/retraceme da2168fe893261b2a0352a4251d1c9f63d09f5414192be8321a60b6eb998b00a:339)
04-18 20:28:31.131 E/HealthConnectService( 2880): 	at com.android.server.healthconnect.HealthConnectServiceImpl$$ExternalSyntheticLambda88.run(go/retraceme da2168fe893261b2a0352a4251d1c9f63d09f5414192be8321a60b6eb998b00a:11)
04-18 20:28:31.131 E/HealthConnectService( 2880): 	at com.android.server.healthconnect.HealthConnectThreadScheduler$$ExternalSyntheticLambda2.run(go/retraceme da2168fe893261b2a0352a4251d1c9f63d09f5414192be8321a60b6eb998b00a:43)
04-18 20:28:31.131 E/HealthConnectService( 2880): 	at com.android.server.healthconnect.HealthConnectThreadScheduler$$ExternalSyntheticLambda2.run(go/retraceme da2168fe893261b2a0352a4251d1c9f63d09f5414192be8321a60b6eb998b00a:10)
04-18 20:28:31.131 E/HealthConnectService( 2880): 	at java.util.concurrent.ThreadPoolExecutor.runWorker(ThreadPoolExecutor.java:1154)
04-18 20:28:31.131 E/HealthConnectService( 2880): 	at java.util.concurrent.ThreadPoolExecutor$Worker.run(ThreadPoolExecutor.java:652)
04-18 20:28:31.131 E/HealthConnectService( 2880): 	at java.lang.Thread.run(Thread.java:1564)
04-18 20:28:31.132 D/LocalImageResolver( 4008): Couldn't use ImageDecoder for drawable, falling back to non-resized load.
04-18 20:28:31.134 D/SurfaceComposerClient( 2880): setCornerRadius ## f852820 com.averycorp.prismtask/com.averycorp.prismtask.MainActivity#12555 cornerRadius=0.000000
04-18 20:28:31.134 W/RefactorFlag( 4008): New code path expects SceneContainerFlag to be enabled.
04-18 20:28:31.137 I/VRI[MainActivity]@df725f7(29875): mWNT: t=0xb40000762960c150 mBlastBufferQueue=0xb40000763997f010 fn= 38 HdrRenderState mRenderHdrSdrRatio=1.0 caller= android.view.SyncRtSurfaceTransactionApplier.applyTransaction:100 android.view.SyncRtSurfaceTransactionApplier.lambda$scheduleApply$0:73 android.view.SyncRtSurfaceTransactionApplier.$r8$lambda$afI4fXg3U3-nBZQEDQMiNy-B06s:0 
04-18 20:28:31.137 D/ExpandableNotifRow( 4008): mMaxSmallHeight different before reInflateViews mMaxSmallHeight: 203 mTempSmallHeight:0 0|com.dexcom.g7|36|null|10435
04-18 20:28:31.137 D/ExpandableNotifRow( 4008): mMaxSmallHeight different before reInflateViews mMaxSmallHeight: 203 mTempSmallHeight:0 0|com.dexcom.g7|36|null|10435
04-18 20:28:31.137 D/ExpandableNotifRow( 4008): mMaxSmallHeight different before reInflateViews mMaxSmallHeight: 203 mTempSmallHeight:0 0|com.dexcom.g7|36|null|10435
04-18 20:28:31.137 D/ExpandableNotifRow( 4008): mMaxSmallHeight different before reInflateViews mMaxSmallHeight: 203 mTempSmallHeight:0 0|com.dexcom.g7|36|null|10435
04-18 20:28:31.138 I/AppIconSolution( 4008): return adaptive icon for com.dexcom.g7, isNight = true
04-18 20:28:31.142 I/SurfaceFlinger( 1888): [Display 0 name="Built-in Screen"#49] setFrameRateCategory: Default
04-18 20:28:31.142 I/SurfaceFlinger( 1888): [LayerHierarchy{RequestedLayerState{Surface(name=2701ada com.averycorp.prismtask/com.averycorp.prismtask.MainActivity)/@0x1f4ee8a - animation-leash of window_animation#12855 z=1} 1 children}] reparent to OffscreenRoot
04-18 20:28:31.142 I/SurfaceFlinger( 1888): [LayerHierarchy{RequestedLayerState{Surface(name=2701ada com.averycorp.prismtask/com.averycorp.prismtask.MainActivity)/@0x1f4ee8a - animation-leash of window_animation#12855 z=1} 1 children}] RelativeParent to null
04-18 20:28:31.142 I/SurfaceFlinger( 1888): [LayerHierarchy{RequestedLayerState{2701ada com.averycorp.prismtask/com.averycorp.prismtask.MainActivity#12851 parentId=12547 z=1} 2 children}] reparent to LayerHierarchy{RequestedLayerState{ActivityRecord{192758685 u0 com.averycorp.prismtask/.MainActivity t33317}#12547 parentId=12546} 4 children}
04-18 20:28:31.142 I/SurfaceFlinger( 1888): id=12855 Removed Surface(name=2701ada com.averycorp.prismtask/com.averycorp.prismtask.MainActivity)/@0x1f4ee8a - animation-leash of window_animation#12855 (263)
04-18 20:28:31.142 I/DisplayDeviceRepository( 2880): Display device changed render timings: "Built-in Screen", renderFrameRate=120.00001, presentationDeadlineNanos=9333333, appVsyncOffsetNanos=8333333, frameRateOverrides=[]
04-18 20:28:31.143 D/SurfaceComposerClient( 2880): setCornerRadius ## f852820 com.averycorp.prismtask/com.averycorp.prismtask.MainActivity#12555 cornerRadius=0.000000
04-18 20:28:31.144 I/HBD     (10031): DeX h DeX mode state change in non-main thread 
04-18 20:28:31.144 I/HBD     (10031): DeX h DeX mode state change: 3 
04-18 20:28:31.144 I/SPenContext(10031): virtual void SPen::Context::SetDisplayRefreshRate(float) framerate=120
04-18 20:28:31.144 I/LatencyConfiguration(10031): void SPen::LatencyConfiguration::UpdateRefreshRate(float) RefreshRate=120.000008
04-18 20:28:31.144 I/LatencyConfiguration(10031): void SPen::LatencyConfiguration::UpdateRefreshRate(float) RefreshRateCallback 0xb4000076295c7f10
04-18 20:28:31.144 I/PredictorBase(10031): virtual void SPen::PredictorBase::SetRefreshRate(float) Refresh rate: 120.000
04-18 20:28:31.144 I/spe_log (10031): virtual void SPen::FbrDrawPad::SetRefreshRate(float) = 120.000
04-18 20:28:31.144 I/spe_log (10031): virtual void SPen::FbrDrawPad::SetRefreshRate(float) mFrameDurationNano=8333333, mDisplayRefreshDurationNano: 8333333
04-18 20:28:31.144 I/spe_log (10031): virtual void SPen::LowLatencyStrokeView::SetRefreshRate(float) refresh rate=120.000
04-18 20:28:31.144 D/StackScroller( 4008): onDisplayChanged for predraw skip to 2
04-18 20:28:31.144 D/WifiDisplayAdapter( 2880): isFitToActiveDisplayLocked : false
04-18 20:28:31.147 W/RefactorFlag( 4008): New code path expects SceneContainerFlag to be enabled.
04-18 20:28:31.148 D/ExpandableNotifRow( 4008): mMaxSmallHeight different before reInflateViews mMaxSmallHeight: 203 mTempSmallHeight:0 0|com.dexcom.g7|36|null|10435
04-18 20:28:31.148 D/ExpandableNotifRow( 4008): mMaxSmallHeight different before reInflateViews mMaxSmallHeight: 203 mTempSmallHeight:0 0|com.dexcom.g7|36|null|10435
04-18 20:28:31.149 I/VRI[MainActivity]@df725f7(29875): mWNT: t=0xb400007629618fd0 mBlastBufferQueue=0xb40000763997f010 fn= 39 HdrRenderState mRenderHdrSdrRatio=1.0 caller= android.view.SyncRtSurfaceTransactionApplier.applyTransaction:100 android.view.SyncRtSurfaceTransactionApplier.lambda$scheduleApply$0:73 android.view.SyncRtSurfaceTransactionApplier.$r8$lambda$afI4fXg3U3-nBZQEDQMiNy-B06s:0 
04-18 20:28:31.149 I/LockscreenNotificationIconsOnlyController( 4008): onNotificationInfoUpdated 0
04-18 20:28:31.149 I/AODNotificationManager( 4008): updateNotification() 
04-18 20:28:31.149 D/DisplayLifecycle( 4008): updateDisplay id = 0
04-18 20:28:31.149 D/PowerManagerService( 2880): displayReady: false groupId=0
04-18 20:28:31.149 D/DisplayPowerController[0]( 2880): animateScreenStateChange: target=ON, mIsEnabled=true
04-18 20:28:31.149 D/PowerManagerService( 2880): displayReady: true groupId=0
04-18 20:28:31.150 I/SurfaceFlinger( 1888): destroyed Surface(name=2701ada com.averycorp.prismtask/com.averycorp.prismtask.MainActivity)/@0x1f4ee8a - animation-leash of window_animation#12855 form LifecycleManager
04-18 20:28:31.150 I/SurfaceFlinger( 1888): id=12855 onLayerDestroyed from LayerHierarchyBuilder(RequestedLayerState{Surface(name=2701ada com.averycorp.prismtask/com.averycorp.prismtask.MainActivity)/@0x1f4ee8a - animation-leash of window_animation#12855 !handle z=1})
04-18 20:28:31.150 I/Layer   ( 1888): id=12855 Destroyed Surface(name=2701ada com.averycorp.prismtask/com.averycorp.prismtask.MainActivity)/@0x1f4ee8a - animation-leash of window_animation#12855
04-18 20:28:31.151 W/RefactorFlag( 4008): New code path expects SceneContainerFlag to be enabled.
04-18 20:28:31.152 I/vendor.qti.bluetooth@1.0-ibs_handler( 1758): ProcessIbsCmd: Received IBS_WAKE_IND: 0xFD
04-18 20:28:31.152 D/vendor.qti.bluetooth@1.0-ibs_handler( 1758): SerialClockVote: vote for UART CLK ON
04-18 20:28:31.152 D/vendor.qti.bluetooth@1.0-wake_lock( 1758): Acquire wakelock is acquired 
04-18 20:28:31.152 I/vendor.qti.bluetooth@1.0-ibs_handler( 1758): ProcessIbsCmd: Writing IBS_WAKE_ACK
04-18 20:28:31.153 W/ycorp.prismtask(29875): Cleared Reference was only reachable from finalizer (only reported once)
04-18 20:28:31.159 W/l2c_ble ( 4384): system/stack/l2cap/l2c_ble.cc:111 l2cble_notify_le_connection: 
04-18 20:28:31.159 I/gatt_api( 4384): system/stack/gatt/gatt_api.cc:1159 GATTC_SendHandleValueConfirm: conn_id=0x0091 , cid=0x0004
04-18 20:28:31.159 I/gatt_api( 4384): system/stack/gatt/gatt_api.cc:1172 GATTC_SendHandleValueConfirm: Received confirmation, ind_count= 14, sending confirmation
04-18 20:28:31.159 W/bt_btif_gattc( 4384): system/btif/src/btif_gatt_client.cc:224 btif_gattc_upstreams_evt: Event BTA_GATTC_NOTIF_EVT [10]
04-18 20:28:31.159 I/gatt_api( 4384): system/stack/gatt/gatt_api.cc:1159 GATTC_SendHandleValueConfirm: conn_id=0x0035 , cid=0x0004
04-18 20:28:31.159 I/gatt_api( 4384): system/stack/gatt/gatt_api.cc:1168 GATTC_SendHandleValueConfirm: conn_id: 0x0035 ignored not waiting for indication ack
04-18 20:28:31.159 I/gatt_api( 4384): system/stack/gatt/gatt_api.cc:1159 GATTC_SendHandleValueConfirm: conn_id=0x0090 , cid=0x0004
04-18 20:28:31.159 I/gatt_api( 4384): system/stack/gatt/gatt_api.cc:1168 GATTC_SendHandleValueConfirm: conn_id: 0x0090 ignored not waiting for indication ack
04-18 20:28:31.159 I/gatt_api( 4384): system/stack/gatt/gatt_api.cc:1159 GATTC_SendHandleValueConfirm: conn_id=0x0033 , cid=0x0004
04-18 20:28:31.159 I/gatt_api( 4384): system/stack/gatt/gatt_api.cc:1168 GATTC_SendHandleValueConfirm: conn_id: 0x0033 ignored not waiting for indication ack
04-18 20:28:31.159 I/gatt_api( 4384): system/stack/gatt/gatt_api.cc:1159 GATTC_SendHandleValueConfirm: conn_id=0x00ba , cid=0x0004
04-18 20:28:31.159 I/gatt_api( 4384): system/stack/gatt/gatt_api.cc:1168 GATTC_SendHandleValueConfirm: conn_id: 0x00ba ignored not waiting for indication ack
04-18 20:28:31.159 I/gatt_api( 4384): system/stack/gatt/gatt_api.cc:1159 GATTC_SendHandleValueConfirm: conn_id=0x0030 , cid=0x0004
04-18 20:28:31.159 I/gatt_api( 4384): system/stack/gatt/gatt_api.cc:1168 GATTC_SendHandleValueConfirm: conn_id: 0x0030 ignored not waiting for indication ack
04-18 20:28:31.159 I/gatt_api( 4384): system/stack/gatt/gatt_api.cc:1159 GATTC_SendHandleValueConfirm: conn_id=0x002f , cid=0x0004
04-18 20:28:31.159 I/gatt_api( 4384): system/stack/gatt/gatt_api.cc:1168 GATTC_SendHandleValueConfirm: conn_id: 0x002f ignored not waiting for indication ack
04-18 20:28:31.159 I/gatt_api( 4384): system/stack/gatt/gatt_api.cc:1159 GATTC_SendHandleValueConfirm: conn_id=0x002e , cid=0x0004
04-18 20:28:31.159 I/gatt_api( 4384): system/stack/gatt/gatt_api.cc:1168 GATTC_SendHandleValueConfirm: conn_id: 0x002e ignored not waiting for indication ack
04-18 20:28:31.159 I/gatt_api( 4384): system/stack/gatt/gatt_api.cc:1159 GATTC_SendHandleValueConfirm: conn_id=0x002d , cid=0x0004
04-18 20:28:31.159 I/gatt_api( 4384): system/stack/gatt/gatt_api.cc:1168 GATTC_SendHandleValueConfirm: conn_id: 0x002d ignored not waiting for indication ack
04-18 20:28:31.159 I/gatt_api( 4384): system/stack/gatt/gatt_api.cc:1159 GATTC_SendHandleValueConfirm: conn_id=0x002c , cid=0x0004
04-18 20:28:31.159 I/gatt_api( 4384): system/stack/gatt/gatt_api.cc:1168 GATTC_SendHandleValueConfirm: conn_id: 0x002c ignored not waiting for indication ack
04-18 20:28:31.159 I/gatt_api( 4384): system/stack/gatt/gatt_api.cc:1159 GATTC_SendHandleValueConfirm: conn_id=0x0040 , cid=0x0004
04-18 20:28:31.159 I/gatt_api( 4384): system/stack/gatt/gatt_api.cc:1168 GATTC_SendHandleValueConfirm: conn_id: 0x0040 ignored not waiting for indication ack
04-18 20:28:31.159 I/gatt_api( 4384): system/stack/gatt/gatt_api.cc:1159 GATTC_SendHandleValueConfirm: conn_id=0x00ad , cid=0x0004
04-18 20:28:31.159 I/gatt_api( 4384): system/stack/gatt/gatt_api.cc:1168 GATTC_SendHandleValueConfirm: conn_id: 0x00ad ignored not waiting for indication ack
04-18 20:28:31.159 I/vendor.qti.bluetooth@1.0-ibs_handler( 1758): DeviceWakeUp: Writing IBS_WAKE_IND
04-18 20:28:31.163 I/vendor.qti.bluetooth@1.0-ibs_handler( 1758): ProcessIbsCmd: Received IBS_WAKE_ACK: 0xFC
04-18 20:28:31.163 I/vendor.qti.bluetooth@1.0-ibs_handler( 1758): ProcessIbsCmd: Signal wack_cond_
04-18 20:28:31.163 D/vendor.qti.bluetooth@1.0-ibs_handler( 1758): DeviceWakeUp: Unblocked from waiting for FC, pthread_cond_timedwait ret = 0
04-18 20:28:31.165 I/Telecom ( 2880): SamsungTelecomServiceImpl : isInManagedCall - callingPackage : android / callingUser : UserHandle{0} / hasCrossUserAccess : true
04-18 20:28:31.165 I/VRI[MainActivity]@df725f7(29875): mWNT: t=0xb4000076295b1150 mBlastBufferQueue=0xb40000763997f010 fn= 40 HdrRenderState mRenderHdrSdrRatio=1.0 caller= android.view.SyncRtSurfaceTransactionApplier.applyTransaction:100 android.view.SyncRtSurfaceTransactionApplier.lambda$scheduleApply$0:73 android.view.SyncRtSurfaceTransactionApplier.$r8$lambda$afI4fXg3U3-nBZQEDQMiNy-B06s:0 
04-18 20:28:31.165 D/RingtoneManager( 2880): getActualDefaultRingtoneUri  type    :2
04-18 20:28:31.165 I/RingtoneManager( 2880): Ringtone value : content://0@media/internal/audio/media/68?title=Voyager&canonical=1
04-18 20:28:31.166 W/Utils   ( 2880): The vibration Uri is null.
04-18 20:28:31.171 D/Bubbles ( 4008): onEntryUpdated : shouldBubbleUp=false ,key=0|com.dexcom.g7|36|null|10435
04-18 20:28:31.171 D/InterruptionStateProvider( 4008):  no Heads up : edgelighting enabled app. 0|com.dexcom.g7|36|null|10435
04-18 20:28:31.172 D/InterruptionStateProvider( 4008):  no Heads up : edgelighting enabled app. 0|com.dexcom.g7|0|0|com.dexcom.g7|g:Aggregate_NormalNotificationSection|10435|0|com.dexcom.g7|g:Aggregate_NormalNotificationSection
04-18 20:28:31.172 D/InterruptionStateProvider( 4008):  no Heads up : edgelighting enabled app. 0|com.dexcom.g7|1|null|10435
04-18 20:28:31.172 D/InterruptionStateProvider( 4008):  no Heads up : edgelighting enabled app. 0|com.dexcom.g7|36|null|10435
04-18 20:28:31.172 I/NotificationListener( 9088): [Service]v6.1.9-eap02 Received new notification
04-18 20:28:31.172 I/NotificationPipeline( 9088): Processing new notification: 0|com.dexcom.g7|36|null|10435
04-18 20:28:31.173 W/BridgeModeModel( 9088): Not started, default to bridging
04-18 20:28:31.173 E/Notification4WatchManager_NB( 9088): WatchFactory.getWatch-lastConnectedNodeId is null
04-18 20:28:31.173 I/HoneySpace.NotificationListener( 4684): onNotificationPosted com.dexcom.g7: 0|com.dexcom.g7|36|null|10435: 0
04-18 20:28:31.173 I/HoneySpace.NotificationListener( 4684): invalid notification: com.dexcom.g7 UserHandle{0}: isGroup=false, isMissing=true
04-18 20:28:31.173 W/Notification4WatchManager_NB( 9088): NotificationBridgeCallback.onNotificationPosted-never connected before
04-18 20:28:31.173 I/NotificationPipeline( 9088): Discarding notification: 0|com.dexcom.g7|36|null|10435
04-18 20:28:31.173 W/MediaSessionRecord( 2880): Ignoring call to destroyed session
04-18 20:28:31.174 I/NotificationManager(10856): com.insulet.myblue.pdm: notify(1101, null, Notification(channel=StatusChannel shortcut=null contentView=null vibrate=null sound=null defaults=0 flags=ONGOING_EVENT color=0xff946db2 vis=PRIVATE semFlags=0x0 semPriority=0 semMissedCount=0)) as user
04-18 20:28:31.175 I/VRI[MainActivity]@df725f7(29875): mWNT: t=0xb4000076295ce810 mBlastBufferQueue=0xb40000763997f010 fn= 41 HdrRenderState mRenderHdrSdrRatio=1.0 caller= android.view.SyncRtSurfaceTransactionApplier.applyTransaction:100 android.view.SyncRtSurfaceTransactionApplier.lambda$scheduleApply$0:73 android.view.SyncRtSurfaceTransactionApplier.$r8$lambda$afI4fXg3U3-nBZQEDQMiNy-B06s:0 
04-18 20:28:31.176 I/ScanController( 4384): onScanResult to scannerId: 2- eventType=0x1b, addressType=0, address=XX:XX:XX:XX:B7:E9, primaryPhy=1, secondaryPhy=0, advertisingSid=0xff, txPower=127, rssi=-46, periodicAdvInt=0x0
04-18 20:28:31.180 I/SS_POWER_HINT_SESSION( 1778): SS_ADPF 29875-10883-a350 PowerHintSession createHintSession : , 30077, 30078, 29875, 30040 : 16666667
04-18 20:28:31.180 W/RefactorFlag( 4008): New code path expects SceneContainerFlag to be enabled.
04-18 20:28:31.180 I/HYPER-HAL( 1773): [RequestManager.cpp]acquire(): Acquired ID : 26530191  [1778 / 5505]    HINT :      list : [TID_LOW_LATENCY / 1] [TID / 30077] [TID / 30078] [TID / 29875] [TID / 30040] 
04-18 20:28:31.180 I/VRI[MainActivity]@df725f7(29875): mWNT: t=0xb4000076295fe850 mBlastBufferQueue=0xb40000763997f010 fn= 42 HdrRenderState mRenderHdrSdrRatio=1.0 caller= android.view.SyncRtSurfaceTransactionApplier.applyTransaction:100 android.view.SyncRtSurfaceTransactionApplier.lambda$scheduleApply$0:73 android.view.SyncRtSurfaceTransactionApplier.$r8$lambda$afI4fXg3U3-nBZQEDQMiNy-B06s:0 
04-18 20:28:31.181 I/SS_POWER_HINT_SESSION( 1778): SS_ADPF 29875-10883-a350 destroy
04-18 20:28:31.181 I/HYPER-HAL( 1773): [RequestManager.cpp]acquire(): Acquired ID : 26530191  [1778 / 5505]    HINT :      list : [TID_LOW_LATENCY / 0] [TID / 30077] [TID / 30078] [TID / 29875] [TID / 30040] 
04-18 20:28:31.181 I/HYPER-HAL( 1773): [RequestManager.cpp]releaseLocked(): Released ID : 26530191
04-18 20:28:31.181 I/HYPER-HAL( 1773): [RequestManager.cpp]acquire(): Acquired ID : 26537476  [1778 / 5506]    HINT :      list : [UCLAMP_MIN_BOOST / 0] [TIMEOUT / 0] [TID / 30077] [TID / 30078] [TID / 29875] [TID / 30040] 
04-18 20:28:31.181 D/ExpandableNotifRow( 4008): mMaxSmallHeight different before reInflateViews mMaxSmallHeight: 203 mTempSmallHeight:0 0|com.dexcom.g7|36|null|10435
04-18 20:28:31.181 D/ExpandableNotifRow( 4008): mMaxSmallHeight different before reInflateViews mMaxSmallHeight: 203 mTempSmallHeight:0 0|com.dexcom.g7|36|null|10435
04-18 20:28:31.181 I/HYPER-HAL( 1773): [RequestManager.cpp]releaseLocked(): Released ID : 26537476
04-18 20:28:31.182 D/InputTransport(29875): Input channel destroyed: 'ClientS', fd=192
04-18 20:28:31.182 I/LockscreenNotificationIconsOnlyController( 4008): onNotificationInfoUpdated 0
04-18 20:28:31.182 I/AODNotificationManager( 4008): updateNotification() 
04-18 20:28:31.182 W/keymint_tee( 1178): [WRN]begin req PARAMS: A32, BM32, PD1, 
04-18 20:28:31.184 W/Paint   ( 4008): The elegant text height cannot be turned off.
04-18 20:28:31.185 D/keymint_swd( 1178): keymint_swd keymint [WRN] (km_add_tag:528) skip: non repetable tag already exists with different value: 268435458
04-18 20:28:31.185 D/keymint_swd( 1178): keymint_swd keymint [WRN] (swd_run_cb:267) swd_begin() returns 0
04-18 20:28:31.185 D/android.hardware.security.keymint-service( 1178): begin: ret 0
04-18 20:28:31.185 I/ScanController( 4384): onScanResult to scannerId: 7- eventType=0x0, addressType=1, address=XX:XX:XX:XX:55:E6, primaryPhy=1, secondaryPhy=1, advertisingSid=0x2, txPower=127, rssi=-49, periodicAdvInt=0x0
04-18 20:28:31.185 I/keystore2( 1174): system/security/keystore2/src/security_level.rs:466 - In create_operation. Success to create IKeystoreOperation. 10531, None
04-18 20:28:31.186 D/LocalImageResolver( 4008): Couldn't use ImageDecoder for drawable, falling back to non-resized load.
04-18 20:28:31.186 I/VRI[MainActivity]@df725f7(29875): mWNT: t=0xb40000762961b2d0 mBlastBufferQueue=0xb40000763997f010 fn= 43 HdrRenderState mRenderHdrSdrRatio=1.0 caller= android.view.SyncRtSurfaceTransactionApplier.applyTransaction:100 android.view.SyncRtSurfaceTransactionApplier.lambda$scheduleApply$0:73 android.view.SyncRtSurfaceTransactionApplier.$r8$lambda$afI4fXg3U3-nBZQEDQMiNy-B06s:0 
04-18 20:28:31.186 D/keymint_swd( 1178): keymint_swd keymint [WRN] (swd_run_cb:267) swd_update() returns 0
04-18 20:28:31.186 D/android.hardware.security.keymint-service( 1178): update: ret 0
04-18 20:28:31.186 D/keymint_swd( 1178): keymint_swd keymint [WRN] (swd_run_cb:267) swd_finish() returns 0
04-18 20:28:31.186 D/android.hardware.security.keymint-service( 1178): finish: ret 0
04-18 20:28:31.188 I/AppIconSolution( 4008): return adaptive icon for com.dexcom.g7, isNight = true
04-18 20:28:31.188 W/bt_bta_gattc( 4384): system/bta/gatt/bta_gattc_act.cc:1084 bta_gattc_write: write status:0
04-18 20:28:31.188 I/BtGatt.GattService( 4384): onWriteCharacteristic() - address=XX:XX:XX:XX:C4:B2, status=0, length=60
04-18 20:28:31.189 D/LocalImageResolver( 4008): Couldn't use ImageDecoder for drawable, falling back to non-resized load.
04-18 20:28:31.192 W/RefactorFlag( 4008): New code path expects SceneContainerFlag to be enabled.
04-18 20:28:31.194 I/VRI[MainActivity]@df725f7(29875): mWNT: t=0xb4000076295e0550 mBlastBufferQueue=0xb40000763997f010 fn= 44 HdrRenderState mRenderHdrSdrRatio=1.0 caller= android.view.SyncRtSurfaceTransactionApplier.applyTransaction:100 android.view.SyncRtSurfaceTransactionApplier.lambda$scheduleApply$0:73 android.view.SyncRtSurfaceTransactionApplier.$r8$lambda$afI4fXg3U3-nBZQEDQMiNy-B06s:0 
04-18 20:28:31.195 D/ExpandableNotifRow( 4008): mMaxSmallHeight different before reInflateViews mMaxSmallHeight: 203 mTempSmallHeight:0 0|com.dexcom.g7|36|null|10435
04-18 20:28:31.195 D/ExpandableNotifRow( 4008): mMaxSmallHeight different before reInflateViews mMaxSmallHeight: 203 mTempSmallHeight:0 0|com.dexcom.g7|36|null|10435
04-18 20:28:31.195 D/ExpandableNotifRow( 4008): mMaxSmallHeight different before reInflateViews mMaxSmallHeight: 203 mTempSmallHeight:0 0|com.dexcom.g7|36|null|10435
04-18 20:28:31.195 D/ExpandableNotifRow( 4008): mMaxSmallHeight different before reInflateViews mMaxSmallHeight: 203 mTempSmallHeight:0 0|com.dexcom.g7|36|null|10435
04-18 20:28:31.196 I/AppIconSolution( 4008): return adaptive icon for com.dexcom.g7, isNight = true
04-18 20:28:31.198 I/HoneySpace.EdgePanel.KeyboardVisibleObserver( 4684): updateSipStatus: 1 0 1008 0
04-18 20:28:31.203 I/VRI[MainActivity]@df725f7(29875): mWNT: t=0xb4000076295bd8d0 mBlastBufferQueue=0xb40000763997f010 fn= 45 HdrRenderState mRenderHdrSdrRatio=1.0 caller= android.view.SyncRtSurfaceTransactionApplier.applyTransaction:100 android.view.SyncRtSurfaceTransactionApplier.lambda$scheduleApply$0:73 android.view.SyncRtSurfaceTransactionApplier.$r8$lambda$afI4fXg3U3-nBZQEDQMiNy-B06s:0 
04-18 20:28:31.205 W/RefactorFlag( 4008): New code path expects SceneContainerFlag to be enabled.
04-18 20:28:31.206 D/ExpandableNotifRow( 4008): mMaxSmallHeight different before reInflateViews mMaxSmallHeight: 203 mTempSmallHeight:0 0|com.dexcom.g7|36|null|10435
04-18 20:28:31.206 D/ExpandableNotifRow( 4008): mMaxSmallHeight different before reInflateViews mMaxSmallHeight: 203 mTempSmallHeight:0 0|com.dexcom.g7|36|null|10435
04-18 20:28:31.207 I/LockscreenNotificationIconsOnlyController( 4008): onNotificationInfoUpdated 0
04-18 20:28:31.207 I/AODNotificationManager( 4008): updateNotification() 
04-18 20:28:31.209 W/RefactorFlag( 4008): New code path expects SceneContainerFlag to be enabled.
04-18 20:28:31.212 I/VRI[MainActivity]@df725f7(29875): mWNT: t=0xb4000076295cb8d0 mBlastBufferQueue=0xb40000763997f010 fn= 46 HdrRenderState mRenderHdrSdrRatio=1.0 caller= android.view.SyncRtSurfaceTransactionApplier.applyTransaction:100 android.view.SyncRtSurfaceTransactionApplier.lambda$scheduleApply$0:73 android.view.SyncRtSurfaceTransactionApplier.$r8$lambda$afI4fXg3U3-nBZQEDQMiNy-B06s:0 
04-18 20:28:31.220 I/VRI[MainActivity]@df725f7(29875): mWNT: t=0xb400007629610050 mBlastBufferQueue=0xb40000763997f010 fn= 47 HdrRenderState mRenderHdrSdrRatio=1.0 caller= android.view.SyncRtSurfaceTransactionApplier.applyTransaction:100 android.view.SyncRtSurfaceTransactionApplier.lambda$scheduleApply$0:73 android.view.SyncRtSurfaceTransactionApplier.$r8$lambda$afI4fXg3U3-nBZQEDQMiNy-B06s:0 
04-18 20:28:31.224 I/vendor.qti.bluetooth@1.0-ibs_handler( 1758): ProcessIbsCmd: Received IBS_SLEEP_IND: 0xFE
04-18 20:28:31.231 I/VRI[MainActivity]@df725f7(29875): mWNT: t=0xb4000076296253d0 mBlastBufferQueue=0xb40000763997f010 fn= 48 HdrRenderState mRenderHdrSdrRatio=1.0 caller= android.view.SyncRtSurfaceTransactionApplier.applyTransaction:100 android.view.SyncRtSurfaceTransactionApplier.lambda$scheduleApply$0:73 android.view.SyncRtSurfaceTransactionApplier.$r8$lambda$afI4fXg3U3-nBZQEDQMiNy-B06s:0 
04-18 20:28:31.243 I/VRI[MainActivity]@df725f7(29875): mWNT: t=0xb4000076296206d0 mBlastBufferQueue=0xb40000763997f010 fn= 49 HdrRenderState mRenderHdrSdrRatio=1.0 caller= android.view.SyncRtSurfaceTransactionApplier.applyTransaction:100 android.view.SyncRtSurfaceTransactionApplier.lambda$scheduleApply$0:73 android.view.SyncRtSurfaceTransactionApplier.$r8$lambda$afI4fXg3U3-nBZQEDQMiNy-B06s:0 
04-18 20:28:31.251 I/VRI[MainActivity]@df725f7(29875): mWNT: t=0xb400007629589ed0 mBlastBufferQueue=0xb40000763997f010 fn= 50 HdrRenderState mRenderHdrSdrRatio=1.0 caller= android.view.SyncRtSurfaceTransactionApplier.applyTransaction:100 android.view.SyncRtSurfaceTransactionApplier.lambda$scheduleApply$0:73 android.view.SyncRtSurfaceTransactionApplier.$r8$lambda$afI4fXg3U3-nBZQEDQMiNy-B06s:0 
04-18 20:28:31.255 I/vendor.qti.bluetooth@1.0-ibs_handler( 1758): ProcessIbsCmd: Received IBS_WAKE_IND: 0xFD
04-18 20:28:31.255 I/vendor.qti.bluetooth@1.0-ibs_handler( 1758): ProcessIbsCmd: Writing IBS_WAKE_ACK
04-18 20:28:31.257 W/bluetooth( 4384): system/gd/hci/acl_manager/le_impl.h:733 on_le_connection_update_complete: on_le_connection_update_complete()
04-18 20:28:31.257 W/l2c_ble_conn_params( 4384): system/stack/l2cap/l2c_ble_conn_params.cc:232 l2cble_start_conn_update: conn_update_mask 0x08
04-18 20:28:31.257 I/bluetooth( 4384): system/bta/le_audio/client.cc:7608 le_audio_gattc_callback: event = 26
04-18 20:28:31.257 I/bluetooth( 4384): system/bta/vc/vc.cc:1703 gattc_callback: event = 26
04-18 20:28:31.257 W/ble_bta_hh( 4384): system/bta/hh/bta_hh_le.cc:2309 bta_hh_gattc_callback: event:BTA_GATTC_CONN_UPDATE_EVT
04-18 20:28:31.257 E/bluetooth-asha( 4384): system/bta/hearing_aid/hearing_aid.cc:602 OnConnectionUpdateComplete: unknown device: conn_id=0x12f
04-18 20:28:31.257 W/bluetooth( 4384): system/bta/csis/csis_client.cc:2013 GattcCallback: event = 0x1a
04-18 20:28:31.257 W/bt_bta_dm( 4384): system/bta/dm/bta_dm_disc.cc:769 bta_dm_gattc_callback: bta_dm_gattc_callback event = 26
04-18 20:28:31.257 W/bt_btif_gattc( 4384): system/btif/src/btif_gatt_client.cc:224 btif_gattc_upstreams_evt: Event BTA_GATTC_CONN_UPDATE_EVT [26]
04-18 20:28:31.257 W/bt_btif_gattc( 4384): system/btif/src/btif_gatt_client.cc:224 btif_gattc_upstreams_evt: Event BTA_GATTC_CONN_UPDATE_EVT [26]
04-18 20:28:31.257 W/bt_btif_gattc( 4384): system/btif/src/btif_gatt_client.cc:224 btif_gattc_upstreams_evt: Event BTA_GATTC_CONN_UPDATE_EVT [26]
04-18 20:28:31.257 W/bt_btif_gattc( 4384): system/btif/src/btif_gatt_client.cc:224 btif_gattc_upstreams_evt: Event BTA_GATTC_CONN_UPDATE_EVT [26]
04-18 20:28:31.257 D/BluetoothGatt(18752): onConnectionUpdated() - Device=XX:XX:XX:XX:C7:14 interval=1596 latency=0 timeout=600 status=0
04-18 20:28:31.257 W/bt_btif_gattc( 4384): system/btif/src/btif_gatt_client.cc:224 btif_gattc_upstreams_evt: Event BTA_GATTC_CONN_UPDATE_EVT [26]
04-18 20:28:31.259 I/VRI[MainActivity]@df725f7(29875): mWNT: t=0xb40000762961b810 mBlastBufferQueue=0xb40000763997f010 fn= 51 HdrRenderState mRenderHdrSdrRatio=1.0 caller= android.view.SyncRtSurfaceTransactionApplier.applyTransaction:100 android.view.SyncRtSurfaceTransactionApplier.lambda$scheduleApply$0:73 android.view.SyncRtSurfaceTransactionApplier.$r8$lambda$afI4fXg3U3-nBZQEDQMiNy-B06s:0 
04-18 20:28:31.264 I/VRI[MainActivity]@df725f7(29875): mWNT: t=0xb40000762961d250 mBlastBufferQueue=0xb40000763997f010 fn= 52 HdrRenderState mRenderHdrSdrRatio=1.0 caller= android.view.SyncRtSurfaceTransactionApplier.applyTransaction:100 android.view.SyncRtSurfaceTransactionApplier.lambda$scheduleApply$0:73 android.view.SyncRtSurfaceTransactionApplier.$r8$lambda$afI4fXg3U3-nBZQEDQMiNy-B06s:0 
04-18 20:28:31.269 I/VRI[MainActivity]@df725f7(29875): mWNT: t=0xb400007629602050 mBlastBufferQueue=0xb40000763997f010 fn= 53 HdrRenderState mRenderHdrSdrRatio=1.0 caller= android.view.SyncRtSurfaceTransactionApplier.applyTransaction:100 android.view.SyncRtSurfaceTransactionApplier.lambda$scheduleApply$0:73 android.view.SyncRtSurfaceTransactionApplier.$r8$lambda$afI4fXg3U3-nBZQEDQMiNy-B06s:0 
04-18 20:28:31.273 I/HYPER-HAL( 1773): [RequestManager.cpp]releaseLocked(): Released ID : 26522907
04-18 20:28:31.275 I/HYPER-HAL( 1773): [RequestManager.cpp]releaseLocked(): Released ID : 50325529
04-18 20:28:31.275 I/VRI[MainActivity]@df725f7(29875): mWNT: t=0xb4000076295fb750 mBlastBufferQueue=0xb40000763997f010 fn= 54 HdrRenderState mRenderHdrSdrRatio=1.0 caller= android.view.SyncRtSurfaceTransactionApplier.applyTransaction:100 android.view.SyncRtSurfaceTransactionApplier.lambda$scheduleApply$0:73 android.view.SyncRtSurfaceTransactionApplier.$r8$lambda$afI4fXg3U3-nBZQEDQMiNy-B06s:0 
04-18 20:28:31.277 I/ScanController( 4384): onScanResult to scannerId: 2- eventType=0x1b, addressType=0, address=XX:XX:XX:XX:B7:E9, primaryPhy=1, secondaryPhy=0, advertisingSid=0xff, txPower=127, rssi=-45, periodicAdvInt=0x0
04-18 20:28:31.291 I/HBD     (10031): [DirectWriting] AnimationController handleEvent() EditorRectChanged 
04-18 20:28:31.292 I/HBD     (10031): [DirectWriting] ToolbarController handleEvent() EditorRectChanged 
04-18 20:28:31.292 I/VRI[MainActivity]@df725f7(29875): mWNT: t=0xb40000762960e0d0 mBlastBufferQueue=0xb40000763997f010 fn= 55 HdrRenderState mRenderHdrSdrRatio=1.0 caller= android.view.SyncRtSurfaceTransactionApplier.applyTransaction:100 android.view.SyncRtSurfaceTransactionApplier.lambda$scheduleApply$0:73 android.view.SyncRtSurfaceTransactionApplier.$r8$lambda$afI4fXg3U3-nBZQEDQMiNy-B06s:0 
04-18 20:28:31.293 I/VRI[MainActivity]@df725f7(29875): mWNT: t=0xb4000076295c02d0 mBlastBufferQueue=0xb40000763997f010 fn= 56 HdrRenderState mRenderHdrSdrRatio=1.0 caller= android.view.SyncRtSurfaceTransactionApplier.applyTransaction:100 android.view.SyncRtSurfaceTransactionApplier.lambda$scheduleApply$0:73 android.view.SyncRtSurfaceTransactionApplier.$r8$lambda$afI4fXg3U3-nBZQEDQMiNy-B06s:0 
04-18 20:28:31.295 I/Telecom ( 2880): SamsungTelecomServiceImpl : isInManagedCall - callingPackage : android / callingUser : UserHandle{0} / hasCrossUserAccess : true
04-18 20:28:31.296 D/RingtoneManager( 2880): getActualDefaultRingtoneUri  type    :2
04-18 20:28:31.296 I/RingtoneManager( 2880): Ringtone value : content://0@media/internal/audio/media/68?title=Voyager&canonical=1
04-18 20:28:31.296 W/Utils   ( 2880): The vibration Uri is null.
04-18 20:28:31.300 I/InsetsController(29875): cancelAnimation: types=ime, animType=0, host=com.averycorp.prismtask/com.averycorp.prismtask.MainActivity, from=android.view.InsetsController.notifyFinished:2006 android.view.InsetsAnimationControlImpl.applyChangeInsets:335 android.view.InsetsController.lambda$new$3:957 
04-18 20:28:31.300 I/ImeTracker(29875): system_server:433463b2: onShown
04-18 20:28:31.304 I/HBD     (10031): [DirectWriting] AnimationController handleEvent() EditorRectChanged 
04-18 20:28:31.304 I/HBD     (10031): [DirectWriting] ToolbarController handleEvent() EditorRectChanged 
04-18 20:28:31.304 I/VRI[MainActivity]@df725f7(29875): mWNT: t=0xb4000076295fe690 mBlastBufferQueue=0xb40000763997f010 fn= 57 HdrRenderState mRenderHdrSdrRatio=1.0 caller= android.view.SyncRtSurfaceTransactionApplier.applyTransaction:100 android.view.SyncRtSurfaceTransactionApplier.lambda$scheduleApply$0:73 android.view.SyncRtSurfaceTransactionApplier.$r8$lambda$afI4fXg3U3-nBZQEDQMiNy-B06s:0 
04-18 20:28:31.305 D/InterruptionStateProvider( 4008):  no Heads up : edgelighting enabled app. 0|com.dexcom.g7|0|0|com.dexcom.g7|g:Aggregate_NormalNotificationSection|10435|0|com.dexcom.g7|g:Aggregate_NormalNotificationSection
04-18 20:28:31.305 D/InterruptionStateProvider( 4008):  no Heads up : edgelighting enabled app. 0|com.dexcom.g7|1|null|10435
04-18 20:28:31.305 D/InterruptionStateProvider( 4008):  no Heads up : edgelighting enabled app. 0|com.dexcom.g7|36|null|10435
04-18 20:28:31.306 I/HoneySpace.NotificationListener( 4684): onNotificationPosted com.dexcom.g7: 0|com.dexcom.g7|0|0|com.dexcom.g7|g:Aggregate_NormalNotificationSection|10435|0|com.dexcom.g7|g:Aggregate_NormalNotificationSection: 0
04-18 20:28:31.306 I/HoneySpace.NotificationListener( 4684): invalid notification: com.dexcom.g7 UserHandle{0}: isGroup=true, isMissing=true
04-18 20:28:31.307 I/NotificationListener( 9088): [Service]v6.1.9-eap02 Received new notification
04-18 20:28:31.307 I/NotificationPipeline( 9088): Processing new notification: 0|com.dexcom.g7|0|0|com.dexcom.g7|g:Aggregate_NormalNotificationSection|10435|0|com.dexcom.g7|g:Aggregate_NormalNotificationSection
04-18 20:28:31.307 W/BridgeModeModel( 9088): Not started, default to bridging
04-18 20:28:31.307 E/Notification4WatchManager_NB( 9088): WatchFactory.getWatch-lastConnectedNodeId is null
04-18 20:28:31.307 W/Notification4WatchManager_NB( 9088): NotificationBridgeCallback.onNotificationPosted-never connected before
04-18 20:28:31.307 I/NotificationPipeline( 9088): Discarding notification: 0|com.dexcom.g7|0|0|com.dexcom.g7|g:Aggregate_NormalNotificationSection|10435|0|com.dexcom.g7|g:Aggregate_NormalNotificationSection
04-18 20:28:31.313 I/LockscreenNotificationIconsOnlyController( 4008): onNotificationInfoUpdated 0
04-18 20:28:31.313 I/AODNotificationManager( 4008): updateNotification() 
04-18 20:28:31.316 I/ScanController( 4384): onScanResult to scannerId: 7- eventType=0x10, addressType=1, address=XX:XX:XX:XX:4F:FD, primaryPhy=1, secondaryPhy=0, advertisingSid=0xff, txPower=127, rssi=-55, periodicAdvInt=0x0
04-18 20:28:31.318 I/HBD     (10031): [DirectWriting] AnimationController handleEvent() EditorRectChanged 
04-18 20:28:31.318 I/HBD     (10031): [DirectWriting] ToolbarController handleEvent() EditorRectChanged 
04-18 20:28:31.326 I/HBD     (10031): [DirectWriting] AnimationController handleEvent() EditorRectChanged 
04-18 20:28:31.326 I/HBD     (10031): [DirectWriting] ToolbarController handleEvent() EditorRectChanged 
04-18 20:28:31.335 I/HBD     (10031): [DirectWriting] AnimationController handleEvent() EditorRectChanged 
04-18 20:28:31.335 I/HBD     (10031): [DirectWriting] ToolbarController handleEvent() EditorRectChanged 
04-18 20:28:31.342 I/HBD     (10031): [DirectWriting] AnimationController handleEvent() EditorRectChanged 
04-18 20:28:31.342 I/HBD     (10031): [DirectWriting] ToolbarController handleEvent() EditorRectChanged 
04-18 20:28:31.349 D/PowerManagerService( 2880): displayReady: false groupId=0
04-18 20:28:31.349 D/DisplayPowerController[0]( 2880): animateScreenStateChange: target=ON, mIsEnabled=true
04-18 20:28:31.349 D/PowerManagerService( 2880): displayReady: true groupId=0
04-18 20:28:31.351 I/HBD     (10031): [DirectWriting] AnimationController handleEvent() EditorRectChanged 
04-18 20:28:31.351 I/HBD     (10031): [DirectWriting] ToolbarController handleEvent() EditorRectChanged 
04-18 20:28:31.356 I/vendor.qti.bluetooth@1.0-ibs_handler( 1758): ProcessIbsCmd: Received IBS_SLEEP_IND: 0xFE
04-18 20:28:31.360 I/HBD     (10031): [DirectWriting] AnimationController handleEvent() EditorRectChanged 
04-18 20:28:31.360 I/HBD     (10031): [DirectWriting] ToolbarController handleEvent() EditorRectChanged 
04-18 20:28:31.368 I/HBD     (10031): [DirectWriting] AnimationController handleEvent() EditorRectChanged 
04-18 20:28:31.368 I/HBD     (10031): [DirectWriting] ToolbarController handleEvent() EditorRectChanged 
04-18 20:28:31.376 I/HBD     (10031): [DirectWriting] AnimationController handleEvent() EditorRectChanged 
04-18 20:28:31.376 I/Telecom ( 2880): SamsungTelecomServiceImpl : isInManagedCall - callingPackage : android / callingUser : UserHandle{0} / hasCrossUserAccess : true
04-18 20:28:31.376 I/HBD     (10031): [DirectWriting] ToolbarController handleEvent() EditorRectChanged 
04-18 20:28:31.386 I/HBD     (10031): [DirectWriting] AnimationController handleEvent() EditorRectChanged 
04-18 20:28:31.386 I/HBD     (10031): [DirectWriting] ToolbarController handleEvent() EditorRectChanged 
04-18 20:28:31.387 D/InterruptionStateProvider( 4008):  no Heads up : edgelighting enabled app. 0|com.dexcom.g7|0|0|com.dexcom.g7|g:Aggregate_NormalNotificationSection|10435|0|com.dexcom.g7|g:Aggregate_NormalNotificationSection
04-18 20:28:31.387 D/InterruptionStateProvider( 4008):  no Heads up : edgelighting enabled app. 0|com.dexcom.g7|1|null|10435
04-18 20:28:31.387 D/InterruptionStateProvider( 4008):  no Heads up : edgelighting enabled app. 0|com.dexcom.g7|36|null|10435
04-18 20:28:31.388 I/HoneySpace.NotificationListener( 4684): onNotificationPosted com.insulet.myblue.pdm: 0|com.insulet.myblue.pdm|1101|null|10531: 0
04-18 20:28:31.388 I/HoneySpace.NotificationListener( 4684): invalid notification: com.insulet.myblue.pdm UserHandle{0}: canShowBadge is false
04-18 20:28:31.388 I/NotificationListener( 9088): [Service]v6.1.9-eap02 Received new notification
04-18 20:28:31.388 I/NotificationPipeline( 9088): Processing new notification: 0|com.insulet.myblue.pdm|1101|null|10531
04-18 20:28:31.388 W/BridgeModeModel( 9088): Not started, default to bridging
04-18 20:28:31.388 E/Notification4WatchManager_NB( 9088): WatchFactory.getWatch-lastConnectedNodeId is null
04-18 20:28:31.388 W/Notification4WatchManager_NB( 9088): NotificationBridgeCallback.onNotificationPosted-never connected before
04-18 20:28:31.388 I/NotificationPipeline( 9088): Discarding notification: 0|com.insulet.myblue.pdm|1101|null|10531
04-18 20:28:31.393 I/HBD     (10031): [DirectWriting] AnimationController handleEvent() EditorRectChanged 
04-18 20:28:31.393 I/HBD     (10031): [DirectWriting] ToolbarController handleEvent() EditorRectChanged 
04-18 20:28:31.396 I/LockscreenNotificationIconsOnlyController( 4008): onNotificationInfoUpdated 0
04-18 20:28:31.396 I/AODNotificationManager( 4008): updateNotification() 
04-18 20:28:31.398 E/HeatmapThread( 1872): ECT Thread time in milliseconds: 1776558511
04-18 20:28:31.399 D/HeatmapThread( 1872): !@ batteryplugType : 0
04-18 20:28:31.399 D/HeatmapThread( 1872): !@ batteryLevel : 59  batteryTemperature : 342 
04-18 20:28:31.399 D/HeatmapThread( 1872): !@ Heatmap currtime: 29609308
04-18 20:28:31.399 D/HeatmapThread( 1872): !@ Heatmap prevtime: 29609305
04-18 20:28:31.399 D/HeatmapThread( 1872): !@ Heatmap plugstarttime: 35791394
04-18 20:28:31.399 D/HeatmapThread( 1872): !@ Heatmap prevv_dsoh_update_time: 29609163
04-18 20:28:31.399 E/HeatmapThread( 1872): !@ CAM New BSOH: 100
04-18 20:28:31.401 I/HBD     (10031): [DirectWriting] AnimationController handleEvent() EditorRectChanged 
04-18 20:28:31.401 I/HBD     (10031): [DirectWriting] ToolbarController handleEvent() EditorRectChanged 
04-18 20:28:31.411 I/HBD     (10031): [DirectWriting] AnimationController handleEvent() EditorRectChanged 
04-18 20:28:31.411 I/HBD     (10031): [DirectWriting] ToolbarController handleEvent() EditorRectChanged 
04-18 20:28:31.420 I/HBD     (10031): [DirectWriting] AnimationController handleEvent() EditorRectChanged 
04-18 20:28:31.420 I/HBD     (10031): [DirectWriting] ToolbarController handleEvent() EditorRectChanged 
04-18 20:28:31.428 I/HBD     (10031): [DirectWriting] AnimationController handleEvent() EditorRectChanged 
04-18 20:28:31.428 I/HBD     (10031): [DirectWriting] ToolbarController handleEvent() EditorRectChanged 
04-18 20:28:31.437 W/keymint_tee( 1178): [WRN]begin req PARAMS: A3, D0, 
04-18 20:28:31.437 I/HBD     (10031): [DirectWriting] AnimationController handleEvent() EditorRectChanged 
04-18 20:28:31.437 I/HBD     (10031): [DirectWriting] ToolbarController handleEvent() EditorRectChanged 
04-18 20:28:31.437 D/NetdEventListenerService( 2880): DNS Requested by 105, 10528(com.instagram.android), 4(FAIL), isBlocked=true, 0ms
04-18 20:28:31.438 I/vendor.qti.bluetooth@1.0-ibs_handler( 1758): DeviceSleep: TX Awake, Sending SLEEP_IND
04-18 20:28:31.438 D/vendor.qti.bluetooth@1.0-ibs_handler( 1758): SerialClockVote: vote for UART CLK OFF
04-18 20:28:31.438 D/keymint_swd( 1178): keymint_swd keymint [WRN] (km_add_tag:528) skip: non repetable tag already exists with different value: 268435458
04-18 20:28:31.438 D/keymint_swd( 1178): keymint_swd keymint [WRN] (asymm_pad_to_openssl:49) unknown padding mode: 0
04-18 20:28:31.438 D/keymint_swd( 1178): keymint_swd keymint [WRN] (swd_run_cb:267) swd_begin() returns 0
04-18 20:28:31.438 D/android.hardware.security.keymint-service( 1178): begin: ret 0
04-18 20:28:31.438 I/keystore2( 1174): system/security/keystore2/src/security_level.rs:466 - In create_operation. Success to create IKeystoreOperation. 10435, None
04-18 20:28:31.439 D/keymint_swd( 1178): keymint_swd keymint [WRN] (swd_run_cb:267) swd_finish() returns 0
04-18 20:28:31.439 D/android.hardware.security.keymint-service( 1178): finish: ret 0
04-18 20:28:31.446 I/HBD     (10031): [DirectWriting] AnimationController handleEvent() EditorRectChanged 
04-18 20:28:31.446 I/HBD     (10031): [DirectWriting] ToolbarController handleEvent() EditorRectChanged 
04-18 20:28:31.456 I/HBD     (10031): [DirectWriting] AnimationController handleEvent() EditorRectChanged 
04-18 20:28:31.456 I/HBD     (10031): [DirectWriting] ToolbarController handleEvent() EditorRectChanged 
04-18 20:28:31.459 I/HBD     (10031): [DirectWriting] AnimationController handleEvent() EditorRectChanged 
04-18 20:28:31.459 I/HBD     (10031): [DirectWriting] ToolbarController handleEvent() EditorRectChanged 
04-18 20:28:31.468 I/HBD     (10031): [DirectWriting] AnimationController handleEvent() EditorRectChanged 
04-18 20:28:31.468 I/HBD     (10031): [DirectWriting] ToolbarController handleEvent() EditorRectChanged 
04-18 20:28:31.477 I/HBD     (10031): [DirectWriting] AnimationController handleEvent() EditorRectChanged 
04-18 20:28:31.477 I/HBD     (10031): [DirectWriting] ToolbarController handleEvent() EditorRectChanged 
04-18 20:28:31.483 I/SurfaceFlinger( 1888): SFWD update time=79387418445288
04-18 20:28:31.487 I/HBD     (10031): [DirectWriting] AnimationController handleEvent() EditorRectChanged 
04-18 20:28:31.487 I/HBD     (10031): [DirectWriting] ToolbarController handleEvent() EditorRectChanged 
04-18 20:28:31.495 I/HBD     (10031): [DirectWriting] AnimationController handleEvent() EditorRectChanged 
04-18 20:28:31.495 I/HBD     (10031): [DirectWriting] ToolbarController handleEvent() EditorRectChanged 
04-18 20:28:31.503 I/HBD     (10031): [DirectWriting] AnimationController handleEvent() EditorRectChanged 
04-18 20:28:31.504 I/HBD     (10031): [DirectWriting] ToolbarController handleEvent() EditorRectChanged 
04-18 20:28:31.505 D/Bubbles ( 4008): onEntryUpdated : shouldBubbleUp=false ,key=0|com.dexcom.g7|0|0|com.dexcom.g7|g:Aggregate_NormalNotificationSection|10435|0|com.dexcom.g7|g:Aggregate_NormalNotificationSection
04-18 20:28:31.505 W/MediaSessionRecord( 2880): Ignoring call to destroyed session
04-18 20:28:31.505 D/InterruptionStateProvider( 4008):  no Heads up : edgelighting enabled app. 0|com.dexcom.g7|0|0|com.dexcom.g7|g:Aggregate_NormalNotificationSection|10435|0|com.dexcom.g7|g:Aggregate_NormalNotificationSection
04-18 20:28:31.505 D/Bubbles ( 4008): onEntryUpdated : shouldBubbleUp=false ,key=0|com.dexcom.g7|36|null|10435
04-18 20:28:31.506 W/MediaSessionRecord( 2880): Ignoring call to destroyed session
04-18 20:28:31.506 D/InterruptionStateProvider( 4008):  no Heads up : edgelighting enabled app. 0|com.dexcom.g7|36|null|10435
04-18 20:28:31.513 I/HBD     (10031): [DirectWriting] AnimationController handleEvent() EditorRectChanged 
04-18 20:28:31.514 I/HBD     (10031): [DirectWriting] ToolbarController handleEvent() EditorRectChanged 
04-18 20:28:31.518 I/HBD     (10031): [DirectWriting] AnimationController handleEvent() EditorRectChanged 
04-18 20:28:31.518 I/HBD     (10031): [DirectWriting] ToolbarController handleEvent() EditorRectChanged 
04-18 20:28:31.519 W/RefactorFlag( 4008): New code path expects SceneContainerFlag to be enabled.
04-18 20:28:31.520 D/ExpandableNotifRow( 4008): mMaxSmallHeight different before reInflateViews mMaxSmallHeight: 203 mTempSmallHeight:0 0|com.dexcom.g7|0|0|com.dexcom.g7|g:Aggregate_NormalNotificationSection|10435|0|com.dexcom.g7|g:Aggregate_NormalNotificationSection
04-18 20:28:31.520 D/ExpandableNotifRow( 4008): mMaxSmallHeight different before reInflateViews mMaxSmallHeight: 203 mTempSmallHeight:0 0|com.dexcom.g7|0|0|com.dexcom.g7|g:Aggregate_NormalNotificationSection|10435|0|com.dexcom.g7|g:Aggregate_NormalNotificationSection
04-18 20:28:31.521 D/ExpandableNotifRow( 4008): mMaxSmallHeight different before reInflateViews mMaxSmallHeight: 203 mTempSmallHeight:0 0|com.dexcom.g7|36|null|10435
04-18 20:28:31.521 D/ExpandableNotifRow( 4008): mMaxSmallHeight different before reInflateViews mMaxSmallHeight: 203 mTempSmallHeight:0 0|com.dexcom.g7|36|null|10435
04-18 20:28:31.522 I/LockscreenNotificationIconsOnlyController( 4008): onNotificationInfoUpdated 0
04-18 20:28:31.522 I/AODNotificationManager( 4008): updateNotification() 
04-18 20:28:31.524 D/LocalImageResolver( 4008): Couldn't use ImageDecoder for drawable, falling back to non-resized load.
04-18 20:28:31.524 D/LocalImageResolver( 4008): Couldn't use ImageDecoder for drawable, falling back to non-resized load.
04-18 20:28:31.525 W/Paint   ( 4008): The elegant text height cannot be turned off.
04-18 20:28:31.525 I/AppIconSolution( 4008): return adaptive icon for com.dexcom.g7, isNight = true
04-18 20:28:31.527 D/LocalImageResolver( 4008): Couldn't use ImageDecoder for drawable, falling back to non-resized load.
04-18 20:28:31.528 I/HBD     (10031): [DirectWriting] AnimationController handleEvent() EditorRectChanged 
04-18 20:28:31.528 I/HBD     (10031): [DirectWriting] ToolbarController handleEvent() EditorRectChanged 
04-18 20:28:31.530 D/LocalImageResolver( 4008): Couldn't use ImageDecoder for drawable, falling back to non-resized load.
04-18 20:28:31.530 D/LocalImageResolver( 4008): Couldn't use ImageDecoder for drawable, falling back to non-resized load.
04-18 20:28:31.531 I/AppIconSolution( 4008): return adaptive icon for com.dexcom.g7, isNight = true
04-18 20:28:31.533 D/ExpandableNotifRow( 4008): mMaxSmallHeight different before reInflateViews mMaxSmallHeight: 203 mTempSmallHeight:0 0|com.dexcom.g7|0|0|com.dexcom.g7|g:Aggregate_NormalNotificationSection|10435|0|com.dexcom.g7|g:Aggregate_NormalNotificationSection
04-18 20:28:31.533 D/ExpandableNotifRow( 4008): mMaxSmallHeight different before reInflateViews mMaxSmallHeight: 203 mTempSmallHeight:0 0|com.dexcom.g7|0|0|com.dexcom.g7|g:Aggregate_NormalNotificationSection|10435|0|com.dexcom.g7|g:Aggregate_NormalNotificationSection
