04-18 20:28:39.915 D/ActivityManager( 1112): Received BROADCAST intent 0x53167e3 Key{broadcastIntent pkg=com.android.systemui intent=act=com.samsung.android.app.edgelighting.PACKAGE_REPLACED cmp=com.android.systemui/.edgelighting.EdgeLightingReceiver$1 flags=0x2000000 u=0} requestCode=0 sent=0 from uid 1000
04-18 20:28:39.915 D/SEP_UNION_SemDeviceInfoManagerService( 1112): Send intent com.samsung.android.app.edgelighting.PACKAGE_REPLACED, userId: 0 by broadcast 
04-18 20:28:39.915 I/ActivityManager( 1112): Start proc 28977:com.teslacoilsw.launcher/u0a354 for service {com.teslacoilsw.launcher/com.teslacoilsw.launcher.notificationlistener.NotificationListener}
04-18 20:28:39.915 I/VvmPkgInstalledRcvr( 1748): onReceive(): android.intent.action.PACKAGE_ADDED
04-18 20:28:39.916 D/ImsResolver( 1748): maybeAddedImsService, packageName: com.teslacoilsw.launcher
04-18 20:28:39.917 D/ActivityManager( 1112): Received BROADCAST intent 0x5a713ac Key{broadcastIntent pkg=com.samsung.android.rubin.app intent=act=com.samsung.android.rubin.inferenceengine.datalogging.action.PACKAGE_REPLACED pkg=com.samsung.android.rubin.app cmp=com.samsung.android.rubin.app/com.samsung.android.rubin.inferenceengine.contextanalytics.engine.loggers.AppInstallationLogger$AppInstallationBroadcastReceiver flags=0x2000000 u=0} requestCode=0 sent=0 from uid 1000
04-18 20:28:39.918 D/SEP_UNION_SemDeviceInfoManagerService( 1112): Send intent com.samsung.android.rubin.inferenceengine.datalogging.action.PACKAGE_REPLACED, userId: 0 by broadcast 
04-18 20:28:39.919 I/VvmPkgInstalledRcvr( 1748): packageName: com.teslacoilsw.launcher, systemDialer: com.samsung.android.dialer
04-18 20:28:39.919 I/PackageInfoManager_FLP( 3096): action : ACTION_PACKAGE_ADDED, packageName = com.teslacoilsw.launcher
04-18 20:28:39.921 I/Routine@Core[4.8.02.28]: MetadataSyncBacklog(10876): add: null + com.teslacoilsw.launcher
04-18 20:28:39.921 I/SafetyLabelChangedBroadcastReceiver(10936): received broadcast packageName: com.teslacoilsw.launcher, current user: UserHandle{0}, packageChangeEvent: UPDATE, intent user: UserHandle{0}
04-18 20:28:39.921 I/Routine@Core[4.8.02.28]: Pref(10876): putSharedPrefsData: key=meta_loading_target_package_name, data.size=24
04-18 20:28:39.921 D/IntervalStats( 1112): Unable to parse usage stats packages: [3, 12, 34, 38, 61, 63, 85, 101, 121, 150, 152, 242, 267, 347, 379, 399, 402, 403, 404, 405, 407, 411, 415, 421, 422, 424, 427, 439, 440, 441, 442, 443, 446, 455, 456, 457, 459, 460, 461, 462, 463, 464, 465, 466, 467, 468, 469, 470, 471, 472, 473, 474, 475, 476, 477, 478, 479, 480, 481, 482, 483, 484, 485, 486, 487, 488, 489, 490, 491, 525, 526, 527, 537]
04-18 20:28:39.923 I/coilsw.launcher(28977): Using CollectorTypeCMC GC.
04-18 20:28:39.925 I/AppBackupPkgRemovedIO(32494): Backup state cleanup on uninstall is disabled. [CONTEXT service_id=229 ]
04-18 20:28:39.926 I/PackageInfoManager_FLP( 3096): handled onPackageAdded for com.teslacoilsw.launcher(0)
04-18 20:28:39.925 D/Zygote  (  724): Forked child process 28985
04-18 20:28:39.926 I/ActivityManager( 1112): Start proc 28985:com.samsung.euicc/1000 for service {com.samsung.euicc/com.samsung.euicc.service.EuiccServiceImpl}
04-18 20:28:39.926 I/LockscreenNotificationIconsOnlyController( 1814): onNotificationInfoUpdated 0
04-18 20:28:39.927 I/AODNotificationManager( 1814): updateNotification() 
04-18 20:28:39.928 I/PackageInstalledIntentO(32494): Test flag v2 is disabled [CONTEXT service_id=469 ]
04-18 20:28:39.932 E/coilsw.launcher(28977): Not starting debugger since process cannot load the jdwp agent.
04-18 20:28:39.932 I/Finsky:background(30703): [2] aixr - Received: android.intent.action.PACKAGE_REMOVED, [Y3zRMiFr6X0kYgOIX6SWZvagYTKUKWUEInJDT7FT5ZQ]
04-18 20:28:39.932 W/JobInfo (10876): Job 'com.samsung.android.app.routines/.domainmodel.metadata.impl.MetadataLoaderJobService#4096' has a deadline with no functional constraints. The deadline won't improve job execution latency. Consider removing the deadline.
04-18 20:28:39.933 W/JobInfo ( 1112): Job 'com.samsung.android.app.routines/.domainmodel.metadata.impl.MetadataLoaderJobService#4096' has a deadline with no functional constraints. The deadline won't improve job execution latency. Consider removing the deadline.
04-18 20:28:39.934 I/Telecom ( 1112): SamsungTelecomServiceImpl : getCallCapablePhoneAccounts - includeDisabledAccounts : false / callingPackage : com.android.phone / callingUser : UserHandle{0} / hasCrossUserAccess : true
04-18 20:28:39.934 D/InputMethodManagerService( 1112): isImeSwitcherDisabledPackage : false
04-18 20:28:39.934 E/AppOps  ( 1112): attributionTag VCN not declared in manifest of android
04-18 20:28:39.934 I/RoleService( 1112): Granting default roles...
04-18 20:28:39.935 I/VvmPkgInstalledRcvr( 1748): capablePhoneAccounts : [ComponentInfo{com.android.phone/com.samsung.telephony.services.advanced.cmc.SamsungCmcConnectionService}, ***, UserHandle{0}]
04-18 20:28:39.935 I/VvmPkgInstalledRcvr( 1748): capablePhoneAccounts.size : 1
04-18 20:28:39.935 W/SignedPackage( 1112): Cannot get ApplicationInfo for package: com.android.messaging
04-18 20:28:39.936 I/VSyncReactor(  801): Current= 30, Period= 60, hwcPeriod= 30
04-18 20:28:39.937 D/nativeloader(28977): Load libframework-connectivity-tiramisu-jni.so using APEX ns com_android_tethering for caller /apex/com.android.tethering/javalib/framework-connectivity-t.jar: ok
04-18 20:28:39.938 I/Telecom ( 1112): SamsungTelecomServiceImpl : getCallCapablePhoneAccounts - includeDisabledAccounts : false / callingPackage : com.android.phone / callingUser : UserHandle{0} / hasCrossUserAccess : true
04-18 20:28:39.939 I/Finsky:background(30703): [510] Wrote row to frosting DB: 40944
04-18 20:28:39.939 D/ActivityThread( 7419): Package [com.teslacoilsw.launcher] reported as REPLACED, but missing application info. Assuming REMOVED.
04-18 20:28:39.939 D/ActivityThread(28977): setConscryptValidator
04-18 20:28:39.939 D/ActivityThread(28977): setConscryptValidator - put
04-18 20:28:39.940 I/SurfaceFlinger(  801): SFWD update time=6078046291113
04-18 20:28:39.941 V/BluetoothEventManager( 7419): onReceive :: android.intent.action.PACKAGE_ADDED
04-18 20:28:39.942 I/m.samsung.euicc(28985): Using CollectorTypeCMC GC.
04-18 20:28:39.943 I/Finsky  (30690): [2] aiyb - Received: android.intent.action.PACKAGE_REMOVED, [Y3zRMiFr6X0kYgOIX6SWZvagYTKUKWUEInJDT7FT5ZQ]
04-18 20:28:39.943 D/BluetoothEventManager( 7419): AppPackageChangedHandler: action = android.intent.action.PACKAGE_ADDED
04-18 20:28:39.944 D/BluetoothEventManager( 7419): AppPackageChangedHandler: package name = com.teslacoilsw.launcher
04-18 20:28:39.945 E/m.samsung.euicc(28985): Not starting debugger since process cannot load the jdwp agent.
04-18 20:28:39.945 I/Finsky  (30690): [81] AIM: AppInfoManager-Perf > OnDeviceAppInfo > cacheHitCount=1, cacheMissCount=0. Missed  in cache (limit 10) : []
04-18 20:28:39.945 I/Finsky  (30690): [81] AIM: Got app ownership map. App counts: . Unique apps: 0
04-18 20:28:39.945 E/Finsky  (30690): [81] [Counters] attempted to use a non-positive increment for: 4752
04-18 20:28:39.945 I/Finsky  (30690): [81] AIM: AppInfoManager-Perf > ItemModel > CacheSize=109, cacheHitCount=0, cacheMissCount=1, total appsWithNoServerDataCount=4. Missed  in cache (limit 10) : [com.teslacoilsw.launcher]
04-18 20:28:39.945 I/Finsky  (30690): [81] AIM: AppInfoManager-Perf > ItemModel > ItemStore Called 1 apps cacheOptions = REFRESH_LOCAL_CACHE
04-18 20:28:39.945 I/Finsky  (30690): [81] AIM: ItemModel fetch - unauth(0), auth([ttTvNCFVi_66uWgD-K8GB0VbYXtXr8-IeAD1RTYHncA]->1)
04-18 20:28:39.945 D/EventBus(19832): No subscribers registered for event class gh.d
04-18 20:28:39.946 E/Finsky  (30690): [81] [Counters] attempted to use a non-positive increment for: 4753
04-18 20:28:39.946 D/EventBus(19832): No subscribers registered for event class y60.h
04-18 20:28:39.948 E/RoleControllerServiceImpl( 1112): Default/fallback role holder package doesn't qualify for the role, package: com.google.android.gms.supervision, role: android.app.role.SYSTEM_SUPERVISION
04-18 20:28:39.949 I/VvmPkgInstalledRcvr( 1748): phoneAccountHandle : ComponentInfo{com.android.phone/com.samsung.telephony.services.advanced.cmc.SamsungCmcConnectionService}, ***, UserHandle{0}
04-18 20:28:39.949 I/VvmPkgInstalledRcvr( 1748): pinnedTelephonyManager : android.telephony.TelephonyManager@ef3a5a3
04-18 20:28:39.950 D/ActivityThread(19832): Package [com.teslacoilsw.launcher] reported as REPLACED, but missing application info. Assuming REMOVED.
04-18 20:28:39.951 I/Fitness (32471): (REDACTED) FitCleanupIntentOperation received Intent %s
04-18 20:28:39.951 I/Finsky  (30690): [81] ItemStore: Not cached: com.teslacoilsw.launcher
04-18 20:28:39.952 W/SignedPackage( 1112): Package doesn't have required signing certificate: com.google.android.apps.work.clouddpc
04-18 20:28:39.952 I/Finsky  (30690): [82] AIM: AppInfoManager-Perf > ItemModel > CacheSize=109, cacheHitCount=1, cacheMissCount=0, total appsWithNoServerDataCount=4. Missed  in cache (limit 10) : []
04-18 20:28:39.953 I/VvmPkgInstalledRcvr( 1748): pinnedTelephonyManager : subscriberId: 310*********782
04-18 20:28:39.954 E/AppOps  ( 1112): attributionTag VCN not declared in manifest of android
04-18 20:28:39.956 I/Finsky  (30690): [2] aiyb - Deduping intent android.intent.action.PACKAGE_REMOVED
04-18 20:28:39.957 I/Finsky  (30690): [71] RECEIVER_PACKAGE_MONITOR#logWorkEndAndFinishGoAsync: SUCCESS
04-18 20:28:39.957 D/ActivityThread(30690): Package [com.teslacoilsw.launcher] reported as REPLACED, but missing application info. Assuming REMOVED.
04-18 20:28:39.957 D/ActivityThread(30690): Package [com.teslacoilsw.launcher] reported as REPLACED, but missing application info. Assuming REMOVED.
04-18 20:28:39.957 I/LayerHistory(  801): StatusBar$_1814#88 Max (can't resolve refresh rate)
04-18 20:28:39.957 I/SurfaceFlinger(  801): Weight ignores StatusBar$_1814#88 (type=Max, weight=0.02, seamlessness=Default) 0.00 Hz's 90.00 Hz
04-18 20:28:39.957 I/SurfaceFlinger(  801): scored - choose 60.00 Hz
04-18 20:28:39.957 I/HWComposer(  801): [4633128672291735931] ActiveConfigToHWC, ID : 2
04-18 20:28:39.958 I/display (  743): Current VRR MODE is 1
04-18 20:28:39.958 I/display (  743): setActiveConfigWithConstraints:: HFR match - config: 2, base: 2, try: 0
04-18 20:28:39.958 I/display (  743): setActiveConfigWithConstraints::update 1440x2304@60hs
04-18 20:28:39.958 D/SGM:GameManager( 1112): identifyGamePackage. com.teslacoilsw.launcher, mCurrentUserId: 0, callerUserId: 0, callingMethodInfo: com.samsung.android.game.SemGameManager.isGamePackage(SemGameManager.java:105)
04-18 20:28:39.959 D/SGM:SemGameManager( 1112): isGamePackage(), pkgName=com.teslacoilsw.launcher, ret=false
04-18 20:28:39.959 D/AppSearchAppsIndexerManagerS( 1112): userid in package receiver: 10354
04-18 20:28:39.960 D/SemWifiPackageInfo( 1112): isSkipCategory - skip:NONE
04-18 20:28:39.960 D/SemWifiTransportLayerMonitor.TcpMonitorHandler( 1112): MSG_SAVE_PACKAGE_INFO
04-18 20:28:39.960 D/SemWifiTransportLayerFileManager( 1112): saveWifiPackageInfoToFile
04-18 20:28:39.960 D/SemWifiTransportLayerFileManager( 1112): writeWifiPackageInfoList
04-18 20:28:39.960 I/Telecom ( 1112): SamsungOpenCommunicationPlatformPolicyPackageBroadcastReceiver : action : android.intent.action.PACKAGE_ADDED / packageName : com.teslacoilsw.launcher
04-18 20:28:39.962 D/PkgPredictorService-MultiUserPkgManager( 1112):  mInstalledPkgMapUid contain 10354
04-18 20:28:39.964 W/libc    ( 1112): Access denied finding property "ro.bootimage.build.fingerprint"
04-18 20:28:39.965 I/Telecom ( 1112): SamsungOpenCommunicationPlatformPolicyPackageHandler : handleMessage : { when=-5ms what=0 obj=com.teslacoilsw.launcher target=com.samsung.server.telecom.advancedcall.ocp.policy.broadcast.SamsungOpenCommunicationPlatformPolicyPackageHandler }.what
04-18 20:28:39.965 I/Telecom ( 1112): SamsungAllowedPhoneAccountFilterManager : filterSalesCode - option : EXCLUDE / allowedPhoneAccount : SamsungJsonPhoneAccount { RawData : {"package_name":"com.google.android.apps.tachyon","component_name":"","sales_code_option":"exclude","sales_codes":["CDR","DOR","UFN","UFU","SAM","CHC","TCE","GCF"],"model_names":[],"orders":{"default":200,"SKC":900,"KTC":900,"LUC":900}} / PackageName : com.google.android.apps.tachyon / ComponentName :  / SalesCodeOption : exclude / SalesCodes : [CDR, DOR, UFN, UFU, SAM, CHC, TCE, GCF] / ModelNameOption : null / ModelNames : [] / Orders : {default=200, SKC=900, KTC=900, LUC=900} / Order : 200
04-18 20:28:39.965 I/Telecom ( 1112): SamsungAllowedPhoneAccountFilterManager : filterModelName - option : ALL / allowedPhoneAccount : SamsungJsonPhoneAccount { RawData : {"package_name":"com.google.android.apps.tachyon","component_name":"","sales_code_option":"exclude","sales_codes":["CDR","DOR","UFN","UFU","SAM","CHC","TCE","GCF"],"model_names":[],"orders":{"default":200,"SKC":900,"KTC":900,"LUC":900}} / PackageName : com.google.android.apps.tachyon / ComponentName :  / SalesCodeOption : exclude / SalesCodes : [CDR, DOR, UFN, UFU, SAM, CHC, TCE, GCF] / ModelNameOption : null / ModelNames : [] / Orders : {default=200, SKC=900, KTC=900, LUC=900} / Order : 200
04-18 20:28:39.965 I/Telecom ( 1112): SamsungAllowedPhoneAccountFilterManager : filterSalesCode - option : INCLUDE / allowedPhoneAccount : SamsungJsonPhoneAccount { RawData : {"package_name":"com.skt.prod.together","component_name":"","sales_code_option":"include","sales_codes":["SKC","KOO"],"model_names":[],"orders":{"SKC":100}} / PackageName : com.skt.prod.together / ComponentName :  / SalesCodeOption : include / SalesCodes : [SKC, KOO] / ModelNameOption : null / ModelNames : [] / Orders : {SKC=100} / Order : 1000
04-18 20:28:39.965 V/BackupManagerConstants( 1112): getFullBackupIntervalMilliseconds(...) returns 86400000
04-18 20:28:39.965 V/BackupManagerConstants( 1112): getFullBackupRequiredNetworkType(...) returns 2
04-18 20:28:39.965 V/BackupManagerConstants( 1112): getFullBackupRequireCharging(...) returns true
04-18 20:28:39.966 D/CompatChangeReporter( 1112): Compat change id reported: 271850009; UID 1000; state: ENABLED
04-18 20:28:39.966 D/SemWifiTransportLayerMonitor.TcpMonitorHandler( 1112): MSG_SAVE_PACKAGE_INFO
04-18 20:28:39.966 D/SemWifiTransportLayerFileManager( 1112): saveWifiPackageInfoToFile
04-18 20:28:39.966 D/SemWifiTransportLayerFileManager( 1112): writeWifiPackageInfoList
04-18 20:28:39.967 D/CompatChangeReporter( 1112): Compat change id reported: 253665015; UID 1000; state: ENABLED
04-18 20:28:39.968 D/ActivityThread(19832): Package [com.teslacoilsw.launcher] reported as REPLACED, but missing application info. Assuming REMOVED.
04-18 20:28:39.969 D/CompatChangeReporter( 1112): Compat change id reported: 311402873; UID 1000; state: ENABLED
04-18 20:28:39.971 D/CompatChangeReporter( 1112): Compat change id reported: 323349338; UID 1000; state: ENABLED
04-18 20:28:39.974 I/SafetyLabelChangedBroadcastReceiver(10936): writeSafetyLabel called for packageName: com.teslacoilsw.launcher, currentUser: UserHandle{0}
04-18 20:28:39.974 E/DocumentManagerRoleBehavior( 1112): There should be exactly one documenter; found 0: matches=[]
04-18 20:28:39.975 I/dsettingservice( 4019): Background concurrent mark compact GC freed 220KB AllocSpace bytes, 0(0B) LOS objects, 73% free, 2195KB/8339KB, paused 737us,22.159ms total 161.693ms
04-18 20:28:39.977 I/VvmPkgInstalledRcvr( 1748): getCarrierVvmPackages : config: PersistableBundle[{imsvoice.voice_on_default_bearer_supported_bool=false, imsvoice.rtp_inactivity_time_threshold_millis_long=5000, imsss.ut_transport_type_int=1, imsemergency.emergency_call_setup_timer_on_current_network_sec_int=0, carrier_volte_provisioned_bool=false, support_cdma_1x_voice_calls_bool=true, support_ss_over_cdma_bool=false, disable_charge_indication_bool=false, ims.sip_timer_t4_millis_int=17000, support_tdscdma_bool=false, httpSocketTimeout=60000, allowed_initial_attach_apn_types_string_array=[ia, default], disable_supplementary_services_in_airplane_mode_bool=false, call_barring_default_service_class_int=1, call_redirection_service_component_name_string=null, carrier_wfc_supports_wifi_only_bool=false, carrier_default_actions_on_default_network_available_string_array=[false: 7, true: 8], imsvoice.minimum_session_expires_timer_sec_int=90, vonr_on_by_default_bool=true, iwlan_handover_policy_string_array=[source=GERAN|UTRAN|EUTRAN|NGRAN|IWLAN, target=GERAN|UTRAN|EUTRAN|NGRAN|IWLAN, type=disallowed, capabilities=MMS|XCAP|CBS|SUPL|DUN|BIP|FOTA], operator_selection_expand_bool=true, disable_cdma_activation_code_bool=false, simplified_network_settings_bool=false, imsemergency.emergency_registration_timer_millis_int=10000, call_forwarding_when_unanswered_supported_bool=true, imsvt.h264_payload_description_bundle=PersistableBundle[{99=PersistableBundle[{}], 100=PersistableBundle[{imsvt.video_codec_attribute_packetization_mode_int=0}]}], support_tdscdma_roaming_networks_string_array=null, opportunistic.5g_data_switch_hysteresis_time_long=2000, ims.sip_timer_d_millis_int=130000, gps.lpp_profile=2, call_barring_visibility_bool=false, __carrier_config_package_version__=5356223, gba_mode_int=1, ims.registration_subscribe_expiry_timer_sec_int=600000, gps.es_extension_sec=0, enable_apps_string_array=null, 5g_icon_display_secondary_grace_period_string=, carrier_default_wfc_ims_roaming_enabled_bool=false, cdma_nonroaming_networks_string_array=null, imsss.ut_as_server_fqdn_string=, imsemergency.emergency_lte_preferred_after_nr_failed_bool=false, signal_strength_nr_nsa_use_lte_as_primary_bool=true, aliasMinChars=2, fdn_number_length_limit_int=20, support_ims_call_forwarding_while_roaming_bool=true, wfc_data_spn_format_idx_int=0, hide_sim_lock_settings_bool=true, premium_capability_network_setup_time_millis_long=300000, satellite_esos_supported_bool=false, drop_video_call_when_answering_audio_call_bool=false, data_stall_recovery_timers_long_array=[180000, 180000, 180000, 180000, 180000], satellite_connection_hysteresis_sec_int=30, opportunistic_esim_download_via_wifi_only_bool=false, imsss.xcap_over_ut_supported_rats_int_array=[3, 5, 6], ci_action_on_sys_update_bool=false, carrier_certificate_string_array=[4C36AF4A5BDAD97C1F3D8B283416D244496C2AC5EAFE8226079EF6F676FD1859:com.google.android.apps.tycho], convert_cdma_caller_id_mmi_codes_while_roaming_on_3gpp_bool=false, support_enhanced_call_blocking_bool=true, iwlan.ike_rekey_hard_timer_in_sec=14400, vvm_port_number_int=0, premium_capability_notification_display_timeout_millis_long=1800000, wifi_connectivity_extend_cell_delay=-1, imsemergency.emergency_requires_ims_registration_bool=false, vcn_network_selection_ipsec_packet_loss_percent_threshold=-1, carrier_default_wfc_ims_enabled_bool=false, iwlan.ike_session_encryption_aes_ctr_key_size_int_array=[128, 192, 256], dial_string_replace_string_array=null, opportunistic_network_entry_threshold_bandwidth_int=1024, imsemergency.emergency_requires_volte_enabled_bool=false, opportunistic_network_data_switch_exit_hysteresis_time_long=3000, imsss.use_csfb_on_xcap_over_ut_failure_bool=true, gsm_nonroaming_networks_string_array=null, imsserviceentitlement.ims_provisioning_bool=false, wifi.avoid_5ghz_softap_for_laa_bool=false, hide_ims_apn_bool=false, carrier_network_service_wlan_class_override_string=, vvm_destination_number_string=, ims.ipsec_encryption_algorithms_int_array=[0, 1, 2], opportunistic.5g_backoff_time_long=10000, enable_cross_sim_calling_on_oppo
04-18 20:28:39.977 I/SafetyLabelChangedBroadcastReceiver(10936): appMetadataBundle PersistableBundle[{version=1, safety_labels=PersistableBundle[{data_labels=PersistableBundle[{data_collected=PersistableBundle[{app_performance=PersistableBundle[{performance_diagnostics=PersistableBundle[{ephemeral=false, is_collection_optional=true, purposes=[2]}], other=PersistableBundle[{ephemeral=false, is_collection_optional=true, purposes=[2]}], crash_logs=PersistableBundle[{ephemeral=false, is_collection_optional=true, purposes=[2]}]}], actions_in_app=PersistableBundle[{user_interaction=PersistableBundle[{ephemeral=false, is_collection_optional=true, purposes=[2]}]}], identifiers=PersistableBundle[{other=PersistableBundle[{ephemeral=false, is_collection_optional=true, purposes=[2, 5]}]}]}], data_shared=PersistableBundle[{app_performance=PersistableBundle[{crash_logs=PersistableBundle[{purposes=[2]}]}], location=PersistableBundle[{precise_location=PersistableBundle[{purposes=[1]}], approx_location=PersistableBundle[{purposes=[1]}]}]}]}], version=1, security_labels=PersistableBundle[{is_data_deletable=true, is_data_encrypted=true}]}]}]
04-18 20:28:39.977 I/VvmPkgInstalledRcvr( 1748): getCarrierVvmPackages : singlePackage: 
04-18 20:28:39.977 I/VvmPkgInstalledRcvr( 1748): getCarrierVvmPackages : arrayPackages: null
04-18 20:28:39.977 I/VvmPkgInstalledRcvr( 1748):  NOT contains : com.teslacoilsw.launcher
04-18 20:28:39.979 I/PermissionControllerServiceImpl(10936): Updating user sensitive for uid 10354
04-18 20:28:39.982 I/FILP/FilterPackageService(24054): onStartCommand(com.samsung.android.provider.filterprovider.INTENT_PACKAGE_REMOVED)
04-18 20:28:39.983 I/FILP/PackageIntentReceiver(24054): action 1: com.samsung.android.provider.filterprovider.INTENT_PACKAGE_ADDED
04-18 20:28:39.983 I/FILP/PackageIntentReceiver(24054): pkgName : com.teslacoilsw.launcher
04-18 20:28:39.983 I/FILP/PackageIntentReceiver(24054): action 2: com.samsung.android.provider.filterprovider.INTENT_PACKAGE_ADDED
04-18 20:28:39.984 W/AppOpService( 1112): Ignored setUidMode call for runtime permission app op: uid = 1000, code = CAMERA, mode = foreground, callingUid = 1000, oldMode = foreground
04-18 20:28:39.985 E/FILP/PackageIntentReceiver(24054): This package is not a effect filter
04-18 20:28:39.985 W/SignedPackage( 1112): Cannot get ApplicationInfo for package: com.google.android.projection.gearhead
04-18 20:28:39.986 D/SGM:GameManager( 1112): identifyGamePackage. com.teslacoilsw.launcher, mCurrentUserId: 0, callerUserId: 0, callingMethodInfo: com.samsung.android.game.SemGameManager.isGamePackage(SemGameManager.java:105)
04-18 20:28:39.986 D/SGM:SemGameManager( 1112): isGamePackage(), pkgName=com.teslacoilsw.launcher, ret=false
04-18 20:28:39.986 I/Pageboost( 1112): appinfo : com.teslacoilsw.launcher 0 0 0 0
04-18 20:28:39.988 D/SGM:GameManager( 1112): identifyGamePackage. com.teslacoilsw.launcher, mCurrentUserId: 0, callerUserId: 0, callingMethodInfo: com.samsung.android.game.SemGameManager.isGamePackage(SemGameManager.java:105)
04-18 20:28:39.988 D/SGM:SemGameManager( 1112): isGamePackage(), pkgName=com.teslacoilsw.launcher, ret=false
04-18 20:28:39.988 I/Pageboost( 1112): Reset this app info : com.teslacoilsw.launcher 
04-18 20:28:39.988 I/Pageboost( 1112): db create : CREATE TABLE IF NOT EXISTS comteslacoilswlauncher (FILENAME TEXT, OFFSET INTEGER, SIZE INTEGER, FORVRAMDISK INTEGER, BITMAP BLOB, unique (FILENAME, OFFSET) );
04-18 20:28:39.989 I/Routine@Core[4.8.02.28]: MetadataLoaderJobService(10876): onCreate
04-18 20:28:39.992 I/Finsky:background(30703): [2] aixr - Deduping intent android.intent.action.PACKAGE_REMOVED
04-18 20:28:39.992 W/ParceledListSlice( 1112): Element #27 is 19244 bytes.
04-18 20:28:39.993 W/AppSearchAppsUtil( 1112): getDynamicAppFunctionSchemasForPackages: Failed to get schema property for package: com.samsung.android.incallui
04-18 20:28:39.993 W/AppSearchAppsUtil( 1112): android.content.pm.PackageManager$NameNotFoundException
04-18 20:28:39.993 W/AppSearchAppsUtil( 1112): 	at android.app.ApplicationPackageManager.getPropertyAsUser(ApplicationPackageManager.java:4403)
04-18 20:28:39.993 W/AppSearchAppsUtil( 1112): 	at android.app.ApplicationPackageManager.getProperty(ApplicationPackageManager.java:4390)
04-18 20:28:39.993 W/AppSearchAppsUtil( 1112): 	at com.android.server.appsearch.appsindexer.AppsIndexerImpl.doUpdateIncrementalPut(go/retraceme 445dbf8f0e4f43638218a1155416af612ddd0eba1887e635c34828625399f398:76)
04-18 20:28:39.993 W/AppSearchAppsUtil( 1112): 	at com.android.server.appsearch.appsindexer.AppsIndexerUserInstance.doUpdate(go/retraceme 445dbf8f0e4f43638218a1155416af612ddd0eba1887e635c34828625399f398:73)
04-18 20:28:39.993 W/AppSearchAppsUtil( 1112): 	at com.android.server.appsearch.appsindexer.AppsIndexerUserInstance$$ExternalSyntheticLambda2.run(go/retraceme 445dbf8f0e4f43638218a1155416af612ddd0eba1887e635c34828625399f398:11)
04-18 20:28:39.993 W/AppSearchAppsUtil( 1112): 	at com.android.server.appsearch.appsindexer.AppsIndexerUserInstance$$ExternalSyntheticLambda0.run(go/retraceme 445dbf8f0e4f43638218a1155416af612ddd0eba1887e635c34828625399f398:10)
04-18 20:28:39.993 W/AppSearchAppsUtil( 1112): 	at java.util.concurrent.ThreadPoolExecutor.runWorker(ThreadPoolExecutor.java:1156)
04-18 20:28:39.993 W/AppSearchAppsUtil( 1112): 	at java.util.concurrent.ThreadPoolExecutor$Worker.run(ThreadPoolExecutor.java:651)
04-18 20:28:39.993 W/AppSearchAppsUtil( 1112): 	at java.lang.Thread.run(Thread.java:1119)
04-18 20:28:39.993 D/AppSearchAppsIndexerManagerS( 1112): userid in package receiver: 10354
04-18 20:28:39.993 W/AppSearchAppsUtil( 1112): getDynamicAppFunctionSchemasForPackages: Failed to get schema property for package: com.sec.android.app.sbrowser
04-18 20:28:39.993 W/AppSearchAppsUtil( 1112): android.content.pm.PackageManager$NameNotFoundException
04-18 20:28:39.993 W/AppSearchAppsUtil( 1112): 	at android.app.ApplicationPackageManager.getPropertyAsUser(ApplicationPackageManager.java:4403)
04-18 20:28:39.993 W/AppSearchAppsUtil( 1112): 	at android.app.ApplicationPackageManager.getProperty(ApplicationPackageManager.java:4390)
04-18 20:28:39.993 W/AppSearchAppsUtil( 1112): 	at com.android.server.appsearch.appsindexer.AppsIndexerImpl.doUpdateIncrementalPut(go/retraceme 445dbf8f0e4f43638218a1155416af612ddd0eba1887e635c34828625399f398:76)
04-18 20:28:39.993 W/AppSearchAppsUtil( 1112): 	at com.android.server.appsearch.appsindexer.AppsIndexerUserInstance.doUpdate(go/retraceme 445dbf8f0e4f43638218a1155416af612ddd0eba1887e635c34828625399f398:73)
04-18 20:28:39.993 W/AppSearchAppsUtil( 1112): 	at com.android.server.appsearch.appsindexer.AppsIndexerUserInstance$$ExternalSyntheticLambda2.run(go/retraceme 445dbf8f0e4f43638218a1155416af612ddd0eba1887e635c34828625399f398:11)
04-18 20:28:39.993 W/AppSearchAppsUtil( 1112): 	at com.android.server.appsearch.appsindexer.AppsIndexerUserInstance$$ExternalSyntheticLambda0.run(go/retraceme 445dbf8f0e4f43638218a1155416af612ddd0eba1887e635c34828625399f398:10)
04-18 20:28:39.993 W/AppSearchAppsUtil( 1112): 	at java.util.concurrent.ThreadPoolExecutor.runWorker(ThreadPoolExecutor.java:1156)
04-18 20:28:39.993 W/AppSearchAppsUtil( 1112): 	at java.util.concurrent.ThreadPoolExecutor$Worker.run(ThreadPoolExecutor.java:651)
04-18 20:28:39.993 W/AppSearchAppsUtil( 1112): 	at java.lang.Thread.run(Thread.java:1119)
04-18 20:28:39.994 W/AppSearchAppsUtil( 1112): getDynamicAppFunctionSchemasForPackages: Failed to get schema property for package: com.samsung.android.app.notes
04-18 20:28:39.994 W/AppSearchAppsUtil( 1112): android.content.pm.PackageManager$NameNotFoundException
04-18 20:28:39.994 W/AppSearchAppsUtil( 1112): 	at android.app.ApplicationPackageManager.getPropertyAsUser(ApplicationPackageManager.java:4403)
04-18 20:28:39.994 W/AppSearchAppsUtil( 1112): 	at android.app.ApplicationPackageManager.getProperty(ApplicationPackageManager.java:4390)
04-18 20:28:39.994 W/AppSearchAppsUtil( 1112): 	at com.android.server.appsearch.appsindexer.AppsIndexerImpl.doUpdateIncrementalPut(go/retraceme 445dbf8f0e4f43638218a1155416af612ddd0eba1887e635c34828625399f398:76)
04-18 20:28:39.994 W/AppSearchAppsUtil( 1112): 	at com.android.server.appsearch.appsindexer.AppsIndexerUserInstance.doUpdate(go/retraceme 445dbf8f0e4f43638218a1155416af612ddd0eba1887e635c34828625399f398:73)
04-18 20:28:39.994 W/AppSearchAppsUtil( 1112): 	at com.android.server.appsearch.appsindexer.AppsIndexerUserInstance$$ExternalSyntheticLambda2.run(go/retraceme 445dbf8f0e4f43638218a1155416af612ddd0eba1887e635c34828625399f398:11)
04-18 20:28:39.994 W/AppSearchAppsUtil( 1112): 	at com.android.server.appsearch.appsindexer.AppsIndexerUserInstance$$ExternalSyntheticLambda0.run(go/retraceme 445dbf8f0e4f43638218a1155416af612ddd0eba1887e635c34828625399f398:10)
04-18 20:28:39.994 W/AppSearchAppsUtil( 1112): 	at java.util.concurrent.ThreadPoolExecutor.runWorker(ThreadPoolExecutor.java:1156)
04-18 20:28:39.994 W/AppSearchAppsUtil( 1112): 	at java.util.concurrent.ThreadPoolExecutor$Worker.run(ThreadPoolExecutor.java:651)
04-18 20:28:39.994 W/AppSearchAppsUtil( 1112): 	at java.lang.Thread.run(Thread.java:1119)
04-18 20:28:39.994 W/AppSearchAppsUtil( 1112): getDynamicAppFunctionSchemasForPackages: Failed to get schema property for package: com.samsung.android.app.sharelive
04-18 20:28:39.994 W/AppSearchAppsUtil( 1112): android.content.pm.PackageManager$NameNotFoundException
04-18 20:28:39.994 W/AppSearchAppsUtil( 1112): 	at android.app.ApplicationPackageManager.getPropertyAsUser(ApplicationPackageManager.java:4403)
04-18 20:28:39.994 W/AppSearchAppsUtil( 1112): 	at android.app.ApplicationPackageManager.getProperty(ApplicationPackageManager.java:4390)
04-18 20:28:39.994 W/AppSearchAppsUtil( 1112): 	at com.android.server.appsearch.appsindexer.AppsIndexerImpl.doUpdateIncrementalPut(go/retraceme 445dbf8f0e4f43638218a1155416af612ddd0eba1887e635c34828625399f398:76)
04-18 20:28:39.994 W/AppSearchAppsUtil( 1112): 	at com.android.server.appsearch.appsindexer.AppsIndexerUserInstance.doUpdate(go/retraceme 445dbf8f0e4f43638218a1155416af612ddd0eba1887e635c34828625399f398:73)
04-18 20:28:39.994 W/AppSearchAppsUtil( 1112): 	at com.android.server.appsearch.appsindexer.AppsIndexerUserInstance$$ExternalSyntheticLambda2.run(go/retraceme 445dbf8f0e4f43638218a1155416af612ddd0eba1887e635c34828625399f398:11)
04-18 20:28:39.994 W/AppSearchAppsUtil( 1112): 	at com.android.server.appsearch.appsindexer.AppsIndexerUserInstance$$ExternalSyntheticLambda0.run(go/retraceme 445dbf8f0e4f43638218a1155416af612ddd0eba1887e635c34828625399f398:10)
04-18 20:28:39.994 W/AppSearchAppsUtil( 1112): 	at java.util.concurrent.ThreadPoolExecutor.runWorker(ThreadPoolExecutor.java:1156)
04-18 20:28:39.994 W/AppSearchAppsUtil( 1112): 	at java.util.concurrent.ThreadPoolExecutor$Worker.run(ThreadPoolExecutor.java:651)
04-18 20:28:39.994 W/AppSearchAppsUtil( 1112): 	at java.lang.Thread.run(Thread.java:1119)
04-18 20:28:39.994 W/AppSearchAppsUtil( 1112): getDynamicAppFunctionSchemasForPackages: Failed to get schema property for package: com.samsung.android.messaging
04-18 20:28:39.994 W/AppSearchAppsUtil( 1112): android.content.pm.PackageManager$NameNotFoundException
04-18 20:28:39.994 W/AppSearchAppsUtil( 1112): 	at android.app.ApplicationPackageManager.getPropertyAsUser(ApplicationPackageManager.java:4403)
04-18 20:28:39.994 W/AppSearchAppsUtil( 1112): 	at android.app.ApplicationPackageManager.getProperty(ApplicationPackageManager.java:4390)
04-18 20:28:39.994 W/AppSearchAppsUtil( 1112): 	at com.android.server.appsearch.appsindexer.AppsIndexerImpl.doUpdateIncrementalPut(go/retraceme 445dbf8f0e4f43638218a1155416af612ddd0eba1887e635c34828625399f398:76)
04-18 20:28:39.994 W/AppSearchAppsUtil( 1112): 	at com.android.server.appsearch.appsindexer.AppsIndexerUserInstance.doUpdate(go/retraceme 445dbf8f0e4f43638218a1155416af612ddd0eba1887e635c34828625399f398:73)
04-18 20:28:39.994 W/AppSearchAppsUtil( 1112): 	at com.android.server.appsearch.appsindexer.AppsIndexerUserInstance$$ExternalSyntheticLambda2.run(go/retraceme 445dbf8f0e4f43638218a1155416af612ddd0eba1887e635c34828625399f398:11)
04-18 20:28:39.994 W/AppSearchAppsUtil( 1112): 	at com.android.server.appsearch.appsindexer.AppsIndexerUserInstance$$ExternalSyntheticLambda0.run(go/retraceme 445dbf8f0e4f43638218a1155416af612ddd0eba1887e635c34828625399f398:10)
04-18 20:28:39.994 W/AppSearchAppsUtil( 1112): 	at java.util.concurrent.ThreadPoolExecutor.runWorker(ThreadPoolExecutor.java:1156)
04-18 20:28:39.994 W/AppSearchAppsUtil( 1112): 	at java.util.concurrent.ThreadPoolExecutor$Worker.run(ThreadPoolExecutor.java:651)
04-18 20:28:39.994 W/AppSearchAppsUtil( 1112): 	at java.lang.Thread.run(Thread.java:1119)
04-18 20:28:39.994 W/AppSearchAppsUtil( 1112): getDynamicAppFunctionSchemasForPackages: Failed to get schema property for package: com.samsung.android.app.reminder
04-18 20:28:39.994 W/AppSearchAppsUtil( 1112): android.content.pm.PackageManager$NameNotFoundException
04-18 20:28:39.994 W/AppSearchAppsUtil( 1112): 	at android.app.ApplicationPackageManager.getPropertyAsUser(ApplicationPackageManager.java:4403)
04-18 20:28:39.994 W/AppSearchAppsUtil( 1112): 	at android.app.ApplicationPackageManager.getProperty(ApplicationPackageManager.java:4390)
04-18 20:28:39.994 W/AppSearchAppsUtil( 1112): 	at com.android.server.appsearch.appsindexer.AppsIndexerImpl.doUpdateIncrementalPut(go/retraceme 445dbf8f0e4f43638218a1155416af612ddd0eba1887e635c34828625399f398:76)
04-18 20:28:39.994 W/AppSearchAppsUtil( 1112): 	at com.android.server.appsearch.appsindexer.AppsIndexerUserInstance.doUpdate(go/retraceme 445dbf8f0e4f43638218a1155416af612ddd0eba1887e635c34828625399f398:73)
04-18 20:28:39.994 W/AppSearchAppsUtil( 1112): 	at com.android.server.appsearch.appsindexer.AppsIndexerUserInstance$$ExternalSyntheticLambda2.run(go/retraceme 445dbf8f0e4f43638218a1155416af612ddd0eba1887e635c34828625399f398:11)
04-18 20:28:39.994 W/AppSearchAppsUtil( 1112): 	at com.android.server.appsearch.appsindexer.AppsIndexerUserInstance$$ExternalSyntheticLambda0.run(go/retraceme 445dbf8f0e4f43638218a1155416af612ddd0eba1887e635c34828625399f398:10)
04-18 20:28:39.994 W/AppSearchAppsUtil( 1112): 	at java.util.concurrent.ThreadPoolExecutor.runWorker(ThreadPoolExecutor.java:1156)
04-18 20:28:39.994 W/AppSearchAppsUtil( 1112): 	at java.util.concurrent.ThreadPoolExecutor$Worker.run(ThreadPoolExecutor.java:651)
04-18 20:28:39.994 W/AppSearchAppsUtil( 1112): 	at java.lang.Thread.run(Thread.java:1119)
04-18 20:28:39.994 D/SGM:GameManager( 1112): identifyGamePackage. com.teslacoilsw.launcher, mCurrentUserId: 0, callerUserId: 0, callingMethodInfo: com.samsung.android.game.SemGameManager.isGamePackage(SemGameManager.java:105)
04-18 20:28:39.994 D/SGM:SemGameManager( 1112): isGamePackage(), pkgName=com.teslacoilsw.launcher, ret=false
04-18 20:28:39.994 W/AppSearchAppsUtil( 1112): getDynamicAppFunctionSchemasForPackages: Failed to get schema property for package: com.samsung.android.calendar
04-18 20:28:39.994 W/AppSearchAppsUtil( 1112): android.content.pm.PackageManager$NameNotFoundException
04-18 20:28:39.994 W/AppSearchAppsUtil( 1112): 	at android.app.ApplicationPackageManager.getPropertyAsUser(ApplicationPackageManager.java:4403)
04-18 20:28:39.994 W/AppSearchAppsUtil( 1112): 	at android.app.ApplicationPackageManager.getProperty(ApplicationPackageManager.java:4390)
04-18 20:28:39.994 W/AppSearchAppsUtil( 1112): 	at com.android.server.appsearch.appsindexer.AppsIndexerImpl.doUpdateIncrementalPut(go/retraceme 445dbf8f0e4f43638218a1155416af612ddd0eba1887e635c34828625399f398:76)
04-18 20:28:39.994 W/AppSearchAppsUtil( 1112): 	at com.android.server.appsearch.appsindexer.AppsIndexerUserInstance.doUpdate(go/retraceme 445dbf8f0e4f43638218a1155416af612ddd0eba1887e635c34828625399f398:73)
04-18 20:28:39.994 W/AppSearchAppsUtil( 1112): 	at com.android.server.appsearch.appsindexer.AppsIndexerUserInstance$$ExternalSyntheticLambda2.run(go/retraceme 445dbf8f0e4f43638218a1155416af612ddd0eba1887e635c34828625399f398:11)
04-18 20:28:39.994 W/AppSearchAppsUtil( 1112): 	at com.android.server.appsearch.appsindexer.AppsIndexerUserInstance$$ExternalSyntheticLambda0.run(go/retraceme 445dbf8f0e4f43638218a1155416af612ddd0eba1887e635c34828625399f398:10)
04-18 20:28:39.994 W/AppSearchAppsUtil( 1112): 	at java.util.concurrent.ThreadPoolExecutor.runWorker(ThreadPoolExecutor.java:1156)
04-18 20:28:39.994 W/AppSearchAppsUtil( 1112): 	at java.util.concurrent.ThreadPoolExecutor$Worker.run(ThreadPoolExecutor.java:651)
04-18 20:28:39.994 W/AppSearchAppsUtil( 1112): 	at java.lang.Thread.run(Thread.java:1119)
04-18 20:28:39.994 W/AppSearchAppsUtil( 1112): getDynamicAppFunctionSchemasForPackages: Failed to get schema property for package: com.sec.android.app.clockpackage
04-18 20:28:39.994 W/AppSearchAppsUtil( 1112): android.content.pm.PackageManager$NameNotFoundException
04-18 20:28:39.994 W/AppSearchAppsUtil( 1112): 	at android.app.ApplicationPackageManager.getPropertyAsUser(ApplicationPackageManager.java:4403)
04-18 20:28:39.994 W/AppSearchAppsUtil( 1112): 	at android.app.ApplicationPackageManager.getProperty(ApplicationPackageManager.java:4390)
04-18 20:28:39.994 W/AppSearchAppsUtil( 1112): 	at com.android.server.appsearch.appsindexer.AppsIndexerImpl.doUpdateIncrementalPut(go/retraceme 445dbf8f0e4f43638218a1155416af612ddd0eba1887e635c34828625399f398:76)
04-18 20:28:39.994 W/AppSearchAppsUtil( 1112): 	at com.android.server.appsearch.appsindexer.AppsIndexerUserInstance.doUpdate(go/retraceme 445dbf8f0e4f43638218a1155416af612ddd0eba1887e635c34828625399f398:73)
04-18 20:28:39.994 W/AppSearchAppsUtil( 1112): 	at com.android.server.appsearch.appsindexer.AppsIndexerUserInstance$$ExternalSyntheticLambda2.run(go/retraceme 445dbf8f0e4f43638218a1155416af612ddd0eba1887e635c34828625399f398:11)
04-18 20:28:39.994 W/AppSearchAppsUtil( 1112): 	at com.android.server.appsearch.appsindexer.AppsIndexerUserInstance$$ExternalSyntheticLambda0.run(go/retraceme 445dbf8f0e4f43638218a1155416af612ddd0eba1887e635c34828625399f398:10)
04-18 20:28:39.994 W/AppSearchAppsUtil( 1112): 	at java.util.concurrent.ThreadPoolExecutor.runWorker(ThreadPoolExecutor.java:1156)
04-18 20:28:39.994 W/AppSearchAppsUtil( 1112): 	at java.util.concurrent.ThreadPoolExecutor$Worker.run(ThreadPoolExecutor.java:651)
04-18 20:28:39.994 W/AppSearchAppsUtil( 1112): 	at java.lang.Thread.run(Thread.java:1119)
04-18 20:28:39.995 W/AppSearchAppsUtil( 1112): getDynamicAppFunctionSchemasForPackages: Failed to get schema property for package: com.sec.android.mimage.photoretouching
04-18 20:28:39.995 W/AppSearchAppsUtil( 1112): android.content.pm.PackageManager$NameNotFoundException
04-18 20:28:39.995 W/AppSearchAppsUtil( 1112): 	at android.app.ApplicationPackageManager.getPropertyAsUser(ApplicationPackageManager.java:4403)
04-18 20:28:39.995 W/AppSearchAppsUtil( 1112): 	at android.app.ApplicationPackageManager.getProperty(ApplicationPackageManager.java:4390)
04-18 20:28:39.995 W/AppSearchAppsUtil( 1112): 	at com.android.server.appsearch.appsindexer.AppsIndexerImpl.doUpdateIncrementalPut(go/retraceme 445dbf8f0e4f43638218a1155416af612ddd0eba1887e635c34828625399f398:76)
04-18 20:28:39.995 W/AppSearchAppsUtil( 1112): 	at com.android.server.appsearch.appsindexer.AppsIndexerUserInstance.doUpdate(go/retraceme 445dbf8f0e4f43638218a1155416af612ddd0eba1887e635c34828625399f398:73)
04-18 20:28:39.995 W/AppSearchAppsUtil( 1112): 	at com.android.server.appsearch.appsindexer.AppsIndexerUserInstance$$ExternalSyntheticLambda2.run(go/retraceme 445dbf8f0e4f43638218a1155416af612ddd0eba1887e635c34828625399f398:11)
04-18 20:28:39.995 W/AppSearchAppsUtil( 1112): 	at com.android.server.appsearch.appsindexer.AppsIndexerUserInstance$$ExternalSyntheticLambda0.run(go/retraceme 445dbf8f0e4f43638218a1155416af612ddd0eba1887e635c34828625399f398:10)
04-18 20:28:39.995 W/AppSearchAppsUtil( 1112): 	at java.util.concurrent.ThreadPoolExecutor.runWorker(ThreadPoolExecutor.java:1156)
04-18 20:28:39.995 W/AppSearchAppsUtil( 1112): 	at java.util.concurrent.ThreadPoolExecutor$Worker.run(ThreadPoolExecutor.java:651)
04-18 20:28:39.995 W/AppSearchAppsUtil( 1112): 	at java.lang.Thread.run(Thread.java:1119)
04-18 20:28:39.995 W/AppSearchAppsUtil( 1112): getDynamicAppFunctionSchemasForPackages: Failed to get schema property for package: com.samsung.android.app.contacts
04-18 20:28:39.995 W/AppSearchAppsUtil( 1112): android.content.pm.PackageManager$NameNotFoundException
04-18 20:28:39.995 W/AppSearchAppsUtil( 1112): 	at android.app.ApplicationPackageManager.getPropertyAsUser(ApplicationPackageManager.java:4403)
04-18 20:28:39.995 W/AppSearchAppsUtil( 1112): 	at android.app.ApplicationPackageManager.getProperty(ApplicationPackageManager.java:4390)
04-18 20:28:39.995 W/AppSearchAppsUtil( 1112): 	at com.android.server.appsearch.appsindexer.AppsIndexerImpl.doUpdateIncrementalPut(go/retraceme 445dbf8f0e4f43638218a1155416af612ddd0eba1887e635c34828625399f398:76)
04-18 20:28:39.995 W/AppSearchAppsUtil( 1112): 	at com.android.server.appsearch.appsindexer.AppsIndexerUserInstance.doUpdate(go/retraceme 445dbf8f0e4f43638218a1155416af612ddd0eba1887e635c34828625399f398:73)
04-18 20:28:39.995 W/AppSearchAppsUtil( 1112): 	at com.android.server.appsearch.appsindexer.AppsIndexerUserInstance$$ExternalSyntheticLambda2.run(go/retraceme 445dbf8f0e4f43638218a1155416af612ddd0eba1887e635c34828625399f398:11)
04-18 20:28:39.995 W/AppSearchAppsUtil( 1112): 	at com.android.server.appsearch.appsindexer.AppsIndexerUserInstance$$ExternalSyntheticLambda0.run(go/retraceme 445dbf8f0e4f43638218a1155416af612ddd0eba1887e635c34828625399f398:10)
04-18 20:28:39.995 W/AppSearchAppsUtil( 1112): 	at java.util.concurrent.ThreadPoolExecutor.runWorker(ThreadPoolExecutor.java:1156)
04-18 20:28:39.995 W/AppSearchAppsUtil( 1112): 	at java.util.concurrent.ThreadPoolExecutor$Worker.run(ThreadPoolExecutor.java:651)
04-18 20:28:39.995 W/AppSearchAppsUtil( 1112): 	at java.lang.Thread.run(Thread.java:1119)
04-18 20:28:39.995 W/AppSearchAppsUtil( 1112): getDynamicAppFunctionSchemasForPackages: Failed to get schema property for package: com.sec.android.app.myfiles
04-18 20:28:39.995 W/AppSearchAppsUtil( 1112): android.content.pm.PackageManager$NameNotFoundException
04-18 20:28:39.995 W/AppSearchAppsUtil( 1112): 	at android.app.ApplicationPackageManager.getPropertyAsUser(ApplicationPackageManager.java:4403)
04-18 20:28:39.995 W/AppSearchAppsUtil( 1112): 	at android.app.ApplicationPackageManager.getProperty(ApplicationPackageManager.java:4390)
04-18 20:28:39.995 W/AppSearchAppsUtil( 1112): 	at com.android.server.appsearch.appsindexer.AppsIndexerImpl.doUpdateIncrementalPut(go/retraceme 445dbf8f0e4f43638218a1155416af612ddd0eba1887e635c34828625399f398:76)
04-18 20:28:39.995 W/AppSearchAppsUtil( 1112): 	at com.android.server.appsearch.appsindexer.AppsIndexerUserInstance.doUpdate(go/retraceme 445dbf8f0e4f43638218a1155416af612ddd0eba1887e635c34828625399f398:73)
04-18 20:28:39.995 W/AppSearchAppsUtil( 1112): 	at com.android.server.appsearch.appsindexer.AppsIndexerUserInstance$$ExternalSyntheticLambda2.run(go/retraceme 445dbf8f0e4f43638218a1155416af612ddd0eba1887e635c34828625399f398:11)
04-18 20:28:39.995 W/AppSearchAppsUtil( 1112): 	at com.android.server.appsearch.appsindexer.AppsIndexerUserInstance$$ExternalSyntheticLambda0.run(go/retraceme 445dbf8f0e4f43638218a1155416af612ddd0eba1887e635c34828625399f398:10)
04-18 20:28:39.995 W/AppSearchAppsUtil( 1112): 	at java.util.concurrent.ThreadPoolExecutor.runWorker(ThreadPoolExecutor.java:1156)
04-18 20:28:39.995 W/AppSearchAppsUtil( 1112): 	at java.util.concurrent.ThreadPoolExecutor$Worker.run(ThreadPoolExecutor.java:651)
04-18 20:28:39.995 W/AppSearchAppsUtil( 1112): 	at java.lang.Thread.run(Thread.java:1119)
04-18 20:28:39.995 W/AppSearchAppsUtil( 1112): getDynamicAppFunctionSchemasForPackages: Failed to get schema property for package: com.sec.android.gallery3d
04-18 20:28:39.995 W/AppSearchAppsUtil( 1112): android.content.pm.PackageManager$NameNotFoundException
04-18 20:28:39.995 W/AppSearchAppsUtil( 1112): 	at android.app.ApplicationPackageManager.getPropertyAsUser(ApplicationPackageManager.java:4403)
04-18 20:28:39.995 W/AppSearchAppsUtil( 1112): 	at android.app.ApplicationPackageManager.getProperty(ApplicationPackageManager.java:4390)
04-18 20:28:39.995 W/AppSearchAppsUtil( 1112): 	at com.android.server.appsearch.appsindexer.AppsIndexerImpl.doUpdateIncrementalPut(go/retraceme 445dbf8f0e4f43638218a1155416af612ddd0eba1887e635c34828625399f398:76)
04-18 20:28:39.995 W/AppSearchAppsUtil( 1112): 	at com.android.server.appsearch.appsindexer.AppsIndexerUserInstance.doUpdate(go/retraceme 445dbf8f0e4f43638218a1155416af612ddd0eba1887e635c34828625399f398:73)
04-18 20:28:39.995 W/AppSearchAppsUtil( 1112): 	at com.android.server.appsearch.appsindexer.AppsIndexerUserInstance$$ExternalSyntheticLambda2.run(go/retraceme 445dbf8f0e4f43638218a1155416af612ddd0eba1887e635c34828625399f398:11)
04-18 20:28:39.995 W/AppSearchAppsUtil( 1112): 	at com.android.server.appsearch.appsindexer.AppsIndexerUserInstance$$ExternalSyntheticLambda0.run(go/retraceme 445dbf8f0e4f43638218a1155416af612ddd0eba1887e635c34828625399f398:10)
04-18 20:28:39.995 W/AppSearchAppsUtil( 1112): 	at java.util.concurrent.ThreadPoolExecutor.runWorker(ThreadPoolExecutor.java:1156)
04-18 20:28:39.995 W/AppSearchAppsUtil( 1112): 	at java.util.concurrent.ThreadPoolExecutor$Worker.run(ThreadPoolExecutor.java:651)
04-18 20:28:39.995 W/AppSearchAppsUtil( 1112): 	at java.lang.Thread.run(Thread.java:1119)
04-18 20:28:39.995 W/AppSearchAppsUtil( 1112): getDynamicAppFunctionSchemasForPackages: Failed to get schema property for package: com.samsung.android.dialer
04-18 20:28:39.995 W/AppSearchAppsUtil( 1112): android.content.pm.PackageManager$NameNotFoundException
04-18 20:28:39.995 W/AppSearchAppsUtil( 1112): 	at android.app.ApplicationPackageManager.getPropertyAsUser(ApplicationPackageManager.java:4403)
04-18 20:28:39.995 W/AppSearchAppsUtil( 1112): 	at android.app.ApplicationPackageManager.getProperty(ApplicationPackageManager.java:4390)
04-18 20:28:39.995 W/AppSearchAppsUtil( 1112): 	at com.android.server.appsearch.appsindexer.AppsIndexerImpl.doUpdateIncrementalPut(go/retraceme 445dbf8f0e4f43638218a1155416af612ddd0eba1887e635c34828625399f398:76)
04-18 20:28:39.995 W/AppSearchAppsUtil( 1112): 	at com.android.server.appsearch.appsindexer.AppsIndexerUserInstance.doUpdate(go/retraceme 445dbf8f0e4f43638218a1155416af612ddd0eba1887e635c34828625399f398:73)
04-18 20:28:39.995 W/AppSearchAppsUtil( 1112): 	at com.android.server.appsearch.appsindexer.AppsIndexerUserInstance$$ExternalSyntheticLambda2.run(go/retraceme 445dbf8f0e4f43638218a1155416af612ddd0eba1887e635c34828625399f398:11)
04-18 20:28:39.995 W/AppSearchAppsUtil( 1112): 	at com.android.server.appsearch.appsindexer.AppsIndexerUserInstance$$ExternalSyntheticLambda0.run(go/retraceme 445dbf8f0e4f43638218a1155416af612ddd0eba1887e635c34828625399f398:10)
04-18 20:28:39.995 W/AppSearchAppsUtil( 1112): 	at java.util.concurrent.ThreadPoolExecutor.runWorker(ThreadPoolExecutor.java:1156)
04-18 20:28:39.995 W/AppSearchAppsUtil( 1112): 	at java.util.concurrent.ThreadPoolExecutor$Worker.run(ThreadPoolExecutor.java:651)
04-18 20:28:39.995 W/AppSearchAppsUtil( 1112): 	at java.lang.Thread.run(Thread.java:1119)
04-18 20:28:39.995 D/SemWifiPackageInfo( 1112): isSkipCategory - skip:NONE
04-18 20:28:39.996 I/SemExecuteManagerService( 1112): onShortcutChanged: com.teslacoilsw.launcher0
04-18 20:28:39.997 W/AlarmManager( 1112): Package com.teslacoilsw.launcher, uid 10354 lost permission to set exact alarms!
04-18 20:28:39.997 V/NotificationManagerService$NotificationListeners( 1112): enabling notification listener for 0: ComponentInfo{com.teslacoilsw.launcher/com.teslacoilsw.launcher.notificationlistener.NotificationListener}
04-18 20:28:39.997 V/NotificationManagerService$NotificationListeners( 1112): Not registering ComponentInfo{com.teslacoilsw.launcher/com.teslacoilsw.launcher.notificationlistener.NotificationListener} is already bound
04-18 20:28:39.997 V/NotificationManagerService$NotificationListeners( 1112): enabling notification listener for 0: ComponentInfo{com.actionlauncher.playstore/com.actionlauncher.notificationlistener.NotificationService}
04-18 20:28:39.997 V/NotificationManagerService$NotificationListeners( 1112): Not registering ComponentInfo{com.actionlauncher.playstore/com.actionlauncher.notificationlistener.NotificationService} is already bound
04-18 20:28:39.997 V/NotificationManagerService$NotificationListeners( 1112): enabling notification listener for 0: ComponentInfo{com.bitdefender.security/com.bitdefender.lambada.sensors.NotificationsSensor$NotificationService}
04-18 20:28:39.997 V/NotificationManagerService$NotificationListeners( 1112): Not registering ComponentInfo{com.bitdefender.security/com.bitdefender.lambada.sensors.NotificationsSensor$NotificationService} is already bound
04-18 20:28:39.997 V/NotificationManagerService$NotificationListeners( 1112): enabling notification listener for 0: ComponentInfo{com.sec.android.app.launcher/com.android.launcher3.notification.NotificationListener}
04-18 20:28:39.997 V/NotificationManagerService$NotificationListeners( 1112): Not registering ComponentInfo{com.sec.android.app.launcher/com.android.launcher3.notification.NotificationListener} is already bound
04-18 20:28:40.003 W/AppOpService( 1112): Ignored setUidMode call for runtime permission app op: uid = 10212, code = FINE_LOCATION, mode = allow, callingUid = 1000, oldMode = allow
04-18 20:28:40.005 D/ApplicationLoaders(28977): Returning zygote-cached class loader: /system/framework/org.apache.http.legacy.jar
04-18 20:28:40.007 D/LauncherApps( 1112): onPackageChanged 0,com.teslacoilsw.launcher
04-18 20:28:40.008 D/LauncherApps( 3869): onPackageChanged 0,com.teslacoilsw.launcher
04-18 20:28:40.008 D/LauncherApps( 1814): onPackageChanged 0,com.teslacoilsw.launcher
04-18 20:28:40.008 I/[MCFDs]_AppStatusHelper( 4083): updateStatus - packageName:*.l*un*, isAvailable:false
04-18 20:28:40.014 I/Finsky:background(30703): [2] aixr - Received: android.intent.action.PACKAGE_ADDED, [Y3zRMiFr6X0kYgOIX6SWZvagYTKUKWUEInJDT7FT5ZQ]
04-18 20:28:40.015 D/BluetoothEventManager( 1814): AppPackageChangedHandler: action = android.intent.action.PACKAGE_ADDED
04-18 20:28:40.015 D/BluetoothEventManager( 1814): AppPackageChangedHandler: package name = com.teslacoilsw.launcher
04-18 20:28:40.016 D/SecSTQuickControlRequestReceiver( 1814): onReceive intent = Intent { act=android.intent.action.PACKAGE_REPLACED dat=package: flg=0x4000010 (has extras) }
