04-18 20:28:25.153 I/ScanController( 4384): onScanResult to scannerId: 9- eventType=0x1b, addressType=1, address=XX:XX:XX:XX:AE:A9, primaryPhy=1, secondaryPhy=0, advertisingSid=0xff, txPower=127, rssi=-80, periodicAdvInt=0x0
04-18 20:28:25.164 V/ClearcutMetricXmitter( 5859): Transmission is done.
04-18 20:28:25.165 I/ScanController( 4384): onScanResult to scannerId: 7- eventType=0x0, addressType=1, address=XX:XX:XX:XX:55:E6, primaryPhy=1, secondaryPhy=1, advertisingSid=0x2, txPower=127, rssi=-53, periodicAdvInt=0x0
04-18 20:28:25.167 I/SDM     ( 1793): AIScalerFeatureIntfImpl::LookupConfig: Scale ratio = 1.780000
04-18 20:28:25.167 I/SDM     ( 1793): AIScalerParserIntfImpl::LookupConfig: Scale Ratio Match Found Here
04-18 20:28:25.206 I/ScanController( 4384): onScanResult to scannerId: 2- eventType=0x1b, addressType=0, address=XX:XX:XX:XX:B7:E9, primaryPhy=1, secondaryPhy=0, advertisingSid=0xff, txPower=127, rssi=-45, periodicAdvInt=0x0
04-18 20:28:25.245 I/vendor.qti.bluetooth@1.0-ibs_handler( 1758): ProcessIbsCmd: Received IBS_SLEEP_IND: 0xFE
04-18 20:28:25.245 D/vendor.qti.bluetooth@1.0-ibs_handler( 1758): SerialClockVote: vote for UART CLK OFF
04-18 20:28:25.336 D/PowerManagerService( 2880): displayReady: false groupId=0
04-18 20:28:25.336 D/DisplayPowerController[0]( 2880): animateScreenStateChange: target=ON, mIsEnabled=true
04-18 20:28:25.336 D/PowerManagerService( 2880): displayReady: true groupId=0
04-18 20:28:25.392 I/sensors-hal( 1767): handle_sns_client_event:202, auto_rotation_debug_2 mode,255, type,1,0 acc,-0.057,9.284,3.273, ar,0, ver,14, pedo,1,e,1,i,3
04-18 20:28:25.395 D/vendor.qti.bluetooth@1.0-wake_lock( 1758): Release wakelock is released 
04-18 20:28:25.398 E/HeatmapThread( 1872): ECT Thread time in milliseconds: 1776558505
04-18 20:28:25.401 D/HeatmapThread( 1872): !@ batteryplugType : 0
04-18 20:28:25.401 D/HeatmapThread( 1872): !@ batteryLevel : 59  batteryTemperature : 342 
04-18 20:28:25.401 D/HeatmapThread( 1872): !@ Heatmap currtime: 29609308
04-18 20:28:25.401 D/HeatmapThread( 1872): !@ Heatmap prevtime: 29609305
04-18 20:28:25.401 D/HeatmapThread( 1872): !@ Heatmap plugstarttime: 35791394
04-18 20:28:25.401 D/HeatmapThread( 1872): !@ Heatmap prevv_dsoh_update_time: 29609163
04-18 20:28:25.401 E/HeatmapThread( 1872): !@ CAM New BSOH: 100
04-18 20:28:25.437 I/SDM     ( 1793): DisplayBase::CommitThread: Received idle timeout, panel: cmd, timeout: 70000 us
04-18 20:28:25.477 I/SDM     ( 1793): AIScalerFeatureIntfImpl::LookupConfig: Scale ratio = 1.780000
04-18 20:28:25.477 I/SDM     ( 1793): AIScalerParserIntfImpl::LookupConfig: Scale Ratio Match Found Here
04-18 20:28:25.536 D/PowerManagerService( 2880): displayReady: false groupId=0
04-18 20:28:25.536 D/DisplayPowerController[0]( 2880): animateScreenStateChange: target=ON, mIsEnabled=true
04-18 20:28:25.536 D/PowerManagerService( 2880): displayReady: true groupId=0
04-18 20:28:25.547 I/SDM     ( 1793): DisplayBase::CommitThread: Received idle timeout, panel: cmd, timeout: 70000 us
04-18 20:28:25.568 D/NetdEventListenerService( 2880): DNS Requested by 105, 10646(com.scribd.app.reader0), 4(FAIL), isBlocked=true, 0ms
04-18 20:28:25.569 D/NetdEventListenerService( 2880): DNS Requested by 105, 10646(com.scribd.app.reader0), 4(FAIL), isBlocked=true, 0ms
04-18 20:28:25.569 D/NetdEventListenerService( 2880): DNS Requested by 105, 10646(com.scribd.app.reader0), 4(FAIL), isBlocked=true, 0ms
04-18 20:28:25.570 D/NetdEventListenerService( 2880): DNS Requested by 105, 10646(com.scribd.app.reader0), 4(FAIL), isBlocked=true, 0ms
04-18 20:28:25.572 D/NetdEventListenerService( 2880): DNS Requested by 105, 10646(com.scribd.app.reader0), 4(FAIL), isBlocked=true, 0ms
04-18 20:28:25.573 D/FirebasePerformance( 6176): network request trace: https://browser-intake-datadoghq.com/api/v2/rum (responseCode: UNKNOWN, responseTime: 1.261ms) is not allowed to cache. Cache exhausted the limit (availableTracesForCaching: 50, availableNetworkRequestsForCaching: 0, availableGaugesForCaching: 50).
04-18 20:28:25.602 D/io_stats( 1121): !@   8,0 r 27228453 468974040 w 5825136 118477488 d 449036 82020680 f 601 2204 iot 2165248 0 th 0 0 0 pt 0 inp 0 0 79381.537
04-18 20:28:25.602 D/io_stats( 1121): !@ Read_top(KB): ndroid.systemui:high(4008) 2192 ycho:persistent:high(5859) 464 .gms.persistent:top(18747) 16
04-18 20:28:25.602 D/io_stats( 1121): !@ Write_top(KB): kworker/u17:4:/(18473) 2716 yapp:AppMetrica:low(13621) 32 jbd2/sda7-8:/(1097) 12
04-18 20:28:25.668 I/sensors-hal( 1767): handle_sns_std_sensor_event:408, [SSC_LIGHT] P: 75(75),c:1,b:116,m:13,cl:0,l:75,s:42,l0:14048,l1:0,s0:8000,s1:0,acl:1,opr:0.11,f(r):321,u(bl):320,if:0,wi:0,si:0,0(N:0)
04-18 20:28:25.737 D/PowerManagerService( 2880): displayReady: false groupId=0
04-18 20:28:25.737 D/DisplayPowerController[0]( 2880): animateScreenStateChange: target=ON, mIsEnabled=true
04-18 20:28:25.737 D/PowerManagerService( 2880): displayReady: true groupId=0
04-18 20:28:25.772 W/adbd    ( 8751): timed out while waiting for FUNCTIONFS_BIND, trying again
04-18 20:28:25.772 I/adbd    ( 8751): UsbFfs: connection terminated: monitor thread finished
04-18 20:28:25.801 I/adbd    ( 8751): opening control endpoint /dev/usb-ffs/adb/ep0
04-18 20:28:25.937 D/PowerManagerService( 2880): displayReady: false groupId=0
04-18 20:28:25.937 D/DisplayPowerController[0]( 2880): animateScreenStateChange: target=ON, mIsEnabled=true
04-18 20:28:25.938 D/PowerManagerService( 2880): displayReady: true groupId=0
04-18 20:28:26.033 W/NotifHistoryProto( 2880): notification package name (com.dexcom.g7) not found in string cache
04-18 20:28:26.033 W/NotifHistoryProto( 2880): notification package name (com.dexcom.g7) not found in string cache
04-18 20:28:26.033 W/NotifHistoryProto( 2880): notification package name (com.dexcom.g7) not found in string cache
04-18 20:28:26.033 W/NotifHistoryProto( 2880): notification package name (com.android.systemui) not found in string cache
04-18 20:28:26.033 W/NotifHistoryProto( 2880): notification package name (com.dexcom.g7) not found in string cache
04-18 20:28:26.033 W/NotifHistoryProto( 2880): notification package name (com.dexcom.g7) not found in string cache
04-18 20:28:26.033 W/NotifHistoryProto( 2880): notification package name (com.dexcom.g7) not found in string cache
04-18 20:28:26.033 W/NotifHistoryProto( 2880): notification package name (com.dexcom.g7) not found in string cache
04-18 20:28:26.033 W/NotifHistoryProto( 2880): notification package name (com.averycorp.prismtask) not found in string cache
04-18 20:28:26.033 W/NotifHistoryProto( 2880): notification package name (com.android.systemui) not found in string cache
04-18 20:28:26.033 W/NotifHistoryProto( 2880): notification package name (com.dexcom.g7) not found in string cache
04-18 20:28:26.033 W/NotifHistoryProto( 2880): notification package name (com.dexcom.g7) not found in string cache
04-18 20:28:26.033 W/NotifHistoryProto( 2880): notification package name (com.dexcom.g7) not found in string cache
04-18 20:28:26.033 W/NotifHistoryProto( 2880): notification package name (com.dexcom.g7) not found in string cache
04-18 20:28:26.033 W/NotifHistoryProto( 2880): notification package name (com.dexcom.g7) not found in string cache
04-18 20:28:26.033 W/NotifHistoryProto( 2880): notification package name (com.dexcom.g7) not found in string cache
04-18 20:28:26.033 W/NotifHistoryProto( 2880): notification package name (com.android.systemui) not found in string cache
04-18 20:28:26.033 W/NotifHistoryProto( 2880): notification package name (com.dexcom.g7) not found in string cache
04-18 20:28:26.033 W/NotifHistoryProto( 2880): notification package name (com.dexcom.g7) not found in string cache
04-18 20:28:26.033 W/NotifHistoryProto( 2880): notification package name (com.dexcom.g7) not found in string cache
04-18 20:28:26.033 W/NotifHistoryProto( 2880): notification package name (com.dexcom.g7) not found in string cache
04-18 20:28:26.033 W/NotifHistoryProto( 2880): notification package name (com.dexcom.g7) not found in string cache
04-18 20:28:26.033 W/NotifHistoryProto( 2880): notification package name (com.google.android.apps.chromecast.app) not found in string cache
04-18 20:28:26.033 W/NotifHistoryProto( 2880): notification package name (com.google.android.apps.chromecast.app) not found in string cache
04-18 20:28:26.033 W/NotifHistoryProto( 2880): notification package name (com.dexcom.g7) not found in string cache
04-18 20:28:26.033 W/NotifHistoryProto( 2880): notification package name (com.dexcom.g7) not found in string cache
04-18 20:28:26.033 W/NotifHistoryProto( 2880): notification package name (com.dexcom.g7) not found in string cache
04-18 20:28:26.033 W/NotifHistoryProto( 2880): notification package name (com.dexcom.g7) not found in string cache
04-18 20:28:26.033 W/NotifHistoryProto( 2880): notification package name (com.dexcom.g7) not found in string cache
04-18 20:28:26.033 W/NotifHistoryProto( 2880): notification package name (com.dexcom.g7) not found in string cache
04-18 20:28:26.033 W/NotifHistoryProto( 2880): notification package name (com.dexcom.g7) not found in string cache
04-18 20:28:26.033 W/NotifHistoryProto( 2880): notification package name (com.dexcom.g7) not found in string cache
04-18 20:28:26.034 W/NotifHistoryProto( 2880): notification package name (com.dexcom.g7) not found in string cache
04-18 20:28:26.034 W/NotifHistoryProto( 2880): notification package name (com.dexcom.g7) not found in string cache
04-18 20:28:26.034 W/NotifHistoryProto( 2880): notification package name (com.dexcom.g7) not found in string cache
04-18 20:28:26.034 W/NotifHistoryProto( 2880): notification package name (com.dexcom.g7) not found in string cache
04-18 20:28:26.034 W/NotifHistoryProto( 2880): notification package name (com.dexcom.g7) not found in string cache
04-18 20:28:26.034 W/NotifHistoryProto( 2880): notification package name (com.dexcom.g7) not found in string cache
04-18 20:28:26.034 W/NotifHistoryProto( 2880): notification package name (com.dexcom.g7) not found in string cache
04-18 20:28:26.034 W/NotifHistoryProto( 2880): notification package name (com.android.systemui) not found in string cache
04-18 20:28:26.034 W/NotifHistoryProto( 2880): notification package name (com.android.systemui) not found in string cache
04-18 20:28:26.034 W/NotifHistoryProto( 2880): notification package name (com.dexcom.g7) not found in string cache
04-18 20:28:26.034 W/NotifHistoryProto( 2880): notification package name (com.averycorp.prismtask) not found in string cache
04-18 20:28:26.034 W/NotifHistoryProto( 2880): notification package name (com.dexcom.g7) not found in string cache
04-18 20:28:26.034 W/NotifHistoryProto( 2880): notification package name (com.dexcom.g7) not found in string cache
04-18 20:28:26.034 W/NotifHistoryProto( 2880): notification package name (com.dexcom.g7) not found in string cache
04-18 20:28:26.034 W/NotifHistoryProto( 2880): notification package name (com.dexcom.g7) not found in string cache
04-18 20:28:26.034 W/NotifHistoryProto( 2880): notification package name (com.dexcom.g7) not found in string cache
04-18 20:28:26.034 W/NotifHistoryProto( 2880): notification package name (com.dexcom.g7) not found in string cache
04-18 20:28:26.034 W/NotifHistoryProto( 2880): notification package name (com.dexcom.g7) not found in string cache
04-18 20:28:26.034 W/NotifHistoryProto( 2880): notification package name (com.dexcom.g7) not found in string cache
04-18 20:28:26.034 W/NotifHistoryProto( 2880): notification package name (com.dexcom.g7) not found in string cache
04-18 20:28:26.034 W/NotifHistoryProto( 2880): notification package name (com.dexcom.g7) not found in string cache
04-18 20:28:26.034 W/NotifHistoryProto( 2880): notification package name (com.dexcom.g7) not found in string cache
04-18 20:28:26.034 W/NotifHistoryProto( 2880): notification package name (com.dexcom.g7) not found in string cache
04-18 20:28:26.034 W/NotifHistoryProto( 2880): notification package name (com.dexcom.g7) not found in string cache
04-18 20:28:26.034 W/NotifHistoryProto( 2880): notification package name (com.android.systemui) not found in string cache
04-18 20:28:26.034 W/NotifHistoryProto( 2880): notification package name (com.dexcom.g7) not found in string cache
04-18 20:28:26.034 W/NotifHistoryProto( 2880): notification package name (com.dexcom.g7) not found in string cache
04-18 20:28:26.034 W/NotifHistoryProto( 2880): notification package name (com.android.systemui) not found in string cache
04-18 20:28:26.034 W/NotifHistoryProto( 2880): notification package name (com.android.systemui) not found in string cache
04-18 20:28:26.034 W/NotifHistoryProto( 2880): notification package name (com.dexcom.g7) not found in string cache
04-18 20:28:26.034 W/NotifHistoryProto( 2880): notification package name (com.dexcom.g7) not found in string cache
04-18 20:28:26.034 W/NotifHistoryProto( 2880): notification package name (com.dexcom.g7) not found in string cache
04-18 20:28:26.034 W/NotifHistoryProto( 2880): notification package name (com.dexcom.g7) not found in string cache
04-18 20:28:26.034 W/NotifHistoryProto( 2880): notification package name (com.dexcom.g7) not found in string cache
04-18 20:28:26.137 D/PowerManagerService( 2880): displayReady: false groupId=0
04-18 20:28:26.137 D/DisplayPowerController[0]( 2880): animateScreenStateChange: target=ON, mIsEnabled=true
04-18 20:28:26.137 D/PowerManagerService( 2880): displayReady: true groupId=0
04-18 20:28:26.331 I/NativePlugin(15085): call is: getSystemAlertSound
04-18 20:28:26.332 D/RingtoneManager(15085): getActualDefaultRingtoneUri  type    :4
04-18 20:28:26.332 I/RingtoneManager(15085): Ringtone value : content://0@media/internal/audio/media/146?title=Homecoming&canonical=1
04-18 20:28:26.338 D/PowerManagerService( 2880): displayReady: false groupId=0
04-18 20:28:26.338 D/DisplayPowerController[0]( 2880): animateScreenStateChange: target=ON, mIsEnabled=true
04-18 20:28:26.338 D/PowerManagerService( 2880): displayReady: true groupId=0
04-18 20:28:26.355 I/SemWifiCtlFeatureMediator( 2880): Trf ratio: 0.1% (0.30 / 589.06) v ( NR) || Query: BW false (false) 0.7 0.5 1.0 / NSS true (false) 1.0 1.0 1.0 
04-18 20:28:26.398 E/HeatmapThread( 1872): ECT Thread time in milliseconds: 1776558506
04-18 20:28:26.401 D/HeatmapThread( 1872): !@ batteryplugType : 0
04-18 20:28:26.401 D/HeatmapThread( 1872): !@ batteryLevel : 59  batteryTemperature : 342 
04-18 20:28:26.401 D/HeatmapThread( 1872): !@ Heatmap currtime: 29609308
04-18 20:28:26.401 D/HeatmapThread( 1872): !@ Heatmap prevtime: 29609305
04-18 20:28:26.401 D/HeatmapThread( 1872): !@ Heatmap plugstarttime: 35791394
04-18 20:28:26.401 D/HeatmapThread( 1872): !@ Heatmap prevv_dsoh_update_time: 29609163
04-18 20:28:26.401 E/HeatmapThread( 1872): !@ CAM New BSOH: 100
04-18 20:28:26.474 I/VSyncReactor( 1888): Current= 120, Period= 120, Distance= 1
04-18 20:28:26.475 I/SDM     ( 1793): AIScalerFeatureIntfImpl::LookupConfig: Scale ratio = 1.780000
04-18 20:28:26.475 I/SDM     ( 1793): AIScalerParserIntfImpl::LookupConfig: Scale Ratio Match Found Here
04-18 20:28:26.482 I/VSyncReactor( 1888): Current= 120, Period= 120, Distance= 120
04-18 20:28:26.538 D/PowerManagerService( 2880): displayReady: false groupId=0
04-18 20:28:26.538 D/DisplayPowerController[0]( 2880): animateScreenStateChange: target=ON, mIsEnabled=true
04-18 20:28:26.538 D/PowerManagerService( 2880): displayReady: true groupId=0
04-18 20:28:26.546 I/SDM     ( 1793): DisplayBase::CommitThread: Received idle timeout, panel: cmd, timeout: 70000 us
04-18 20:28:26.638 V/SemStrongRssiRoaming( 2880): POLL (Rssi:-31 MinRssi:-25 Guard:1)
04-18 20:28:26.693 I/BatteryEventDispatcherImpl(23328): [_waitingForDispatchEvent] processing BatteryEventDispatcherImpl$DispatchEvent$OnPollTimeout
04-18 20:28:26.738 D/PowerManagerService( 2880): displayReady: false groupId=0
04-18 20:28:26.738 D/DisplayPowerController[0]( 2880): animateScreenStateChange: target=ON, mIsEnabled=true
04-18 20:28:26.738 D/PowerManagerService( 2880): displayReady: true groupId=0
04-18 20:28:26.804 W/adbd    ( 8751): timed out while waiting for FUNCTIONFS_BIND, trying again
04-18 20:28:26.804 I/adbd    ( 8751): UsbFfs: connection terminated: monitor thread finished
04-18 20:28:26.823 D/Notification(18752): bigpicture scaling before[1125 : 788]  after[907 : 636]
04-18 20:28:26.823 I/sensors-hal( 1767): handle_sns_client_event:379, [0][344637] accel_sample [-0.054,  9.292,  3.291] 79398566455557
04-18 20:28:26.824 I/NotificationManager(18752): com.dexcom.g7: notify(36, null, Notification(channel=channel_alerts shortcut=null contentView=com.dexcom.g7/0x7f0d0164 vibrate=null sound=null defaults=0 flags=ONGOING_EVENT|ONLY_ALERT_ONCE color=0x00000000 vis=PUBLIC semFlags=0x0 semPriority=0 semMissedCount=0)) as user
04-18 20:28:26.831 W/NotificationService( 2880): RemoteViews too large on pkg: com.dexcom.g7 tag: null id: 36 this might be stripped in a future release
04-18 20:28:26.832 D/RingtoneManager( 2880): getActualDefaultRingtoneUri  type    :2
04-18 20:28:26.832 I/RingtoneManager( 2880): Ringtone value : content://0@media/internal/audio/media/68?title=Voyager&canonical=1
04-18 20:28:26.832 W/Utils   ( 2880): The vibration Uri is null.
04-18 20:28:26.837 I/adbd    ( 8751): opening control endpoint /dev/usb-ffs/adb/ep0
04-18 20:28:26.904 I/system_server( 2880): Background young concurrent mark compact GC freed 39MB AllocSpace bytes, 23(460KB) LOS objects, 8% free, 219MB/241MB, paused 1.300ms,4.626ms total 117.218ms
04-18 20:28:26.933 E/WifiStaIfaceAidlImpl( 2880): getCachedScanData failed with service-specific exception: android.os.ServiceSpecificException:  (code 4)
04-18 20:28:26.937 D/SemWifiUsabilityStatsMonitor( 2880): onWifiUsabilityStats - seqNum 11398, isSameBssidAndFreq true
04-18 20:28:26.938 D/PowerManagerService( 2880): displayReady: false groupId=0
04-18 20:28:26.938 D/DisplayPowerController[0]( 2880): animateScreenStateChange: target=ON, mIsEnabled=true
04-18 20:28:26.938 I/SemWifiLinkQualityMonitor( 2880): Link stat: 2729 / 445 / 1.41 (166) / 1441 / -30.0 || 100.0 : 1441.00 / 0.5 : 0.71 / 0.55 : 0.16 / G (G) || 5da6045a5745: 0.092 / 87.356 / N || N N / 0 0 / Y 2.0 / Y X 0 / 79382873 0 || Invalid
04-18 20:28:26.939 D/PowerManagerService( 2880): displayReady: true groupId=0
04-18 20:28:26.939 D/InsDataManager( 2880): onOutageCountUpdate() - Outage Data: 0, LQ : Y. Outage Triggered: false
04-18 20:28:26.939 D/InsDataManager( 2880): Trying to save initial normal data.
04-18 20:28:26.939 E/InsController( 2880): Error in onOutageCountUpdate: android.net.VpnTransportInfo cannot be cast to android.net.wifi.WifiInfo
04-18 20:28:26.939 D/SemInsManager( 2880): {"bssid": "5da6045a5745","rssi": -30.0,"latency": 0.09157972122395057,"outage_count": 0,"lq_callback_triggered": true,"outage_log": "Link stat: 2729 / 445 / 1.41 (166) / 1441 / -30.0 || 100.0 : 1441.00 / 0.5 : 0.71 / 0.55 : 0.16 / G (G) || 5da6045a5745: 0.092 / 87.356 / N || N N / 0 0 / Y 2.0 / Y X 0 / 79382873 0 || Invalid""Magnetic Sensor Events size": "0""Pressure Sensor Events size": "0"}
04-18 20:28:27.029 I/vendor.qti.bluetooth@1.0-ibs_handler( 1758): ProcessIbsCmd: Received IBS_WAKE_IND: 0xFD
04-18 20:28:27.029 D/vendor.qti.bluetooth@1.0-ibs_handler( 1758): SerialClockVote: vote for UART CLK ON
04-18 20:28:27.029 D/vendor.qti.bluetooth@1.0-wake_lock( 1758): Acquire wakelock is acquired 
04-18 20:28:27.029 I/vendor.qti.bluetooth@1.0-ibs_handler( 1758): ProcessIbsCmd: Writing IBS_WAKE_ACK
04-18 20:28:27.037 I/ScanController( 4384): onScanResult to scannerId: 7- eventType=0x10, addressType=1, address=XX:XX:XX:XX:4F:77, primaryPhy=1, secondaryPhy=0, advertisingSid=0xff, txPower=127, rssi=-55, periodicAdvInt=0x0
04-18 20:28:27.040 I/Telecom ( 2880): SamsungTelecomServiceImpl : isInManagedCall - callingPackage : android / callingUser : UserHandle{0} / hasCrossUserAccess : true
04-18 20:28:27.042 D/RingtoneManager( 2880): getActualDefaultRingtoneUri  type    :2
04-18 20:28:27.042 I/RingtoneManager( 2880): Ringtone value : content://0@media/internal/audio/media/68?title=Voyager&canonical=1
04-18 20:28:27.042 W/Utils   ( 2880): The vibration Uri is null.
04-18 20:28:27.047 I/ScanController( 4384): onScanResult to scannerId: 9- eventType=0x1b, addressType=1, address=XX:XX:XX:XX:AE:A9, primaryPhy=1, secondaryPhy=0, advertisingSid=0xff, txPower=127, rssi=-90, periodicAdvInt=0x0
04-18 20:28:27.062 I/HoneySpace.NotificationListener( 4684): onNotificationPosted com.dexcom.g7: 0|com.dexcom.g7|36|null|10435: 0
04-18 20:28:27.062 I/HoneySpace.NotificationListener( 4684): invalid notification: com.dexcom.g7 UserHandle{0}: isGroup=false, isMissing=true
04-18 20:28:27.063 I/NotificationListener( 9088): [Service]v6.1.9-eap02 Received new notification
04-18 20:28:27.064 I/NotificationPipeline( 9088): Processing new notification: 0|com.dexcom.g7|36|null|10435
04-18 20:28:27.064 W/BridgeModeModel( 9088): Not started, default to bridging
04-18 20:28:27.064 E/Notification4WatchManager_NB( 9088): WatchFactory.getWatch-lastConnectedNodeId is null
04-18 20:28:27.065 W/Notification4WatchManager_NB( 9088): NotificationBridgeCallback.onNotificationPosted-never connected before
04-18 20:28:27.065 I/NotificationPipeline( 9088): Discarding notification: 0|com.dexcom.g7|36|null|10435
04-18 20:28:27.071 I/LockscreenNotificationIconsOnlyController( 4008): onNotificationInfoUpdated 0
04-18 20:28:27.071 I/AODNotificationManager( 4008): updateNotification() 
04-18 20:28:27.074 I/SDM     ( 1793): AIScalerFeatureIntfImpl::LookupConfig: Scale ratio = 1.780000
04-18 20:28:27.074 I/SDM     ( 1793): AIScalerParserIntfImpl::LookupConfig: Scale Ratio Match Found Here
04-18 20:28:27.081 I/VSyncReactor( 1888): Current= 120, Period= 120, Distance= 2
04-18 20:28:27.086 I/vendor.qti.bluetooth@1.0-ibs_handler( 1758): ProcessIbsCmd: Received IBS_SLEEP_IND: 0xFE
04-18 20:28:27.086 D/vendor.qti.bluetooth@1.0-ibs_handler( 1758): SerialClockVote: vote for UART CLK OFF
04-18 20:28:27.089 I/VSyncReactor( 1888): Current= 120, Period= 120, Distance= 120
04-18 20:28:27.106 I/sensors-hal( 1767): handle_sns_std_sensor_event:90, light_cct: ts = 79398862421390 ns; value = [75, 75, 29, 29, 37, 116, 0, 0, 14016, 0]
04-18 20:28:27.121 I/SDHMS:LOAD( 7213): type: LoadsFreqs, value: 2:0:0:1017600:1017600:1017600:928896:3072000:556800:220:222:160
04-18 20:28:27.138 D/PowerManagerService( 2880): displayReady: false groupId=0
04-18 20:28:27.138 D/DisplayPowerController[0]( 2880): animateScreenStateChange: target=ON, mIsEnabled=true
04-18 20:28:27.139 D/PowerManagerService( 2880): displayReady: true groupId=0
04-18 20:28:27.139 I/vendor.qti.bluetooth@1.0-ibs_handler( 1758): ProcessIbsCmd: Received IBS_WAKE_IND: 0xFD
04-18 20:28:27.139 D/vendor.qti.bluetooth@1.0-ibs_handler( 1758): SerialClockVote: vote for UART CLK ON
04-18 20:28:27.139 I/vendor.qti.bluetooth@1.0-ibs_handler( 1758): ProcessIbsCmd: Writing IBS_WAKE_ACK
04-18 20:28:27.144 I/ScanController( 4384): onScanResult to scannerId: 2- eventType=0x1b, addressType=1, address=XX:XX:XX:XX:5F:08, primaryPhy=1, secondaryPhy=0, advertisingSid=0xff, txPower=127, rssi=-72, periodicAdvInt=0x0
04-18 20:28:27.145 I/SDM     ( 1793): DisplayBase::CommitThread: Received idle timeout, panel: cmd, timeout: 70000 us
04-18 20:28:27.165 I/ScanController( 4384): onScanResult to scannerId: 7- eventType=0x0, addressType=1, address=XX:XX:XX:XX:55:E6, primaryPhy=1, secondaryPhy=1, advertisingSid=0x2, txPower=127, rssi=-62, periodicAdvInt=0x0
04-18 20:28:27.204 I/vendor.qti.bluetooth@1.0-ibs_handler( 1758): ProcessIbsCmd: Received IBS_SLEEP_IND: 0xFE
04-18 20:28:27.204 D/vendor.qti.bluetooth@1.0-ibs_handler( 1758): SerialClockVote: vote for UART CLK OFF
04-18 20:28:27.235 I/vendor.qti.bluetooth@1.0-ibs_handler( 1758): ProcessIbsCmd: Received IBS_WAKE_IND: 0xFD
04-18 20:28:27.235 D/vendor.qti.bluetooth@1.0-ibs_handler( 1758): SerialClockVote: vote for UART CLK ON
04-18 20:28:27.235 I/vendor.qti.bluetooth@1.0-ibs_handler( 1758): ProcessIbsCmd: Writing IBS_WAKE_ACK
04-18 20:28:27.240 I/ScanController( 4384): onScanResult to scannerId: 2- eventType=0x1b, addressType=0, address=XX:XX:XX:XX:B7:E9, primaryPhy=1, secondaryPhy=0, advertisingSid=0xff, txPower=127, rssi=-41, periodicAdvInt=0x0
04-18 20:28:27.259 D/Bubbles ( 4008): onEntryUpdated : shouldBubbleUp=false ,key=0|com.dexcom.g7|36|null|10435
04-18 20:28:27.259 D/InterruptionStateProvider( 4008):  no Heads up : edgelighting enabled app. 0|com.dexcom.g7|36|null|10435
04-18 20:28:27.259 W/MediaSessionRecord( 2880): Ignoring call to destroyed session
04-18 20:28:27.277 I/vendor.qti.bluetooth@1.0-ibs_handler( 1758): ProcessIbsCmd: Received IBS_SLEEP_IND: 0xFE
04-18 20:28:27.277 D/vendor.qti.bluetooth@1.0-ibs_handler( 1758): SerialClockVote: vote for UART CLK OFF
04-18 20:28:27.279 W/RefactorFlag( 4008): New code path expects SceneContainerFlag to be enabled.
04-18 20:28:27.281 D/ExpandableNotifRow( 4008): mMaxSmallHeight different before reInflateViews mMaxSmallHeight: 203 mTempSmallHeight:0 0|com.dexcom.g7|36|null|10435
04-18 20:28:27.281 D/ExpandableNotifRow( 4008): mMaxSmallHeight different before reInflateViews mMaxSmallHeight: 203 mTempSmallHeight:0 0|com.dexcom.g7|36|null|10435
04-18 20:28:27.283 I/NSLocationMonitor( 2880): getGPSUsingApps() called
04-18 20:28:27.283 I/NSLocationManager_FLP( 5208): getGPSUsingApps, No change
04-18 20:28:27.283 W/Binder  ( 2880): Outgoing transactions from this process must be FLAG_ONEWAY
04-18 20:28:27.283 W/Binder  ( 2880): java.lang.Throwable
04-18 20:28:27.283 W/Binder  ( 2880): 	at android.os.BinderProxy.transact(BinderProxy.java:566)
04-18 20:28:27.283 W/Binder  ( 2880): 	at android.bluetooth.IBluetoothGatt$Stub$Proxy.getAdvertisingSetUids(IBluetoothGatt.java:1678)
04-18 20:28:27.283 W/Binder  ( 2880): 	at android.bluetooth.BluetoothAdapter.getAdvertisingSetUids(BluetoothAdapter.java:8476)
04-18 20:28:27.283 W/Binder  ( 2880): 	at android.bluetooth.BluetoothAdapter.getHWUsingApps(BluetoothAdapter.java:1342)
04-18 20:28:27.283 W/Binder  ( 2880): 	at com.android.server.am.mars.filter.filter.BlueToothConnectedFilter.updateBTUsingPackages(qb/107197743 8e69b22f63f053f4b743d623266ffd25caa28190c9aecebe25cb55382b70dd51:22)
04-18 20:28:27.283 W/Binder  ( 2880): 	at com.android.server.am.FreecessController.freeze(qb/107197743 8e69b22f63f053f4b743d623266ffd25caa28190c9aecebe25cb55382b70dd51:117)
04-18 20:28:27.283 W/Binder  ( 2880): 	at com.android.server.am.FreecessHandler$MainHandler.handleLcdOnFreeze(qb/107197743 8e69b22f63f053f4b743d623266ffd25caa28190c9aecebe25cb55382b70dd51:55)
04-18 20:28:27.283 W/Binder  ( 2880): 	at com.android.server.am.FreecessHandler$MainHandler.handleMessage(qb/107197743 8e69b22f63f053f4b743d623266ffd25caa28190c9aecebe25cb55382b70dd51:793)
04-18 20:28:27.283 W/Binder  ( 2880): 	at android.os.Handler.dispatchMessage(Handler.java:110)
04-18 20:28:27.283 W/Binder  ( 2880): 	at android.os.Looper.loopOnce(Looper.java:273)
04-18 20:28:27.283 W/Binder  ( 2880): 	at android.os.Looper.loop(Looper.java:363)
04-18 20:28:27.283 W/Binder  ( 2880): 	at android.os.HandlerThread.run(HandlerThread.java:85)
04-18 20:28:27.283 I/LockscreenNotificationIconsOnlyController( 4008): onNotificationInfoUpdated 0
04-18 20:28:27.284 I/AODNotificationManager( 4008): updateNotification() 
04-18 20:28:27.286 D/FreecessHandler( 2880): freeze com.teslacoilsw.launcher(10684) result : 11
04-18 20:28:27.287 W/Paint   ( 4008): The elegant text height cannot be turned off.
04-18 20:28:27.289 D/LocalImageResolver( 4008): Couldn't use ImageDecoder for drawable, falling back to non-resized load.
04-18 20:28:27.290 I/SDM     ( 1793): AIScalerFeatureIntfImpl::LookupConfig: Scale ratio = 1.780000
04-18 20:28:27.290 I/SDM     ( 1793): AIScalerParserIntfImpl::LookupConfig: Scale Ratio Match Found Here
04-18 20:28:27.294 D/LocalImageResolver( 4008): Couldn't use ImageDecoder for drawable, falling back to non-resized load.
04-18 20:28:27.294 I/AppIconSolution( 4008): return adaptive icon for com.dexcom.g7, isNight = true
04-18 20:28:27.298 D/ExpandableNotifRow( 4008): mMaxSmallHeight different before reInflateViews mMaxSmallHeight: 203 mTempSmallHeight:0 0|com.dexcom.g7|36|null|10435
04-18 20:28:27.298 D/ExpandableNotifRow( 4008): mMaxSmallHeight different before reInflateViews mMaxSmallHeight: 203 mTempSmallHeight:0 0|com.dexcom.g7|36|null|10435
04-18 20:28:27.298 D/ExpandableNotifRow( 4008): mMaxSmallHeight different before reInflateViews mMaxSmallHeight: 203 mTempSmallHeight:0 0|com.dexcom.g7|36|null|10435
04-18 20:28:27.298 D/ExpandableNotifRow( 4008): mMaxSmallHeight different before reInflateViews mMaxSmallHeight: 203 mTempSmallHeight:0 0|com.dexcom.g7|36|null|10435
04-18 20:28:27.298 I/AppIconSolution( 4008): return adaptive icon for com.dexcom.g7, isNight = true
04-18 20:28:27.306 W/RefactorFlag( 4008): New code path expects SceneContainerFlag to be enabled.
04-18 20:28:27.307 D/ExpandableNotifRow( 4008): mMaxSmallHeight different before reInflateViews mMaxSmallHeight: 203 mTempSmallHeight:0 0|com.dexcom.g7|36|null|10435
04-18 20:28:27.307 D/ExpandableNotifRow( 4008): mMaxSmallHeight different before reInflateViews mMaxSmallHeight: 203 mTempSmallHeight:0 0|com.dexcom.g7|36|null|10435
04-18 20:28:27.308 I/LockscreenNotificationIconsOnlyController( 4008): onNotificationInfoUpdated 0
04-18 20:28:27.308 I/AODNotificationManager( 4008): updateNotification() 
04-18 20:28:27.309 W/RefactorFlag( 4008): New code path expects SceneContainerFlag to be enabled.
04-18 20:28:27.338 D/PowerManagerService( 2880): displayReady: false groupId=0
04-18 20:28:27.338 D/DisplayPowerController[0]( 2880): animateScreenStateChange: target=ON, mIsEnabled=true
04-18 20:28:27.339 D/PowerManagerService( 2880): displayReady: true groupId=0
04-18 20:28:27.385 I/SDM     ( 1793): DisplayBase::CommitThread: Received idle timeout, panel: cmd, timeout: 70000 us
04-18 20:28:27.398 E/HeatmapThread( 1872): ECT Thread time in milliseconds: 1776558507
04-18 20:28:27.401 D/HeatmapThread( 1872): !@ batteryplugType : 0
04-18 20:28:27.401 D/HeatmapThread( 1872): !@ batteryLevel : 59  batteryTemperature : 342 
04-18 20:28:27.401 D/HeatmapThread( 1872): !@ Heatmap currtime: 29609308
04-18 20:28:27.401 D/HeatmapThread( 1872): !@ Heatmap prevtime: 29609305
04-18 20:28:27.401 D/HeatmapThread( 1872): !@ Heatmap plugstarttime: 35791394
04-18 20:28:27.401 D/HeatmapThread( 1872): !@ Heatmap prevv_dsoh_update_time: 29609163
04-18 20:28:27.401 E/HeatmapThread( 1872): !@ CAM New BSOH: 100
04-18 20:28:27.427 I/sensors-hal( 1767): handle_sns_std_sensor_event:127, [SSC_LIGHT] A: 76(76),c:1,b:116,m:13,cl:0,l:76,s:46,l0:14112,l1:0,s0:8500,s1:0,acl:1,opr:0.11,f(r):325,u(bl):321,if:0,wi:0,si:0,0(N:0)
04-18 20:28:27.428 D/vendor.qti.bluetooth@1.0-wake_lock( 1758): Release wakelock is released 
04-18 20:28:27.473 I/SDM     ( 1793): AIScalerFeatureIntfImpl::LookupConfig: Scale ratio = 1.780000
04-18 20:28:27.473 I/SDM     ( 1793): AIScalerParserIntfImpl::LookupConfig: Scale Ratio Match Found Here
04-18 20:28:27.538 D/PowerManagerService( 2880): displayReady: false groupId=0
04-18 20:28:27.538 D/DisplayPowerController[0]( 2880): animateScreenStateChange: target=ON, mIsEnabled=true
04-18 20:28:27.538 D/PowerManagerService( 2880): displayReady: true groupId=0
04-18 20:28:27.544 I/SDM     ( 1793): DisplayBase::CommitThread: Received idle timeout, panel: cmd, timeout: 69999 us
04-18 20:28:27.561 D/SatelliteController( 3981): isInCarrierRoamingNbIotNtn: satellite is disabled
04-18 20:28:27.602 D/io_stats( 1121): !@   8,0 r 27228460 468974928 w 5825143 118477524 d 449036 82020680 f 601 2204 iot 2165252 0 th 0 0 0 pt 0 inp 0 0 79383.537
04-18 20:28:27.638 I/system_server( 2880): Background young concurrent mark compact GC freed 27MB AllocSpace bytes, 5(100KB) LOS objects, 18% free, 195MB/241MB, paused 1.078ms,4.060ms total 114.498ms
04-18 20:28:27.739 D/PowerManagerService( 2880): displayReady: false groupId=0
04-18 20:28:27.739 D/DisplayPowerController[0]( 2880): animateScreenStateChange: target=ON, mIsEnabled=true
04-18 20:28:27.739 D/PowerManagerService( 2880): displayReady: true groupId=0
04-18 20:28:27.838 W/adbd    ( 8751): timed out while waiting for FUNCTIONFS_BIND, trying again
04-18 20:28:27.839 I/adbd    ( 8751): UsbFfs: connection terminated: monitor thread finished
04-18 20:28:27.858 I/adbd    ( 8751): opening control endpoint /dev/usb-ffs/adb/ep0
04-18 20:28:27.940 D/PowerManagerService( 2880): displayReady: false groupId=0
04-18 20:28:27.941 D/DisplayPowerController[0]( 2880): animateScreenStateChange: target=ON, mIsEnabled=true
04-18 20:28:27.942 D/PowerManagerService( 2880): displayReady: true groupId=0
04-18 20:28:28.011 I/NSLocationMonitor( 2880): getGPSUsingApps() called
04-18 20:28:28.012 I/NSLocationManager_FLP( 5208): getGPSUsingApps, No change
04-18 20:28:28.013 W/Binder  ( 2880): Outgoing transactions from this process must be FLAG_ONEWAY
04-18 20:28:28.013 W/Binder  ( 2880): java.lang.Throwable
04-18 20:28:28.013 W/Binder  ( 2880): 	at android.os.BinderProxy.transact(BinderProxy.java:566)
04-18 20:28:28.013 W/Binder  ( 2880): 	at android.bluetooth.IBluetoothGatt$Stub$Proxy.getAdvertisingSetUids(IBluetoothGatt.java:1678)
04-18 20:28:28.013 W/Binder  ( 2880): 	at android.bluetooth.BluetoothAdapter.getAdvertisingSetUids(BluetoothAdapter.java:8476)
04-18 20:28:28.013 W/Binder  ( 2880): 	at android.bluetooth.BluetoothAdapter.getHWUsingApps(BluetoothAdapter.java:1342)
04-18 20:28:28.013 W/Binder  ( 2880): 	at com.android.server.am.mars.filter.filter.BlueToothConnectedFilter.updateBTUsingPackages(qb/107197743 8e69b22f63f053f4b743d623266ffd25caa28190c9aecebe25cb55382b70dd51:22)
04-18 20:28:28.013 W/Binder  ( 2880): 	at com.android.server.am.FreecessController.freeze(qb/107197743 8e69b22f63f053f4b743d623266ffd25caa28190c9aecebe25cb55382b70dd51:117)
04-18 20:28:28.013 W/Binder  ( 2880): 	at com.android.server.am.FreecessHandler$MainHandler.handleLcdOnFreeze(qb/107197743 8e69b22f63f053f4b743d623266ffd25caa28190c9aecebe25cb55382b70dd51:55)
04-18 20:28:28.013 W/Binder  ( 2880): 	at com.android.server.am.FreecessHandler$MainHandler.handleMessage(qb/107197743 8e69b22f63f053f4b743d623266ffd25caa28190c9aecebe25cb55382b70dd51:793)
04-18 20:28:28.013 W/Binder  ( 2880): 	at android.os.Handler.dispatchMessage(Handler.java:110)
04-18 20:28:28.013 W/Binder  ( 2880): 	at android.os.Looper.loopOnce(Looper.java:273)
04-18 20:28:28.013 W/Binder  ( 2880): 	at android.os.Looper.loop(Looper.java:363)
04-18 20:28:28.013 W/Binder  ( 2880): 	at android.os.HandlerThread.run(HandlerThread.java:85)
04-18 20:28:28.016 D/FreecessHandler( 2880): freeze app.disciplined.productive.structured.habit.tracker(10820) result : 18
04-18 20:28:28.080 W/ParceledListSlice( 2880): Element #53 is 18940 bytes.
04-18 20:28:28.083 W/ParceledListSlice( 2880): Element #102 is 20344 bytes.
04-18 20:28:28.094 W/ParceledListSlice( 2880): Element #286 is 191140 bytes.
04-18 20:28:28.094 W/ParceledListSlice( 2880): Overly large reply size: 206248
04-18 20:28:28.098 W/ParceledListSlice( 2880): Element #356 is 16488 bytes.
04-18 20:28:28.099 W/ParceledListSlice( 2880): Element #366 is 25608 bytes.
04-18 20:28:28.100 W/ParceledListSlice( 2880): Element #406 is 23332 bytes.
04-18 20:28:28.103 W/ParceledListSlice( 2880): Element #466 is 20448 bytes.
04-18 20:28:28.103 W/ParceledListSlice( 2880): Element #475 is 17200 bytes.
04-18 20:28:28.104 W/ParceledListSlice( 2880): Element #485 is 23000 bytes.
04-18 20:28:28.106 W/ParceledListSlice( 2880): Element #555 is 46064 bytes.
04-18 20:28:28.106 W/ParceledListSlice( 2880): Overly large reply size: 88816
04-18 20:28:28.108 W/ParceledListSlice( 2880): Element #611 is 20068 bytes.
04-18 20:28:28.109 W/ParceledListSlice( 2880): Element #612 is 17336 bytes.
04-18 20:28:28.110 W/ParceledListSlice( 2880): Element #641 is 22744 bytes.
04-18 20:28:28.111 W/ParceledListSlice( 2880): Element #660 is 25804 bytes.
04-18 20:28:28.111 W/ParceledListSlice( 2880): Element #663 is 16788 bytes.
04-18 20:28:28.113 W/ParceledListSlice( 2880): Element #726 is 28048 bytes.
04-18 20:28:28.114 W/ParceledListSlice( 2880): Element #736 is 76656 bytes.
04-18 20:28:28.114 W/ParceledListSlice( 2880): Overly large reply size: 108608
04-18 20:28:28.116 W/ParceledListSlice( 2880): Element #778 is 21308 bytes.
04-18 20:28:28.117 W/ParceledListSlice( 2880): Element #793 is 19184 bytes.
04-18 20:28:28.117 W/ParceledListSlice( 2880): Element #808 is 26000 bytes.
04-18 20:28:28.118 W/ParceledListSlice( 2880): Element #811 is 19584 bytes.
04-18 20:28:28.120 W/ParceledListSlice( 2880): Element #892 is 31036 bytes.
04-18 20:28:28.122 W/ParceledListSlice( 2880): Element #920 is 27184 bytes.
04-18 20:28:28.123 W/ParceledListSlice( 2880): Element #942 is 25780 bytes.
04-18 20:28:28.123 W/ParceledListSlice( 2880): Element #957 is 26348 bytes.
04-18 20:28:28.125 W/ParceledListSlice( 2880): Element #1001 is 17532 bytes.
04-18 20:28:28.141 D/PowerManagerService( 2880): displayReady: false groupId=0
04-18 20:28:28.141 D/DisplayPowerController[0]( 2880): animateScreenStateChange: target=ON, mIsEnabled=true
04-18 20:28:28.141 D/PowerManagerService( 2880): displayReady: true groupId=0
04-18 20:28:28.332 I/NativePlugin(15085): call is: getSystemAlertSound
04-18 20:28:28.332 D/RingtoneManager(15085): getActualDefaultRingtoneUri  type    :4
04-18 20:28:28.332 I/RingtoneManager(15085): Ringtone value : content://0@media/internal/audio/media/146?title=Homecoming&canonical=1
04-18 20:28:28.341 D/PowerManagerService( 2880): displayReady: false groupId=0
04-18 20:28:28.342 D/DisplayPowerController[0]( 2880): animateScreenStateChange: target=ON, mIsEnabled=true
04-18 20:28:28.342 D/PowerManagerService( 2880): displayReady: true groupId=0
04-18 20:28:28.398 E/HeatmapThread( 1872): ECT Thread time in milliseconds: 1776558508
04-18 20:28:28.402 D/HeatmapThread( 1872): !@ batteryplugType : 0
04-18 20:28:28.402 D/HeatmapThread( 1872): !@ batteryLevel : 59  batteryTemperature : 342 
04-18 20:28:28.402 D/HeatmapThread( 1872): !@ Heatmap currtime: 29609308
04-18 20:28:28.402 D/HeatmapThread( 1872): !@ Heatmap prevtime: 29609305
04-18 20:28:28.402 D/HeatmapThread( 1872): !@ Heatmap plugstarttime: 35791394
04-18 20:28:28.402 D/HeatmapThread( 1872): !@ Heatmap prevv_dsoh_update_time: 29609163
04-18 20:28:28.402 E/HeatmapThread( 1872): !@ CAM New BSOH: 100
04-18 20:28:28.406 W/DeviceStorageMonitorService( 2880): updateBroadcasts(/data) oldLevel:0, newLevel:0, seq:1
04-18 20:28:28.407 D/DeviceStorageMonitorService( 2880): Available File Node Number is [10780722]
04-18 20:28:28.407 W/DeviceStorageMonitorService( 2880): updateBroadcasts_filenode(/data) fn_oldLevel:0, fn_newLevel:0, seq:1
04-18 20:28:28.419 I/thermal_core( 1808): pivot(AP) : 390, skin : 357
04-18 20:28:28.448 D/AHAL_ModulePrimary_QTI( 1770): getVendorParameters: id count: 1
04-18 20:28:28.449 I/PAL: PayloadBuilder( 1770): payloadTISPConfig: 4689: payloadInfo for TI Speakerprotection for parm_id 0x10010ee4 3812
04-18 20:28:28.449 I/PAL: SpeakerProtectionTI( 1770): smartpa_get_temp: 2099: [TI-SmartPA] Get TAS_SA_GET_TV temp 17827027(34.002357) for channel 0
04-18 20:28:28.449 I/PAL: SpeakerProtectionTI( 1770): getParameter: 2148: TEMPERATURE_RCV received 34
04-18 20:28:28.450 D/AHAL_SecModulePrimary( 1770): onGetSECGenericParameters get temperature for g_hw_speaker_amp_temp_rcv: 34
04-18 20:28:28.450 D/AHAL_ModulePrimary_QTI( 1770): getVendorParameters: id count: 1
04-18 20:28:28.450 I/PAL: PayloadBuilder( 1770): payloadTISPConfig: 4689: payloadInfo for TI Speakerprotection for parm_id 0x20010ee4 3812
04-18 20:28:28.451 I/PAL: SpeakerProtectionTI( 1770): smartpa_get_temp: 2099: [TI-SmartPA] Get TAS_SA_GET_TV temp 17838377(34.024002) for channel 1
04-18 20:28:28.451 I/PAL: SpeakerProtectionTI( 1770): getParameter: 2148: TEMPERATURE_SPK received 34
04-18 20:28:28.451 D/AHAL_SecModulePrimary( 1770): onGetSECGenericParameters get temperature for g_hw_speaker_amp_temp_spk: 34
04-18 20:28:28.452 I/SDHMS:x ( 7213): SIOP:: AP:390 BAT:341 USB:314 CHG:380 PA:398 WIFI:397 CF:377 BLK:0 SUBBAT:0 LRPTHM:363 SKIN:363 SKINF:356 SKINB:363 LRP:363 LRF:356 LRB:363 APT:356 APR:361 RCV:357 SPK:313 CHGF:347 CHGR:353 MEMF:352 MEMR:358 WIFIF:356 WIFIR:363 FCAM:314 UPSPK:369 DNSPK:322 VAP:396 VWIFI:403 AMB2:231 HIGH:0 AVGCUR:-414 POWER:-1631
04-18 20:28:28.455 I/AudioManager( 7213): setParameters keyValuePairs = g_hw_speaker_amp_temp_spk=31
04-18 20:28:28.456 D/AudioFlinger( 1869): setParameters: filtered dev setParameters keyvalue g_hw_speaker_amp_temp_spk=31
04-18 20:28:28.456 D/SemWifiP2pGoPowerSave( 2880): GopsReceiver : received : com.samsung.intent.action.CHECK_SIOP_LEVEL
04-18 20:28:28.456 I/SemWifiP2pGoPowerSave( 2880): siop_level = 0
04-18 20:28:28.456 D/AHAL_HFP_QTI( 1770): hfp_set_parameters enter
04-18 20:28:28.456 D/AHAL_HFP_QTI( 1770): hfp_set_parameters Exit
04-18 20:28:28.456 D/AHAL_SecModulePrimary( 1770): processSetVendorParameters: configured g_hw_speaker_amp_temp_spk
04-18 20:28:28.456 D/AHAL_SecModulePrimary( 1770): processSetVendorParameters: handler set on Feature:0
04-18 20:28:28.456 D/AHAL_SecModulePrimary( 1770): onSetSECGenericParameters set temperature for g_hw_speaker_amp_temp_spk: 31
04-18 20:28:28.456 I/PAL: API( 1770): pal_set_param: 1377: Enter: param id 3002
04-18 20:28:28.456 D/AGM: graph( 1770): graph_set_config: 1146 entry graph_handle 0x147534c
04-18 20:28:28.457 D/AGM: graph( 1770): graph_set_config: 1154 exit, graph handle 0x147534c, ret 0
04-18 20:28:28.457 E/ConversionHelperAidl( 1869): Function: parseAndSetVendorParameters Line: 94 Failed 
04-18 20:28:28.458 D/SensorsFlicker( 1767): Als_common::setDelay, handle : 1 time : 10000000ns
04-18 20:28:28.458 E/ConversionHelperAidl( 1869): Function: parseAndSetVendorParameters Line: 94 Failed 
04-18 20:28:28.458 D/SensorsFlicker( 1767): Als_common::enable, handle : 1, mode : 1, en : 1
04-18 20:28:28.458 I/AudioManager( 7213): setParameters keyValuePairs = g_hw_speaker_amp_temp_rcv=36
04-18 20:28:28.459 D/AudioFlinger( 1869): setParameters: filtered dev setParameters keyvalue g_hw_speaker_amp_temp_rcv=36
04-18 20:28:28.459 D/SensorsFlicker( 1767): Als_common::sendCommand, send enable command
04-18 20:28:28.459 D/AHAL_HFP_QTI( 1770): hfp_set_parameters enter
04-18 20:28:28.459 D/AHAL_HFP_QTI( 1770): hfp_set_parameters Exit
04-18 20:28:28.459 D/AHAL_SecModulePrimary( 1770): processSetVendorParameters: configured g_hw_speaker_amp_temp_rcv
04-18 20:28:28.459 D/AHAL_SecModulePrimary( 1770): processSetVendorParameters: handler set on Feature:0
04-18 20:28:28.459 D/AHAL_SecModulePrimary( 1770): onSetSECGenericParameters set temperature for g_hw_speaker_amp_temp_rcv: 36
04-18 20:28:28.459 I/PAL: API( 1770): pal_set_param: 1377: Enter: param id 3001
04-18 20:28:28.459 D/SemContextService( 2880): lock : registerCallback
04-18 20:28:28.459 D/AGM: graph( 1770): graph_set_config: 1146 entry graph_handle 0x147534c
04-18 20:28:28.459 D/SemContextService( 2880): EventInfo.sendEvent() : service = Device Position, listener = com.samsung.android.hardware.context.SemContextService$Listener@b1f7ce3
04-18 20:28:28.459 D/SemContextService( 2880): 	.registerCallback : 11, client= com.sec.android.sdhms
04-18 20:28:28.459 D/SemContextService( 2880): unlock : registerCallback
04-18 20:28:28.460 D/AGM: graph( 1770): graph_set_config: 1154 exit, graph handle 0x147534c, ret 0
04-18 20:28:28.460 E/ConversionHelperAidl( 1869): Function: parseAndSetVendorParameters Line: 94 Failed 
04-18 20:28:28.460 E/SensorService( 2880): BigData:Pakage) 5 already enabled. 
04-18 20:28:28.460 E/ConversionHelperAidl( 1869): Function: parseAndSetVendorParameters Line: 94 Failed 
04-18 20:28:28.465 D/SemContextService( 2880): lock : unregisterCallback
04-18 20:28:28.465 D/SemContextService( 2880): Service.removeListenerLocked() : listener = com.samsung.android.hardware.context.SemContextService$Listener@b1f7ce3, service = Device Position, used = 1
04-18 20:28:28.465 D/SemContextService( 2880): 	.unregisterCallback : 11, client= com.sec.android.sdhms
04-18 20:28:28.465 D/SemContextService( 2880): unlock : unregisterCallback
04-18 20:28:28.466 I/M0      ( 7213): limitCPUFreq:: freq = 4089600
04-18 20:28:28.466 I/SemDvfsHyPerManager( 7213): acquire hyper - SIOP_ARM_MAX/7213@3, type = 301993986
04-18 20:28:28.466 I/HYPER-HAL( 1773): [RequestManager.cpp]acquire(): Acquired ID : 26038939  [7213 / 3]    HINT :      list : [CPUMaxFreq / 4089600] 
04-18 20:28:28.479 I/VSyncReactor( 1888): Current= 120, Period= 120, Distance= 1
04-18 20:28:28.482 I/SDM     ( 1793): AIScalerFeatureIntfImpl::LookupConfig: Scale ratio = 1.780000
04-18 20:28:28.482 I/SDM     ( 1793): AIScalerParserIntfImpl::LookupConfig: Scale Ratio Match Found Here
04-18 20:28:28.487 I/VSyncReactor( 1888): Current= 120, Period= 120, Distance= 120
04-18 20:28:28.538 D/SensorService( 2880): [EARPROXIMITY] SENSOR_TYPE_META_DATA 16777217 
04-18 20:28:28.539 D/SensorsFlicker( 1767): Als_common::setDelay, handle : 1 time : 10000000ns
04-18 20:28:28.539 I/TapTracker(18581): 1.3)Thread operation monitoring ::: 04/18_20:28:28
04-18 20:28:28.539 D/SensorsFlicker( 1767): Als_common::enable, handle : 1, mode : 1, en : 0
04-18 20:28:28.540 D/SensorsFlicker( 1767): Als_common::sendCommand, send disable command
04-18 20:28:28.542 D/PowerManagerService( 2880): displayReady: false groupId=0
04-18 20:28:28.542 D/DisplayPowerController[0]( 2880): animateScreenStateChange: target=ON, mIsEnabled=true
04-18 20:28:28.543 D/PowerManagerService( 2880): displayReady: true groupId=0
04-18 20:28:28.553 I/SDM     ( 1793): DisplayBase::CommitThread: Received idle timeout, panel: cmd, timeout: 70000 us
04-18 20:28:28.565 D/SatelliteController( 3981): isInCarrierRoamingNbIotNtn: satellite is disabled
04-18 20:28:28.614 I/NearbyMediums(18747): Found Fast Ble Advertisements :
04-18 20:28:28.614 I/NearbyMediums(18747): BleAdvertisement { version=2, socketVersion=2, isFast=true, serviceIdHash=null, data=[ 0x23 0x4b 0x37 0x43 0x36 0x11 0x34 0xcb 0x2b 0xf4 0x02 0x5b 0x7c 0x48 0x77 0x95 0x8a 0xc3 0xcc 0x42 0x0a 0xb5 0xcc ], deviceToken=[ 0xdb 0x82 ], rxAdvertisement=[ 0xa0 0x17 0x2f 0x56 0x00 0x13 0xb6 0x92 0x87 0x68 0x74 0xea 0x5f 0x6a 0x1e 0x66 0x66 0x8c 0xdb 0xb5 0xa7 0x4a 0xf7 0x0f 0x94 0x09 0x25 0x5b 0x57 0xa2 0x05 0x39 0x8d 0x7a 0x84 0x15 0x05 0x7f 0x00 0x00 0x84 0x15 0x06 0x61 0x00 0x00 0x84 0x15 0x04 0x7f 0x00 0x00 0x83 0x15 0x01 0x16 0x71 ] } : 5 times.
04-18 20:28:28.614 I/NearbyMediums(18747): Total 5 fast advertisements from 1 unique advertisers.
04-18 20:28:28.614 I/NearbyMediums(18747): Current Tracked Scanning Clients are : {NearbyConnections.EnvironmentMonitor, NearbySharing, NearbyConnections.TxAdvertisement}
04-18 20:28:28.743 D/PowerManagerService( 2880): displayReady: false groupId=0
04-18 20:28:28.743 D/DisplayPowerController[0]( 2880): animateScreenStateChange: target=ON, mIsEnabled=true
04-18 20:28:28.743 D/PowerManagerService( 2880): displayReady: true groupId=0
04-18 20:28:28.749 I/vendor.qti.bluetooth@1.0-ibs_handler( 1758): ProcessIbsCmd: Received IBS_WAKE_IND: 0xFD
04-18 20:28:28.749 D/vendor.qti.bluetooth@1.0-ibs_handler( 1758): SerialClockVote: vote for UART CLK ON
04-18 20:28:28.749 D/vendor.qti.bluetooth@1.0-wake_lock( 1758): Acquire wakelock is acquired 
04-18 20:28:28.749 I/vendor.qti.bluetooth@1.0-ibs_handler( 1758): ProcessIbsCmd: Writing IBS_WAKE_ACK
04-18 20:28:28.758 I/ScanController( 4384): onScanResult to scannerId: 4- eventType=0x10, addressType=0, address=XX:XX:XX:XX:15:35, primaryPhy=1, secondaryPhy=0, advertisingSid=0xff, txPower=127, rssi=-87, periodicAdvInt=0x0
04-18 20:28:28.761 I/[-0400]oneconnect[1.8.45.24_01][CORE](18486): DataConvert.parseBleVd - deviceBle : |name:|deviceType:TV|discoverType:_BLE|services:None|connected:false[TvStatusString]POWER_OFF[TvStatus]-128[TvService]102[TvMirrorChannel]1[TvRegisteredDB][0, 0, 0, 0, 0, 0][TvYear]2016[TvOcfInfo]0[TvAcmStatus]0[ExTvStatus]0[ExtendedStatus]-1[ModuloSn]-1
04-18 20:28:28.802 I/vendor.qti.bluetooth@1.0-ibs_handler( 1758): ProcessIbsCmd: Received IBS_SLEEP_IND: 0xFE
04-18 20:28:28.802 D/vendor.qti.bluetooth@1.0-ibs_handler( 1758): SerialClockVote: vote for UART CLK OFF
04-18 20:28:28.861 W/adbd    ( 8751): timed out while waiting for FUNCTIONFS_BIND, trying again
04-18 20:28:28.861 I/adbd    ( 8751): UsbFfs: connection terminated: monitor thread finished
04-18 20:28:28.870 I/vendor.qti.bluetooth@1.0-ibs_handler( 1758): ProcessIbsCmd: Received IBS_WAKE_IND: 0xFD
04-18 20:28:28.870 D/vendor.qti.bluetooth@1.0-ibs_handler( 1758): SerialClockVote: vote for UART CLK ON
04-18 20:28:28.870 I/vendor.qti.bluetooth@1.0-ibs_handler( 1758): ProcessIbsCmd: Writing IBS_WAKE_ACK
04-18 20:28:28.877 E/bt_btu_hcif( 4384): system/stack/btu/btu_hcif.cc:327 LogDbfwLEConnDebugVse: [BTCORE] LE Conn Debug :: Role : 0, handle : 0x000f, access : 0x2c6a433e, pdu : 0x22e5, clk : 0x0f243648, first_anchor_clk : 0x0f2436a8, win_size : 0x02, win_offset : 0x0016, channel : 0x1f80fe0201, hop : 6, TX : 15
04-18 20:28:28.877 I/BluetoothHciVendorSpecificJni( 4384): android/app/jni/com_android_bluetooth_BluetoothHciVendorSpecific.cpp:84 onEvent: 
04-18 20:28:28.878 W/bluetooth( 4384): system/gd/hci/acl_manager/le_impl.h:456 on_le_connection_complete: on_le_connection_complete()
04-18 20:28:28.878 W/bluetooth( 4384): system/gd/hci/acl_manager/le_impl.h:413 set_connectability_state: ConnectabilityState::ARMED --> ConnectabilityState::DISARMED
04-18 20:28:28.878 W/bluetooth( 4384): system/gd/hci/acl_manager/le_impl.h:439 on_common_le_connection_complete: xx:xx:xx:xx:c7:14[RANDOM_DEVICE_ADDRESS(0x01)]
04-18 20:28:28.878 W/bluetooth( 4384): system/gd/hci/acl_manager/le_impl.h:921 direct_connect_remove: xx:xx:xx:xx:c7:14[RANDOM_DEVICE_ADDRESS(0x01)]
04-18 20:28:28.878 W/bluetooth( 4384): system/gd/hci/acl_manager/le_impl.h:921 direct_connect_remove: xx:xx:xx:xx:c7:14[PUBLIC_DEVICE_ADDRESS(0x00)]
