--------- beginning of main
04-18 20:28:17.127 I/ding:background(30703): Background concurrent mark compact GC freed 245MB AllocSpace bytes, 15(360KB) LOS objects, 49% free, 10MB/20MB, paused 1.823ms,5.327ms total 202.024ms
04-18 20:28:17.128 I/ding:background(30703): WaitForGcToComplete blocked Alloc on Background for 105.574ms
04-18 20:28:17.162 I/BtGatt.ScanHelper( 2139): onScanResult to scannerId: 9- eventType=0x0, addressType=1, address=XX:XX:XX:XX:6B:C5, primaryPhy=1, secondaryPhy=1, advertisingSid=0x2, txPower=127, rssi=-58, periodicAdvInt=0x0
04-18 20:28:17.301 V/CpEventLog(u0)( 3210): cp_state: [                 contacts = {contacts=249, raw_contacts=281, data=1506, account={secphone(1)=0, secphone(2)=7, google(3)=245, google(4)=1, samsung(5)=0, sim(6)=0, sim2(7)=0, agg(8)=0, mobileservice(9)=0, com.microsoft.skydrive(10)=0, com.facebook.messenger(11)=0, duo(12)=28, scribd.main_type(15)=0}, trash=0, trash_acc={}, trash_sync=0, database=contacts2.db} ]
04-18 20:28:17.301 V/CpEventLog(u0)( 3210): cp_state: [               aggregated = {[2,3]=1, [2]=6, [3,12]=27, [3,3,12]=1, [3,3,3]=1, [3]=212, [4]=1} ]
04-18 20:28:17.301 V/CpEventLog(u0)( 3210): cp_state: [                  request = {ALL(0)={avg=19, cnt=11, dur=209, ops={query=11}}, contacts(7135)={avg=21, cnt=9, dur=190, ops={query=9}}, calendar(28508)={avg=9, cnt=2, dur=19, ops={query=2}}} ]
04-18 20:28:17.301 V/CpEventLog(u0)( 3210): cp_state: [                    calls = {types={[100]=186, [500]=1, [1000]=26, [1150]=117}, database=calllog.db} ]
04-18 20:28:17.301 V/CpEventLog(u0)( 3210): cp_state: [                  profile = {contacts=0, raw_contacts=0, data=0, account={secphone(1)=0, google(2)=0, google(3)=0, samsung(4)=0, sim(5)=0, sim2(6)=0, agg(7)=0, mobileservice(8)=0, com.microsoft.skydrive(9)=0, com.facebook.messenger(10)=0, duo(11)=0, scribd.main_type(14)=0}, trash=0, trash_acc={}, trash_sync=0, database=profile.db} ]
04-18 20:28:17.301 V/CpEventLog(u0)( 3210): cp_state: [               sa_profile = {contacts=1, raw_contacts=1, data=2, account={secphone(1)=1, google(2)=0, google(3)=0, samsung(4)=0, sim(5)=0, sim2(6)=0, agg(7)=0, mobileservice(8)=0, com.microsoft.skydrive(9)=0, com.facebook.messenger(10)=0, duo(11)=0, scribd.main_type(14)=0}, trash=0, trash_acc={}, trash_sync=0, database=profile_sa.db} ]
04-18 20:28:17.301 V/CpEventLog(u0)( 3210): cp_state: [                      etc = {binders=0, country_iso=US, version=15.4.34, db_version=1901, csc=VZW/VZW, sec_enabled=false, is_roaming=false} ]
04-18 20:28:17.301 V/CpEventLog(u0)( 3210): cp_state: ------------------------------------------------------------------------------
04-18 20:28:17.317 I/ding:background(30703): Background concurrent mark compact GC freed 128MB AllocSpace bytes, 10(240KB) LOS objects, 39% free, 36MB/60MB, paused 2.086ms,6.595ms total 178.839ms
04-18 20:28:17.495 I/SensorsHub(  745): batch: handle=5 period=200000000 timeout=0
04-18 20:28:17.501 I/BtGatt.ScanHelper( 2139): onScanResult to scannerId: 3- eventType=0x1b, addressType=0, address=XX:XX:XX:XX:B7:E9, primaryPhy=1, secondaryPhy=0, advertisingSid=0xff, txPower=127, rssi=-36, periodicAdvInt=0x0
--------- beginning of system
04-18 20:28:17.514 D/io_stats(  519): !@   8,0 r 2767079 73234553 w 762383 25166252 d 78228 31544516 f 29669 65804 iot 1234464 0 th 0 0 0 pt 0 inp 0 8 6055.620
04-18 20:28:17.514 D/io_stats(  519): !@ Read_top(KB): kworker/u16:1(14760) 3872 kworker/u16:5(10721) 3180 ding:background(30703) 2360
04-18 20:28:17.514 D/io_stats(  519): !@ Write_top(KB): kworker/u16:1(14760) 20284 system_server(1112) 3776 kworker/u16:5(10721) 2048
04-18 20:28:17.584 W/adbd    ( 9673): timed out while waiting for FUNCTIONFS_BIND, trying again
04-18 20:28:17.585 I/adbd    ( 9673): UsbFfs: connection terminated: monitor thread finished
04-18 20:28:17.652 I/adbd    ( 9673): opening control endpoint /dev/usb-ffs/adb/ep0
04-18 20:28:17.783 I/BtGatt.ScanHelper( 2139): onScanResult to scannerId: 3- eventType=0x1b, addressType=0, address=XX:XX:XX:XX:B7:E9, primaryPhy=1, secondaryPhy=0, advertisingSid=0xff, txPower=127, rssi=-41, periodicAdvInt=0x0
04-18 20:28:18.100 I/BtGatt.ScanHelper( 2139): onScanResult to scannerId: 3- eventType=0x1b, addressType=0, address=XX:XX:XX:XX:B7:E9, primaryPhy=1, secondaryPhy=0, advertisingSid=0xff, txPower=127, rssi=-41, periodicAdvInt=0x0
04-18 20:28:18.201 D/ConnectivityService( 1112): notifyType CALLBACK_CAP_CHANGED for [101 WIFI]
04-18 20:28:18.203 D/SemWifiApNsd:Client( 1112): lpInterface:wlan0
04-18 20:28:18.203 D/SemWifiSwitchForIndividualAppsService( 1112): stopTCPMonitoring : already stopped
04-18 20:28:18.204 I/WifiConnectivityMonitor.NCC( 1112): sNetworkCallback(oCC) FULL : 101(valid: true/captive: false)
04-18 20:28:18.204 I/WifiConnectivityMonitor.NCC( 1112): [ Transports: WIFI Capabilities: NOT_METERED&INTERNET&NOT_RESTRICTED&TRUSTED&NOT_VPN&VALIDATED&NOT_ROAMING&FOREGROUND&NOT_CONGESTED&NOT_SUSPENDED&NOT_VCN_MANAGED&NOT_BANDWIDTH_CONSTRAINED LinkUpBandwidth>=12000Kbps LinkDnBandwidth>=23842Kbps TransportInfo: <SSID: <unknown ssid>, BSSID: 02:00:00:**:**:00, MAC: 02:00:00:**:**:00, IP: /192.***.**.21, Security type: 2, Supplicant state: COMPLETED, Wi-Fi standard: 11ax, RSSI: -36, Link speed: 816Mbps, Tx Link speed: 816Mbps, Max Supported Tx Link speed: 1200Mbps, Rx Link speed: 1200Mbps, Max Supported Rx Link speed: 1200Mbps, Frequency: 5745MHz, Net ID: -1, Metered hint: false, score: 60, isUsable: true, CarrierMerged: false, SubscriptionId: -1, IsPrimary: 1, Trusted: true, Restricted: false, Ephemeral: false, OEM paid: false, OEM private: false, OSU AP: false, FQDN: <none>, Provider friendly name: <none>, Requesting package name: <none><none>MLO Information: , Is TID-To-Link negotiation supported by the AP: false, AP MLD Address: <none>, AP MLO Link Id: <none>, AP MLO Affiliated links: <none>, Vendor Data: <none>> SignalStrength: -36 AdminUids: [10244] SSID: "AveryNet" UnderlyingNetworks: Null]
04-18 20:28:18.205 D/SemWifiUsabilityStatsMonitor( 1112): onWifiUsabilityStats - seqNum 461, isSameBssidAndFreq true
04-18 20:28:18.205 D/WifiConnectivityMonitor( 1112): HANDLE_ON_CAPABILITIES_CHANGED
04-18 20:28:18.205 I/WifiConnectivityMonitor( 1112): determineMode : MODE_NON_SWITCHABLE_BY_POOR_NETWORK_DETECTION_DISABLED
04-18 20:28:18.205 D/OpenNetworkQos[4.00]( 1112): updateBssidNoInternet: mBssidNoInternet = false
04-18 20:28:18.205 D/OpenNetworkQos[4.00]( 1112): getOpenNetworkQosNoInternetStatus: false
04-18 20:28:18.205 D/OpenNetworkQos[4.00]( 1112): getOpenNetworkQosScores: 30 0 0 
04-18 20:28:18.206 D/KNOX_MDM_SettingsProvider( 1112): isChangeAllowed() : name = wifi_wcm_qos_sharing_score_summary
04-18 20:28:18.206 I/WifiProfileShare( 1112): network QoS data was changed (internet), updateQoSData networkType: true, qosData: false
04-18 20:28:18.206 V/WifiProfileShare.Caster( 1112): update wips network, size: 0
04-18 20:28:18.206 D/WifiProfileShare( 1112): nearby scanning settings run
04-18 20:28:18.206 D/WifiProfileShare( 1112): network score provider settings enabled
04-18 20:28:18.206 D/WifiPickerTracker( 1814): updateWifiEntries capabilities
04-18 20:28:18.206 D/OpenNetworkQos[4.00]( 1112): getOpenNetworkQosScores: 30 0 0 
04-18 20:28:18.206 D/OpenNetworkQos[4.00]( 1112): getOpenNetworkQosNoInternetStatus: false
04-18 20:28:18.206 I/WifiProfileShare.Caster( 1112): current network type: 0, score: [30, 0, 0]
04-18 20:28:18.206 V/WifiProfileShare.Caster( 1112): captive portal configuration was set
04-18 20:28:18.206 V/WifiProfileShare.Cache( 1112): update network score fc:91:5d:**:**:5a
04-18 20:28:18.206 I/SemWifiLinkQualityMonitor( 1112): Link stat: 0 / 0 / 1.38 (210) / 816 / -36.0 || 100.0 : 816.00 / 0.5 : 0.72 / 0.55 : 0.30 / G (G) || 5da6045a5745: 0.113 / 71.009 /  / D || N N / 0 / Y 2.0 / Y 0 / 6056311 0
04-18 20:28:18.206 D/WifiProfileShare.ScanMatcher( 1112): getMcfDataList size:6
04-18 20:28:18.206 I/WifiProfileShare.Caster( 1112): qos data was updated , before:type:QOS, pBssid:37:59:a6, qosData:e1 after:type:QOS, pBssid:37:59:a6, qosData:e1
04-18 20:28:18.207 I/HBD     ( 6870): h onCapabilitiesChanged network : 101 current network state : wifi 
04-18 20:28:18.209 I/Tycho.VoiceLibrary(26253): TeleWifiMonitor.updateSignalState, (is connected: true, signal level: 99%, link speed: 612Mbps) -> (is connected: true, signal level: 99%, link speed: 816Mbps)
04-18 20:28:18.209 I/[MCFSDK_android_1.2.27006]_4_McfCasterImpl( 1112): isNetworkEnabled - type : 1 ret : true
04-18 20:28:18.209 D/WifiProfileShare.McfCast( 1112): -ME--- mIsNetworkEnabled :true
04-18 20:28:18.209 D/WifiProfileShare.McfCast( 1112): updateQoSData ignored, same contents
04-18 20:28:18.209 D/WifiProfileShare.MCF( 1112): success update QosData !
04-18 20:28:18.210 I/PdnController<1>( 2247): onCapabilitiesChanged: network 101 networkCapabilities [ Transports: WIFI Capabilities: NOT_METERED&INTERNET&NOT_RESTRICTED&TRUSTED&NOT_VPN&VALIDATED&NOT_ROAMING&FOREGROUND&NOT_CONGESTED&NOT_SUSPENDED&NOT_VCN_MANAGED&NOT_BANDWIDTH_CONSTRAINED LinkUpBandwidth>=12000Kbps LinkDnBandwidth>=23842Kbps TransportInfo: <SSID: <unknown ssid>, BSSID: 02:00:00:00:00:00, MAC: 02:00:00:00:00:00, IP: /192.168.86.21, Security type: 2, Supplicant state: COMPLETED, Wi-Fi standard: 11ax, RSSI: -36, Link speed: 816Mbps, Tx Link speed: 816Mbps, Max Supported Tx Link speed: 1200Mbps, Rx Link speed: 1200Mbps, Max Supported Rx Link speed: 1200Mbps, Frequency: 5745MHz, Net ID: -1, Metered hint: false, score: 60, isUsable: true, CarrierMerged: false, SubscriptionId: -1, IsPrimary: 1, Trusted: true, Restricted: false, Ephemeral: false, OEM paid: false, OEM private: false, OSU AP: false, FQDN: <none>, Provider friendly name: <none>, Requesting package name: <none><none>MLO Information: , Is TID-To-Link negotiation supported by the AP: false, AP MLD Address: <none>, AP MLO Link Id: <none>, AP MLO Affiliated links: <none>, Vendor Data: <none>> SignalStrength: -36 AdminUids: [10244] SSID: "AveryNet" UnderlyingNetworks: Null]
04-18 20:28:18.210 I/[MCFSDK_android_1.2.27006]_4_McfCasterImpl( 1112): isNetworkEnabled - type : 1 ret : true
04-18 20:28:18.210 D/WifiProfileShare.McfCast( 1112): -ME--- mIsNetworkEnabled :true
04-18 20:28:18.210 D/WifiProfileShare.McfCast( 1112): -ME--- updatePasswordDate pwdData size:6
04-18 20:28:18.211 I/Tycho.VoiceLibrary(26253): Skip the config reloading on wifi_state_change because it's using local profile and enableConfigReloadForLocalProfile is disabled.
04-18 20:28:18.211 I/Tycho.VoiceLibrary(26253): ImsRegistrationNetworkSelector.onWifiStateChanged
04-18 20:28:18.211 I/LocationAccessPolicy( 1748): checkLocationPermission - callingUid: 10246, callingPid: 4019, resultForFine: DENIED_HARD
04-18 20:28:18.211 I/LocationAccessPolicy( 1748): checkLocationPermission - callingUid: 10246, callingPid: 4019, resultForCoarse: DENIED_HARD
04-18 20:28:18.212 D/WifiPickerTracker( 1814): update AutoHotspot Entries() : bleAccessPoints -> 0
04-18 20:28:18.212 D/WifiPickerTracker( 1814): handleNetworkCapabilitiesChanged
04-18 20:28:18.212 I/NetworkMonitor(27457): Network: Changed Capabilities - [ Transports: WIFI Capabilities: NOT_METERED&INTERNET&NOT_RESTRICTED&TRUSTED&NOT_VPN&VALIDATED&NOT_ROAMING&FOREGROUND&NOT_CONGESTED&NOT_SUSPENDED&NOT_VCN_MANAGED&NOT_BANDWIDTH_CONSTRAINED LinkUpBandwidth>=12000Kbps LinkDnBandwidth>=23842Kbps TransportInfo: <SSID: <unknown ssid>, BSSID: 02:00:00:00:00:00, MAC: 02:00:00:00:00:00, IP: /192.168.86.21, Security type: 2, Supplicant state: COMPLETED, Wi-Fi standard: 11ax, RSSI: -36, Link speed: 816Mbps, Tx Link speed: 816Mbps, Max Supported Tx Link speed: 1200Mbps, Rx Link speed: 1200Mbps, Max Supported Rx Link speed: 1200Mbps, Frequency: 5745MHz, Net ID: -1, Metered hint: false, score: 60, isUsable: true, CarrierMerged: false, SubscriptionId: -1, IsPrimary: -1, Trusted: true, Restricted: false, Ephemeral: false, OEM paid: false, OEM private: false, OSU AP: false, FQDN: <none>, Provider friendly name: <none>, Requesting package name: <none><none>MLO Information: , Is TID-To-Link negotiation supported by the AP: false, AP MLD Address: <none>, AP MLO Link Id: <none>, AP MLO Affiliated links: <none>, Vendor Data: <none>> SignalStrength: -36 UnderlyingNetworks: Null] for 101
04-18 20:28:18.212 D/SemWifiApTrafficPriority( 1112): onCapabilitiesChanged Wifi:wlan0,mGapiValue:23.842Uplink: 12.0
04-18 20:28:18.213 D/NetworkMonitor(27457): Network capabilities changed status: (hasInternet = true, WiFI = true, Cellular = false, Ethernet = false, VPN = false, Bluetooth = false, Validated = true, Behind captive = false, Unmetered = true, Airplane = false)
04-18 20:28:18.213 I/NullBinder(32471): NullBinder for android.net.action.RECOMMEND_NETWORKS triggering remote TransactionTooLargeException due to Service without Chimera impl, calling uid: 1000, calling pid: 0
04-18 20:28:18.213 W/.gms.persistent(32471): Large reply transaction of 1056768 bytes, interface descriptor , code 1
04-18 20:28:18.308 I/HBD     ( 6870): h onCapabilityChanged  setNetworkState currentNetworkState : wifi 
04-18 20:28:18.656 W/adbd    ( 9673): timed out while waiting for FUNCTIONFS_BIND, trying again
04-18 20:28:18.656 I/adbd    ( 9673): UsbFfs: connection terminated: monitor thread finished
04-18 20:28:18.707 I/adbd    ( 9673): opening control endpoint /dev/usb-ffs/adb/ep0
04-18 20:28:18.712 I/NearbySharing(32471): Network state changed: NetworkState(isRestricted=false, isOnline=true, isCongested=false, isMetered=false, isWifiConnected=true)
04-18 20:28:18.722 I/BtGatt.ScanHelper( 2139): onScanResult to scannerId: 3- eventType=0x1b, addressType=0, address=XX:XX:XX:XX:B7:E9, primaryPhy=1, secondaryPhy=0, advertisingSid=0xff, txPower=127, rssi=-41, periodicAdvInt=0x0
04-18 20:28:19.041 I/BtGatt.ScanHelper( 2139): onScanResult to scannerId: 5- eventType=0x1b, addressType=0, address=XX:XX:XX:XX:B7:E9, primaryPhy=1, secondaryPhy=0, advertisingSid=0xff, txPower=127, rssi=-41, periodicAdvInt=0x0
04-18 20:28:19.047 D/WifiDisplayAdapter( 1112): getWifiDisplayStatusLocked: result=WifiDisplayStatus{featureState=2, scanState=0, activeDisplayState=0, activeDisplay=null, displays=[], sessionInfo=WifiDisplaySessionInfo:
04-18 20:28:19.047 D/WifiDisplayAdapter( 1112):     Client/Owner: Client
04-18 20:28:19.047 D/WifiDisplayAdapter( 1112):     GroupId: 
04-18 20:28:19.047 D/WifiDisplayAdapter( 1112):     Passphrase: 
04-18 20:28:19.047 D/WifiDisplayAdapter( 1112):     SessionId: 0
04-18 20:28:19.047 D/WifiDisplayAdapter( 1112):     IP Address: }
04-18 20:28:19.048 D/WifiDisplayAdapter( 1112): getWifiDisplayStatusLocked: result=WifiDisplayStatus{featureState=2, scanState=0, activeDisplayState=0, activeDisplay=null, displays=[], sessionInfo=WifiDisplaySessionInfo:
04-18 20:28:19.048 D/WifiDisplayAdapter( 1112):     Client/Owner: Client
04-18 20:28:19.048 D/WifiDisplayAdapter( 1112):     GroupId: 
04-18 20:28:19.048 D/WifiDisplayAdapter( 1112):     Passphrase: 
04-18 20:28:19.048 D/WifiDisplayAdapter( 1112):     SessionId: 0
04-18 20:28:19.048 D/WifiDisplayAdapter( 1112):     IP Address: }
04-18 20:28:19.049 D/WifiDisplayAdapter( 1112): getWifiDisplayStatusLocked: result=WifiDisplayStatus{featureState=2, scanState=0, activeDisplayState=0, activeDisplay=null, displays=[], sessionInfo=WifiDisplaySessionInfo:
04-18 20:28:19.049 D/WifiDisplayAdapter( 1112):     Client/Owner: Client
04-18 20:28:19.049 D/WifiDisplayAdapter( 1112):     GroupId: 
04-18 20:28:19.049 D/WifiDisplayAdapter( 1112):     Passphrase: 
04-18 20:28:19.049 D/WifiDisplayAdapter( 1112):     SessionId: 0
04-18 20:28:19.049 D/WifiDisplayAdapter( 1112):     IP Address: }
04-18 20:28:19.049 D/WifiDisplayAdapter( 1112): getWifiDisplayStatusLocked: result=WifiDisplayStatus{featureState=2, scanState=0, activeDisplayState=0, activeDisplay=null, displays=[], sessionInfo=WifiDisplaySessionInfo:
04-18 20:28:19.049 D/WifiDisplayAdapter( 1112):     Client/Owner: Client
04-18 20:28:19.049 D/WifiDisplayAdapter( 1112):     GroupId: 
04-18 20:28:19.049 D/WifiDisplayAdapter( 1112):     Passphrase: 
04-18 20:28:19.049 D/WifiDisplayAdapter( 1112):     SessionId: 0
04-18 20:28:19.049 D/WifiDisplayAdapter( 1112):     IP Address: }
04-18 20:28:19.050 I/[-0400]oneconnect[1.8.45.24_01][BEACON_MANAGER_CONTROL_SERVICE](16709): TvOcfParser.onReceive - TV Popup Onboarding is skipped - ($)
04-18 20:28:19.118 D/ActivityManager( 1112): freezing 26583 com.samsung.android.app.sharelive
04-18 20:28:19.121 D/InetDiagMessage( 1112): Destroyed 0 sockets, proto=IPPROTO_TCP, family=AF_INET, states=14
04-18 20:28:19.123 D/InetDiagMessage( 1112): Destroyed 0 sockets, proto=IPPROTO_TCP, family=AF_INET6, states=14
04-18 20:28:19.123 D/InetDiagMessage( 1112): Destroyed live tcp sockets for uids={5026} in 4ms
04-18 20:28:19.320 I/BtGatt.ScanHelper( 2139): onScanResult to scannerId: 3- eventType=0x1b, addressType=0, address=XX:XX:XX:XX:B7:E9, primaryPhy=1, secondaryPhy=0, advertisingSid=0xff, txPower=127, rssi=-35, periodicAdvInt=0x0
04-18 20:28:19.516 D/io_stats(  519): !@   8,0 r 2767203 73240333 w 762423 25192188 d 78228 31544516 f 29669 65804 iot 1235044 0 th 0 0 0 pt 0 inp 0 1 6057.621
04-18 20:28:19.517 E/BatteryDump(  761): !@new_battery_dump : 4220,2825,1700,3400,76,293,293,438,0,345,402,449,0,Charging,CC_MODE,Normal,Good,PDIC_APDO,0,Normal,0,0,9291,0x40000000,0x10000,0x0,0,0,0000,0000,00000000,0,0,0,0,25,4081,7560,990,0,
04-18 20:28:19.522 D/[SS]BattFunctions( 1112): [sendRemainingChargingTimeChangedIntent]remainingChargingTime:3176 ,mLastRemainingChargingTime:3186
04-18 20:28:19.523 I/sehhealth-service(  761): updateLrpSysfs: write: 395
04-18 20:28:19.525 I/AODBatteryManager( 1814): updateBatteryData: ACTION_BATTERY_CHANGED
04-18 20:28:19.525 I/ChargingInfoManager( 1814): updateChargingInfo: newState = AOD ChargingInfo [mState=BATTERY_AND_REMAIN_TIME, mIsCharging=true, mIsPlugged=true, mIsFullyCharged=false, mIsBatteryProtectMode=false, mBetteryLevel=76, mBetteryProtectModeType0, mIsSlowChargingfalse], oldState = AOD ChargingInfo [mState=BATTERY_AND_REMAIN_TIME, mIsCharging=true, mIsPlugged=true, mIsFullyCharged=false, mIsBatteryProtectMode=false, mBetteryLevel=76, mBetteryProtectModeType0, mIsSlowChargingfalse]
04-18 20:28:19.525 D/PowerUI ( 1814): Charging time is changed, check charging notification
04-18 20:28:19.526 D/PowerUI.Notification( 1814): showChargingNotice - oldBatteryLevel : 75 , BatteryLevel : 76 / oldChargingType : 11 , ChargingType : 11 / oldChargingTime : 3186, ChargingTime : 3176 / oldMaximumEnabled : false , MaximumEnabled : false / oldMaximumThreshold : 80 , MaximumThreshold : 80
04-18 20:28:19.527 I/NotificationManager( 1814): com.android.systemui: notify(2131363875, charging_state, Notification(channel=CHR shortcut=null contentView=null vibrate=null sound=null defaults=0 flags=ONGOING_EVENT|ONLY_ALERT_ONCE color=0x00000000 category=sys groupKey=CHARGING vis=PUBLIC semFlags=0x0 semPriority=0 semMissedCount=0)) as user
04-18 20:28:19.528 W/PermissionService( 1112): getPermissionFlags: Unknown user -1
04-18 20:28:19.528 W/PermissionService( 1112): getPermissionFlags: Unknown user -1
04-18 20:28:19.637 I/BtGatt.ScanHelper( 2139): onScanResult to scannerId: 5- eventType=0x1b, addressType=0, address=XX:XX:XX:XX:B7:E9, primaryPhy=1, secondaryPhy=0, advertisingSid=0xff, txPower=127, rssi=-41, periodicAdvInt=0x0
04-18 20:28:19.638 I/BCMGR[11.2.01.30](13041): BeaconMainController] onReceive - [1 : bad rssi][2 : ST packet!][3 : ST packet!][4 : ST packet!][5 : ST packet!][6 : ST packet!][7 : ST packet!][8 : ST packet!][9 : ST packet!][10 : ST packet!]
04-18 20:28:19.642 I/BtGatt.ScanHelper( 2139): onScanResult to scannerId: 5- eventType=0x1b, addressType=0, address=XX:XX:XX:XX:B7:E9, primaryPhy=1, secondaryPhy=0, advertisingSid=0xff, txPower=127, rssi=-41, periodicAdvInt=0x0
04-18 20:28:19.710 W/adbd    ( 9673): timed out while waiting for FUNCTIONFS_BIND, trying again
04-18 20:28:19.710 I/adbd    ( 9673): UsbFfs: connection terminated: monitor thread finished
04-18 20:28:19.730 I/Telecom ( 1112): SamsungTelecomServiceImpl : isInManagedCall - callingPackage : android / callingUser : UserHandle{0} / hasCrossUserAccess : true
04-18 20:28:19.744 I/mdec/NotiSyncUtility( 1864): device ready for noti sync : true
04-18 20:28:19.745 D/ActivityManager( 1112): unpendingScheduleServiceRestart: u=10354, drop=false
04-18 20:28:19.749 D/FreecessController( 1112): UFZ : com.teslacoilsw.launcher(10354) [5900] reason: Binder(1)-android.service.notification.INotificatio
04-18 20:28:19.749 I/HoneySpace.NotificationListener( 2265): onNotificationPosted com.android.systemui: -1|com.android.systemui|2131363875|charging_state|10063: 0
04-18 20:28:19.749 I/HoneySpace.NotificationListener( 2265): invalid notification: com.android.systemui UserHandle{-1}: canShowBadge is false
04-18 20:28:19.751 W/LocationManagerService( 1112): onFreezeStateChanged, uid[10354]=false
04-18 20:28:19.751 I/PowerManagerService( 1112): [PWL] SetWakeLockEnableDisable uid = 10354 , disable= false
04-18 20:28:19.751 I/PowerManagerService( 1112): [PWL] can not change uid =  10354
04-18 20:28:19.766 I/LockscreenNotificationIconsOnlyController( 1814): onNotificationInfoUpdated 0
04-18 20:28:19.766 I/AODNotificationManager( 1814): updateNotification() 
04-18 20:28:19.771 D/LocalDisplayAdapter( 1112): updateActiveModeLocked for d=4633128672291735931, mActiveModeId=3, mActiveSfDisplayMode=DisplayMode{id=2, width=1440, height=2304, xDpi=248.816, yDpi=249.028, peakRefreshRate=30.0, vsyncRate=30.0, appVsyncOffsetNanos=0, presentationDeadlineNanos=34333334, supportedHdrTypes=[2, 3], group=0}
04-18 20:28:19.771 I/DisplayDeviceRepository( 1112): Display device changed render timings: "Built-in Screen", renderFrameRate=30.0, presentationDeadlineNanos=34333334, appVsyncOffsetNanos=0
04-18 20:28:19.777 I/adbd    ( 9673): opening control endpoint /dev/usb-ffs/adb/ep0
04-18 20:28:19.779 I/VRI[ShellDropTarget]@8eb54a5( 1814): onDisplayChanged oldDisplayState=2 newDisplayState=2
04-18 20:28:19.779 D/RefreshRateModeManager( 1112): updateDefaultDisplayToken: android.os.BinderProxy@690f9ae, isChanged: false
04-18 20:28:19.780 D/AudioFlinger(  791): setParameters: filtered dev setParameters keyvalue screen_state=on
04-18 20:28:19.781 I/VRI[MainActivity]@7e5594c(24462): onDisplayChanged oldDisplayState=2 newDisplayState=2
04-18 20:28:19.781 D/LiftUpHandler( 1112): [LTW] Stopped already.
04-18 20:28:19.781 I/VRI[InputMethod]@db23e85( 6870): onDisplayChanged oldDisplayState=2 newDisplayState=2
04-18 20:28:19.782 I/SPenContext( 6870): virtual void SPen::Context::SetDisplayRefreshRate(float) framerate=60
04-18 20:28:19.782 D/audio_hw_primary(  733): device-adev_set_parameters: enter
04-18 20:28:19.782 I/LatencyConfiguration( 6870): void SPen::LatencyConfiguration::UpdateRefreshRate(float) RefreshRate=30.000000
04-18 20:28:19.782 I/audio_hw_proxy2(  733): proxy-proxy_set_parameters: set Screen-state 1
04-18 20:28:19.782 I/LatencyConfiguration( 6870): void SPen::LatencyConfiguration::UpdateRefreshRate(float) RefreshRateCallback 0xb40000709daa6010
04-18 20:28:19.782 D/audio_hw_primary(  733): device-adev_set_parameters: param (screen_state=on)
04-18 20:28:19.782 I/PredictorBase( 6870): virtual void SPen::PredictorBase::SetRefreshRate(float) Refresh rate: 30.000
04-18 20:28:19.782 I/spe_log ( 6870): virtual void SPen::FbrDrawPad::SetRefreshRate(float) = 30.000
04-18 20:28:19.782 I/spe_log ( 6870): virtual void SPen::FbrDrawPad::SetRefreshRate(float) mFrameDurationNano=33333334, mDisplayRefreshDurationNano: 33333334
04-18 20:28:19.782 I/spe_log ( 6870): virtual void SPen::LowLatencyStrokeView::SetRefreshRate(float) refresh rate=30.000
04-18 20:28:19.783 I/VRI[SettingsHomepageActivity]@17aaf97( 7419): onDisplayChanged oldDisplayState=2 newDisplayState=2
04-18 20:28:19.783 D/SGM:GameManager( 1112): onDisplayChanged. displyId: 0, state: 2
04-18 20:28:19.783 I/VRI[SubSettings]@966d161( 7419): onDisplayChanged oldDisplayState=2 newDisplayState=2
04-18 20:28:19.783 I/VRI[SubSettings]@fc02d80( 7419): onDisplayChanged oldDisplayState=2 newDisplayState=2
04-18 20:28:19.783 D/SGM:FgCheckThread( 1112): onLooperPrepared(), msg: MSG_LCD_ON
04-18 20:28:19.783 D/AODManagerService( 1112): requestReCalToTSP IsSingleTouchMode = falserequestedReCalToTSP = false / previousDisplayState = ON
04-18 20:28:19.784 D/BrightnessThermalClamper( 1112): Thermal status observer already started
04-18 20:28:19.784 D/DisplayLifecycle( 1814): updateDisplay id = 0
04-18 20:28:19.785 I/VRI[RecentsTransitionOverlay]@806b84d( 2265): onDisplayChanged oldDisplayState=2 newDisplayState=2
04-18 20:28:19.785 I/VRI[LockscreenShortcutBlur]@ed6a1e( 1814): onDisplayChanged oldDisplayState=2 newDisplayState=2
04-18 20:28:19.785 I/VRI[CocktailBarService]@4d5698e( 2265): onDisplayChanged oldDisplayState=2 newDisplayState=2
04-18 20:28:19.785 I/VRI[RecentsActivity]@77e8bef( 2265): onDisplayChanged oldDisplayState=2 newDisplayState=2
04-18 20:28:19.785 I/VRI[NavigationBar0]@afdc5fc( 1814): onDisplayChanged oldDisplayState=2 newDisplayState=2
04-18 20:28:19.785 I/VRI[NotificationShade]@f1f8a8d( 1814): onDisplayChanged oldDisplayState=2 newDisplayState=2
04-18 20:28:19.785 I/VRI[StatusBar]@5e13954( 1814): onDisplayChanged oldDisplayState=2 newDisplayState=2
04-18 20:28:19.785 I/VRI[KeyguardBiometricToastView]@58af9e8( 1814): onDisplayChanged oldDisplayState=2 newDisplayState=2
04-18 20:28:19.785 I/HoneySpace.RefreshRateSource( 2265): singleFrameMs 33
04-18 20:28:19.785 I/VSyncReactor(  801): Current= 30, Period= 30, hwcPeriod= 30
04-18 20:28:19.786 D/StackScroller( 1814): onDisplayChanged for predraw skip to 2
04-18 20:28:19.786 D/WifiDisplayAdapter( 1112): isFitToActiveDisplayLocked : false
04-18 20:28:19.795 I/SurfaceFlinger(  801): SFWD update time=6057901513165
04-18 20:28:19.797 I/LayerHistory(  801): StatusBar$_1814#88 Max (can't resolve refresh rate)
04-18 20:28:19.797 I/SurfaceFlinger(  801): Weight ignores StatusBar$_1814#88 (type=Max, weight=0.02, seamlessness=Default) 0.00 Hz's 90.00 Hz
04-18 20:28:19.797 I/SurfaceFlinger(  801): scored - choose 60.00 Hz
04-18 20:28:19.797 I/HWComposer(  801): [4633128672291735931] ActiveConfigToHWC, ID : 2
04-18 20:28:19.799 I/display (  743): Current VRR MODE is 1
04-18 20:28:19.799 I/display (  743): setActiveConfigWithConstraints:: HFR match - config: 2, base: 2, try: 0
04-18 20:28:19.799 I/display (  743): setActiveConfigWithConstraints::update 1440x2304@60hs
04-18 20:28:19.820 I/VSyncReactor(  801): Current= 30, Period= 60, hwcPeriod= 60
04-18 20:28:19.870 D/LocalDisplayAdapter( 1112): updateActiveModeLocked for d=4633128672291735931, mActiveModeId=2, mActiveSfDisplayMode=DisplayMode{id=1, width=1440, height=2304, xDpi=248.816, yDpi=249.028, peakRefreshRate=60.0, vsyncRate=60.0, appVsyncOffsetNanos=0, presentationDeadlineNanos=17666667, supportedHdrTypes=[2, 3], group=0}
04-18 20:28:19.871 I/DisplayDeviceRepository( 1112): Display device changed render timings: "Built-in Screen", renderFrameRate=60.0, presentationDeadlineNanos=17666667, appVsyncOffsetNanos=0
04-18 20:28:19.879 D/LiftUpHandler( 1112): [LTW] Stopped already.
04-18 20:28:19.879 D/RefreshRateModeManager( 1112): updateDefaultDisplayToken: android.os.BinderProxy@690f9ae, isChanged: false
04-18 20:28:19.879 D/AudioFlinger(  791): setParameters: filtered dev setParameters keyvalue screen_state=on
04-18 20:28:19.879 I/VRI[ShellDropTarget]@8eb54a5( 1814): onDisplayChanged oldDisplayState=2 newDisplayState=2
04-18 20:28:19.880 D/audio_hw_primary(  733): device-adev_set_parameters: enter
04-18 20:28:19.880 I/VRI[SettingsHomepageActivity]@17aaf97( 7419): onDisplayChanged oldDisplayState=2 newDisplayState=2
04-18 20:28:19.880 I/audio_hw_proxy2(  733): proxy-proxy_set_parameters: set Screen-state 1
04-18 20:28:19.880 D/audio_hw_primary(  733): device-adev_set_parameters: param (screen_state=on)
04-18 20:28:19.880 I/VRI[SubSettings]@966d161( 7419): onDisplayChanged oldDisplayState=2 newDisplayState=2
04-18 20:28:19.880 I/VRI[SubSettings]@fc02d80( 7419): onDisplayChanged oldDisplayState=2 newDisplayState=2
04-18 20:28:19.880 D/StackScroller( 1814): onDisplayChanged for predraw skip to 2
04-18 20:28:19.882 D/BrightnessThermalClamper( 1112): Thermal status observer already started
04-18 20:28:19.883 I/VRI[RecentsTransitionOverlay]@806b84d( 2265): onDisplayChanged oldDisplayState=2 newDisplayState=2
04-18 20:28:19.883 I/VRI[CocktailBarService]@4d5698e( 2265): onDisplayChanged oldDisplayState=2 newDisplayState=2
04-18 20:28:19.883 I/VRI[RecentsActivity]@77e8bef( 2265): onDisplayChanged oldDisplayState=2 newDisplayState=2
04-18 20:28:19.884 I/HoneySpace.RefreshRateSource( 2265): singleFrameMs 16
04-18 20:28:19.884 I/VRI[MainActivity]@7e5594c(24462): onDisplayChanged oldDisplayState=2 newDisplayState=2
04-18 20:28:19.884 I/VRI[InputMethod]@db23e85( 6870): onDisplayChanged oldDisplayState=2 newDisplayState=2
04-18 20:28:19.884 D/DisplayLifecycle( 1814): updateDisplay id = 0
04-18 20:28:19.884 D/SGM:GameManager( 1112): onDisplayChanged. displyId: 0, state: 2
04-18 20:28:19.884 I/SPenContext( 6870): virtual void SPen::Context::SetDisplayRefreshRate(float) framerate=60
04-18 20:28:19.884 I/LatencyConfiguration( 6870): void SPen::LatencyConfiguration::UpdateRefreshRate(float) RefreshRate=60.000000
04-18 20:28:19.884 I/LatencyConfiguration( 6870): void SPen::LatencyConfiguration::UpdateRefreshRate(float) RefreshRateCallback 0xb40000709daa6010
04-18 20:28:19.884 I/PredictorBase( 6870): virtual void SPen::PredictorBase::SetRefreshRate(float) Refresh rate: 60.000
04-18 20:28:19.884 I/spe_log ( 6870): virtual void SPen::FbrDrawPad::SetRefreshRate(float) = 60.000
04-18 20:28:19.884 I/spe_log ( 6870): virtual void SPen::FbrDrawPad::SetRefreshRate(float) mFrameDurationNano=16666667, mDisplayRefreshDurationNano: 16666667
04-18 20:28:19.884 I/spe_log ( 6870): virtual void SPen::LowLatencyStrokeView::SetRefreshRate(float) refresh rate=60.000
04-18 20:28:19.884 D/AODManagerService( 1112): requestReCalToTSP IsSingleTouchMode = falserequestedReCalToTSP = false / previousDisplayState = ON
04-18 20:28:19.885 D/SGM:FgCheckThread( 1112): onLooperPrepared(), msg: MSG_LCD_ON
04-18 20:28:19.885 D/WifiDisplayAdapter( 1112): isFitToActiveDisplayLocked : false
04-18 20:28:19.888 I/VRI[LockscreenShortcutBlur]@ed6a1e( 1814): onDisplayChanged oldDisplayState=2 newDisplayState=2
04-18 20:28:19.888 I/VRI[NavigationBar0]@afdc5fc( 1814): onDisplayChanged oldDisplayState=2 newDisplayState=2
04-18 20:28:19.888 I/VRI[NotificationShade]@f1f8a8d( 1814): onDisplayChanged oldDisplayState=2 newDisplayState=2
04-18 20:28:19.888 I/VRI[StatusBar]@5e13954( 1814): onDisplayChanged oldDisplayState=2 newDisplayState=2
04-18 20:28:19.888 I/VRI[KeyguardBiometricToastView]@58af9e8( 1814): onDisplayChanged oldDisplayState=2 newDisplayState=2
04-18 20:28:19.953 D/Bubbles ( 1814): onEntryUpdated : shouldBubbleUp=false ,key=-1|com.android.systemui|2131363875|charging_state|10063
04-18 20:28:19.955 D/InterruptionStateProvider( 1814):  no Heads up : edgelighting enabled app. -1|com.android.systemui|2131363875|charging_state|10063
04-18 20:28:19.980 I/LockscreenNotificationIconsOnlyController( 1814): onNotificationInfoUpdated 0
04-18 20:28:19.980 I/AODNotificationManager( 1814): updateNotification() 
04-18 20:28:19.984 D/LocalImageResolver( 1814): Couldn't use ImageDecoder for drawable, falling back to non-resized load.
04-18 20:28:19.985 D/LocalImageResolver( 1814): Couldn't use ImageDecoder for drawable, falling back to non-resized load.
04-18 20:28:19.988 D/LocalImageResolver( 1814): Couldn't use ImageDecoder for drawable, falling back to non-resized load.
04-18 20:28:20.003 D/LocalImageResolver( 1814): Couldn't use ImageDecoder for drawable, falling back to non-resized load.
04-18 20:28:20.008 I/LockscreenNotificationIconsOnlyController( 1814): onNotificationInfoUpdated 0
04-18 20:28:20.009 I/AODNotificationManager( 1814): updateNotification() 
04-18 20:28:20.262 I/LayerHistory(  801): StatusBar$_1814#88 Max (can't resolve refresh rate)
04-18 20:28:20.262 I/SurfaceFlinger(  801): Idle - choose 30.00 Hz
04-18 20:28:20.262 I/HWComposer(  801): [4633128672291735931] ActiveConfigToHWC, ID : 3
04-18 20:28:20.268 I/VSyncReactor(  801): Current= 60, Period= 30, hwcPeriod= 60
04-18 20:28:20.268 I/display (  743): Current VRR MODE is 1
04-18 20:28:20.268 I/display (  743): setActiveConfigWithConstraints:: HFR match - config: 3, base: 3, try: 2
04-18 20:28:20.268 I/display (  743): setActiveConfigWithConstraints::update 1440x2304@30ns
04-18 20:28:20.285 I/VSyncReactor(  801): Current= 60, Period= 30, hwcPeriod= 30
04-18 20:28:20.533 I/BtGatt.ScanHelper( 2139): onScanResult to scannerId: 3- eventType=0x1b, addressType=1, address=XX:XX:XX:XX:F2:68, primaryPhy=1, secondaryPhy=0, advertisingSid=0xff, txPower=127, rssi=-64, periodicAdvInt=0x0
04-18 20:28:20.703 I/ding:background(30703): Background concurrent mark compact GC freed 49MB AllocSpace bytes, 6(140KB) LOS objects, 49% free, 10MB/21MB, paused 1.851ms,6.085ms total 148.678ms
04-18 20:28:20.784 W/adbd    ( 9673): timed out while waiting for FUNCTIONFS_BIND, trying again
04-18 20:28:20.784 I/adbd    ( 9673): UsbFfs: connection terminated: monitor thread finished
04-18 20:28:20.827 I/BtGatt.ScanHelper( 2139): onScanResult to scannerId: 3- eventType=0x1b, addressType=0, address=XX:XX:XX:XX:B7:E9, primaryPhy=1, secondaryPhy=0, advertisingSid=0xff, txPower=127, rssi=-41, periodicAdvInt=0x0
04-18 20:28:20.867 I/adbd    ( 9673): opening control endpoint /dev/usb-ffs/adb/ep0
04-18 20:28:21.232 D/SemWifiUsabilityStatsMonitor( 1112): onWifiUsabilityStats - seqNum 462, isSameBssidAndFreq true
04-18 20:28:21.233 I/SemWifiLinkQualityMonitor( 1112): Link stat: 0 / 0 / 1.21 (257) / 816 / -36.0 || 100.0 : 816.00 / 0.5 : 0.83 / 0.55 : 0.30 / G (G) || 5da6045a5745: 0.113 / 71.009 /  / D || N N / 0 / Y 2.0 / Y 0 / 6059338 0
04-18 20:28:21.472 I/BtGatt.ScanHelper( 2139): onScanResult to scannerId: 9- eventType=0x0, addressType=1, address=XX:XX:XX:XX:6B:C5, primaryPhy=1, secondaryPhy=1, advertisingSid=0x2, txPower=127, rssi=-65, periodicAdvInt=0x0
04-18 20:28:21.517 D/io_stats(  519): !@   8,0 r 2767394 73245945 w 762472 25225048 d 78228 31544516 f 29669 65804 iot 1235840 0 th 0 0 0 pt 0 inp 0 0 6059.622
04-18 20:28:21.517 D/io_stats(  519): !@ Read_top(KB): ding:background(30703) 11160 .osp.app.signin(4632) 140 system_server(1112) 60
04-18 20:28:21.517 D/io_stats(  519): !@ Write_top(KB): kworker/u16:3(18959) 34116 kworker/u16:1(14760) 16460 sait.sohservice(5470) 16
04-18 20:28:21.753 I/BtGatt.ScanHelper( 2139): onScanResult to scannerId: 9- eventType=0x0, addressType=1, address=XX:XX:XX:XX:6B:C5, primaryPhy=1, secondaryPhy=1, advertisingSid=0x2, txPower=127, rssi=-47, periodicAdvInt=0x0
04-18 20:28:21.762 I/BtGatt.ScanHelper( 2139): onScanResult to scannerId: 5- eventType=0x1b, addressType=1, address=XX:XX:XX:XX:AE:A9, primaryPhy=1, secondaryPhy=0, advertisingSid=0xff, txPower=127, rssi=-79, periodicAdvInt=0x0
04-18 20:28:21.769 I/[-0400]oneconnect[1.8.45.24_01][BEACON_MANAGER_CONTROL_SERVICE](16709): [EasySetup]EasySetupDevice.setDeviceType - type : UNKNOWN
04-18 20:28:21.772 I/[-0400]oneconnect[1.8.45.24_01][BEACON_MANAGER_CONTROL_SERVICE](16709): [EasySetup]EasySetupDevice.setDeviceType - type : Matter_Device
04-18 20:28:21.774 I/[-0400]oneconnect[1.8.45.24_01][BEACON_MANAGER_CONTROL_SERVICE](16709): BeaconManagerUtil.isBeaconManagerEnabled - true
04-18 20:28:21.870 W/adbd    ( 9673): timed out while waiting for FUNCTIONFS_BIND, trying again
04-18 20:28:21.870 I/adbd    ( 9673): UsbFfs: connection terminated: monitor thread finished
04-18 20:28:21.932 I/adbd    ( 9673): opening control endpoint /dev/usb-ffs/adb/ep0
04-18 20:28:22.485 I/ding:background(30703): Background concurrent mark compact GC freed 11MB AllocSpace bytes, 0(0B) LOS objects, 49% free, 10MB/21MB, paused 1.644ms,5.747ms total 128.988ms
04-18 20:28:22.935 W/adbd    ( 9673): timed out while waiting for FUNCTIONFS_BIND, trying again
04-18 20:28:22.935 I/adbd    ( 9673): UsbFfs: connection terminated: monitor thread finished
04-18 20:28:22.994 I/adbd    ( 9673): opening control endpoint /dev/usb-ffs/adb/ep0
04-18 20:28:22.995 I/BtGatt.ScanHelper( 2139): onScanResult to scannerId: 5- eventType=0x1b, addressType=1, address=XX:XX:XX:XX:AE:A9, primaryPhy=1, secondaryPhy=0, advertisingSid=0xff, txPower=127, rssi=-81, periodicAdvInt=0x0
04-18 20:28:23.019 I/BtGatt.ScanHelper( 2139): onScanResult to scannerId: 5- eventType=0x1b, addressType=1, address=XX:XX:XX:XX:AE:A9, primaryPhy=1, secondaryPhy=0, advertisingSid=0xff, txPower=127, rssi=-81, periodicAdvInt=0x0
04-18 20:28:23.070 E/Watchdog( 1112): !@Sync: 202 heap(MB): 107 / 119 FD: 1165 [2026-04-18 20:28:23.070]
04-18 20:28:23.281 I/BtGatt.ScanHelper( 2139): onScanResult to scannerId: 3- eventType=0x1b, addressType=0, address=XX:XX:XX:XX:B7:E9, primaryPhy=1, secondaryPhy=0, advertisingSid=0xff, txPower=127, rssi=-41, periodicAdvInt=0x0
04-18 20:28:23.299 I/BtGatt.ScanHelper( 2139): onScanResult to scannerId: 3- eventType=0x1b, addressType=1, address=XX:XX:XX:XX:F2:68, primaryPhy=1, secondaryPhy=0, advertisingSid=0xff, txPower=127, rssi=-68, periodicAdvInt=0x0
04-18 20:28:23.451 I/ActivityManager( 1112): Killing 27886:com.whatsapp/u0a319 (adj 985): empty #25
04-18 20:28:23.513 I/Zygote  (  724): Process 27886 exited due to signal 9 (Killed)
04-18 20:28:23.513 I/libprocessgroup( 1112): Removed cgroup /sys/fs/cgroup/uid_10319/pid_27886
04-18 20:28:23.513 D/ActivityTaskManager( 1112): com.android.settings declared PROPERTY_COMPAT_ALLOW_MIN_ASPECT_RATIO_OVERRIDE false. User aspect ratio should not applied because the package is not displayed in user settings.
04-18 20:28:23.514 D/ActivityTaskManager( 1112): com.android.settings declared PROPERTY_COMPAT_ALLOW_MIN_ASPECT_RATIO_OVERRIDE false. User aspect ratio should not applied because the package is not displayed in user settings.
04-18 20:28:23.517 D/DisplayManagerService( 1112): Drop pending events for gone uid 10319
04-18 20:28:23.517 D/io_stats(  519): !@   8,0 r 2767503 73251625 w 762508 25249676 d 78228 31544516 f 29669 65804 iot 1236384 0 th 0 0 0 pt 0 inp 0 0 6061.623
04-18 20:28:23.629 I/BtGatt.ScanHelper( 2139): onScanResult to scannerId: 9- eventType=0x10, addressType=1, address=XX:XX:XX:XX:D7:79, primaryPhy=1, secondaryPhy=0, advertisingSid=0xff, txPower=127, rssi=-54, periodicAdvInt=0x0
04-18 20:28:23.780 I/ding:background(30703): Background concurrent mark compact GC freed 10MB AllocSpace bytes, 0(0B) LOS objects, 49% free, 10MB/20MB, paused 1.836ms,5.817ms total 145.648ms
04-18 20:28:23.826 W/gle.android.gms(32494): ApkAssets: Deleting an ApkAssets object '<empty> and /data/app/~~fvRRB71ChOvfuddaXl7CLg==/com.drumeo-Qns2AGAzERt_ulnIi63VFQ==/base.apk' with 1 weak references
04-18 20:28:23.827 W/gle.android.gms(32494): ApkAssets: Deleting an ApkAssets object '<empty> and /data/app/~~fvRRB71ChOvfuddaXl7CLg==/com.drumeo-Qns2AGAzERt_ulnIi63VFQ==/split_config.arm64_v8a.apk' with 1 weak references
04-18 20:28:23.827 W/gle.android.gms(32494): ApkAssets: Deleting an ApkAssets object '<empty> and /data/app/~~fvRRB71ChOvfuddaXl7CLg==/com.drumeo-Qns2AGAzERt_ulnIi63VFQ==/split_config.en.apk' with 1 weak references
04-18 20:28:23.827 W/gle.android.gms(32494): ApkAssets: Deleting an ApkAssets object '<empty> and /data/app/~~fvRRB71ChOvfuddaXl7CLg==/com.drumeo-Qns2AGAzERt_ulnIi63VFQ==/split_config.xhdpi.apk' with 1 weak references
04-18 20:28:23.905 I/BtGatt.ScanHelper( 2139): onScanResult to scannerId: 3- eventType=0x1b, addressType=0, address=XX:XX:XX:XX:B7:E9, primaryPhy=1, secondaryPhy=0, advertisingSid=0xff, txPower=127, rssi=-41, periodicAdvInt=0x0
04-18 20:28:23.909 I/BtGatt.ScanHelper( 2139): onScanResult to scannerId: 9- eventType=0x10, addressType=1, address=XX:XX:XX:XX:D7:79, primaryPhy=1, secondaryPhy=0, advertisingSid=0xff, txPower=127, rssi=-43, periodicAdvInt=0x0
04-18 20:28:23.922 I/BtGatt.ScanHelper( 2139): onScanResult to scannerId: 5- eventType=0x1b, addressType=1, address=XX:XX:XX:XX:AE:A9, primaryPhy=1, secondaryPhy=0, advertisingSid=0xff, txPower=127, rssi=-81, periodicAdvInt=0x0
04-18 20:28:23.962 I/SemWifiServiceDetector( 1112): NSD results: [1, 1, 2, 0, 1, 1, 2, 1, 0] Traff. type 2 Thr 23
04-18 20:28:23.963 D/SemWifiOptimizer( 1112): enable=1 state=0x10 prev=0x00 new=0x10 force=0 mode=0
04-18 20:28:23.997 W/adbd    ( 9673): timed out while waiting for FUNCTIONFS_BIND, trying again
04-18 20:28:23.997 I/adbd    ( 9673): UsbFfs: connection terminated: monitor thread finished
04-18 20:28:24.059 I/adbd    ( 9673): opening control endpoint /dev/usb-ffs/adb/ep0
04-18 20:28:24.096 D/BoundBrokerSvc(32494): onUnbind: Intent { act=com.google.android.gms.audit.service.START dat=chimera-action:/... cmp=com.google.android.gms/.chimera.GmsBoundBrokerService }
04-18 20:28:24.245 D/SemWifiUsabilityStatsMonitor( 1112): onWifiUsabilityStats - seqNum 463, isSameBssidAndFreq true
04-18 20:28:24.246 D/ConnectivityService( 1112): notifyType CALLBACK_CAP_CHANGED for [101 WIFI]
04-18 20:28:24.249 D/SemWifiApNsd:Client( 1112): lpInterface:wlan0
04-18 20:28:24.249 D/SemWifiSwitchForIndividualAppsService( 1112): stopTCPMonitoring : already stopped
04-18 20:28:24.249 I/WifiConnectivityMonitor.NCC( 1112): sNetworkCallback(oCC) FULL : 101(valid: true/captive: false)
04-18 20:28:24.251 I/WifiConnectivityMonitor.NCC( 1112): [ Transports: WIFI Capabilities: NOT_METERED&INTERNET&NOT_RESTRICTED&TRUSTED&NOT_VPN&VALIDATED&NOT_ROAMING&FOREGROUND&NOT_CONGESTED&NOT_SUSPENDED&NOT_VCN_MANAGED&NOT_BANDWIDTH_CONSTRAINED LinkUpBandwidth>=12000Kbps LinkDnBandwidth>=23842Kbps TransportInfo: <SSID: <unknown ssid>, BSSID: 02:00:00:**:**:00, MAC: 02:00:00:**:**:00, IP: /192.***.**.21, Security type: 2, Supplicant state: COMPLETED, Wi-Fi standard: 11ax, RSSI: -37, Link speed: 864Mbps, Tx Link speed: 864Mbps, Max Supported Tx Link speed: 1200Mbps, Rx Link speed: 1200Mbps, Max Supported Rx Link speed: 1200Mbps, Frequency: 5745MHz, Net ID: -1, Metered hint: false, score: 60, isUsable: true, CarrierMerged: false, SubscriptionId: -1, IsPrimary: 1, Trusted: true, Restricted: false, Ephemeral: false, OEM paid: false, OEM private: false, OSU AP: false, FQDN: <none>, Provider friendly name: <none>, Requesting package name: <none><none>MLO Information: , Is TID-To-Link negotiation supported by the AP: false, AP MLD Address: <none>, AP MLO Link Id: <none>, AP MLO Affiliated links: <none>, Vendor Data: <none>> SignalStrength: -37 AdminUids: [10244] SSID: "AveryNet" UnderlyingNetworks: Null]
04-18 20:28:24.251 D/WifiPickerTracker( 1814): updateWifiEntries capabilities
04-18 20:28:24.252 I/HBD     ( 6870): h onCapabilitiesChanged network : 101 current network state : wifi 
04-18 20:28:24.252 D/WifiConnectivityMonitor( 1112): HANDLE_ON_CAPABILITIES_CHANGED
04-18 20:28:24.252 I/WifiConnectivityMonitor( 1112): determineMode : MODE_NON_SWITCHABLE_BY_POOR_NETWORK_DETECTION_DISABLED
04-18 20:28:24.252 D/OpenNetworkQos[4.00]( 1112): updateBssidNoInternet: mBssidNoInternet = false
04-18 20:28:24.252 D/OpenNetworkQos[4.00]( 1112): getOpenNetworkQosNoInternetStatus: false
04-18 20:28:24.252 D/OpenNetworkQos[4.00]( 1112): getOpenNetworkQosScores: 30 0 0 
04-18 20:28:24.252 D/KNOX_MDM_SettingsProvider( 1112): isChangeAllowed() : name = wifi_wcm_qos_sharing_score_summary
04-18 20:28:24.253 I/SemWifiLinkQualityMonitor( 1112): Link stat: 0 / 0 / 1.15 (165) / 864 / -37.0 || 100.0 : 864.00 / 0.5 : 0.87 / 0.55 : 0.30 / G (G) || 5da6045a5745: 0.112 / 71.354 /  / D || N V / 0 / Y 2.0 / Y 0 / 6062358 0
04-18 20:28:24.253 I/WifiProfileShare( 1112): network QoS data was changed (internet), updateQoSData networkType: true, qosData: false
04-18 20:28:24.253 V/WifiProfileShare.Caster( 1112): update wips network, size: 0
04-18 20:28:24.253 D/WifiProfileShare( 1112): nearby scanning settings run
04-18 20:28:24.253 D/WifiProfileShare( 1112): network score provider settings enabled
04-18 20:28:24.253 D/OpenNetworkQos[4.00]( 1112): getOpenNetworkQosScores: 30 0 0 
04-18 20:28:24.253 D/OpenNetworkQos[4.00]( 1112): getOpenNetworkQosNoInternetStatus: false
04-18 20:28:24.253 I/WifiProfileShare.Caster( 1112): current network type: 0, score: [30, 0, 0]
04-18 20:28:24.253 V/WifiProfileShare.Caster( 1112): captive portal configuration was set
04-18 20:28:24.253 V/WifiProfileShare.Cache( 1112): update network score fc:91:5d:**:**:5a
04-18 20:28:24.253 D/WifiProfileShare.ScanMatcher( 1112): getMcfDataList size:6
04-18 20:28:24.253 I/WifiProfileShare.Caster( 1112): qos data was updated , before:type:QOS, pBssid:37:59:a6, qosData:e1 after:type:QOS, pBssid:37:59:a6, qosData:e1
04-18 20:28:24.254 I/NullBinder(32471): NullBinder for android.net.action.RECOMMEND_NETWORKS triggering remote TransactionTooLargeException due to Service without Chimera impl, calling uid: 1000, calling pid: 0
04-18 20:28:24.254 W/.gms.persistent(32471): Large reply transaction of 1056768 bytes, interface descriptor , code 1
04-18 20:28:24.255 D/SemWifiApTrafficPriority( 1112): onCapabilitiesChanged Wifi:wlan0,mGapiValue:23.842Uplink: 12.0
04-18 20:28:24.255 I/[MCFSDK_android_1.2.27006]_4_McfCasterImpl( 1112): isNetworkEnabled - type : 1 ret : true
04-18 20:28:24.255 D/WifiProfileShare.McfCast( 1112): -ME--- mIsNetworkEnabled :true
04-18 20:28:24.255 D/WifiProfileShare.McfCast( 1112): updateQoSData ignored, same contents
04-18 20:28:24.255 D/WifiProfileShare.MCF( 1112): success update QosData !
04-18 20:28:24.256 I/LocationAccessPolicy( 1748): checkLocationPermission - callingUid: 10246, callingPid: 4019, resultForFine: DENIED_HARD
04-18 20:28:24.256 I/[MCFSDK_android_1.2.27006]_4_McfCasterImpl( 1112): isNetworkEnabled - type : 1 ret : true
04-18 20:28:24.256 D/WifiProfileShare.McfCast( 1112): -ME--- mIsNetworkEnabled :true
04-18 20:28:24.256 D/WifiProfileShare.McfCast( 1112): -ME--- updatePasswordDate pwdData size:6
04-18 20:28:24.257 I/LocationAccessPolicy( 1748): checkLocationPermission - callingUid: 10246, callingPid: 4019, resultForCoarse: DENIED_HARD
04-18 20:28:24.258 I/PdnController<1>( 2247): onCapabilitiesChanged: network 101 networkCapabilities [ Transports: WIFI Capabilities: NOT_METERED&INTERNET&NOT_RESTRICTED&TRUSTED&NOT_VPN&VALIDATED&NOT_ROAMING&FOREGROUND&NOT_CONGESTED&NOT_SUSPENDED&NOT_VCN_MANAGED&NOT_BANDWIDTH_CONSTRAINED LinkUpBandwidth>=12000Kbps LinkDnBandwidth>=23842Kbps TransportInfo: <SSID: <unknown ssid>, BSSID: 02:00:00:00:00:00, MAC: 02:00:00:00:00:00, IP: /192.168.86.21, Security type: 2, Supplicant state: COMPLETED, Wi-Fi standard: 11ax, RSSI: -37, Link speed: 864Mbps, Tx Link speed: 864Mbps, Max Supported Tx Link speed: 1200Mbps, Rx Link speed: 1200Mbps, Max Supported Rx Link speed: 1200Mbps, Frequency: 5745MHz, Net ID: -1, Metered hint: false, score: 60, isUsable: true, CarrierMerged: false, SubscriptionId: -1, IsPrimary: 1, Trusted: true, Restricted: false, Ephemeral: false, OEM paid: false, OEM private: false, OSU AP: false, FQDN: <none>, Provider friendly name: <none>, Requesting package name: <none><none>MLO Information: , Is TID-To-Link negotiation supported by the AP: false, AP MLD Address: <none>, AP MLO Link Id: <none>, AP MLO Affiliated links: <none>, Vendor Data: <none>> SignalStrength: -37 AdminUids: [10244] SSID: "AveryNet" UnderlyingNetworks: Null]
04-18 20:28:24.259 I/Tycho.VoiceLibrary(26253): TeleWifiMonitor.updateSignalState, (is connected: true, signal level: 99%, link speed: 816Mbps) -> (is connected: true, signal level: 99%, link speed: 864Mbps)
04-18 20:28:24.259 I/Tycho.VoiceLibrary(26253): Skip the config reloading on wifi_state_change because it's using local profile and enableConfigReloadForLocalProfile is disabled.
04-18 20:28:24.259 I/Tycho.VoiceLibrary(26253): ImsRegistrationNetworkSelector.onWifiStateChanged
04-18 20:28:24.259 D/WifiPickerTracker( 1814): update AutoHotspot Entries() : bleAccessPoints -> 0
04-18 20:28:24.260 D/WifiPickerTracker( 1814): handleNetworkCapabilitiesChanged
04-18 20:28:24.260 I/NetworkMonitor(27457): Network: Changed Capabilities - [ Transports: WIFI Capabilities: NOT_METERED&INTERNET&NOT_RESTRICTED&TRUSTED&NOT_VPN&VALIDATED&NOT_ROAMING&FOREGROUND&NOT_CONGESTED&NOT_SUSPENDED&NOT_VCN_MANAGED&NOT_BANDWIDTH_CONSTRAINED LinkUpBandwidth>=12000Kbps LinkDnBandwidth>=23842Kbps TransportInfo: <SSID: <unknown ssid>, BSSID: 02:00:00:00:00:00, MAC: 02:00:00:00:00:00, IP: /192.168.86.21, Security type: 2, Supplicant state: COMPLETED, Wi-Fi standard: 11ax, RSSI: -37, Link speed: 864Mbps, Tx Link speed: 864Mbps, Max Supported Tx Link speed: 1200Mbps, Rx Link speed: 1200Mbps, Max Supported Rx Link speed: 1200Mbps, Frequency: 5745MHz, Net ID: -1, Metered hint: false, score: 60, isUsable: true, CarrierMerged: false, SubscriptionId: -1, IsPrimary: -1, Trusted: true, Restricted: false, Ephemeral: false, OEM paid: false, OEM private: false, OSU AP: false, FQDN: <none>, Provider friendly name: <none>, Requesting package name: <none><none>MLO Information: , Is TID-To-Link negotiation supported by the AP: false, AP MLD Address: <none>, AP MLO Link Id: <none>, AP MLO Affiliated links: <none>, Vendor Data: <none>> SignalStrength: -37 UnderlyingNetworks: Null] for 101
04-18 20:28:24.260 D/NetworkMonitor(27457): Network capabilities changed status: (hasInternet = true, WiFI = true, Cellular = false, Ethernet = false, VPN = false, Bluetooth = false, Validated = true, Behind captive = false, Unmetered = true, Airplane = false)
04-18 20:28:24.355 I/HBD     ( 6870): h onCapabilityChanged  setNetworkState currentNetworkState : wifi 
04-18 20:28:24.464 I/SemWifiServiceDetector( 1112): NSD results: [0, 1, 1, 0, 1, 0, 2, 1, 0] Traff. type 2 Thr 51
04-18 20:28:24.758 I/NearbySharing(32471): Network state changed: NetworkState(isRestricted=false, isOnline=true, isCongested=false, isMetered=false, isWifiConnected=true)
04-18 20:28:24.863 I/BtGatt.ScanHelper( 2139): onScanResult to scannerId: 5- eventType=0x1b, addressType=1, address=XX:XX:XX:XX:AE:A9, primaryPhy=1, secondaryPhy=0, advertisingSid=0xff, txPower=127, rssi=-80, periodicAdvInt=0x0
