04-18 20:28:40.016 D/ControlsListingControllerImpl( 1814): ServiceConfig reloaded, count: 1
04-18 20:28:40.017 D/ControlsListingControllerImpl( 1814): ServiceConfig reloaded, count: 1
04-18 20:28:40.018 D/SPluginManagerImpl( 1814): onReceive: android.intent.action.PACKAGE_ADDED, size:{com.android.systemui.navigationbar.plugin.PluginBarInteractionManager$pluginListener$1@96150c=SPluginInstanceManager@180583236 (action=com.samsung.systemui.navigationbar.PLUGIN), com.android.systemui.pluginlock.PluginLockMediatorImpl@2cb5511=SPluginInstanceManager@258106413 (action=com.samsung.systemui.action.PLUGIN_LOCK), com.android.systemui.slimindicator.SlimIndicatorPluginMediator@39c14fd=SPluginInstanceManager@255364450 (action=com.samsung.systemui.action.SPLUGIN_SLIMINDICATOR), com.android.systemui.volume.VolumeStarInteractor$start$1@45f1dc6=SPluginInstanceManager@32784115 (action=com.samsung.systemui.volume.PLUGIN), com.android.systemui.noticenter.NotiCenterPlugin$NotiCenterPluginListener@537a346=SPluginInstanceManager@52365232 (action=com.samsung.systemui.action.PLUGIN_NOTICENTER), com.samsung.android.systemui.multistar.MultiStarManager$2@a7ae0b1=SPluginInstanceManager@179181097 (action=com.samsung.systemui.action.PLUGIN_MULTISTAR)}
04-18 20:28:40.018 D/KeyguardUpdateMonitor( 1814): received broadcast android.intent.action.PACKAGE_ADDED
04-18 20:28:40.018 D/SPluginManagerImpl( 1814): onReceive: android.intent.action.PACKAGE_REPLACED, size:{com.android.systemui.navigationbar.plugin.PluginBarInteractionManager$pluginListener$1@96150c=SPluginInstanceManager@180583236 (action=com.samsung.systemui.navigationbar.PLUGIN), com.android.systemui.pluginlock.PluginLockMediatorImpl@2cb5511=SPluginInstanceManager@258106413 (action=com.samsung.systemui.action.PLUGIN_LOCK), com.android.systemui.slimindicator.SlimIndicatorPluginMediator@39c14fd=SPluginInstanceManager@255364450 (action=com.samsung.systemui.action.SPLUGIN_SLIMINDICATOR), com.android.systemui.volume.VolumeStarInteractor$start$1@45f1dc6=SPluginInstanceManager@32784115 (action=com.samsung.systemui.volume.PLUGIN), com.android.systemui.noticenter.NotiCenterPlugin$NotiCenterPluginListener@537a346=SPluginInstanceManager@52365232 (action=com.samsung.systemui.action.PLUGIN_NOTICENTER), com.samsung.android.systemui.multistar.MultiStarManager$2@a7ae0b1=SPluginInstanceManager@179181097 (action=com.samsung.systemui.action.PLUGIN_MULTISTAR)}
04-18 20:28:40.018 D/SecSTQuickControlRequestReceiver( 1814): onReceiveForPackage action = android.intent.action.PACKAGE_REPLACED, pkgName = com.teslacoilsw.launcher
04-18 20:28:40.018 I/GoodLockLifecycle( 1814): onPackageAdded: com.teslacoilsw.launcher
04-18 20:28:40.020 I/VSyncReactor(  801): Current= 30, Period= 60, hwcPeriod= 60
04-18 20:28:40.020 I/Finsky:background(30703): [510] Wrote row to frosting DB: 40945
04-18 20:28:40.020 W/SignedPackage( 1112): Cannot get ApplicationInfo for package: com.android.devicelockcontroller
04-18 20:28:40.026 D/PluginActionManager( 1814): queryPkg com.teslacoilsw.launcher com.android.systemui.action.PLUGIN_NOTIFICATION_MENU_ROW
04-18 20:28:40.026 D/LauncherApps(24659): onPackageChanged 0,com.teslacoilsw.launcher
04-18 20:28:40.026 I/HoneySpace.PackageOperationTracker( 2265): onPackageChanged - com.teslacoilsw.launcher UserHandle{0}
04-18 20:28:40.026 I/HoneySpace.PackageChangedCallbackImpl( 2265): onPackageChanged: com.teslacoilsw.launcher / UserHandle{0}
04-18 20:28:40.027 D/nativeloader(28977): Configuring clns-7 for other apk /data/app/~~ObpjW38apxsIACTZtZe1nQ==/com.teslacoilsw.launcher-FLMiE_LvDr2ogIcSa5t1Ow==/base.apk. target_sdk_version=35, uses_libraries=, library_path=/data/app/~~ObpjW38apxsIACTZtZe1nQ==/com.teslacoilsw.launcher-FLMiE_LvDr2ogIcSa5t1Ow==/lib/arm64:/data/app/~~ObpjW38apxsIACTZtZe1nQ==/com.teslacoilsw.launcher-FLMiE_LvDr2ogIcSa5t1Ow==/base.apk!/lib/arm64-v8a, permitted_path=/data:/mnt/expand:/data/user/0/com.teslacoilsw.launcher
04-18 20:28:40.027 D/PluginActionManager( 1814): Found 0 plugins
04-18 20:28:40.027 D/PluginActionManager( 1814): queryPkg com.teslacoilsw.launcher com.android.systemui.action.PLUGIN_QS_FACTORY
04-18 20:28:40.028 I/HoneySpace.FilteredItemProvider[ArchivedApps]( 2265): updateArchivedApps: []
04-18 20:28:40.028 D/PluginActionManager( 1814): Found 0 plugins
04-18 20:28:40.028 D/PluginActionManager( 1814): queryPkg com.teslacoilsw.launcher com.android.systemui.action.PLUGIN_NOTIFICATION_MENU_ROW
04-18 20:28:40.029 D/CompatChangeReporter(28977): Compat change id reported: 202956589; UID 10354; state: ENABLED
04-18 20:28:40.030 I/Finsky  (30690): [2] aiyb - Received: android.intent.action.PACKAGE_REMOVED, [Y3zRMiFr6X0kYgOIX6SWZvagYTKUKWUEInJDT7FT5ZQ]
04-18 20:28:40.033 I/PackageInfoManager_FLP( 3096): onPermissionsChanged, uid = 10354
04-18 20:28:40.033 I/PackageInfoManager_FLP( 3096): updatePermission, com.teslacoilsw.launcher to 0
04-18 20:28:40.033 I/FILP/FilterInstaller(24054): uninstallFilters
04-18 20:28:40.034 I/FILP/FilterProvider(24054): query: X
04-18 20:28:40.034 I/AppWidgetServiceImpl( 1112): getInstalledProvidersForProfiles() 
04-18 20:28:40.034 I/AppWidgetServiceImpl( 1112): getInstalledProvidersForProfiles lock in
04-18 20:28:40.034 I/AppWidgetServiceImpl( 1112): getInstalledProvidersForProfiles lock exit
04-18 20:28:40.035 I/Finsky  (30690): [2] aiyb - Deduping intent android.intent.action.PACKAGE_REMOVED
04-18 20:28:40.035 I/Finsky  (30690): [2] aiyb - Received: android.intent.action.PACKAGE_ADDED, [Y3zRMiFr6X0kYgOIX6SWZvagYTKUKWUEInJDT7FT5ZQ]
04-18 20:28:40.035 D/PluginActionManager( 1814): Found 0 plugins
04-18 20:28:40.035 D/PluginActionManager( 1814): queryPkg com.teslacoilsw.launcher com.android.systemui.action.PLUGIN_GLOBAL_ACTIONS
04-18 20:28:40.036 I/HoneySpace.PackageSourceImpl( 2265): addShortcutToList make key:com.teslacoilsw.launcher/.#UserHandle{0}  info:android.content.pm.LauncherActivityInfo@4f7b801
04-18 20:28:40.036 I/HoneySpace.PackageSourceImpl( 2265): addShortcutToList add key:com.teslacoilsw.launcher/.#UserHandle{0}  info:android.content.pm.LauncherActivityInfo@94fd6a6
04-18 20:28:40.036 I/HoneySpace.IconCache( 2265): remove icon cache & DB : com.teslacoilsw.launcher UserHandle{0}
04-18 20:28:40.036 I/HoneySpace.IconCache( 2265): removeSpecificIconDb: com.teslacoilsw.launcher UserHandle{0}
04-18 20:28:40.037 D/PluginActionManager( 1814): Found 0 plugins
04-18 20:28:40.038 D/PluginActionManager( 1814): queryPkg com.teslacoilsw.launcher com.android.systemui.action.PLUGIN_NOTIFICATION_MENU_ROW
04-18 20:28:40.038 D/PluginActionManager( 1814): Found 0 plugins
04-18 20:28:40.038 D/PluginActionManager( 1814): queryPkg com.teslacoilsw.launcher com.samsung.systemui.action.PLUGIN_FACE_WIDGET
04-18 20:28:40.038 D/PluginActionManager( 1814): Too many of com.samsung.systemui.action.PLUGIN_FACE_WIDGET
04-18 20:28:40.038 D/PluginActionManager( 1814): queryPkg com.teslacoilsw.launcher com.android.systemui.action.PLUGIN_NOTIFICATION_MENU_ROW
04-18 20:28:40.039 D/PluginActionManager( 1814): Found 0 plugins
04-18 20:28:40.039 D/PluginActionManager( 1814): queryPkg com.teslacoilsw.launcher com.android.systemui.action.PLUGIN_NOTIFICATION_MENU_ROW
04-18 20:28:40.039 D/PluginActionManager( 1814): Found 0 plugins
04-18 20:28:40.039 D/PluginActionManager( 1814): queryPkg com.teslacoilsw.launcher com.android.systemui.action.PLUGIN_NOTIFICATION_MENU_ROW
04-18 20:28:40.040 V/GraphicsEnvironment(28977): Currently set values for:
04-18 20:28:40.040 V/GraphicsEnvironment(28977):   angle_gl_driver_selection_pkgs=[]
04-18 20:28:40.040 V/GraphicsEnvironment(28977):   angle_gl_driver_selection_values=[]
04-18 20:28:40.040 V/GraphicsEnvironment(28977): Global.Settings values are invalid: number of packages: 0, number of values: 0
04-18 20:28:40.040 I/Finsky  (30690): [2] AIM: AppInfoCacheUpdater -> invalidating apps: [com.teslacoilsw.launcher]
04-18 20:28:40.040 I/Finsky  (30690): [2] AIM: AppInfoManager-Perf > getApps > called for 1 apps
04-18 20:28:40.040 V/GraphicsEnvironment(28977): Neither updatable production driver nor prerelease driver is supported.
04-18 20:28:40.040 D/PluginActionManager( 1814): Found 0 plugins
04-18 20:28:40.040 D/PluginActionManager( 1814): queryPkg com.teslacoilsw.launcher com.android.systemui.action.PLUGIN_NOTIFICATION_MENU_ROW
04-18 20:28:40.040 I/Finsky  (30690): [83] AIM: AppInfoManager-Perf > OnDeviceAppInfo > cacheHitCount=0, cacheMissCount=1. Missed  in cache (limit 10) : [com.teslacoilsw.launcher]
04-18 20:28:40.041 I/Finsky  (30690): [80] AIM: Got app ownership map. App counts: 1. Unique apps: 1
04-18 20:28:40.041 D/PluginActionManager( 1814): Found 0 plugins
04-18 20:28:40.041 D/PluginActionManager( 1814): queryPkg com.teslacoilsw.launcher com.android.systemui.action.PEOPLE_HUB_PERSON_EXTRACTOR
04-18 20:28:40.042 D/PluginActionManager( 1814): Found 0 plugins
04-18 20:28:40.042 D/PluginActionManager( 1814): queryPkg com.teslacoilsw.launcher com.android.systemui.action.PLUGIN_NOTIFICATION_MENU_ROW
04-18 20:28:40.042 I/Finsky  (30690): [597] [ContentSync] finished, scheduled=false
04-18 20:28:40.043 D/PluginActionManager( 1814): Found 0 plugins
04-18 20:28:40.043 D/PluginActionManager( 1814): queryPkg com.teslacoilsw.launcher com.android.systemui.action.PLUGIN_OVERLAY
04-18 20:28:40.044 D/PluginActionManager( 1814): Found 0 plugins
04-18 20:28:40.044 D/PluginActionManager( 1814): queryPkg com.teslacoilsw.launcher com.android.systemui.action.PLUGIN_QS
04-18 20:28:40.044 D/PluginActionManager( 1814): Found 0 plugins
04-18 20:28:40.044 D/PluginActionManager( 1814): queryPkg com.teslacoilsw.launcher com.android.systemui.action.PLUGIN_NOTIFICATION_MENU_ROW
04-18 20:28:40.044 I/artd    (25296): GetBestInfo: odex next to the dex file (/data/app/~~ObpjW38apxsIACTZtZe1nQ==/com.teslacoilsw.launcher-FLMiE_LvDr2ogIcSa5t1Ow==/oat/arm64/base.odex) is kOatUpToDate with filter 'speed-profile' executable 'false'
04-18 20:28:40.045 D/PluginActionManager( 1814): Found 0 plugins
04-18 20:28:40.045 W/SQLiteLog(32494): (28) double-quoted string literal: "com.teslacoilsw.launcher"
04-18 20:28:40.045 D/PluginActionManager( 1814): queryPkg com.teslacoilsw.launcher com.android.systemui.action.PLUGIN_CLOCK_PROVIDER
04-18 20:28:40.046 D/PluginActionManager( 1814): Found 0 plugins
04-18 20:28:40.046 D/PluginActionManager( 1814): queryPkg com.teslacoilsw.launcher com.android.systemui.action.PLUGIN_NOTIFICATION_MENU_ROW
04-18 20:28:40.046 E/Finsky  (30690): [82] [Counters] attempted to use a non-positive increment for: 4753
04-18 20:28:40.046 D/PluginActionManager( 1814): Found 0 plugins
04-18 20:28:40.047 D/PluginActionManager( 1814): queryPkg com.teslacoilsw.launcher com.android.systemui.action.PLUGIN_NOTIFICATION_ASSISTANT
04-18 20:28:40.047 I/AppIconSolution( 2265): getThemeIconWithBG called with public API, pkg = com.teslacoilsw.launcher, mode = 48
04-18 20:28:40.047 D/PluginActionManager( 1814): Found 0 plugins
04-18 20:28:40.047 D/PluginActionManager( 1814): queryPkg com.teslacoilsw.launcher com.android.systemui.action.PLUGIN_SENSOR_MANAGER
04-18 20:28:40.047 I/AppIconSolution( 2265): return adaptive icon for com.teslacoilsw.launcher, isNight = true
04-18 20:28:40.048 D/PluginActionManager( 1814): Found 0 plugins
04-18 20:28:40.048 D/PluginActionManager( 1814): queryPkg com.teslacoilsw.launcher com.android.systemui.action.PLUGIN_NOTIFICATION_MENU_ROW
04-18 20:28:40.048 D/PluginActionManager( 1814): Found 0 plugins
04-18 20:28:40.048 I/LauncherActivityInfo( 2265): packageName: com.teslacoilsw.launcher, useThemeIcon: false, height: 160, width: 160, density: 480
04-18 20:28:40.048 D/PluginActionManager( 1814): queryPkg com.teslacoilsw.launcher com.android.systemui.action.PLUGIN_NOTIFICATION_MENU_ROW
04-18 20:28:40.049 D/PluginActionManager( 1814): Found 0 plugins
04-18 20:28:40.050 D/PluginActionManager( 1814): queryPkg com.teslacoilsw.launcher com.android.systemui.action.PLUGIN_VOLUME
04-18 20:28:40.050 D/IntervalStats( 1112): Unable to parse usage stats packages: [3, 12, 34, 38, 61, 63, 85, 101, 121, 150, 152, 242, 267, 347, 379, 399, 402, 403, 404, 405, 407, 411, 415, 421, 422, 424, 427, 439, 440, 441, 442, 443, 446, 455, 456, 457, 459, 460, 461, 462, 463, 464, 465, 466, 467, 468, 469, 470, 471, 472, 473, 474, 475, 476, 477, 478, 479, 480, 481, 482, 483, 484, 485, 486, 487, 488, 489, 490, 491, 525, 526, 527, 537]
04-18 20:28:40.050 D/PluginActionManager( 1814): Found 0 plugins
04-18 20:28:40.050 D/PluginActionManager( 1814): queryPkg com.teslacoilsw.launcher com.android.systemui.action.PLUGIN_TOAST
04-18 20:28:40.051 D/PluginActionManager( 1814): Found 0 plugins
04-18 20:28:40.051 D/PluginActionManager( 1814): queryPkg com.teslacoilsw.launcher com.android.systemui.action.PLUGIN_NOTIFICATION_MENU_ROW
04-18 20:28:40.053 D/PluginActionManager( 1814): Found 0 plugins
04-18 20:28:40.053 D/PluginActionManager( 1814): queryPkg com.teslacoilsw.launcher com.android.systemui.action.PLUGIN_NOTIFICATION_MENU_ROW
04-18 20:28:40.054 I/HoneySpace.PackageSourceImpl( 2265): package changed info list size : 1
04-18 20:28:40.054 I/HoneySpace.HoneySpaceManagerContainer( 2265): packageUpdateEvent - com.honeyspace.sdk.source.entity.PackageOperation$Changed@78350e2
04-18 20:28:40.054 I/HoneySpace.HoneySpaceManagerContainer( 2265): refreshHoneyPlugin, packageName: com.teslacoilsw.launcher
04-18 20:28:40.054 I/HoneySpace.IconCache( 2265): add icon DB: [com.teslacoilsw.launcher/.NovaShortcutHandler#UserHandle{0}] - IconAndLabel(icon=android.graphics.Bitmap@d9add18, label=Nova Launcher) | false | 480 | false |true
04-18 20:28:40.055 D/PluginActionManager( 1814): Found 0 plugins
04-18 20:28:40.055 D/PluginActionManager( 1814): queryPkg com.teslacoilsw.launcher com.android.systemui.action.PLUGIN_NOTIFICATION_MENU_ROW
04-18 20:28:40.056 D/PluginActionManager( 1814): Found 0 plugins
04-18 20:28:40.056 D/PluginActionManager( 1814): queryPkg com.teslacoilsw.launcher com.android.systemui.action.PLUGIN_QS_FACTORY
04-18 20:28:40.056 D/PluginActionManager( 1814): Found 0 plugins
04-18 20:28:40.056 D/PluginActionManager( 1814): queryPkg com.teslacoilsw.launcher com.android.systemui.action.PLUGIN_NOTIFICATION_MENU_ROW
04-18 20:28:40.057 D/PluginActionManager( 1814): Found 0 plugins
04-18 20:28:40.057 D/PluginActionManager( 1814): queryPkg com.teslacoilsw.launcher com.android.systemui.action.PLUGIN_GLOBAL_ACTIONS
04-18 20:28:40.058 I/FirebaseApp(28977): Device unlocked: initializing all Firebase APIs for app [DEFAULT]
04-18 20:28:40.058 D/PluginActionManager( 1814): Found 0 plugins
04-18 20:28:40.058 D/PluginActionManager( 1814): queryPkg com.teslacoilsw.launcher com.android.systemui.action.PLUGIN_NOTIFICATION_MENU_ROW
04-18 20:28:40.059 D/PluginActionManager( 1814): Found 0 plugins
04-18 20:28:40.059 D/PluginActionManager( 1814): queryPkg com.teslacoilsw.launcher com.samsung.systemui.action.PLUGIN_FACE_WIDGET
04-18 20:28:40.059 D/PluginActionManager( 1814): Too many of com.samsung.systemui.action.PLUGIN_FACE_WIDGET
04-18 20:28:40.059 D/PluginActionManager( 1814): queryPkg com.teslacoilsw.launcher com.android.systemui.action.PLUGIN_NOTIFICATION_MENU_ROW
04-18 20:28:40.059 I/HoneySpace.HoneySpacePackageSourceImpl( 2265): Package changed : com.teslacoilsw.launcher
04-18 20:28:40.060 D/PluginActionManager( 1814): Found 0 plugins
04-18 20:28:40.060 I/HoneySpace.AppsEdgePanel.ViewModel( 2265): packageChanged : com.teslacoilsw.launcher
04-18 20:28:40.060 I/HoneySpace.HoneySpacePackageSourceImpl( 2265): getHiddenItems : 0
04-18 20:28:40.060 D/PluginActionManager( 1814): queryPkg com.teslacoilsw.launcher com.android.systemui.action.PLUGIN_NOTIFICATION_MENU_ROW
04-18 20:28:40.061 I/Finsky:background(30703): [510] Wrote row to frosting DB: 40946
04-18 20:28:40.061 D/PluginActionManager( 1814): Found 0 plugins
04-18 20:28:40.061 D/PluginActionManager( 1814): queryPkg com.teslacoilsw.launcher com.android.systemui.action.PLUGIN_NOTIFICATION_MENU_ROW
04-18 20:28:40.062 D/PluginActionManager( 1814): Found 0 plugins
04-18 20:28:40.062 D/PluginActionManager( 1814): queryPkg com.teslacoilsw.launcher com.android.systemui.action.PLUGIN_NOTIFICATION_MENU_ROW
04-18 20:28:40.062 I/Pageboost( 1112): add app to global @ runtime: com.teslacoilsw.launcher
04-18 20:28:40.063 D/PluginActionManager( 1814): Found 0 plugins
04-18 20:28:40.063 D/PluginActionManager( 1814): queryPkg com.teslacoilsw.launcher com.android.systemui.action.PEOPLE_HUB_PERSON_EXTRACTOR
04-18 20:28:40.064 D/PluginActionManager( 1814): Found 0 plugins
04-18 20:28:40.064 D/PluginActionManager( 1814): queryPkg com.teslacoilsw.launcher com.android.systemui.action.PLUGIN_NOTIFICATION_MENU_ROW
04-18 20:28:40.064 I/Finsky  (30690): [81] AIM: AppInfoManager-Perf > ItemModel > CacheSize=109, cacheHitCount=0, cacheMissCount=1, total appsWithNoServerDataCount=4. Missed  in cache (limit 10) : [com.teslacoilsw.launcher]
04-18 20:28:40.064 D/PluginActionManager( 1814): Found 0 plugins
04-18 20:28:40.065 D/PluginActionManager( 1814): queryPkg com.teslacoilsw.launcher com.android.systemui.action.PLUGIN_OVERLAY
04-18 20:28:40.065 I/FILP/FilterProvider(24054): query: E
04-18 20:28:40.065 I/FILP/FilterInstaller(24054): removeFromFS : com.teslacoilsw.launcher, cursor size : 0
04-18 20:28:40.065 I/Finsky  (30690): [81] AIM: AppInfoManager-Perf > ItemModel > ItemStore Called 1 apps cacheOptions = REFRESH_LOCAL_CACHE
04-18 20:28:40.065 I/Finsky  (30690): [81] AIM: ItemModel fetch - unauth(0), auth([ttTvNCFVi_66uWgD-K8GB0VbYXtXr8-IeAD1RTYHncA]->1)
04-18 20:28:40.066 D/PluginActionManager( 1814): Found 0 plugins
04-18 20:28:40.066 D/PluginActionManager( 1814): queryPkg com.teslacoilsw.launcher com.android.systemui.action.PLUGIN_QS
04-18 20:28:40.066 I/Finsky  (30690): [2] DTU: Received onPackageAdded, replacing: true
04-18 20:28:40.067 D/PluginActionManager( 1814): Found 0 plugins
04-18 20:28:40.067 I/FirebaseCrashlytics(28977): Initializing Firebase Crashlytics 19.3.0 for com.teslacoilsw.launcher
04-18 20:28:40.067 D/PluginActionManager( 1814): queryPkg com.teslacoilsw.launcher com.android.systemui.action.PLUGIN_NOTIFICATION_MENU_ROW
04-18 20:28:40.068 D/PluginActionManager( 1814): Found 0 plugins
04-18 20:28:40.068 D/PluginActionManager( 1814): queryPkg com.teslacoilsw.launcher com.android.systemui.action.PLUGIN_CLOCK_PROVIDER
04-18 20:28:40.068 D/PluginActionManager( 1814): Found 0 plugins
04-18 20:28:40.068 D/PluginActionManager( 1814): queryPkg com.teslacoilsw.launcher com.android.systemui.action.PLUGIN_NOTIFICATION_MENU_ROW
04-18 20:28:40.069 I/Finsky:background(30703): [2] aixr - Received: android.intent.action.PACKAGE_ADDED, [Y3zRMiFr6X0kYgOIX6SWZvagYTKUKWUEInJDT7FT5ZQ]
04-18 20:28:40.069 I/Finsky  (30690): [2] aiyb - Received: android.intent.action.PACKAGE_ADDED, [Y3zRMiFr6X0kYgOIX6SWZvagYTKUKWUEInJDT7FT5ZQ]
04-18 20:28:40.071 D/PluginActionManager( 1814): Found 0 plugins
04-18 20:28:40.071 D/PluginActionManager( 1814): queryPkg com.teslacoilsw.launcher com.android.systemui.action.PLUGIN_NOTIFICATION_ASSISTANT
04-18 20:28:40.071 D/CompatChangeReporter(28977): Compat change id reported: 312399441; UID 10354; state: ENABLED
04-18 20:28:40.072 D/PluginActionManager( 1814): Found 0 plugins
04-18 20:28:40.072 D/PluginActionManager( 1814): queryPkg com.teslacoilsw.launcher com.android.systemui.action.PLUGIN_SENSOR_MANAGER
04-18 20:28:40.072 I/Finsky  (30690): [2] aiyb - Deduping intent android.intent.action.PACKAGE_ADDED
04-18 20:28:40.073 D/PluginActionManager( 1814): Found 0 plugins
04-18 20:28:40.073 D/PluginActionManager( 1814): queryPkg com.teslacoilsw.launcher com.android.systemui.action.PLUGIN_NOTIFICATION_MENU_ROW
04-18 20:28:40.073 I/Finsky  (30690): [2] aiyb - Received: android.intent.action.PACKAGE_ADDED, [Y3zRMiFr6X0kYgOIX6SWZvagYTKUKWUEInJDT7FT5ZQ]
04-18 20:28:40.074 D/PluginActionManager( 1814): Found 0 plugins
04-18 20:28:40.074 D/PluginActionManager( 1814): queryPkg com.teslacoilsw.launcher com.android.systemui.action.PLUGIN_NOTIFICATION_MENU_ROW
04-18 20:28:40.075 D/PluginActionManager( 1814): Found 0 plugins
04-18 20:28:40.075 D/PluginActionManager( 1814): queryPkg com.teslacoilsw.launcher com.android.systemui.action.PLUGIN_VOLUME
04-18 20:28:40.075 D/PluginActionManager( 1814): Found 0 plugins
04-18 20:28:40.076 D/PluginActionManager( 1814): queryPkg com.teslacoilsw.launcher com.android.systemui.action.PLUGIN_TOAST
04-18 20:28:40.076 D/PluginActionManager( 1814): Found 0 plugins
04-18 20:28:40.076 D/PluginActionManager( 1814): queryPkg com.teslacoilsw.launcher com.android.systemui.action.PLUGIN_NOTIFICATION_MENU_ROW
04-18 20:28:40.076 I/Finsky  (30690): [2] aiyb - Deduping intent android.intent.action.PACKAGE_ADDED
04-18 20:28:40.077 I/Finsky  (30690): [69] RECEIVER_PACKAGE_MONITOR#logWorkEndAndFinishGoAsync: SUCCESS
04-18 20:28:40.077 I/FILP/FilterInstaller(24054): removeMyFilterSampleFromFS: launcher
04-18 20:28:40.077 D/PluginActionManager( 1814): Found 0 plugins
04-18 20:28:40.077 D/PluginActionManager( 1814): queryPkg com.teslacoilsw.launcher com.android.systemui.action.PLUGIN_NOTIFICATION_MENU_ROW
04-18 20:28:40.077 I/FILP/FilterProvider(24054): query: X
04-18 20:28:40.078 D/PluginActionManager( 1814): Found 0 plugins
04-18 20:28:40.080 I/FILP/FilterProvider(24054): query: E
04-18 20:28:40.081 I/FILP/FilterInstaller(24054): removeFromFS : All files deleted
04-18 20:28:40.083 I/FILP/FilterInstaller(24054): Delete all filter DB result : com.teslacoilsw.launcher, 0
04-18 20:28:40.084 I/FILP/FilterInstaller(24054): Delete filter DB result : com.teslacoilsw.launcher, 0
04-18 20:28:40.084 I/FILP/FilterInstaller(24054): Delete my filter DB result : com.teslacoilsw.launcher, 0
04-18 20:28:40.084 V/MVS_VZWAVSService(23865): com.verizon.provider.PACKAGE_REMOVED
04-18 20:28:40.089 W/FirebaseApp(28985): Default FirebaseApp failed to initialize because no default options were found. This usually means that com.google.gms:google-services was not applied to your gradle project.
04-18 20:28:40.089 I/FirebaseInitProvider(28985): FirebaseApp initialization unsuccessful
04-18 20:28:40.089 I/FILP/FilterInstaller(24054): uninstallFilters mPackageName: com.teslacoilsw.launcher
04-18 20:28:40.089 I/SLPASVC (28985): onCreate                                                                                            [at com.samsung.euicc.storage.NotificationProvider.onCreate(NotificationProvider.java:29)]
04-18 20:28:40.089 I/SLPASVC (28985): NotificationOpenHelper                                                                              [at com.samsung.euicc.storage.NotificationOpenHelper.<init>(NotificationOpenHelper.java:55)]
04-18 20:28:40.096 I/Routine@Core[4.8.02.28]: Pref(10876): putSharedPrefsData: key=pref_metaloader_status, data.size=9
04-18 20:28:40.098 I/Finsky:background(30703): [510] Wrote row to frosting DB: 40947
04-18 20:28:40.100 I/FirebaseInitProvider(28977): FirebaseApp initialization successful
04-18 20:28:40.102 W/coilsw.launcher(28977): ClassLoaderContext classpath size mismatch. expected=1, found=0 (DLC[];PCL[base.apk*3395480911]{PCL[/system/framework/org.apache.http.legacy.jar*3637333363]#PCL[/system/framework/com.android.location.provider.jar*3414091812]#PCL[/system/framework/com.android.media.remotedisplay.jar*2042759013]#PCL[/system_ext/framework/com.android.extensions.appfunctions.jar*2921093691]#PCL[/system_ext/framework/androidx.window.extensions.jar*393752484]#PCL[/system_ext/framework/androidx.window.sidecar.jar*3240773605]} | DLC[];PCL[])
04-18 20:28:40.103 I/SLPASVC (28985): EsimConfiguration.xml already exist.                                                                [at com.samsung.euicc.storage.ConfigurationProvider.onCreate(ConfigurationProvider.java:161)]
04-18 20:28:40.103 I/SLPASVC (28985): ril.supportSA: 1                                                                                    [at com.samsung.euicc.storage.ConfigurationProvider.is5GSA(ConfigurationProvider.java:399)]
04-18 20:28:40.104 I/DynamiteModule(28977): Considering local module com.google.android.gms.measurement.dynamite:127 and remote module com.google.android.gms.measurement.dynamite:185
04-18 20:28:40.104 I/DynamiteModule(28977): Selected remote version of com.google.android.gms.measurement.dynamite, version >= 185
04-18 20:28:40.108 I/Routine@Core[4.8.02.28]: RoutineService(10876): onDestroy
04-18 20:28:40.108 D/Bubbles ( 1814): onEntryUpdated : shouldBubbleUp=false ,key=-1|com.android.systemui|2131363875|charging_state|10063
04-18 20:28:40.109 W/System.err(28977): java.lang.ClassNotFoundException: android.hwtheme.HwThemeManager
04-18 20:28:40.109 W/System.err(28977): 	at java.lang.Class.classForName(Native Method)
04-18 20:28:40.109 W/System.err(28977): 	at java.lang.Class.forName(Class.java:597)
04-18 20:28:40.109 W/System.err(28977): 	at java.lang.Class.forName(Class.java:502)
04-18 20:28:40.109 W/System.err(28977): 	at wq.d.b(Unknown Source:0)
04-18 20:28:40.109 W/System.err(28977): 	at xp.k.<clinit>(Unknown Source:4)
04-18 20:28:40.109 W/System.err(28977): 	at io.sentry.config.a.M(Unknown Source:43)
04-18 20:28:40.109 W/System.err(28977): 	at al.f.a(Unknown Source:3046)
04-18 20:28:40.109 W/System.err(28977): 	at al.f.invoke(Unknown Source:90)
04-18 20:28:40.109 W/System.err(28977): 	at io.sentry.config.a.V(Unknown Source:24)
04-18 20:28:40.109 W/System.err(28977): 	at com.teslacoilsw.launcher.NovaAppInit.a(Unknown Source:23)
04-18 20:28:40.109 W/System.err(28977): 	at com.android.launcher3.LauncherProvider.onCreate(Unknown Source:21)
04-18 20:28:40.109 W/System.err(28977): 	at android.content.ContentProvider.attachInfo(ContentProvider.java:2684)
04-18 20:28:40.109 W/System.err(28977): 	at android.content.ContentProvider.attachInfo(ContentProvider.java:2653)
04-18 20:28:40.109 W/System.err(28977): 	at android.app.ActivityThread.installProvider(ActivityThread.java:9200)
04-18 20:28:40.109 W/System.err(28977): 	at android.app.ActivityThread.installContentProviders(ActivityThread.java:8702)
04-18 20:28:40.109 W/System.err(28977): 	at android.app.ActivityThread.handleBindApplication(ActivityThread.java:8344)
04-18 20:28:40.109 W/System.err(28977): 	at android.app.ActivityThread.-$$Nest$mhandleBindApplication(Unknown Source:0)
04-18 20:28:40.109 W/System.err(28977): 	at android.app.ActivityThread$H.handleMessage(ActivityThread.java:2679)
04-18 20:28:40.109 W/System.err(28977): 	at android.os.Handler.dispatchMessage(Handler.java:107)
04-18 20:28:40.109 W/System.err(28977): 	at android.os.Looper.loopOnce(Looper.java:257)
04-18 20:28:40.109 W/System.err(28977): 	at android.os.Looper.loop(Looper.java:342)
04-18 20:28:40.109 W/System.err(28977): 	at android.app.ActivityThread.main(ActivityThread.java:9638)
04-18 20:28:40.109 W/System.err(28977): 	at java.lang.reflect.Method.invoke(Native Method)
04-18 20:28:40.109 W/System.err(28977): 	at com.android.internal.os.RuntimeInit$MethodAndArgsCaller.run(RuntimeInit.java:619)
04-18 20:28:40.109 W/System.err(28977): 	at com.android.internal.os.ZygoteInit.main(ZygoteInit.java:929)
04-18 20:28:40.109 W/System.err(28977): Caused by: java.lang.ClassNotFoundException: android.hwtheme.HwThemeManager
04-18 20:28:40.109 W/System.err(28977): 	... 25 more
04-18 20:28:40.109 D/InterruptionStateProvider( 1814):  no Heads up : edgelighting enabled app. -1|com.android.systemui|2131363875|charging_state|10063
04-18 20:28:40.110 W/System.err(28977): java.lang.ClassNotFoundException: miui.content.res.IconCustomizer
04-18 20:28:40.110 W/System.err(28977): 	at java.lang.Class.classForName(Native Method)
04-18 20:28:40.110 W/System.err(28977): 	at java.lang.Class.forName(Class.java:597)
04-18 20:28:40.110 W/System.err(28977): 	at java.lang.Class.forName(Class.java:502)
04-18 20:28:40.110 W/System.err(28977): 	at wq.d.b(Unknown Source:0)
04-18 20:28:40.110 W/System.err(28977): 	at xp.k.<clinit>(Unknown Source:72)
04-18 20:28:40.110 W/System.err(28977): 	at io.sentry.config.a.M(Unknown Source:43)
04-18 20:28:40.110 W/System.err(28977): 	at al.f.a(Unknown Source:3046)
04-18 20:28:40.110 W/System.err(28977): 	at al.f.invoke(Unknown Source:90)
04-18 20:28:40.110 W/System.err(28977): 	at io.sentry.config.a.V(Unknown Source:24)
04-18 20:28:40.110 W/System.err(28977): 	at com.teslacoilsw.launcher.NovaAppInit.a(Unknown Source:23)
04-18 20:28:40.110 W/System.err(28977): 	at com.android.launcher3.LauncherProvider.onCreate(Unknown Source:21)
04-18 20:28:40.110 W/System.err(28977): 	at android.content.ContentProvider.attachInfo(ContentProvider.java:2684)
04-18 20:28:40.110 I/Routine@Core[4.8.02.28]: MetadataLoaderJobService(10876): onStartJob: collectPackageInBG - com.teslacoilsw.launcher
04-18 20:28:40.110 W/System.err(28977): 	at android.content.ContentProvider.attachInfo(ContentProvider.java:2653)
04-18 20:28:40.110 W/System.err(28977): 	at android.app.ActivityThread.installProvider(ActivityThread.java:9200)
04-18 20:28:40.110 W/System.err(28977): 	at android.app.ActivityThread.installContentProviders(ActivityThread.java:8702)
04-18 20:28:40.110 W/System.err(28977): 	at android.app.ActivityThread.handleBindApplication(ActivityThread.java:8344)
04-18 20:28:40.110 W/System.err(28977): 	at android.app.ActivityThread.-$$Nest$mhandleBindApplication(Unknown Source:0)
04-18 20:28:40.110 W/System.err(28977): 	at android.app.ActivityThread$H.handleMessage(ActivityThread.java:2679)
04-18 20:28:40.110 W/System.err(28977): 	at android.os.Handler.dispatchMessage(Handler.java:107)
04-18 20:28:40.110 W/System.err(28977): 	at android.os.Looper.loopOnce(Looper.java:257)
04-18 20:28:40.110 W/System.err(28977): 	at android.os.Looper.loop(Looper.java:342)
04-18 20:28:40.110 W/System.err(28977): 	at android.app.ActivityThread.main(ActivityThread.java:9638)
04-18 20:28:40.110 W/System.err(28977): 	at java.lang.reflect.Method.invoke(Native Method)
04-18 20:28:40.110 W/System.err(28977): 	at com.android.internal.os.RuntimeInit$MethodAndArgsCaller.run(RuntimeInit.java:619)
04-18 20:28:40.110 W/System.err(28977): 	at com.android.internal.os.ZygoteInit.main(ZygoteInit.java:929)
04-18 20:28:40.110 W/System.err(28977): Caused by: java.lang.ClassNotFoundException: miui.content.res.IconCustomizer
04-18 20:28:40.110 W/System.err(28977): 	... 25 more
04-18 20:28:40.110 W/System.err(28977): java.lang.ClassNotFoundException: com.lge.constants.ThemeConstants
04-18 20:28:40.110 W/System.err(28977): 	at java.lang.Class.classForName(Native Method)
04-18 20:28:40.110 W/System.err(28977): 	at java.lang.Class.forName(Class.java:597)
04-18 20:28:40.110 W/System.err(28977): 	at java.lang.Class.forName(Class.java:502)
04-18 20:28:40.110 W/System.err(28977): 	at wq.d.b(Unknown Source:0)
04-18 20:28:40.110 W/System.err(28977): 	at xp.k.<clinit>(Unknown Source:85)
04-18 20:28:40.110 W/System.err(28977): 	at io.sentry.config.a.M(Unknown Source:43)
04-18 20:28:40.110 W/System.err(28977): 	at al.f.a(Unknown Source:3046)
04-18 20:28:40.110 W/System.err(28977): 	at al.f.invoke(Unknown Source:90)
04-18 20:28:40.110 W/System.err(28977): 	at io.sentry.config.a.V(Unknown Source:24)
04-18 20:28:40.110 I/Routine@Core[4.8.02.28]: MetadataSyncHistory(10876): isMetaDataSyncedWithVersion: latest=65f5a7dc35963ac2cc4944ee1d70a78c401ed8c2, currentVersion=65f5a7dc35963ac2cc4944ee1d70a78c401ed8c2
04-18 20:28:40.110 W/System.err(28977): 	at com.teslacoilsw.launcher.NovaAppInit.a(Unknown Source:23)
04-18 20:28:40.110 W/System.err(28977): 	at com.android.launcher3.LauncherProvider.onCreate(Unknown Source:21)
04-18 20:28:40.110 W/System.err(28977): 	at android.content.ContentProvider.attachInfo(ContentProvider.java:2684)
04-18 20:28:40.110 W/System.err(28977): 	at android.content.ContentProvider.attachInfo(ContentProvider.java:2653)
04-18 20:28:40.110 W/System.err(28977): 	at android.app.ActivityThread.installProvider(ActivityThread.java:9200)
04-18 20:28:40.110 W/System.err(28977): 	at android.app.ActivityThread.installContentProviders(ActivityThread.java:8702)
04-18 20:28:40.110 W/System.err(28977): 	at android.app.ActivityThread.handleBindApplication(ActivityThread.java:8344)
04-18 20:28:40.110 W/System.err(28977): 	at android.app.ActivityThread.-$$Nest$mhandleBindApplication(Unknown Source:0)
04-18 20:28:40.110 W/System.err(28977): 	at android.app.ActivityThread$H.handleMessage(ActivityThread.java:2679)
04-18 20:28:40.110 W/System.err(28977): 	at android.os.Handler.dispatchMessage(Handler.java:107)
04-18 20:28:40.110 W/System.err(28977): 	at android.os.Looper.loopOnce(Looper.java:257)
04-18 20:28:40.110 W/System.err(28977): 	at android.os.Looper.loop(Looper.java:342)
04-18 20:28:40.110 W/System.err(28977): 	at android.app.ActivityThread.main(ActivityThread.java:9638)
04-18 20:28:40.110 W/System.err(28977): 	at java.lang.reflect.Method.invoke(Native Method)
04-18 20:28:40.110 W/System.err(28977): 	at com.android.internal.os.RuntimeInit$MethodAndArgsCaller.run(RuntimeInit.java:619)
04-18 20:28:40.110 W/System.err(28977): 	at com.android.internal.os.ZygoteInit.main(ZygoteInit.java:929)
04-18 20:28:40.110 W/System.err(28977): Caused by: java.lang.ClassNotFoundException: com.lge.constants.ThemeConstants
04-18 20:28:40.110 W/System.err(28977): 	... 25 more
04-18 20:28:40.110 I/Routine@Core[4.8.02.28]: MetadataSyncHistory(10876): isMetaDataSyncedWithVersion: latest=65f5a7dc35963ac2cc4944ee1d70a78c401ed8c2, currentVersion=65f5a7dc35963ac2cc4944ee1d70a78c401ed8c2
04-18 20:28:40.110 W/System.err(28977): java.lang.ClassNotFoundException: com.oneplus.embryo.EmbryoApp
04-18 20:28:40.110 I/Routine@Core[4.8.02.28]: MetadataLoaderJobService(10876): packageName : com.teslacoilsw.launcher, forced : true
04-18 20:28:40.110 I/Routine@Core[4.8.02.28]: Pref(10876): putSharedPrefsData: key=pref_metaloader_status, data.size=7
04-18 20:28:40.110 W/System.err(28977): 	at java.lang.Class.classForName(Native Method)
04-18 20:28:40.110 W/System.err(28977): 	at java.lang.Class.forName(Class.java:597)
04-18 20:28:40.110 W/System.err(28977): 	at java.lang.Class.forName(Class.java:502)
04-18 20:28:40.110 W/System.err(28977): 	at wq.d.b(Unknown Source:0)
04-18 20:28:40.111 W/System.err(28977): 	at xp.k.<clinit>(Unknown Source:98)
04-18 20:28:40.111 W/System.err(28977): 	at io.sentry.config.a.M(Unknown Source:43)
04-18 20:28:40.111 W/System.err(28977): 	at al.f.a(Unknown Source:3046)
04-18 20:28:40.111 W/System.err(28977): 	at al.f.invoke(Unknown Source:90)
04-18 20:28:40.111 W/System.err(28977): 	at io.sentry.config.a.V(Unknown Source:24)
04-18 20:28:40.111 W/System.err(28977): 	at com.teslacoilsw.launcher.NovaAppInit.a(Unknown Source:23)
04-18 20:28:40.111 W/System.err(28977): 	at com.android.launcher3.LauncherProvider.onCreate(Unknown Source:21)
04-18 20:28:40.111 W/System.err(28977): 	at android.content.ContentProvider.attachInfo(ContentProvider.java:2684)
04-18 20:28:40.111 W/System.err(28977): 	at android.content.ContentProvider.attachInfo(ContentProvider.java:2653)
04-18 20:28:40.111 W/System.err(28977): 	at android.app.ActivityThread.installProvider(ActivityThread.java:9200)
04-18 20:28:40.111 W/System.err(28977): 	at android.app.ActivityThread.installContentProviders(ActivityThread.java:8702)
04-18 20:28:40.111 W/System.err(28977): 	at android.app.ActivityThread.handleBindApplication(ActivityThread.java:8344)
04-18 20:28:40.111 W/System.err(28977): 	at android.app.ActivityThread.-$$Nest$mhandleBindApplication(Unknown Source:0)
04-18 20:28:40.111 W/System.err(28977): 	at android.app.ActivityThread$H.handleMessage(ActivityThread.java:2679)
04-18 20:28:40.111 W/System.err(28977): 	at android.os.Handler.dispatchMessage(Handler.java:107)
04-18 20:28:40.111 W/System.err(28977): 	at android.os.Looper.loopOnce(Looper.java:257)
04-18 20:28:40.111 W/System.err(28977): 	at android.os.Looper.loop(Looper.java:342)
04-18 20:28:40.111 W/System.err(28977): 	at android.app.ActivityThread.main(ActivityThread.java:9638)
04-18 20:28:40.111 W/System.err(28977): 	at java.lang.reflect.Method.invoke(Native Method)
04-18 20:28:40.111 W/System.err(28977): 	at com.android.internal.os.RuntimeInit$MethodAndArgsCaller.run(RuntimeInit.java:619)
04-18 20:28:40.111 W/System.err(28977): 	at com.android.internal.os.ZygoteInit.main(ZygoteInit.java:929)
04-18 20:28:40.111 W/System.err(28977): Caused by: java.lang.ClassNotFoundException: com.oneplus.embryo.EmbryoApp
04-18 20:28:40.111 W/System.err(28977): 	... 25 more
04-18 20:28:40.111 I/Finsky:background(30703): [2] aixr - Deduping intent android.intent.action.PACKAGE_ADDED
04-18 20:28:40.111 W/System.err(28977): java.lang.ClassNotFoundException: oplus.R
04-18 20:28:40.111 W/System.err(28977): 	at java.lang.Class.classForName(Native Method)
04-18 20:28:40.111 W/System.err(28977): 	at java.lang.Class.forName(Class.java:597)
04-18 20:28:40.111 W/System.err(28977): 	at java.lang.Class.forName(Class.java:502)
04-18 20:28:40.111 W/System.err(28977): 	at wq.d.b(Unknown Source:0)
04-18 20:28:40.111 W/System.err(28977): 	at xp.k.<clinit>(Unknown Source:111)
04-18 20:28:40.111 W/System.err(28977): 	at io.sentry.config.a.M(Unknown Source:43)
04-18 20:28:40.111 W/System.err(28977): 	at al.f.a(Unknown Source:3046)
04-18 20:28:40.111 W/System.err(28977): 	at al.f.invoke(Unknown Source:90)
04-18 20:28:40.111 W/System.err(28977): 	at io.sentry.config.a.V(Unknown Source:24)
04-18 20:28:40.111 W/System.err(28977): 	at com.teslacoilsw.launcher.NovaAppInit.a(Unknown Source:23)
04-18 20:28:40.111 W/System.err(28977): 	at com.android.launcher3.LauncherProvider.onCreate(Unknown Source:21)
04-18 20:28:40.111 W/System.err(28977): 	at android.content.ContentProvider.attachInfo(ContentProvider.java:2684)
04-18 20:28:40.111 W/System.err(28977): 	at android.content.ContentProvider.attachInfo(ContentProvider.java:2653)
04-18 20:28:40.111 W/System.err(28977): 	at android.app.ActivityThread.installProvider(ActivityThread.java:9200)
04-18 20:28:40.111 W/System.err(28977): 	at android.app.ActivityThread.installContentProviders(ActivityThread.java:8702)
04-18 20:28:40.111 W/System.err(28977): 	at android.app.ActivityThread.handleBindApplication(ActivityThread.java:8344)
04-18 20:28:40.111 W/System.err(28977): 	at android.app.ActivityThread.-$$Nest$mhandleBindApplication(Unknown Source:0)
04-18 20:28:40.111 W/System.err(28977): 	at android.app.ActivityThread$H.handleMessage(ActivityThread.java:2679)
04-18 20:28:40.111 W/System.err(28977): 	at android.os.Handler.dispatchMessage(Handler.java:107)
04-18 20:28:40.111 W/System.err(28977): 	at android.os.Looper.loopOnce(Looper.java:257)
04-18 20:28:40.111 W/System.err(28977): 	at android.os.Looper.loop(Looper.java:342)
04-18 20:28:40.111 W/System.err(28977): 	at android.app.ActivityThread.main(ActivityThread.java:9638)
04-18 20:28:40.111 W/System.err(28977): 	at java.lang.reflect.Method.invoke(Native Method)
04-18 20:28:40.111 W/System.err(28977): 	at com.android.internal.os.RuntimeInit$MethodAndArgsCaller.run(RuntimeInit.java:619)
04-18 20:28:40.111 W/System.err(28977): 	at com.android.internal.os.ZygoteInit.main(ZygoteInit.java:929)
04-18 20:28:40.111 W/System.err(28977): Caused by: java.lang.ClassNotFoundException: oplus.R
04-18 20:28:40.111 W/System.err(28977): 	... 25 more
04-18 20:28:40.111 W/System.err(28977): java.lang.ClassNotFoundException: vivo.R
04-18 20:28:40.111 W/System.err(28977): 	at java.lang.Class.classForName(Native Method)
04-18 20:28:40.111 W/System.err(28977): 	at java.lang.Class.forName(Class.java:597)
04-18 20:28:40.111 W/System.err(28977): 	at java.lang.Class.forName(Class.java:502)
04-18 20:28:40.111 W/System.err(28977): 	at wq.d.b(Unknown Source:0)
04-18 20:28:40.111 W/System.err(28977): 	at xp.k.<clinit>(Unknown Source:124)
04-18 20:28:40.111 W/System.err(28977): 	at io.sentry.config.a.M(Unknown Source:43)
04-18 20:28:40.111 W/System.err(28977): 	at al.f.a(Unknown Source:3046)
04-18 20:28:40.111 W/System.err(28977): 	at al.f.invoke(Unknown Source:90)
04-18 20:28:40.111 W/System.err(28977): 	at io.sentry.config.a.V(Unknown Source:24)
04-18 20:28:40.111 W/System.err(28977): 	at com.teslacoilsw.launcher.NovaAppInit.a(Unknown Source:23)
04-18 20:28:40.111 W/System.err(28977): 	at com.android.launcher3.LauncherProvider.onCreate(Unknown Source:21)
04-18 20:28:40.111 W/System.err(28977): 	at android.content.ContentProvider.attachInfo(ContentProvider.java:2684)
04-18 20:28:40.111 W/System.err(28977): 	at android.content.ContentProvider.attachInfo(ContentProvider.java:2653)
04-18 20:28:40.111 W/System.err(28977): 	at android.app.ActivityThread.installProvider(ActivityThread.java:9200)
04-18 20:28:40.111 W/System.err(28977): 	at android.app.ActivityThread.installContentProviders(ActivityThread.java:8702)
04-18 20:28:40.111 W/System.err(28977): 	at android.app.ActivityThread.handleBindApplication(ActivityThread.java:8344)
04-18 20:28:40.111 W/System.err(28977): 	at android.app.ActivityThread.-$$Nest$mhandleBindApplication(Unknown Source:0)
04-18 20:28:40.111 W/System.err(28977): 	at android.app.ActivityThread$H.handleMessage(ActivityThread.java:2679)
04-18 20:28:40.111 W/System.err(28977): 	at android.os.Handler.dispatchMessage(Handler.java:107)
04-18 20:28:40.111 W/System.err(28977): 	at android.os.Looper.loopOnce(Looper.java:257)
04-18 20:28:40.111 W/System.err(28977): 	at android.os.Looper.loop(Looper.java:342)
04-18 20:28:40.111 W/System.err(28977): 	at android.app.ActivityThread.main(ActivityThread.java:9638)
04-18 20:28:40.111 W/System.err(28977): 	at java.lang.reflect.Method.invoke(Native Method)
04-18 20:28:40.111 W/System.err(28977): 	at com.android.internal.os.RuntimeInit$MethodAndArgsCaller.run(RuntimeInit.java:619)
04-18 20:28:40.111 W/System.err(28977): 	at com.android.internal.os.ZygoteInit.main(ZygoteInit.java:929)
04-18 20:28:40.111 W/System.err(28977): Caused by: java.lang.ClassNotFoundException: vivo.R
04-18 20:28:40.111 W/System.err(28977): 	... 25 more
04-18 20:28:40.112 I/Finsky:background(30703): [2] aixr - Received: android.intent.action.PACKAGE_ADDED, [Y3zRMiFr6X0kYgOIX6SWZvagYTKUKWUEInJDT7FT5ZQ]
04-18 20:28:40.121 I/Routine@Core[4.8.02.28]: MetadataLoadManager(10876): asyncCollectPackage
04-18 20:28:40.122 I/SLPASVC (28985): EsimLoggerDBHelper                                                                                  [at com.samsung.euicc.lpaService.context.database.EsimLoggerDBHelper$OpenHelper.<init>(EsimLoggerDBHelper$OpenHelper.java:213)]
04-18 20:28:40.123 I/Routine@Core[4.8.02.28]: MetadataSyncHistory(10876): isMetaDataSyncedWithVersion: latest=65f5a7dc35963ac2cc4944ee1d70a78c401ed8c2, currentVersion=65f5a7dc35963ac2cc4944ee1d70a78c401ed8c2
04-18 20:28:40.124 I/LockscreenNotificationIconsOnlyController( 1814): onNotificationInfoUpdated 0
04-18 20:28:40.125 I/AODNotificationManager( 1814): updateNotification() 
04-18 20:28:40.127 W/System  (28977): ClassLoader referenced unknown path: 
04-18 20:28:40.127 D/nativeloader(28977): Configuring clns-8 for other apk . target_sdk_version=37, uses_libraries=, library_path=/data/app/~~qODlzl-yJVDHoVQFhL6ACA==/com.google.android.gms-yYNmAfkmPdV0p3OxYV_GmQ==/lib/arm64:/data/app/~~qODlzl-yJVDHoVQFhL6ACA==/com.google.android.gms-yYNmAfkmPdV0p3OxYV_GmQ==/base.apk!/lib/arm64-v8a, permitted_path=/data:/mnt/expand:/data/user/0/com.google.android.gms
04-18 20:28:40.127 I/Routine@Core[4.8.02.28]: Pref(10876): putSharedPrefsData: key=routine_meta_data_loading_statue, data.size=8
04-18 20:28:40.128 I/Routine@Core[4.8.02.28]: MetadataLoadManager(10876): collect: com.teslacoilsw.launcher
04-18 20:28:40.128 I/Routine@Core[4.8.02.28]: MetadataLoadManager(10876): collectWithCollectors - Collect Start! package = com.teslacoilsw.launcher
04-18 20:28:40.130 I/Routine@Core[4.8.02.28]: MetadataSyncHistory(10876): isMetaDataSyncedWithVersion: latest=65f5a7dc35963ac2cc4944ee1d70a78c401ed8c2, currentVersion=65f5a7dc35963ac2cc4944ee1d70a78c401ed8c2
04-18 20:28:40.132 I/Routine@Core[4.8.02.28]: DatabaseJobIntentService(10876): Stop no more task
04-18 20:28:40.136 I/Routine@Core[4.8.02.28]: WatchMetaDataCollector(10876): collect - packageName :com.teslacoilsw.launcher
04-18 20:28:40.139 I/Routine@Core[4.8.02.28]: MetadataSyncHistory(10876): isMetaDataSyncedWithVersion: latest=65f5a7dc35963ac2cc4944ee1d70a78c401ed8c2, currentVersion=65f5a7dc35963ac2cc4944ee1d70a78c401ed8c2
04-18 20:28:40.142 W/coilsw.launcher(28977): ClassLoaderContext classpath element checksum mismatch. expected=3395480911, found=4141730611 (DLC[];PCL[base.apk*3395480911]{PCL[/system/framework/org.apache.http.legacy.jar*3637333363]#PCL[/system/framework/com.android.location.provider.jar*3414091812]#PCL[/system/framework/com.android.media.remotedisplay.jar*2042759013]#PCL[/system_ext/framework/com.android.extensions.appfunctions.jar*2921093691]#PCL[/system_ext/framework/androidx.window.extensions.jar*393752484]#PCL[/system_ext/framework/androidx.window.sidecar.jar*3240773605]} | DLC[];PCL[/data/app/~~ObpjW38apxsIACTZtZe1nQ==/com.teslacoilsw.launcher-FLMiE_LvDr2ogIcSa5t1Ow==/base.apk*4141730611]{PCL[/system/framework/org.apache.http.legacy.jar*3637333363]})
04-18 20:28:40.146 V/MVS_VZWAVSService(23865): com.verizon.provider.PACKAGE_ADDED
04-18 20:28:40.147 W/Routine@Core[4.8.02.28]: WatchMetaDataCollector(10876): collect - Skip WatchMeta collect! Cannot find any watch plugin package
04-18 20:28:40.150 I/Routine@Core[4.8.02.28]: MetadataLoadManager(10876): doPostCollectionTasks - packageName:com.teslacoilsw.launcher
04-18 20:28:40.150 I/Routine@Core[4.8.02.28]: MetaUpdater(10876): update
04-18 20:28:40.153 I/Finsky:background(30703): [510] Wrote row to frosting DB: 40948
04-18 20:28:40.160 D/LocalImageResolver( 1814): Couldn't use ImageDecoder for drawable, falling back to non-resized load.
04-18 20:28:40.161 D/LocalImageResolver( 1814): Couldn't use ImageDecoder for drawable, falling back to non-resized load.
04-18 20:28:40.163 I/Finsky  (30690): [83] AIM: AppInfoManager-Perf > OnDeviceAppInfo > cacheHitCount=1, cacheMissCount=0. Missed  in cache (limit 10) : []
04-18 20:28:40.163 D/LocalImageResolver( 1814): Couldn't use ImageDecoder for drawable, falling back to non-resized load.
04-18 20:28:40.164 I/Finsky  (30690): [83] AIM: Got app ownership map. App counts: . Unique apps: 0
04-18 20:28:40.164 E/Finsky  (30690): [83] [Counters] attempted to use a non-positive increment for: 4752
04-18 20:28:40.164 E/Finsky  (30690): [83] [Counters] attempted to use a non-positive increment for: 4753
04-18 20:28:40.167 I/SLPASVC (28985): [LPA.CONFIG] [CONFIG] less than a day                                                               [at com.samsung.euicc.lpaService.data.LpaConfig.updateLpaConfig(LpaConfig.java:33)]
04-18 20:28:40.176 I/Finsky:background(30703): [2] aixr - Deduping intent android.intent.action.PACKAGE_ADDED
04-18 20:28:40.176 I/dqby    (16046): (REDACTED) maybeUpdateCacheDataForAddedPackage %s
04-18 20:28:40.177 I/Finsky:background(30703): [79] RECEIVER_PACKAGE_MONITOR_BACKGROUND#logWorkEndAndFinishGoAsync: SUCCESS
04-18 20:28:40.178 D/LocalImageResolver( 1814): Couldn't use ImageDecoder for drawable, falling back to non-resized load.
04-18 20:28:40.180 I/SLPASVC (28985): [LPA.DEV] [LPA] less than a day                                                                     [at com.samsung.euicc.lpaService.data.StubUpdateCheck.updateCheckLpa(StubUpdateCheck.java:135)]
04-18 20:28:40.180 I/SLPASVC (28985): [LPA.DEV] [ODA] less than a day                                                                     [at com.samsung.euicc.lpaService.data.StubUpdateCheck.updateCheckOda(StubUpdateCheck.java:171)]
04-18 20:28:40.180 I/SLPASVC (28985): [LPA.DEV] [TS43] less than a day                                                                    [at com.samsung.euicc.lpaService.data.StubUpdateCheck.updateCheckTs43(StubUpdateCheck.java:207)]
04-18 20:28:40.182 I/android.vending(30690): Background concurrent mark compact GC freed 7513KB AllocSpace bytes, 18(792KB) LOS objects, 48% free, 25MB/49MB, paused 3.569ms,2.438ms total 223.133ms
04-18 20:28:40.187 I/IccUtils(28985): UiccSlotInfo: , false                                                                               [at com.samsung.euicc.internal.lib.util.IccUtils.getEuiccList(IccUtils.java:1125)]
04-18 20:28:40.187 I/IccUtils(28985): UiccSlotInfo: 9879, true                                                                            [at com.samsung.euicc.internal.lib.util.IccUtils.getEuiccList(IccUtils.java:1125)]
04-18 20:28:40.190 D/WM-GreedyScheduler(19832): Starting work for 51f41c0d-6f18-4977-be35-7b7bd292365a
04-18 20:28:40.190 W/AccessibilitySecurityPolicy( 1112): Skipping accessibility service com.vzw.hss.myverizon/com.vz.assisttouch.services.AssistiveTouchService: it does not require the permission android.permission.BIND_ACCESSIBILITY_SERVICE
04-18 20:28:40.190 W/android.vending(30690): ApkAssets: Deleting an ApkAssets object '<empty> and /data/app/~~ObpjW38apxsIACTZtZe1nQ==/com.teslacoilsw.launcher-FLMiE_LvDr2ogIcSa5t1Ow==/base.apk' with 1 weak references
04-18 20:28:40.191 I/LockscreenNotificationIconsOnlyController( 1814): onNotificationInfoUpdated 0
04-18 20:28:40.191 I/AODNotificationManager( 1814): updateNotification() 
04-18 20:28:40.196 E/Finsky  (30690): [81] [Counters] attempted to use a non-positive increment for: 4751
04-18 20:28:40.196 I/PhenotypeResourceReader(32471): unable to find any Phenotype resource metadata for com.teslacoilsw.launcher
04-18 20:28:40.198 I/Finsky  (30690): [82] AIM: AppInfoManager-Perf > ItemModel > CacheSize=109, cacheHitCount=1, cacheMissCount=0, total appsWithNoServerDataCount=4. Missed  in cache (limit 10) : []
04-18 20:28:40.199 I/Finsky  (30690): [82] AIM: AppInfoManager-Perf > getApps > data collection finished
04-18 20:28:40.199 I/Finsky  (30690): [82] AIM: AppInfoManager-Perf > maybeDestroyAppInfoManager is called. actives = 2
04-18 20:28:40.199 E/Finsky  (30690): [83] [Counters] attempted to use a non-positive increment for: 4751
04-18 20:28:40.199 I/Finsky  (30690): [83] AIM: AppInfoManager-Perf > getApps > data collection finished
04-18 20:28:40.199 I/Finsky  (30690): [83] AIM: AppInfoManager-Perf > maybeDestroyAppInfoManager is called. actives = 1
04-18 20:28:40.200 D/WM-Processor(19832): t: processing WorkGenerationalId(workSpecId=51f41c0d-6f18-4977-be35-7b7bd292365a, generation=0)
