04-18 20:23:26.817 I/SAMSUNGWALLET[US](15914): [ProcessStatusChange] fg Change, pid : 29875 , isNotify : false , isForeground : true , fg list : [29875, 7303]
04-18 20:23:26.818 I/HYPER-HAL( 1773): [RequestManager.cpp]acquire(): Acquired ID : 25792374  [1778 / 5403]    HINT :      list : [TID_LOW_LATENCY / 1] [TID / 30077] [TID / 30078] [TID / 29875] [TID / 30040] 
04-18 20:23:26.818 D/WifiDisplayAdapter( 2880): isFitToActiveDisplayLocked : false
04-18 20:23:26.819 I/SurfaceFlinger( 1888): [Surface(name=9e4983f StatusBar)/@0xa14ff13 - animation-leash of insets_animation#12828] attach to parent LayerHierarchy{RequestedLayerState{WindowToken{2f08c5e type=2000 android.os.BinderProxy@b734ae0}#94 parentId=17} 2 children}
04-18 20:23:26.819 I/SurfaceFlinger( 1888): [Surface(name=6ace8e4 NavigationBar0)/@0xf75744e - animation-leash of insets_animation#12829] attach to parent LayerHierarchy{RequestedLayerState{WindowToken{d3cd477 type=2019 android.os.BinderProxy@29ef511}#90 parentId=34} 2 children}
04-18 20:23:26.819 I/SAMSUNGWALLET[US](15914): [ProcessMonitor] App went to background.
04-18 20:23:26.820 I/AdrenoVK-0(29875): QUALCOMM build          : e4a2ccdb56, Icac6f3510c
04-18 20:23:26.820 I/AdrenoVK-0(29875): Build Date              : 07/21/25
04-18 20:23:26.820 I/AdrenoVK-0(29875): Shader Compiler Version : E031.47.18.36
04-18 20:23:26.820 I/AdrenoVK-0(29875): Local Branch            : 
04-18 20:23:26.820 I/AdrenoVK-0(29875): Remote Branch           : refs/tags/AU_LINUX_ANDROID_LA.VENDOR.15.4.0.11.00.00.1088.743
04-18 20:23:26.820 I/AdrenoVK-0(29875): Remote Branch           : NONE
04-18 20:23:26.820 I/AdrenoVK-0(29875): Reconstruct Branch      : NOTHING
04-18 20:23:26.820 I/AdrenoVK-0(29875): Build Config            : S P 18.0.0 AArch64
04-18 20:23:26.820 I/AdrenoVK-0(29875): Driver Path             : /vendor/lib64/hw/vulkan.adreno.so
04-18 20:23:26.820 I/AdrenoVK-0(29875): Driver Version          : 0800.40.1
04-18 20:23:26.820 I/AdrenoVK-0(29875): PFP                     : 0x01500077
04-18 20:23:26.820 I/AdrenoVK-0(29875): ME                      : 0x01500014
04-18 20:23:26.820 I/AdrenoVK-0(29875): Application Name    : android framework
04-18 20:23:26.820 I/AdrenoVK-0(29875): Application Version : 0x00000000
04-18 20:23:26.820 I/AdrenoVK-0(29875): Engine Name         : android framework
04-18 20:23:26.820 I/AdrenoVK-0(29875): Engine Version      : 0x00000000
04-18 20:23:26.820 I/AdrenoVK-0(29875): Api Version         : 0x00401000
04-18 20:23:26.821 I/HYPER-HAL( 1773): [RequestManager.cpp]acquire(): Acquired ID : 25799557  [1778 / 5404]    HINT :      list : [UCLAMP_MIN_BOOST / 0] [TIMEOUT / 32] [TID / 30077] [TID / 30078] [TID / 29875] [TID / 30040] 
04-18 20:23:26.821 D/SurfaceComposerClient( 4008): setCornerRadius ## Task=33317#12546 cornerRadius=31.500000
04-18 20:23:26.827 E/SurfaceFlinger( 1888): alpha changed 0.000 -> 0.090 - Task=33317#12546
04-18 20:23:26.827 I/SurfaceFlinger( 1888): [LayerHierarchy{RequestedLayerState{6ace8e4 NavigationBar0#91 parentId=12829} 1 children}] reparent to LayerHierarchy{RequestedLayerState{Surface(name=6ace8e4 NavigationBar0)/@0xf75744e - animation-leash of insets_animation#12829 parentId=90} 1 children}
04-18 20:23:26.827 I/SurfaceFlinger( 1888): [LayerHierarchy{RequestedLayerState{9e4983f StatusBar#95 parentId=12828} 1 children}] reparent to LayerHierarchy{RequestedLayerState{Surface(name=9e4983f StatusBar)/@0xa14ff13 - animation-leash of insets_animation#12828 parentId=94} 1 children}
04-18 20:23:26.827 I/SurfaceFlinger( 1888): [LayerHierarchy{RequestedLayerState{Surface(name=9e4983f StatusBar)/@0xa14ff13 - animation-leash of insets_animation#12821} no children}] reparent to OffscreenRoot
04-18 20:23:26.827 I/SurfaceFlinger( 1888): [LayerHierarchy{RequestedLayerState{Surface(name=9e4983f StatusBar)/@0xa14ff13 - animation-leash of insets_animation#12821} no children}] RelativeParent to null
04-18 20:23:26.827 I/SurfaceFlinger( 1888): [LayerHierarchy{RequestedLayerState{Surface(name=6ace8e4 NavigationBar0)/@0xf75744e - animation-leash of insets_animation#12822} no children}] reparent to OffscreenRoot
04-18 20:23:26.827 I/SurfaceFlinger( 1888): [LayerHierarchy{RequestedLayerState{Surface(name=6ace8e4 NavigationBar0)/@0xf75744e - animation-leash of insets_animation#12822} no children}] RelativeParent to null
04-18 20:23:26.829 I/SurfaceFlinger( 1888): id=12821 Removed Surface(name=9e4983f StatusBar)/@0xa14ff13 - animation-leash of insets_animation#12821 (266)
04-18 20:23:26.829 I/SurfaceFlinger( 1888): id=12822 Removed Surface(name=6ace8e4 NavigationBar0)/@0xf75744e - animation-leash of insets_animation#12822 (266)
04-18 20:23:26.827 D/SystemUIService( 4008): SYSUI_RAM_OPTIMIZATION onTrimMemory=20
04-18 20:23:26.830 D/CentralSurfaces( 4008): SYSUI_RAM_OPTIMIZATION onTrimMemory=20
04-18 20:23:26.830 I/LockscreenNotificationIconsOnlyController( 4008): onNotificationInfoUpdated 0
04-18 20:23:26.830 I/AODNotificationManager( 4008): updateNotification() 
04-18 20:23:26.830 D/SurfaceComposerClient( 4008): setCornerRadius ## Task=33317#12546 cornerRadius=31.500000
04-18 20:23:26.831 D/NativeSemDvfsManager( 1888): acquire:: timeout = 2000 mIsAcquired = 1  mTagName : SurfaceFlinger 
04-18 20:23:26.831 D/SurfaceFlinger( 1888): Display 4630947191136750483 HWC layers:
04-18 20:23:26.831 D/SurfaceFlinger( 1888):        DEVICE |           18395344930562 | 00000100 | 0x7fa30c09   |    0.0    0.0 1440.0 3120.0 |    0    0 1080 2340 | Wallpaper BBQ wrapper 5_system#81 (1633)
04-18 20:23:26.831 D/SurfaceFlinger( 1888):        DEVICE |           31366146163856 | 00002100 | RGBA_8888    |    0.0    0.0 1080.0 2340.0 |    0    0 1080 2340 | com.teslacoilsw.launcher/com.teslacoilsw.launcher.NovaLauncher$_7303#12820 (68)
04-18 20:23:26.831 D/SurfaceFlinger( 1888):        CLIENT |            8108898265418 | 00000000 | RGBA_8888    |    0.0    0.0 1080.0 2340.0 |   78  170 1002 2170 | SnapshotStartingWindow for taskId=33317$_4008#12826 (100)
04-18 20:23:26.831 D/SurfaceFlinger( 1888):        DEVICE |           17214228927182 | 00002100 | RGBA_8888    |    0.0    0.0 1080.0   85.0 |    0    0 1080   85 | StatusBar$_4008#102 (98586)
04-18 20:23:26.831 D/SurfaceFlinger( 1888):        DEVICE |           20117626816516 | 00002100 | RGBA_8888    |    0.0    0.0   67.0  342.0 |    0  970   67 1312 | com.sec.android.app.launcher/com.sam[...]l.app.CocktailBarService$_4684#12625 (1)
04-18 20:23:26.831 D/SurfaceFlinger( 1888):        DEVICE |           17214228925833 | 00002100 | RGBA_8888    |    0.0    0.0 1080.0
04-18 20:23:26.831 D/SurfaceFlinger( 1888):   135.0 |    0 2205 1080 2340 | NavigationBar0$_4008#98 (31353)
04-18 20:23:26.831 D/SurfaceFlinger( 1888):        DEVICE |           17214228927217 | 00002140 | RGBA_8888    |    0.0    0.0 1080.0   85.0 |    0    0 1080   85 | ScreenDecorOverlay$_4008#12101 (214)
04-18 20:23:26.831 D/SurfaceFlinger( 1888):        DEVICE |           17214228927221 | 00002140 | RGBA_8888    |    0.0    0.0 1080.0   85.0 |    0 2255 1080 2340 | ScreenDecorOverlayBottom$_4008#12102 (2)
04-18 20:23:26.831 D/SurfaceFlinger( 1888): 
04-18 20:23:26.831 D/HWUI    ( 4008): CacheManager::trimMemory(20)
04-18 20:23:26.831 I/HYPER-HAL( 1773): [RequestManager.cpp]acquire(): Acquired ID : 4172716  [1888 / 1000]    HINT : SF_GPU_MINLOCK    list : [TIMEOUT / 2000] 
04-18 20:23:26.835 E/NativeCustomFrequencyManager( 1888): [NativeCFMS] BpCustomFrequencyManager::acquire()
04-18 20:23:26.835 I/SurfaceFlinger( 1888): destroyed Surface(name=9e4983f StatusBar)/@0xa14ff13 - animation-leash of insets_animation#12821 form LifecycleManager
04-18 20:23:26.835 I/SurfaceFlinger( 1888): destroyed Surface(name=6ace8e4 NavigationBar0)/@0xf75744e - animation-leash of insets_animation#12822 form LifecycleManager
04-18 20:23:26.835 I/SurfaceFlinger( 1888): id=12821 onLayerDestroyed from LayerHierarchyBuilder(RequestedLayerState{Surface(name=9e4983f StatusBar)/@0xa14ff13 - animation-leash of insets_animation#12821 !handle})
04-18 20:23:26.835 I/SurfaceFlinger( 1888): id=12822 onLayerDestroyed from LayerHierarchyBuilder(RequestedLayerState{Surface(name=6ace8e4 NavigationBar0)/@0xf75744e - animation-leash of insets_animation#12822 !handle})
04-18 20:23:26.836 I/Layer   ( 1888): id=12821 Destroyed Surface(name=9e4983f StatusBar)/@0xa14ff13 - animation-leash of insets_animation#12821
04-18 20:23:26.836 I/Layer   ( 1888): id=12822 Destroyed Surface(name=6ace8e4 NavigationBar0)/@0xf75744e - animation-leash of insets_animation#12822
04-18 20:23:26.836 I/BpBinder( 1888): onLastStrongRef automatically unlinking death recipients: 
04-18 20:23:26.837 D/SurfaceComposerClient( 4008): setCornerRadius ## Task=33317#12546 cornerRadius=31.500000
04-18 20:23:26.841 I/sensors-hal( 1767): flush:388, android.sensor.accelerometer/11
04-18 20:23:26.841 I/sensors-hal( 1767): send_sync_sensor_request:515, send sync request
04-18 20:23:26.841 I/sensors-hal( 1767): send_sync_sensor_request:544, wait for notification of response
04-18 20:23:26.841 I/sensors-hal( 1767): qsh_conn_resp_cb:972, resp_value = 0 for accel 
04-18 20:23:26.842 I/sensors-hal( 1767): send_sync_sensor_request:550, takes 0 ms to receive the response with 0
04-18 20:23:26.842 I/sensors-hal( 1767): flush:394, android.sensor.accelerometer/11 completed
04-18 20:23:26.842 D/SensorManager(29875): registerListener :: 11, lsm6dsv_0 Accelerometer Non-wakeup, 66667, 0, 
04-18 20:23:26.842 I/sensors-hal( 1767): handle_sns_std_flush_event:840, dt=accel, META_DATA_FLUSH_COMPLETE, _pending_flush_requests=1, _wakeup_type=0
04-18 20:23:26.842 D/SensorService( 2880): [EARPROXIMITY] SENSOR_TYPE_META_DATA 11 
04-18 20:23:26.842 I/SensorService( 2880): [EARPROXIMITY] updateEvent prox -1 tsp 0 cg -1 tiltangle 5 cover -1 enforced on -1
04-18 20:23:26.842 I/SensorService( 2880): [EARPROXIMITY] far - tsp 0
04-18 20:23:26.844 D/SurfaceComposerClient( 4008): setCornerRadius ## Task=33317#12546 cornerRadius=31.500000
04-18 20:23:26.846 D/AnalyticsContainerHandler( 2880): handleMessage : { when=0 what=1 target=com.android.server.knox.KnoxAnalyticsContainer$AnalyticsHandler }
04-18 20:23:26.847 D/AnalyticsContainerHandler( 2880): handleMessage : { when=0 what=2 target=com.android.server.knox.KnoxAnalyticsContainer$AnalyticsHandler }
04-18 20:23:26.852 D/SurfaceComposerClient( 4008): setCornerRadius ## Task=33317#12546 cornerRadius=31.500000
04-18 20:23:26.853 I/HYPER-HAL( 1773): [RequestManager.cpp]releaseLocked(): Released ID : 25799557
04-18 20:23:26.861 D/SurfaceComposerClient( 4008): setCornerRadius ## Task=33317#12546 cornerRadius=31.500000
04-18 20:23:26.869 D/SurfaceComposerClient( 4008): setCornerRadius ## Task=33317#12546 cornerRadius=31.500000
04-18 20:23:26.877 D/SurfaceComposerClient( 4008): setCornerRadius ## Task=33317#12546 cornerRadius=31.500000
04-18 20:23:26.886 D/SurfaceComposerClient( 4008): setCornerRadius ## Task=33317#12546 cornerRadius=31.500000
04-18 20:23:26.891 I/HYPER-HAL( 1773): [RequestManager.cpp]releaseLocked(): Released ID : 26197966
04-18 20:23:26.893 I/NSLocationMonitor( 2880): getGPSUsingApps() called
04-18 20:23:26.893 I/NSLocationManager_FLP( 5208): getGPSUsingApps, No change
04-18 20:23:26.895 D/SurfaceComposerClient( 4008): setCornerRadius ## Task=33317#12546 cornerRadius=31.500000
04-18 20:23:26.896 W/Binder  ( 2880): Outgoing transactions from this process must be FLAG_ONEWAY
04-18 20:23:26.896 W/Binder  ( 2880): java.lang.Throwable
04-18 20:23:26.896 W/Binder  ( 2880): 	at android.os.BinderProxy.transact(BinderProxy.java:566)
04-18 20:23:26.896 W/Binder  ( 2880): 	at android.bluetooth.IBluetoothGatt$Stub$Proxy.getAdvertisingSetUids(IBluetoothGatt.java:1678)
04-18 20:23:26.896 W/Binder  ( 2880): 	at android.bluetooth.BluetoothAdapter.getAdvertisingSetUids(BluetoothAdapter.java:8476)
04-18 20:23:26.896 W/Binder  ( 2880): 	at android.bluetooth.BluetoothAdapter.getHWUsingApps(BluetoothAdapter.java:1342)
04-18 20:23:26.896 W/Binder  ( 2880): 	at com.android.server.am.mars.filter.filter.BlueToothConnectedFilter.updateBTUsingPackages(qb/107197743 8e69b22f63f053f4b743d623266ffd25caa28190c9aecebe25cb55382b70dd51:22)
04-18 20:23:26.896 W/Binder  ( 2880): 	at com.android.server.am.FreecessController.freeze(qb/107197743 8e69b22f63f053f4b743d623266ffd25caa28190c9aecebe25cb55382b70dd51:117)
04-18 20:23:26.896 W/Binder  ( 2880): 	at com.android.server.am.FreecessHandler$MainHandler.handleLcdOnFreeze(qb/107197743 8e69b22f63f053f4b743d623266ffd25caa28190c9aecebe25cb55382b70dd51:55)
04-18 20:23:26.896 W/Binder  ( 2880): 	at com.android.server.am.FreecessHandler$MainHandler.handleMessage(qb/107197743 8e69b22f63f053f4b743d623266ffd25caa28190c9aecebe25cb55382b70dd51:793)
04-18 20:23:26.896 W/Binder  ( 2880): 	at android.os.Handler.dispatchMessage(Handler.java:110)
04-18 20:23:26.896 W/Binder  ( 2880): 	at android.os.Looper.loopOnce(Looper.java:273)
04-18 20:23:26.896 W/Binder  ( 2880): 	at android.os.Looper.loop(Looper.java:363)
04-18 20:23:26.896 W/Binder  ( 2880): 	at android.os.HandlerThread.run(HandlerThread.java:85)
04-18 20:23:26.897 I/bvtw    ( 6279): onPause
04-18 20:23:26.898 D/FreecessHandler( 2880): freeze com.teslacoilsw.launcher(10684) result : 12
04-18 20:23:26.900 I/SDHMS:k ( 7213): onTaskStackChanged
04-18 20:23:26.900 I/M0      ( 7213): limitCPUFreq:: freq = -1
04-18 20:23:26.901 I/HoneySpace.RecentTasks( 4684): onRecentTasksChanged
04-18 20:23:26.905 W/ParceledListSlice( 2880): Element #21 is 23332 bytes.
04-18 20:23:26.905 D/SurfaceComposerClient( 4008): setCornerRadius ## Task=33317#12546 cornerRadius=31.500000
04-18 20:23:26.911 D/SurfaceComposerClient( 4008): setCornerRadius ## Task=33317#12546 cornerRadius=31.500000
04-18 20:23:26.916 I/WindowManager( 2880): Relayout Window{f852820 u0 com.averycorp.prismtask/com.averycorp.prismtask.MainActivity}: viewVisibility=0 req=1080x2340 ty=1 d0
04-18 20:23:26.916 I/SurfaceFlinger( 1888): id=12830 createSurf, flag=44004, com.averycorp.prismtask/com.averycorp.prismtask.MainActivity$_29875#12830
04-18 20:23:26.916 D/WindowManager( 2880): makeSurface duration=0 name=com.averycorp.prismtask/com.averycorp.prismtask.MainActivity$_29875
04-18 20:23:26.916 D/SurfaceComposerClient( 2880): setCornerRadius ## 76c6084 SnapshotStartingWindow for taskId=33317#12825 cornerRadius=0.000000
04-18 20:23:26.916 D/SurfaceComposerClient( 2880): setCornerRadius ## f852820 com.averycorp.prismtask/com.averycorp.prismtask.MainActivity#12555 cornerRadius=0.000000
04-18 20:23:26.916 D/ActivityManager( 2880): unpendingScheduleServiceRestart: u=10282, drop=false
04-18 20:23:26.916 D/ActivityManager( 2880): unpendingScheduleServiceRestart: u=10406, drop=false
04-18 20:23:26.916 D/SurfaceComposerClient( 2880): setCornerRadius ## 76c6084 SnapshotStartingWindow for taskId=33317#12825 cornerRadius=0.000000
04-18 20:23:26.916 D/SurfaceComposerClient( 2880): setCornerRadius ## f852820 com.averycorp.prismtask/com.averycorp.prismtask.MainActivity#12555 cornerRadius=0.000000
04-18 20:23:26.917 D/WindowManager( 2880): Changing focus from null to Window{f852820 u0 com.averycorp.prismtask/com.averycorp.prismtask.MainActivity} displayId=0 Callers=com.android.server.wm.WindowManagerService.relayoutWindow:1366 com.android.server.wm.Session.relayout:27 android.view.IWindowSession$Stub.onTransact:829 com.android.server.wm.Session.onTransact:1 
04-18 20:23:26.917 V/SystemKeyManager( 2880): updateFocusedWindow() is called, com.averycorp.prismtask/com.averycorp.prismtask.MainActivity
04-18 20:23:26.917 I/SystemKeyManager( 2880): requested systemKeyInfo size=1 focusedWindow=com.averycorp.prismtask/com.averycorp.prismtask.MainActivity
04-18 20:23:26.917 I/SystemKeyManager( 2880): requested systemKeyInfo size=1 focusedWindow=com.averycorp.prismtask/com.averycorp.prismtask.MainActivity
04-18 20:23:26.917 I/WindowManager( 2880): Relayout hash=f852820, pid=29875, syncId=-1: mAttrs={(0,0)(fillxfill) sim={adjust=pan forwardNavigation} layoutInDisplayCutoutMode=always ty=BASE_APPLICATION wanim=0x1030317
04-18 20:23:26.917 I/WindowManager( 2880):   fl=81810100
04-18 20:23:26.917 I/WindowManager( 2880):   pfl=100088c0
04-18 20:23:26.917 I/WindowManager( 2880):   bhv=1
04-18 20:23:26.917 I/WindowManager( 2880):   fitSides=0
04-18 20:23:26.917 I/WindowManager( 2880):   frameRateBoostOnTouch=true
04-18 20:23:26.917 I/WindowManager( 2880):   dvrrWindowFrameRateHint=true naviIconColor=0}
04-18 20:23:26.917 I/InsetsSourceConsumer(29875): applyRequestedVisibilityToControl: visible=true, type=statusBars, host=com.averycorp.prismtask/com.averycorp.prismtask.MainActivity
04-18 20:23:26.918 I/InsetsSourceConsumer(29875): applyRequestedVisibilityToControl: visible=true, type=navigationBars, host=com.averycorp.prismtask/com.averycorp.prismtask.MainActivity
04-18 20:23:26.918 I/BufferQueueProducer(29875): [](id:74b300000005,api:0,p:0,c:29875) setDequeueTimeout:2077252342
04-18 20:23:26.918 I/BLASTBufferQueue_Java(29875): new BLASTBufferQueue, mName= VRI[MainActivity]@ca0699 mNativeObject= 0xb40000763972eb30 caller= android.view.ViewRootImpl.updateBlastSurfaceIfNeeded:3585 android.view.ViewRootImpl.relayoutWindow:11685 android.view.ViewRootImpl.performTraversals:4804 android.view.ViewRootImpl.doTraversal:3924 android.view.ViewRootImpl$TraversalRunnable.run:12903 android.view.Choreographer$CallbackRecord.run:1901 android.view.Choreographer$CallbackRecord.run:1910 android.view.Choreographer.doCallbacks:1367 android.view.Choreographer.doFrame:1292 android.view.Choreographer$FrameDisplayEventReceiver.run:1870 
04-18 20:23:26.918 I/BLASTBufferQueue_Java(29875): update, w= 1080 h= 2340 mName = VRI[MainActivity]@ca0699 mNativeObject= 0xb40000763972eb30 sc.mNativeObject= 0xb4000076b9592d10 format= -1 caller= android.view.ViewRootImpl.updateBlastSurfaceIfNeeded:3590 android.view.ViewRootImpl.relayoutWindow:11685 android.view.ViewRootImpl.performTraversals:4804 android.view.ViewRootImpl.doTraversal:3924 android.view.ViewRootImpl$TraversalRunnable.run:12903 android.view.Choreographer$CallbackRecord.run:1901 
04-18 20:23:26.918 I/VRI[MainActivity]@ca0699(29875): Relayout returned: old=(0,0,1080,2340) new=(0,0,1080,2340) relayoutAsync=false req=(1080,2340)0 dur=3 res=0x3 s={true 0xb400007649603920} ch=true seqId=0
04-18 20:23:26.919 I/SurfaceFlinger( 1888): [com.averycorp.prismtask/com.averycorp.prismtask.MainActivity$_29875#12830] attach to parent LayerHierarchy{RequestedLayerState{f852820 com.averycorp.prismtask/com.averycorp.prismtask.MainActivity#12555 parentId=12547} 1 children}
04-18 20:23:26.919 D/VRI[MainActivity]@ca0699(29875): mThreadedRenderer.initialize() mSurface={isValid=true 0xb400007649603920} hwInitialized=true
04-18 20:23:26.919 D/VRI[MainActivity]@ca0699(29875): reportNextDraw android.view.ViewRootImpl.performTraversals:5443 android.view.ViewRootImpl.doTraversal:3924 android.view.ViewRootImpl$TraversalRunnable.run:12903 android.view.Choreographer$CallbackRecord.run:1901 android.view.Choreographer$CallbackRecord.run:1910 
04-18 20:23:26.919 D/VRI[MainActivity]@ca0699(29875): Setup new sync=wmsSync-VRI[MainActivity]@ca0699#10
04-18 20:23:26.919 I/VRI[MainActivity]@ca0699(29875): Creating new active sync group VRI[MainActivity]@ca0699#11
04-18 20:23:26.919 D/VRI[MainActivity]@ca0699(29875): Start draw after previous draw not visible
04-18 20:23:26.919 D/VRI[MainActivity]@ca0699(29875): registerCallbacksForSync syncBuffer=false
04-18 20:23:26.920 D/SurfaceComposerClient( 4008): setCornerRadius ## Task=33317#12546 cornerRadius=31.500000
04-18 20:23:26.927 D/SurfaceComposerClient( 4008): setCornerRadius ## Task=33317#12546 cornerRadius=31.500000
04-18 20:23:26.929 D/SurfaceFlinger( 1888): [input] setFocusedWindow: f852820 com.averycorp.prismtask/com.averycorp.prismtask.MainActivity
04-18 20:23:26.929 D/InputDispatcher( 2880): Once focus requested (0): f852820 com.averycorp.prismtask/com.averycorp.prismtask.MainActivity
04-18 20:23:26.929 D/InputDispatcher( 2880): Focus request (0): f852820 com.averycorp.prismtask/com.averycorp.prismtask.MainActivity but waiting because NOT_VISIBLE
04-18 20:23:26.936 D/SurfaceComposerClient( 4008): setCornerRadius ## Task=33317#12546 cornerRadius=31.500000
04-18 20:23:26.939 D/VRI[MainActivity]@ca0699(29875): Received frameDrawingCallback syncResult=0 frameNum=1.
04-18 20:23:26.939 I/VRI[MainActivity]@ca0699(29875): mWNT: t=0xb4000076295cf990 mBlastBufferQueue=0xb40000763972eb30 fn= 1 HdrRenderState mRenderHdrSdrRatio=1.0 caller= android.view.ViewRootImpl$12.onFrameDraw:15441 android.view.ThreadedRenderer$1.onFrameDraw:718 <bottom of call stack> 
04-18 20:23:26.939 I/VRI[MainActivity]@ca0699(29875): Setting up sync and frameCommitCallback
04-18 20:23:26.944 D/SurfaceComposerClient( 4008): setCornerRadius ## Task=33317#12546 cornerRadius=31.500000
04-18 20:23:26.945 D/MdnieScenarioControlService( 2880):  packageName : com.averycorp.prismtask    className : com.averycorp.prismtask.MainActivity
04-18 20:23:26.946 V/MdnieScenarioControlService( 2880): setUIMode from UI function(3)
04-18 20:23:26.952 D/SurfaceComposerClient( 4008): setCornerRadius ## Task=33317#12546 cornerRadius=31.500000
04-18 20:23:26.954 I/BLASTBufferQueue(29875): [VRI[MainActivity]@ca0699#5](f:0,a:0,s:0) onFrameAvailable the first frame is available
04-18 20:23:26.954 I/SurfaceComposerClient(29875): apply transaction with the first frame. layerId: 12830, bufferData(ID: 128312147968023, frameNumber: 1)
04-18 20:23:26.954 I/VRI[MainActivity]@ca0699(29875): Received frameCommittedCallback lastAttemptedDrawFrameNum=1 didProduceBuffer=true
04-18 20:23:26.954 I/SurfaceFlinger( 1888): [com.averycorp.prismtask/com.averycorp.prismtask.MainActivity$_29875#12830] setTransactionState with the first frame. bufferData(ID: 128312147968023, frameNumber: 1)
04-18 20:23:26.954 D/VRI[MainActivity]@ca0699(29875): reportDrawFinished seqId=0
04-18 20:23:26.955 D/WindowManager( 2880): finishDrawingWindow: Window{f852820 u0 com.averycorp.prismtask/com.averycorp.prismtask.MainActivity} mDrawState=DRAW_PENDING seqId=0
04-18 20:23:26.955 D/SurfaceComposerClient( 2880): setCornerRadius ## 76c6084 SnapshotStartingWindow for taskId=33317#12825 cornerRadius=0.000000
04-18 20:23:26.955 D/SurfaceComposerClient( 2880): setCornerRadius ## f852820 com.averycorp.prismtask/com.averycorp.prismtask.MainActivity#12555 cornerRadius=0.000000
04-18 20:23:26.955 D/SurfaceComposerClient( 2880): setCornerRadius ## 76c6084 SnapshotStartingWindow for taskId=33317#12825 cornerRadius=0.000000
04-18 20:23:26.955 V/WindowManager( 2880): Finish starting ActivityRecord{192758685 u0 com.averycorp.prismtask/.MainActivity t33317}: first real window is shown, no animation
04-18 20:23:26.955 V/WindowManager( 2880): Schedule remove starting ActivityRecord{192758685 u0 com.averycorp.prismtask/.MainActivity t33317} startingWindow=Window{76c6084 u0 SnapshotStartingWindow for taskId=33317} animate=false Callers=com.android.server.wm.ActivityRecord.removeStartingWindow:178 com.android.server.wm.WindowState.performShowLocked:155 com.android.server.wm.WindowStateAnimator.commitFinishDrawingLocked:73 com.android.server.wm.DisplayContent$$ExternalSyntheticLambda1.accept$com$android$server$wm$DisplayContent$$ExternalSyntheticLambda37:23 com.android.server.wm.DisplayContent$$ExternalSyntheticLambda1.accept:143 
04-18 20:23:26.955 I/ActivityTaskManager( 2880): done cause=notifyWindowsDrawn timestamp=79082890859310 info=TransitionInfo{d00a788 a=ActivityRecord{192758685 u0 com.averycorp.prismtask/.MainActivity t33317} d=true}
04-18 20:23:26.955 D/ShellTaskOrganizer( 4008): removeStartingWindow, removalInfo=StartingWindowRemovalInfo{taskId=33317 frame=null playRevealAnimation=false roundedCornerRadius=0.0 deferRemoveMode=0 windowlessSurface=false removeImmediately=false}
04-18 20:23:26.955 I/SemDvfsHyPerManager( 2880): acquire hyper - AMS_RESUME_TAIL/2880@21, type = -999
04-18 20:23:26.955 I/SemDvfsHyPerManager( 2880): acquire hyper - AMS_ACT_LAZY/2880@22, type = -999
04-18 20:23:26.955 D/ActivityManagerPerformance( 2880): AMP_acquire() TAIL
04-18 20:23:26.955 D/ActivityManagerPerformance( 2880): AMP_release() APP_SWITCH
04-18 20:23:26.956 V/WindowManager( 2880): performShowLocked: mDrawState=HAS_DRAWN in Window{f852820 u0 com.averycorp.prismtask/com.averycorp.prismtask.MainActivity}
04-18 20:23:26.956 D/SurfaceComposerClient( 2880): setCornerRadius ## f852820 com.averycorp.prismtask/com.averycorp.prismtask.MainActivity#12555 cornerRadius=0.000000
04-18 20:23:26.956 D/SurfaceComposerClient( 2880): setCornerRadius ## 76c6084 SnapshotStartingWindow for taskId=33317#12825 cornerRadius=0.000000
04-18 20:23:26.956 D/SurfaceComposerClient( 2880): setCornerRadius ## f852820 com.averycorp.prismtask/com.averycorp.prismtask.MainActivity#12555 cornerRadius=0.000000
04-18 20:23:26.956 D/FreecessController( 2880): BG freezed, skip OLAF unfreeze for (com.samsung.android.aremoji, 10043)
04-18 20:23:26.956 D/SurfaceComposerClient( 2880): setCornerRadius ## 76c6084 SnapshotStartingWindow for taskId=33317#12825 cornerRadius=0.000000
04-18 20:23:26.956 D/SurfaceComposerClient( 2880): setCornerRadius ## f852820 com.averycorp.prismtask/com.averycorp.prismtask.MainActivity#12555 cornerRadius=0.000000
04-18 20:23:26.959 D/[secipm]( 2880): mSecIpmManager report to nap
04-18 20:23:26.959 I/PkgPredictorService-SecIpmManagerServiceImpl( 2880): reportToNAP uid:10883 com.averycorp.prismtask/com.averycorp.prismtask.MainActivity thisTime:166
04-18 20:23:26.959 D/PkgPredictorService-SecIpmManagerServiceImpl( 2880): reportToNAP: mHeavyLaunchCounter is false
04-18 20:23:26.961 I/HYPER-HAL( 1773): [RequestManager.cpp]acquire(): Acquired ID : 4209372  [2880 / 21]    HINT : AMS_RESUME_TAIL    list : 
04-18 20:23:26.961 D/HintManagerService( 2880): Starts cleaning for 10278
04-18 20:23:26.961 D/DmaBufLeakDetector( 2880): system:           591764 kB
04-18 20:23:26.961 D/BBA2    ( 2880): updateWindowVisible for pid : 29875, visible : 1
04-18 20:23:26.961 I/HYPER-HAL( 1773): [RequestManager.cpp]acquire(): Acquired ID : 4212275  [2880 / 22]    HINT : AMS_ACT_LAZY    list : 
04-18 20:23:26.962 I/DmaBufLeakDetector( 2880): DmaBuf : 591764 KB
04-18 20:23:26.962 I/HYPER-HAL( 1773): [RequestManager.cpp]releaseLocked(): Released ID : 4226805
04-18 20:23:26.962 D/SurfaceComposerClient( 4008): setCornerRadius ## Task=33317#12546 cornerRadius=31.500000
04-18 20:23:26.963 D/FreecessController( 2880): BG freezed, skip OLAF unfreeze for (com.sec.android.gallery3d, 10127)
04-18 20:23:26.966 D/FreecessController( 2880): BG freezed, skip OLAF unfreeze for (com.samsung.android.rampart, 10213)
04-18 20:23:26.969 I/SurfaceFlinger( 1888): RequestedLayer [com.averycorp.prismtask/com.averycorp.prismtask.MainActivity$_29875#12830] hidden!! flag  from(1) --> to(0)
04-18 20:23:26.970 I/DisplayDeviceRepository( 2880): Display device changed render timings: "Built-in Screen", renderFrameRate=120.00001, presentationDeadlineNanos=9333333, appVsyncOffsetNanos=8333333, frameRateOverrides=[{uid=10045 frameRateHz=120.00001}, {uid=10143 frameRateHz=120.00001}, {uid=10152 frameRateHz=120.00001}, {uid=10684 frameRateHz=120.00001}, {uid=10883 frameRateHz=120.00001}]
04-18 20:23:26.970 D/SurfaceComposerClient( 4008): setCornerRadius ## Task=33317#12546 cornerRadius=31.500000
04-18 20:23:26.970 D/SurfaceComposerClient( 2880): setCornerRadius ## 76c6084 SnapshotStartingWindow for taskId=33317#12825 cornerRadius=0.000000
04-18 20:23:26.970 D/SurfaceComposerClient( 2880): setCornerRadius ## f852820 com.averycorp.prismtask/com.averycorp.prismtask.MainActivity#12555 cornerRadius=0.000000
04-18 20:23:26.971 D/SurfaceFlinger( 1888): Display 4630947191136750483 HWC layers:
04-18 20:23:26.971 D/SurfaceFlinger( 1888):        DEVICE |           18395344930562 | 00000100 | 0x7fa30c09   |    0.0    0.0 1440.0 3120.0 |    0    0 1080 2340 | Wallpaper BBQ wrapper 5_system#81 (1633)
04-18 20:23:26.971 D/SurfaceFlinger( 1888):        DEVICE |           31366146163857 | 00002100 | RGBA_8888    |    0.0    0.0 1080.0 2340.0 |    0    0 1080 2340 | com.teslacoilsw.launcher/com.teslacoilsw.launcher.NovaLauncher$_7303#12820 (79)
04-18 20:23:26.971 D/SurfaceFlinger( 1888):        CLIENT |          128312147968023 | 00002102 | RGBA_8888    |    0.0    0.0 1080.0 2340.0 |   18   38 1062 2302 | com.averycorp.prismtask/com.averycorp.prismtask.MainActivity$_29875#12830 (1)
04-18 20:23:26.971 D/SurfaceFlinger( 1888):        CLIENT |            8108898265418 | 00000000 | RGBA_8888    |    0.0    0.0 1080.0 2340.0 |   18   38 1062 2302 | SnapshotStartingWindow for taskId=33317$_4008#12826 (100)
04-18 20:23:26.971 D/SurfaceFlinger( 1888):        DEVICE |           17214228927182 | 00002100 | RGBA_8888    |    0.0    0.0 1080.0   85.0 |    0    0 1080   85 | StatusBar$_4008#102 (98586)
04-18 20:23:26.971 D/SurfaceFlinger( 1888):        DEVICE |           20117626816516 | 00002100 | RGBA_8888    |    0.0    0.0   67.0  34
04-18 20:23:26.971 D/SurfaceFlinger( 1888): 2.0 |    0  970   67 1312 | com.sec.android.app.launcher/com.sam[...]l.app.CocktailBarService$_4684#12625 (1)
04-18 20:23:26.971 D/SurfaceFlinger( 1888):        DEVICE |           17214228925833 | 00002100 | RGBA_8888    |    0.0    0.0 1080.0  135.0 |    0 2205 1080 2340 | NavigationBar0$_4008#98 (31353)
04-18 20:23:26.971 D/SurfaceFlinger( 1888):        DEVICE |           17214228927217 | 00002140 | RGBA_8888    |    0.0    0.0 1080.0   85.0 |    0    0 1080   85 | ScreenDecorOverlay$_4008#12101 (214)
04-18 20:23:26.971 D/SurfaceFlinger( 1888):        DEVICE |           17214228927221 | 00002140 | RGBA_8888    |    0.0    0.0 1080.0   85.0 |    0 2255 1080 2340 | ScreenDecorOverlayBottom$_4008#12102 (2)
04-18 20:23:26.971 D/SurfaceFlinger( 1888): 
04-18 20:23:26.972 D/InputDispatcher( 2880): Focus entered window (0): f852820 com.averycorp.prismtask/com.averycorp.prismtask.MainActivity
04-18 20:23:26.972 D/FreecessController( 2880): BG freezed, skip OLAF unfreeze for (com.samsung.android.app.reminder, 10330)
04-18 20:23:26.975 D/FreecessController( 2880): BG freezed, skip OLAF unfreeze for (com.samsung.android.app.notes, 10351)
04-18 20:23:26.976 I/TapTracker(18581): 1.3) Sensor update info : 04/18_20:23:26, 0.569 , 9.299, 2.824
04-18 20:23:26.977 D/SurfaceComposerClient( 4008): setCornerRadius ## Task=33317#12546 cornerRadius=31.500000
04-18 20:23:26.980 D/FreecessController( 2880): BG freezed, skip OLAF unfreeze for (com.anthropic.claude, 10392)
04-18 20:23:26.982 D/FreecessController( 2880): UFZ : com.bitdefender.security(10406) [16133, 16519] reason: Binder(1)-android.accessibilityservice.IAccessibili
04-18 20:23:26.982 D/FreecessController( 2880): BG freezed, skip OLAF unfreeze for (com.dd.doordash, 10431)
04-18 20:23:26.983 D/FreecessController( 2880): BG freezed, skip OLAF unfreeze for (com.facebook.orca, 10459)
04-18 20:23:26.985 D/SurfaceComposerClient( 4008): setCornerRadius ## Task=33317#12546 cornerRadius=31.500000
04-18 20:23:26.986 D/FreecessController( 2880): BG freezed, skip OLAF unfreeze for (com.google.android.apps.chromecast.app, 10483)
04-18 20:23:26.988 D/FreecessController( 2880): BG freezed, skip OLAF unfreeze for (com.handy.handy.prod, 10514)
04-18 20:23:26.990 I/GestureDetector( 2880): handleMessage TAP
04-18 20:23:26.991 I/GestureDetector( 2880): handleMessage TAP
04-18 20:23:26.994 D/SurfaceComposerClient( 4008): setCornerRadius ## Task=33317#12546 cornerRadius=31.500000
04-18 20:23:26.994 D/FreecessController( 2880): BG freezed, skip OLAF unfreeze for (com.squareup.cash, 10661)
04-18 20:23:26.994 D/FreecessController( 2880): BG freezed, skip OLAF unfreeze for (com.whatsapp, 10727)
04-18 20:23:26.994 D/FreecessController( 2880): BG freezed, skip OLAF unfreeze for (prod.com.pingidentity.pingid, 10819)
04-18 20:23:26.994 D/FreecessController( 2880): BG freezed, skip OLAF unfreeze for (app.disciplined.productive.structured.habit.tracker, 10820)
04-18 20:23:26.995 D/FreecessController( 2880): BG freezed, skip OLAF unfreeze for (dev.firebase.appdistribution, 10876)
04-18 20:23:26.995 D/FreecessController( 2880): restrictJobsByOlaf: restrict=false, uid=-1
04-18 20:23:26.995 I/PowerManagerService( 2880): [PWL] SetWakeLockEnableDisable uid = 10406 , disable= false
04-18 20:23:26.995 I/PowerManagerService( 2880): [PWL] can not change uid =  10406
04-18 20:23:26.996 D/OlafRestriction( 2880):  olaf state update: state=false
04-18 20:23:26.996 D/OlafRestriction( 2880):  sending trigger onRestrictionStateChanged msg.
04-18 20:23:27.002 D/SurfaceComposerClient( 4008): setCornerRadius ## Task=33317#12546 cornerRadius=31.500000
04-18 20:23:27.010 D/Bubbles ( 4008): onEntryUpdated : shouldBubbleUp=false ,key=0|com.dexcom.g7|36|null|10435
04-18 20:23:27.010 W/MediaSessionRecord( 2880): Ignoring call to destroyed session
04-18 20:23:27.011 D/SurfaceComposerClient( 4008): setCornerRadius ## Task=33317#12546 cornerRadius=31.500000
04-18 20:23:27.011 D/InterruptionStateProvider( 4008):  no Heads up : edgelighting enabled app. 0|com.dexcom.g7|36|null|10435
04-18 20:23:27.017 D/PowerManagerService( 2880): displayReady: false groupId=0
04-18 20:23:27.017 D/DisplayPowerController[0]( 2880): animateScreenStateChange: target=ON, mIsEnabled=true
04-18 20:23:27.017 D/PowerManagerService( 2880): displayReady: true groupId=0
04-18 20:23:27.019 D/SurfaceComposerClient( 4008): setCornerRadius ## Task=33317#12546 cornerRadius=31.500000
04-18 20:23:27.023 D/VRI[MainActivity]@ca0699(29875): mThreadedRenderer.initializeIfNeeded()#2 mSurface={isValid=true 0xb400007649603920}
04-18 20:23:27.024 D/InputMethodManagerUtils(29875): startInputInner - Id : 0
04-18 20:23:27.024 I/InputMethodManager(29875): startInputInner - IInputMethodManagerGlobalInvoker.startInputOrWindowGainedFocus
04-18 20:23:27.024 V/InputMethodManagerService( 2880): startInputOrWindowGainedFocusInternalLocked: reason=WINDOW_FOCUS_GAIN client=android.os.BinderProxy@633a7fa inputContext=null editorInfo=android.view.inputmethod.EditorInfo@f00aa2c startInputFlags=VIEW_HAS_FOCUS|INITIAL_CONNECTION softInputMode=STATE_UNSPECIFIED|ADJUST_PAN|IS_FORWARD_NAVIGATION windowFlags=#81810100 unverifiedTargetSdkVersion=35 bindingController=com.android.server.inputmethod.InputMethodBindingController@abc6567 imeDispatcher=android.window.ImeOnBackInvokedDispatcher@12a0cf5 cs=ClientState{4eec336 mUid=10883 mPid=29875 mSelfReportedDisplayId=0} imeRequestedVisible=false
04-18 20:23:27.024 V/InputMethodManagerService( 2880): setWindowStateInner, windowToken=android.os.BinderProxy@6f5db23, state=ImeTargetWindowState{ imeToken null imeFocusChanged true hasEditorFocused false requestedImeVisible false imeDisplayId 0 softInputModeState STATE_UNSPECIFIED|ADJUST_PAN|IS_FORWARD_NAVIGATION isStartInputByGainFocus true}
04-18 20:23:27.024 V/InputMethodManagerService( 2880): Unspecified window will hide input
04-18 20:23:27.024 I/ImeTracker( 2880): com.averycorp.prismtask:e9ede5ee: onRequestHide at ORIGIN_SERVER reason HIDE_UNSPECIFIED_WINDOW fromUser false
04-18 20:23:27.024 V/InputMethodManagerService( 2880): applyImeVisibility state=6
04-18 20:23:27.025 D/SemInputMethodManagerServiceUtil( 2880): restorePreviousUsedInputMethod : failed to return the previous ime becuase the stored info is null or do not need restore
04-18 20:23:27.025 V/InputMethodManagerService( 2880): semComputeImeDisplayIdForTarget: displayToShowIme=0
04-18 20:23:27.025 V/InputMethodManagerService( 2880): unbindCurrentInputLocked: client=android.os.BinderProxy@c650300
04-18 20:23:27.025 V/InputMethodManagerService( 2880): Creating new accessibility sessions for client ClientState{4eec336 mUid=10883 mPid=29875 mSelfReportedDisplayId=0}
04-18 20:23:27.025 D/InputMethodManagerService( 2880): isImeSwitcherDisabledPackage : false
04-18 20:23:27.025 D/InputTransport( 7303): Input channel destroyed: 'ClientS', fd=799
04-18 20:23:27.025 V/InputMethodManagerService( 2880): Disabling: SessionState{uid=10684 pid=7303 method=7dc34a0 session=c375719 channel=ClientState{9962381 mUid=10684 mPid=7303 mSelfReportedDisplayId=0} userId=0}
04-18 20:23:27.025 V/InputMethodManagerService( 2880): Enabling: SessionState{uid=10883 pid=29875 method=7dc34a0 session=c8dd50d channel=ClientState{4eec336 mUid=10883 mPid=29875 mSelfReportedDisplayId=0} userId=0}
04-18 20:23:27.025 D/InputMethodManagerService( 2880): checkDisplayOfStartInputAndUpdateKeyboard: displayId=0, mFocusedDisplayId=0
04-18 20:23:27.025 D/InputTransport( 2880): Input channel constructed: 'ClientS', fd=1148
04-18 20:23:27.025 D/InputTransport( 2880): Input channel destroyed: 'ClientS', fd=1148
04-18 20:23:27.025 D/InputTransport(29875): Input channel constructed: 'ClientS', fd=177
04-18 20:23:27.026 I/HBD     (10031): HoneyBoardService onFinishInput 
04-18 20:23:27.026 D/RestrictionPolicy( 2880): isScreenCaptureEnabled : ret=true userId=0
04-18 20:23:27.026 I/WindowManager( 2880): Cancelling animation restarting=true, leash=Surface(name=Surface(name=969cb6e InputMethod)/@0xc3cb29c - animation-leash of insets_animation)/@0xbfcb8cb
04-18 20:23:27.026 I/HBD     (10031): a IC have been unbinding,  RemoteInputConnection{idHash=#cb579eb}
04-18 20:23:27.026 I/HBD     (10031): HoneyBoardService [PF_CL][onFinishInput]  0 ms 
04-18 20:23:27.026 I/WindowManager( 2880): Reparenting to original parent: Surface(name=WindowToken{50c2e9d type=2011 android.os.Binder@e852974})/@0x4ebc4a5, destroy=false, surface=Surface(name=969cb6e InputMethod)/@0xc3cb29c
04-18 20:23:27.026 I/HBD     (10031): HoneyBoardService [IMI] onStartInput - caller pid : 29875 , caller uid : 10883 
04-18 20:23:27.026 I/HBD     (10031): r updateConfigs 
04-18 20:23:27.026 I/HBD     (10031): r isEnabledNightMode : true 
04-18 20:23:27.026 I/WindowManager( 2880): Reparenting to leash, surface=Surface(name=969cb6e InputMethod)/@0xc3cb29c, leashParent=Surface(name=WindowToken{50c2e9d type=2011 android.os.Binder@e852974})/@0x4ebc4a5
04-18 20:23:27.026 I/HBD     (10031): a IC have been binding, RemoteInputConnection{idHash=#1162abf} 
04-18 20:23:27.026 I/HBD     (10031): h [EditorInputType]setPrivateImeOptionsToTable privateImeOptions ( null )
04-18 20:23:27.026 I/HBD     (10031): b incognitoMode : false 
04-18 20:23:27.026 I/HBD     (10031): f needOff = true , isForceOff = false, isNullInputClass : true 
04-18 20:23:27.026 I/HBD     (10031): h getDefaultInputRange : UNKNOWN 
04-18 20:23:27.026 I/HBD     (10031): h getDefaultInputRange : UNKNOWN 
04-18 20:23:27.026 I/HBD     (10031): h getDefaultInputRange : UNKNOWN 
04-18 20:23:27.026 I/HBD     (10031): i [AiWriter] isChildBlockCase:
04-18 20:23:27.026 I/SurfaceFlinger( 1888): id=12831 createSurf, flag=24004, Surface(name=969cb6e InputMethod)/@0xc3cb29c - animation-leash of insets_animation#12831
04-18 20:23:27.026 D/WindowManager( 2880): makeSurface duration=0 leash=Surface(name=Surface(name=969cb6e InputMethod)/@0xc3cb29c - animation-leash of insets_animation)/@0xff8f9d7
04-18 20:23:27.026 D/InsetsSourceProvider( 2880): updateControlForTarget: control=InsetsSourceControl: {3 mType=ime mSurfacePosition=Point(0, 85) mInsetsHint=Insets{left=0, top=0, right=0, bottom=1008}}, target=Window{f852820 u0 com.averycorp.prismtask/com.averycorp.prismtask.MainActivity}, from=com.android.server.wm.ImeInsetsSourceProvider.updateControlForTarget:17 com.android.server.wm.InsetsStateController.onControlTargetChanged:83 com.android.server.wm.DisplayContent.updateImeControlTarget:21 com.android.server.wm.DisplayContent.updateImeInputAndControlTarget:156 com.android.server.wm.WindowManagerService$LocalService.updateInputMethodTargetWindow:64 
04-18 20:23:27.026 I/ImeTracker( 2880): system_server:cdf6ccfd: onRequestHide at ORIGIN_SERVER reason IME_REQUESTED_CHANGED_LISTENER fromUser false
04-18 20:23:27.027 V/InputMethodManagerService( 2880): Client requesting input be hidden
04-18 20:23:27.027 V/InputMethodManagerService( 2880): setWindowStateInner, windowToken=android.os.BinderProxy@6f5db23, state=ImeTargetWindowState{ imeToken android.os.Binder@6e95c73 imeFocusChanged true hasEditorFocused false requestedImeVisible false imeDisplayId 0 softInputModeState STATE_UNSPECIFIED|ADJUST_PAN|IS_FORWARD_NAVIGATION isStartInputByGainFocus true}
04-18 20:23:27.027 D/SurfaceComposerClient( 2880): setCornerRadius ## 76c6084 SnapshotStartingWindow for taskId=33317#12825 cornerRadius=0.000000
04-18 20:23:27.027 D/SurfaceComposerClient( 2880): setCornerRadius ## f852820 com.averycorp.prismtask/com.averycorp.prismtask.MainActivity#12555 cornerRadius=0.000000
04-18 20:23:27.027 I/SurfaceFlinger( 1888): [Surface(name=969cb6e InputMethod)/@0xc3cb29c - animation-leash of insets_animation#12831] attach to parent LayerHierarchy{RequestedLayerState{WindowToken{50c2e9d type=2011 android.os.Binder@e852974}#145 parentId=15} 2 children}
04-18 20:23:27.027 I/SamsungAccount( 7170): [AccountManagerProvider] isChildAccount
04-18 20:23:27.027 I/SamsungAccount( 7170): [AccountManagerProvider] Calling package : android.honeyboard.
04-18 20:23:27.028 D/SurfaceComposerClient( 4008): setCornerRadius ## Task=33317#12546 cornerRadius=31.500000
04-18 20:23:27.028 I/ImeTracker( 2880): system_server:cdf6ccfd: onCancelled at PHASE_SERVER_SHOULD_HIDE
04-18 20:23:27.028 V/InputMethodManagerService( 2880): hideCurrentInputLocked : canceled, shouldHideSoftInput=false, mInputShown=false, mImeWindowVis=0
04-18 20:23:27.029 W/RefactorFlag( 4008): New code path expects SceneContainerFlag to be enabled.
04-18 20:23:27.030 I/SamsungAccount( 7170): [SignatureInfoDbHelper] searchOnUser(fromDb) - [10/lfgff][android.honeyboard.][64/3291d] => matched
04-18 20:23:27.030 I/SamsungAccount( 7170): [AccountManagerProvider] This is the access of the allowed application
04-18 20:23:27.030 I/SamsungAccount( 7170): [AccountManagerUtil] isSamsungAccountSignedIn : true
04-18 20:23:27.031 D/ExpandableNotifRow( 4008): mMaxSmallHeight different before reInflateViews mMaxSmallHeight: 203 mTempSmallHeight:0 0|com.dexcom.g7|36|null|10435
04-18 20:23:27.031 D/ExpandableNotifRow( 4008): mMaxSmallHeight different before reInflateViews mMaxSmallHeight: 203 mTempSmallHeight:0 0|com.dexcom.g7|36|null|10435
04-18 20:23:27.031 I/SamsungAccount( 7170): [TPMU]  SIMState     :SIM_STATE_READY
04-18 20:23:27.031 I/SamsungAccount( 7170): [CountryCodeUtil] isChinaCountryCode : false
04-18 20:23:27.031 I/SamsungAccount( 7170): [TPMU] getMccFromUsim
04-18 20:23:27.031 I/SamsungAccount( 7170): [MccManager] saveMccToPreference Start
04-18 20:23:27.031 I/SamsungAccount( 7170): [MccManager] saveMccToPreference, mcc is same with previous mcc
04-18 20:23:27.032 I/SamsungAccount( 7170): [ChildAccountSupportedListManager] getSupportedListFromLocal from cache
04-18 20:23:27.032 I/SamsungAccount( 7170): [TPMU]  SIMState     :SIM_STATE_READY
04-18 20:23:27.032 I/SamsungAccount( 7170): [CountryCodeUtil] isChinaCountryCode : false
04-18 20:23:27.032 I/SamsungAccount( 7170): [TPMU] getMccFromUsim
04-18 20:23:27.032 I/SamsungAccount( 7170): [MccManager] saveMccToPreference Start
04-18 20:23:27.032 I/SamsungAccount( 7170): [MccManager] saveMccToPreference, mcc is same with previous mcc
04-18 20:23:27.032 I/SamsungAccount( 7170): [FamilyGroupUtil] meetKoreaCountryCondition(beforeSignUp=false): false
04-18 20:23:27.032 I/SamsungAccount( 7170): [ChildAccountSupportedListManager] getSupportedListFromLocal from cache
04-18 20:23:27.032 I/LockscreenNotificationIconsOnlyController( 4008): onNotificationInfoUpdated 0
04-18 20:23:27.032 I/AODNotificationManager( 4008): updateNotification() 
04-18 20:23:27.032 I/SamsungAccount( 7170): [TPMU]  SIMState     :SIM_STATE_READY
04-18 20:23:27.032 I/SamsungAccount( 7170): [CountryCodeUtil] isChinaCountryCode : false
04-18 20:23:27.032 I/SamsungAccount( 7170): [TPMU] getMccFromUsim
04-18 20:23:27.032 I/SamsungAccount( 7170): [MccManager] saveMccToPreference Start
04-18 20:23:27.032 I/SamsungAccount( 7170): [MccManager] saveMccToPreference, mcc is same with previous mcc
04-18 20:23:27.032 I/SamsungAccount( 7170): [FamilyGroupUtil] meetServerCountryCondition(beforeSignUp=false): true
04-18 20:23:27.033 I/SamsungAccount( 7170): [TPMU]  SIMState     :SIM_STATE_READY
04-18 20:23:27.033 I/SamsungAccount( 7170): [CountryCodeUtil] isChinaCountryCode : false
04-18 20:23:27.033 I/SamsungAccount( 7170): [TPMU] getMccFromUsim
04-18 20:23:27.033 I/SamsungAccount( 7170): [MccManager] saveMccToPreference Start
04-18 20:23:27.033 I/SamsungAccount( 7170): [MccManager] saveMccToPreference, mcc is same with previous mcc
04-18 20:23:27.033 I/SamsungAccount( 7170): [FamilyGroupUtil] meetKoreaOneUiCondition: false
04-18 20:23:27.033 I/SamsungAccount( 7170): [ChildAccountSupportedListManager] getSupportedListFromLocal from cache
04-18 20:23:27.033 I/SamsungAccount( 7170): [FamilyGroupUtil] meetServerOneUiCondition: true
04-18 20:23:27.033 I/SamsungAccount( 7170): [FamilyGroupUtil] isSupportFamilyService: true
04-18 20:23:27.033 I/SamsungAccount( 7170): [AccountManagerUtil] isSamsungAccountSignedIn : true
04-18 20:23:27.033 I/SamsungAccount( 7170): [ChildAccount] isChildAccount : false
04-18 20:23:27.033 I/SamsungAccount( 7170): [AccountManagerProvider] makeResultBundle - resultCode : 0
04-18 20:23:27.033 I/HBD     (10031): i [AiWriter] isChildAccount:false
04-18 20:23:27.033 I/HBD     (10031): f needOff = true , isForceOff = false, isNullInputClass : true 
04-18 20:23:27.033 I/HBD     (10031): f update cached prediction status : false 
04-18 20:23:27.033 I/HBD     (10031): h getDefaultInputRange : UNKNOWN 
04-18 20:23:27.033 I/HBD     (10031): a currentState : 0 
04-18 20:23:27.033 I/HBD     (10031): a [UpdatePolicy] [post] a: 0 cl: 65537 kit: [0/0] vt: 0 ir: 1 
04-18 20:23:27.035 W/Paint   ( 4008): The elegant text height cannot be turned off.
04-18 20:23:27.036 D/SurfaceComposerClient( 4008): setCornerRadius ## Task=33317#12546 cornerRadius=31.500000
04-18 20:23:27.038 D/LocalImageResolver( 4008): Couldn't use ImageDecoder for drawable, falling back to non-resized load.
04-18 20:23:27.039 I/InputMethodManager(29875): handleMessage: setImeVisibility visible=false
04-18 20:23:27.039 D/InsetsController(29875): hide(ime(), fromIme=false)
04-18 20:23:27.039 I/ImeTracker(29875): com.averycorp.prismtask:e9ede5ee: onCancelled at PHASE_CLIENT_ALREADY_HIDDEN
04-18 20:23:27.042 D/LocalImageResolver( 4008): Couldn't use ImageDecoder for drawable, falling back to non-resized load.
04-18 20:23:27.042 I/AppIconSolution( 4008): return adaptive icon for com.dexcom.g7, isNight = true
04-18 20:23:27.042 I/HBD     (10031): a [NRIC] resetNoResponseState 
04-18 20:23:27.042 I/HBD     (10031): f needOff = true , isForceOff = false, isNullInputClass : true 
04-18 20:23:27.042 I/HBD     (10031): f update cached prediction status : false 
04-18 20:23:27.042 I/HBD     (10031): b [AiWriter] setContact : com.averycorp.prismtask
04-18 20:23:27.042 I/HBD     (10031): a [AiWriter] setContact : com.averycorp.prismtask
04-18 20:23:27.042 I/HBD     (10031): F EBD si S 0 
04-18 20:23:27.042 I/HBD     (10031): m updateContactDBLanguage : 65537 
04-18 20:23:27.043 I/HBD     (10031): g isCoverDisplay : false, cached selected json info : SelectedLanguageInfo(languageVersion=4.2, currentLanguageOrder=0, selectedLanguageList=[SelectedLanguage(id=65537, isUsed=true, engName=English, inputType=qwerty, activeOptionList=[auto_replace, auto_spacing, writing_assistant, prediction], bilingualId=-1)]) 
04-18 20:23:27.043 I/HBD     (10031): g updateSelectedLanguageCache is succeeded. English 
04-18 20:23:27.043 I/HBD     (10031): h writeToFile path : /data/user/0/com.samsung.android.honeyboard/files/selected.json 
04-18 20:23:27.043 I/HBD     (10031): h writeToFile json : {"version":"4.2","currentLanguageOrder":0,"selected":[{"activeOptionList":["auto_replace","auto_spacing","writing_assistant","prediction"],"bilingualId":-1,"engName":"English","id":65537,"inputType":"qwerty","isUsed":true}]} 
04-18 20:23:27.043 I/HBD     (10031): h writeToFile complete 
04-18 20:23:27.043 I/SurfaceFlinger( 1888): RequestedLayer [Surface(name=969cb6e InputMethod)/@0[...]tion-leash of insets_animation#12831] hidden!! flag  from(1) --> to(0)
04-18 20:23:27.043 E/SurfaceFlinger( 1888): alpha changed 1.000 -> 0.000 - Surface(name=969cb6e InputMethod)/@0xc3cb29c - animation-leash of insets_animation#12831
04-18 20:23:27.043 I/SurfaceFlinger( 1888): [LayerHierarchy{RequestedLayerState{ImeContainer#15 parentId=12547 relativeParentId=12547 z=3} 1 children}] reparent to LayerHierarchy{RequestedLayerState{ActivityRecord{192758685 u0 com.averycorp.prismtask/.MainActivity t33317}#12547 parentId=12546} 4 children}
04-18 20:23:27.043 I/SurfaceFlinger( 1888): [LayerHierarchy{RequestedLayerState{ImeContainer#15 parentId=12547 relativeParentId=12547 z=3} 1 children}] RelativeParent to null
04-18 20:23:27.043 I/SurfaceFlinger( 1888): [LayerHierarchy{RequestedLayerState{969cb6e InputMethod#150 parentId=12831} no children}] reparent to LayerHierarchy{RequestedLayerState{Surface(name=969cb6e InputMethod)/@0xc3cb29c - animation-leash of insets_animation#12831 parentId=145} 1 children}
04-18 20:23:27.043 I/SurfaceFlinger( 1888): [LayerHierarchy{RequestedLayerState{Surface(name=969cb6e InputMethod)/@0xc3cb29c - animation-leash of insets_animation#12824} no children}] reparent to OffscreenRoot
04-18 20:23:27.043 I/SurfaceFlinger( 1888): [LayerHierarchy{RequestedLayerState{Surface(name=969cb6e InputMethod)/@0xc3cb29c - animation-leash of insets_animation#12824} no children}] RelativeParent to null
04-18 20:23:27.044 I/SurfaceFlinger( 1888): id=12824 Removed Surface(name=969cb6e InputMethod)/@0xc3cb29c - animation-leash of insets_animation#12824 (266)
04-18 20:23:27.044 I/HBD     (10031): h Write selected lang for DE  
04-18 20:23:27.044 I/HBD     (10031): h writeToFile path : /data/user_de/0/com.samsung.android.honeyboard/files/selected.json 
04-18 20:23:27.044 I/HBD     (10031): h writeToFile json : {"version":"4.2","currentLanguageOrder":0,"selected":[{"activeOptionList":["auto_replace","auto_spacing","writing_assistant","prediction"],"bilingualId":-1,"engName":"English","id":65537,"inputType":"qwerty","isUsed":true}]} 
