--------- beginning of system
04-18 20:23:19.001 D/PowerManagerService( 2880): displayReady: false groupId=0
04-18 20:23:19.001 D/DisplayPowerController[0]( 2880): animateScreenStateChange: target=ON, mIsEnabled=true
04-18 20:23:19.001 D/PowerManagerService( 2880): displayReady: true groupId=0
--------- beginning of main
04-18 20:23:19.055 I/CNSS    ( 2205): /sys/wifi/max_chipset_log_size doesn't exist
04-18 20:23:19.201 D/PowerManagerService( 2880): displayReady: false groupId=0
04-18 20:23:19.202 D/DisplayPowerController[0]( 2880): animateScreenStateChange: target=ON, mIsEnabled=true
04-18 20:23:19.202 D/PowerManagerService( 2880): displayReady: true groupId=0
04-18 20:23:19.264 I/sensors-hal( 1767): handle_sns_client_event:435, [0][3651] gyro_sample_cal(cal_available:1)(3) [ 0.008,-0.000, 0.000] bias[ 0.003,-0.001, 0.000] 79091011542129
04-18 20:23:19.398 E/HeatmapThread( 1872): ECT Thread time in milliseconds: 1776558199
04-18 20:23:19.398 W/adbd    ( 8751): timed out while waiting for FUNCTIONFS_BIND, trying again
04-18 20:23:19.398 I/adbd    ( 8751): UsbFfs: connection terminated: monitor thread finished
04-18 20:23:19.399 D/HeatmapThread( 1872): !@ batteryplugType : 0
04-18 20:23:19.399 D/HeatmapThread( 1872): !@ batteryLevel : 61  batteryTemperature : 345 
04-18 20:23:19.399 D/HeatmapThread( 1872): !@ Heatmap currtime: 29609303
04-18 20:23:19.399 D/HeatmapThread( 1872): !@ Heatmap prevtime: 29609275
04-18 20:23:19.399 D/HeatmapThread( 1872): !@ Heatmap plugstarttime: 35791394
04-18 20:23:19.399 D/HeatmapThread( 1872): !@ Heatmap prevv_dsoh_update_time: 29609163
04-18 20:23:19.399 E/HeatmapThread( 1872): !@ CAM New BSOH: 100
04-18 20:23:19.402 D/PowerManagerService( 2880): displayReady: false groupId=0
04-18 20:23:19.403 D/DisplayPowerController[0]( 2880): animateScreenStateChange: target=ON, mIsEnabled=true
04-18 20:23:19.403 D/PowerManagerService( 2880): displayReady: true groupId=0
04-18 20:23:19.449 I/adbd    ( 8751): opening control endpoint /dev/usb-ffs/adb/ep0
04-18 20:23:19.459 D/BoundBrokerSvc(29109): onUnbind: Intent { act=com.google.android.gms.onboardingconsent.api.ConsentManagerApiService.START dat=chimera-action:/... xflg=0x4 cmp=com.google.android.gms/.chimera.GmsApiService }
04-18 20:23:19.479 I/SDM     ( 1793): AIScalerFeatureIntfImpl::LookupConfig: Scale ratio = 1.780000
04-18 20:23:19.479 I/SDM     ( 1793): AIScalerParserIntfImpl::LookupConfig: Scale Ratio Match Found Here
04-18 20:23:19.489 D/AiAgentEffect( 4008): onPrivacyItemsChanged privacyItems.size = 1
04-18 20:23:19.489 D/AiAgentEffect( 4008): onPrivacyItemsChanged privacyItems isEmpty or found item is null
04-18 20:23:19.490 D/AiAgentEffect( 4008): onPrivacyItemsChanged privacyItems.size = 1
04-18 20:23:19.490 D/AiAgentEffect( 4008): onPrivacyItemsChanged privacyItems isEmpty or found item is null
04-18 20:23:19.490 I/HoneySpace.StatusIconTracker( 4684): invokeEvent() called with: event = PrivacyInfo(visible=true)
04-18 20:23:19.491 I/HoneySpace.StatusIconTracker( 4684): invokeEvent() called with: event = PrivacyInfo(visible=true)
04-18 20:23:19.505 D/io_stats( 1121): !@   8,0 r 27152264 467716552 w 5718634 116473888 d 448007 81758412 f 590 2196 iot 2155332 0 th 0 0 0 pt 0 inp 0 0 79075.440
04-18 20:23:19.505 W/View    ( 4008): requestLayout() improperly called by com.android.systemui.qs.SecQSGradationDrawableView{e5e63e2 V.E...... ......ID 0,0-1080,332 #7f0a0a16 app:id/qs_gradation_view} during layout: running second layout pass
04-18 20:23:19.505 W/View    ( 4008): requestLayout() improperly called by android.widget.FrameLayout{36b9373 V.E...... ......I. 0,0-1080,2340 #2} during layout: running second layout pass
04-18 20:23:19.505 W/View    ( 4008): requestLayout() improperly called by android.widget.FrameLayout{9ad0230 V.E...... ......ID 0,153-1080,2205 #7f0a0a14 app:id/qs_frame} during layout: running second layout pass
04-18 20:23:19.506 W/RefactorFlag( 4008): New code path expects SceneContainerFlag to be enabled.
04-18 20:23:19.509 D/AiAgentEffect( 4008): onPrivacyItemsChanged privacyItems.size = 1
04-18 20:23:19.509 D/AiAgentEffect( 4008): onPrivacyItemsChanged privacyItems isEmpty or found item is null
04-18 20:23:19.511 I/HoneySpace.StatusIconTracker( 4684): invokeEvent() called with: event = PrivacyInfo(visible=true)
04-18 20:23:19.521 W/View    ( 4008): requestLayout() improperly called by com.android.systemui.qs.SecQSGradationDrawableView{e5e63e2 V.E...... ......ID 0,0-1080,332 #7f0a0a16 app:id/qs_gradation_view} during layout: running second layout pass
04-18 20:23:19.521 W/View    ( 4008): requestLayout() improperly called by android.widget.FrameLayout{36b9373 V.E...... ......I. 0,0-1080,2340 #2} during layout: running second layout pass
04-18 20:23:19.521 W/View    ( 4008): requestLayout() improperly called by android.widget.FrameLayout{9ad0230 V.E...... ......ID 0,153-1080,2205 #7f0a0a14 app:id/qs_frame} during layout: running second layout pass
04-18 20:23:19.522 W/RefactorFlag( 4008): New code path expects SceneContainerFlag to be enabled.
04-18 20:23:19.583 I/SDM     ( 1793): DisplayBase::CommitThread: Received idle timeout, panel: cmd, timeout: 70000 us
04-18 20:23:19.603 D/PowerManagerService( 2880): displayReady: false groupId=0
04-18 20:23:19.603 D/DisplayPowerController[0]( 2880): animateScreenStateChange: target=ON, mIsEnabled=true
04-18 20:23:19.604 D/PowerManagerService( 2880): displayReady: true groupId=0
04-18 20:23:19.756 E/WifiStaIfaceAidlImpl( 2880): getCachedScanData failed with service-specific exception: android.os.ServiceSpecificException:  (code 4)
04-18 20:23:19.758 D/SemWifiUsabilityStatsMonitor( 2880): onWifiUsabilityStats - seqNum 11296, isSameBssidAndFreq true
04-18 20:23:19.758 I/SemWifiLinkQualityMonitor( 2880): Link stat: 1083 / 142 / 1.18 (66) / 1921 / -30.0 || 100.0 : 1921.00 / 0.5 : 0.85 / 0.55 : 0.13 / G (G) || 5da6045a5745: 0.087 / 91.923 / N || N N / 0 0 / Y 2.0 / Y X 0 / 79075693 0 || Invalid
04-18 20:23:19.759 D/InsDataManager( 2880): onOutageCountUpdate() - Outage Data: 0, LQ : Y. Outage Triggered: false
04-18 20:23:19.759 D/InsDataManager( 2880): Trying to save initial normal data.
04-18 20:23:19.759 E/InsController( 2880): Error in onOutageCountUpdate: android.net.VpnTransportInfo cannot be cast to android.net.wifi.WifiInfo
04-18 20:23:19.759 D/SemInsManager( 2880): {"bssid": "5da6045a5745","rssi": -30.0,"latency": 0.08702953485194402,"outage_count": 0,"lq_callback_triggered": true,"outage_log": "Link stat: 1083 / 142 / 1.18 (66) / 1921 / -30.0 || 100.0 : 1921.00 / 0.5 : 0.85 / 0.55 : 0.13 / G (G) || 5da6045a5745: 0.087 / 91.923 / N || N N / 0 0 / Y 2.0 / Y X 0 / 79075693 0 || Invalid""Magnetic Sensor Events size": "0""Pressure Sensor Events size": "0"}
04-18 20:23:19.803 D/PowerManagerService( 2880): displayReady: false groupId=0
04-18 20:23:19.803 D/DisplayPowerController[0]( 2880): animateScreenStateChange: target=ON, mIsEnabled=true
04-18 20:23:19.803 D/PowerManagerService( 2880): displayReady: true groupId=0
04-18 20:23:19.906 I/sensors-hal( 1767): handle_sns_std_sensor_event:90, light_cct: ts = 79091662422962 ns; value = [72, 72, 109, 165, 37, 116, 7, 0, 14784, 0]
04-18 20:23:19.963 I/Tycho.VoiceLibrary( 7818): KEY_CARRIER_WFC_IMS_AVAILABLE_BOOL: false [CONTEXT ratelimit_period="10 SECONDS" skipped=20 ]
04-18 20:23:19.971 D/NetdEventListenerService( 2880): DNS Requested by 105, 10528(com.instagram.android), 4(FAIL), isBlocked=true, 0ms
04-18 20:23:19.973 D/NetdEventListenerService( 2880): DNS Requested by 105, 10528(com.instagram.android), 4(FAIL), isBlocked=true, 0ms
04-18 20:23:20.004 D/PowerManagerService( 2880): displayReady: false groupId=0
04-18 20:23:20.004 D/DisplayPowerController[0]( 2880): animateScreenStateChange: target=ON, mIsEnabled=true
04-18 20:23:20.004 D/PowerManagerService( 2880): displayReady: true groupId=0
04-18 20:23:20.005 I/ActivityManager( 2880): Changes in 10820 19 to 19, 128 to 0
04-18 20:23:20.009 D/InetDiagMessage( 2880): Destroyed 0 sockets, proto=IPPROTO_TCP, family=AF_INET, states=14
04-18 20:23:20.010 D/InetDiagMessage( 2880): Destroyed 0 sockets, proto=IPPROTO_TCP, family=AF_INET6, states=14
04-18 20:23:20.010 D/InetDiagMessage( 2880): Destroyed live tcp sockets for uids={10820} in 2ms
04-18 20:23:20.011 D/InetDiagMessage( 2880): Destroyed 0 sockets, proto=IPPROTO_TCP, family=AF_INET, states=14
04-18 20:23:20.012 D/InetDiagMessage( 2880): Destroyed 0 sockets, proto=IPPROTO_TCP, family=AF_INET6, states=14
04-18 20:23:20.012 D/InetDiagMessage( 2880): Destroyed live tcp sockets for uids={20820} in 2ms
04-18 20:23:20.022 I/SemWifiCtlFeatureMediator( 2880): Trf ratio: 0.0% (0.01 / 638.12) v ( NR) || Query: BW true (false) 1.0 1.0 1.0 / NSS false (false) 0.9 0.5 1.0 
04-18 20:23:20.052 I/vendor.qti.bluetooth@1.0-ibs_handler( 1758): ProcessIbsCmd: Received IBS_WAKE_IND: 0xFD
04-18 20:23:20.052 D/vendor.qti.bluetooth@1.0-ibs_handler( 1758): SerialClockVote: vote for UART CLK ON
04-18 20:23:20.052 D/vendor.qti.bluetooth@1.0-wake_lock( 1758): Acquire wakelock is acquired 
04-18 20:23:20.052 I/vendor.qti.bluetooth@1.0-ibs_handler( 1758): ProcessIbsCmd: Writing IBS_WAKE_ACK
04-18 20:23:20.059 I/ScanController( 4384): onScanResult to scannerId: 2- eventType=0x1b, addressType=0, address=XX:XX:XX:XX:B7:E9, primaryPhy=1, secondaryPhy=0, advertisingSid=0xff, txPower=127, rssi=-42, periodicAdvInt=0x0
04-18 20:23:20.066 I/sensors-hal( 1767): handle_sns_std_sensor_event:408, [SSC_LIGHT] P: 73(73),c:21,b:116,m:13,cl:7,l:73,s:51,l0:14848,l1:0,s0:9500,s1:0,acl:1,opr:0.64,f(r):319,u(bl):320,if:0,wi:0,si:0,0(N:0)
04-18 20:23:20.102 I/vendor.qti.bluetooth@1.0-ibs_handler( 1758): ProcessIbsCmd: Received IBS_SLEEP_IND: 0xFE
04-18 20:23:20.102 D/vendor.qti.bluetooth@1.0-ibs_handler( 1758): SerialClockVote: vote for UART CLK OFF
04-18 20:23:20.126 I/vendor.qti.bluetooth@1.0-ibs_handler( 1758): ProcessIbsCmd: Received IBS_WAKE_IND: 0xFD
04-18 20:23:20.126 D/vendor.qti.bluetooth@1.0-ibs_handler( 1758): SerialClockVote: vote for UART CLK ON
04-18 20:23:20.126 I/vendor.qti.bluetooth@1.0-ibs_handler( 1758): ProcessIbsCmd: Writing IBS_WAKE_ACK
04-18 20:23:20.129 I/ScanController( 4384): onScanResult to scannerId: 7- eventType=0x10, addressType=1, address=XX:XX:XX:XX:4F:77, primaryPhy=1, secondaryPhy=0, advertisingSid=0xff, txPower=127, rssi=-55, periodicAdvInt=0x0
04-18 20:23:20.143 I/ScanController( 4384): onScanResult to scannerId: 7- eventType=0x0, addressType=1, address=XX:XX:XX:XX:55:E6, primaryPhy=1, secondaryPhy=1, advertisingSid=0x2, txPower=127, rssi=-55, periodicAdvInt=0x0
04-18 20:23:20.163 I/ScanController( 4384): onScanResult to scannerId: 2- eventType=0x1b, addressType=0, address=XX:XX:XX:XX:B7:E9, primaryPhy=1, secondaryPhy=0, advertisingSid=0xff, txPower=127, rssi=-42, periodicAdvInt=0x0
04-18 20:23:20.202 I/vendor.qti.bluetooth@1.0-ibs_handler( 1758): ProcessIbsCmd: Received IBS_SLEEP_IND: 0xFE
04-18 20:23:20.202 D/vendor.qti.bluetooth@1.0-ibs_handler( 1758): SerialClockVote: vote for UART CLK OFF
04-18 20:23:20.204 D/PowerManagerService( 2880): displayReady: false groupId=0
04-18 20:23:20.205 D/DisplayPowerController[0]( 2880): animateScreenStateChange: target=ON, mIsEnabled=true
04-18 20:23:20.205 D/PowerManagerService( 2880): displayReady: true groupId=0
04-18 20:23:20.329 I/NativePlugin(15085): call is: getSystemAlertSound
04-18 20:23:20.330 D/RingtoneManager(15085): getActualDefaultRingtoneUri  type    :4
04-18 20:23:20.330 I/RingtoneManager(15085): Ringtone value : content://0@media/internal/audio/media/146?title=Homecoming&canonical=1
04-18 20:23:20.352 D/vendor.qti.bluetooth@1.0-wake_lock( 1758): Release wakelock is released 
04-18 20:23:20.398 E/HeatmapThread( 1872): ECT Thread time in milliseconds: 1776558200
04-18 20:23:20.399 D/HeatmapThread( 1872): !@ batteryplugType : 0
04-18 20:23:20.399 D/HeatmapThread( 1872): !@ batteryLevel : 61  batteryTemperature : 345 
04-18 20:23:20.399 D/HeatmapThread( 1872): !@ Heatmap currtime: 29609303
04-18 20:23:20.399 D/HeatmapThread( 1872): !@ Heatmap prevtime: 29609275
04-18 20:23:20.399 D/HeatmapThread( 1872): !@ Heatmap plugstarttime: 35791394
04-18 20:23:20.399 D/HeatmapThread( 1872): !@ Heatmap prevv_dsoh_update_time: 29609163
04-18 20:23:20.399 E/HeatmapThread( 1872): !@ CAM New BSOH: 100
04-18 20:23:20.404 D/PowerManagerService( 2880): displayReady: false groupId=0
04-18 20:23:20.404 D/DisplayPowerController[0]( 2880): animateScreenStateChange: target=ON, mIsEnabled=true
04-18 20:23:20.405 D/PowerManagerService( 2880): displayReady: true groupId=0
04-18 20:23:20.406 D/SatelliteController( 3981): isInCarrierRoamingNbIotNtn: satellite is disabled
04-18 20:23:20.445 I/sensors-hal( 1767): handle_sns_client_event:379, [0][214882] accel_sample [-0.048,  9.327,  3.149] 79092201863952
04-18 20:23:20.451 W/adbd    ( 8751): timed out while waiting for FUNCTIONFS_BIND, trying again
04-18 20:23:20.451 I/adbd    ( 8751): UsbFfs: connection terminated: monitor thread finished
04-18 20:23:20.478 I/SDM     ( 1793): AIScalerFeatureIntfImpl::LookupConfig: Scale ratio = 1.780000
04-18 20:23:20.478 I/SDM     ( 1793): AIScalerParserIntfImpl::LookupConfig: Scale Ratio Match Found Here
04-18 20:23:20.512 V/SemStrongRssiRoaming( 2880): POLL (Rssi:-30 MinRssi:-21 Guard:1)
04-18 20:23:20.517 I/adbd    ( 8751): opening control endpoint /dev/usb-ffs/adb/ep0
04-18 20:23:20.549 I/SDM     ( 1793): DisplayBase::CommitThread: Received idle timeout, panel: cmd, timeout: 70000 us
04-18 20:23:20.604 D/PowerManagerService( 2880): displayReady: false groupId=0
04-18 20:23:20.604 D/DisplayPowerController[0]( 2880): animateScreenStateChange: target=ON, mIsEnabled=true
04-18 20:23:20.604 D/PowerManagerService( 2880): displayReady: true groupId=0
04-18 20:23:20.804 D/PowerManagerService( 2880): displayReady: false groupId=0
04-18 20:23:20.804 D/DisplayPowerController[0]( 2880): animateScreenStateChange: target=ON, mIsEnabled=true
04-18 20:23:20.804 D/PowerManagerService( 2880): displayReady: true groupId=0
04-18 20:23:20.890 I/NSLocationMonitor( 2880): getGPSUsingApps() called
04-18 20:23:20.890 I/NSLocationManager_FLP( 5208): getGPSUsingApps, No change
04-18 20:23:20.891 W/Binder  ( 2880): Outgoing transactions from this process must be FLAG_ONEWAY
04-18 20:23:20.891 W/Binder  ( 2880): java.lang.Throwable
04-18 20:23:20.891 W/Binder  ( 2880): 	at android.os.BinderProxy.transact(BinderProxy.java:566)
04-18 20:23:20.891 W/Binder  ( 2880): 	at android.bluetooth.IBluetoothGatt$Stub$Proxy.getAdvertisingSetUids(IBluetoothGatt.java:1678)
04-18 20:23:20.891 W/Binder  ( 2880): 	at android.bluetooth.BluetoothAdapter.getAdvertisingSetUids(BluetoothAdapter.java:8476)
04-18 20:23:20.891 W/Binder  ( 2880): 	at android.bluetooth.BluetoothAdapter.getHWUsingApps(BluetoothAdapter.java:1342)
04-18 20:23:20.891 W/Binder  ( 2880): 	at com.android.server.am.mars.filter.filter.BlueToothConnectedFilter.updateBTUsingPackages(qb/107197743 8e69b22f63f053f4b743d623266ffd25caa28190c9aecebe25cb55382b70dd51:22)
04-18 20:23:20.891 W/Binder  ( 2880): 	at com.android.server.am.FreecessController.freeze(qb/107197743 8e69b22f63f053f4b743d623266ffd25caa28190c9aecebe25cb55382b70dd51:117)
04-18 20:23:20.891 W/Binder  ( 2880): 	at com.android.server.am.FreecessHandler$MainHandler.handleLcdOnFreeze(qb/107197743 8e69b22f63f053f4b743d623266ffd25caa28190c9aecebe25cb55382b70dd51:55)
04-18 20:23:20.891 W/Binder  ( 2880): 	at com.android.server.am.FreecessHandler$MainHandler.handleMessage(qb/107197743 8e69b22f63f053f4b743d623266ffd25caa28190c9aecebe25cb55382b70dd51:793)
04-18 20:23:20.891 W/Binder  ( 2880): 	at android.os.Handler.dispatchMessage(Handler.java:110)
04-18 20:23:20.891 W/Binder  ( 2880): 	at android.os.Looper.loopOnce(Looper.java:273)
04-18 20:23:20.891 W/Binder  ( 2880): 	at android.os.Looper.loop(Looper.java:363)
04-18 20:23:20.891 W/Binder  ( 2880): 	at android.os.HandlerThread.run(HandlerThread.java:85)
04-18 20:23:20.893 D/FreecessHandler( 2880): freeze com.teslacoilsw.launcher(10684) result : 11
04-18 20:23:20.900 D/NetdEventListenerService( 2880): DNS Requested by 105, 10528(com.instagram.android), 4(FAIL), isBlocked=true, 0ms
04-18 20:23:21.004 D/PowerManagerService( 2880): displayReady: false groupId=0
04-18 20:23:21.005 D/DisplayPowerController[0]( 2880): animateScreenStateChange: target=ON, mIsEnabled=true
04-18 20:23:21.005 D/PowerManagerService( 2880): displayReady: true groupId=0
04-18 20:23:21.205 D/PowerManagerService( 2880): displayReady: false groupId=0
04-18 20:23:21.205 D/DisplayPowerController[0]( 2880): animateScreenStateChange: target=ON, mIsEnabled=true
04-18 20:23:21.205 D/PowerManagerService( 2880): displayReady: true groupId=0
04-18 20:23:21.261 I/sensors-hal( 1767): handle_sns_client_event:435, [0][3743] gyro_sample_cal(cal_available:1)(3) [-0.010,-0.000,-0.000] bias[ 0.003,-0.001, 0.000] 79093008009108
04-18 20:23:21.398 E/HeatmapThread( 1872): ECT Thread time in milliseconds: 1776558201
04-18 20:23:21.399 D/HeatmapThread( 1872): !@ batteryplugType : 0
04-18 20:23:21.400 D/HeatmapThread( 1872): !@ batteryLevel : 61  batteryTemperature : 345 
04-18 20:23:21.400 D/HeatmapThread( 1872): !@ Heatmap currtime: 29609303
04-18 20:23:21.400 D/HeatmapThread( 1872): !@ Heatmap prevtime: 29609275
04-18 20:23:21.400 D/HeatmapThread( 1872): !@ Heatmap plugstarttime: 35791394
04-18 20:23:21.400 D/HeatmapThread( 1872): !@ Heatmap prevv_dsoh_update_time: 29609163
04-18 20:23:21.400 E/HeatmapThread( 1872): !@ CAM New BSOH: 100
04-18 20:23:21.405 D/PowerManagerService( 2880): displayReady: false groupId=0
04-18 20:23:21.405 D/DisplayPowerController[0]( 2880): animateScreenStateChange: target=ON, mIsEnabled=true
04-18 20:23:21.405 D/PowerManagerService( 2880): displayReady: true groupId=0
04-18 20:23:21.406 D/SatelliteController( 3981): isInCarrierRoamingNbIotNtn: satellite is disabled
04-18 20:23:21.415 I/TapTracker(18581): 1.3) Sensor update info : 04/18_20:23:21, -0.062 , 9.318, 3.168
04-18 20:23:21.477 I/SDM     ( 1793): AIScalerFeatureIntfImpl::LookupConfig: Scale ratio = 1.780000
04-18 20:23:21.477 I/SDM     ( 1793): AIScalerParserIntfImpl::LookupConfig: Scale Ratio Match Found Here
04-18 20:23:21.505 D/io_stats( 1121): !@   8,0 r 27152550 467723712 w 5718635 116473892 d 448007 81758412 f 590 2196 iot 2155380 0 th 0 0 0 pt 0 inp 0 0 79077.440
04-18 20:23:21.505 D/io_stats( 1121): !@ Read_top(KB): commerce.mobile:low(21311) 11436 kworker/u17:4:/(18473) 10172 kworker/u17:1:/(22195) 1792
04-18 20:23:21.505 D/io_stats( 1121): !@ Write_top(KB): yapp:AppMetrica:low(13621) 32 ycorp.prismtask:low(29875) 8 kworker/u17:1:/(22195) 4
04-18 20:23:21.518 W/adbd    ( 8751): timed out while waiting for FUNCTIONFS_BIND, trying again
04-18 20:23:21.518 I/adbd    ( 8751): UsbFfs: connection terminated: monitor thread finished
04-18 20:23:21.548 I/SDM     ( 1793): DisplayBase::CommitThread: Received idle timeout, panel: cmd, timeout: 70000 us
04-18 20:23:21.569 I/adbd    ( 8751): opening control endpoint /dev/usb-ffs/adb/ep0
04-18 20:23:21.584 I/sensors-hal( 1767): handle_sns_client_event:202, auto_rotation_debug_2 mode,255, type,1,0 acc,-0.043,9.342,3.159, ar,0, ver,14, pedo,1,e,1,i,3
04-18 20:23:21.605 D/PowerManagerService( 2880): displayReady: false groupId=0
04-18 20:23:21.605 D/DisplayPowerController[0]( 2880): animateScreenStateChange: target=ON, mIsEnabled=true
04-18 20:23:21.605 D/PowerManagerService( 2880): displayReady: true groupId=0
04-18 20:23:21.666 I/sensors-hal( 1767): handle_sns_std_sensor_event:127, [SSC_LIGHT] A: 71(71),c:21,b:116,m:13,cl:7,l:71,s:40,l0:14624,l1:0,s0:7500,s1:0,acl:1,opr:0.64,f(r):329,u(bl):324,if:0,wi:0,si:0,0(N:0)
04-18 20:23:21.806 D/PowerManagerService( 2880): displayReady: false groupId=0
04-18 20:23:21.806 D/DisplayPowerController[0]( 2880): animateScreenStateChange: target=ON, mIsEnabled=true
04-18 20:23:21.806 D/PowerManagerService( 2880): displayReady: true groupId=0
04-18 20:23:21.841 I/PAL: ResourceManager( 1770): mixerEventWaitThreadLoop: 5460: Event Received PCM121 event
04-18 20:23:21.841 I/PAL: SpeakerProtectionTI( 1770): handleTISADSPEvent: 371: Received an event from DSP 7154eeee
04-18 20:23:21.841 I/PAL: SpeakerProtectionTI( 1770): handleTISADSPEvent: 390: Silence Detected with silence count = 390
04-18 20:23:22.006 D/PowerManagerService( 2880): displayReady: false groupId=0
04-18 20:23:22.006 D/DisplayPowerController[0]( 2880): animateScreenStateChange: target=ON, mIsEnabled=true
04-18 20:23:22.007 D/PowerManagerService( 2880): displayReady: true groupId=0
04-18 20:23:22.109 I/vendor.qti.bluetooth@1.0-ibs_handler( 1758): ProcessIbsCmd: Received IBS_WAKE_IND: 0xFD
04-18 20:23:22.109 D/vendor.qti.bluetooth@1.0-ibs_handler( 1758): SerialClockVote: vote for UART CLK ON
04-18 20:23:22.109 D/vendor.qti.bluetooth@1.0-wake_lock( 1758): Acquire wakelock is acquired 
04-18 20:23:22.109 I/vendor.qti.bluetooth@1.0-ibs_handler( 1758): ProcessIbsCmd: Writing IBS_WAKE_ACK
04-18 20:23:22.116 I/ScanController( 4384): onScanResult to scannerId: 4- eventType=0x10, addressType=0, address=XX:XX:XX:XX:15:35, primaryPhy=1, secondaryPhy=0, advertisingSid=0xff, txPower=127, rssi=-89, periodicAdvInt=0x0
04-18 20:23:22.117 I/[-0400]oneconnect[1.8.45.24_01][CORE](18486): DataConvert.parseBleVd - deviceBle : |name:|deviceType:TV|discoverType:_BLE|services:None|connected:false[TvStatusString]POWER_OFF[TvStatus]-128[TvService]102[TvMirrorChannel]1[TvRegisteredDB][0, 0, 0, 0, 0, 0][TvYear]2016[TvOcfInfo]0[TvAcmStatus]0[ExTvStatus]0[ExtendedStatus]-1[ModuloSn]-1
04-18 20:23:22.129 I/ScanController( 4384): onScanResult to scannerId: 7- eventType=0x10, addressType=1, address=XX:XX:XX:XX:4F:77, primaryPhy=1, secondaryPhy=0, advertisingSid=0xff, txPower=127, rssi=-58, periodicAdvInt=0x0
04-18 20:23:22.144 I/ScanController( 4384): onScanResult to scannerId: 2- eventType=0x1b, addressType=0, address=XX:XX:XX:XX:B7:E9, primaryPhy=1, secondaryPhy=0, advertisingSid=0xff, txPower=127, rssi=-43, periodicAdvInt=0x0
04-18 20:23:22.184 I/vendor.qti.bluetooth@1.0-ibs_handler( 1758): ProcessIbsCmd: Received IBS_SLEEP_IND: 0xFE
04-18 20:23:22.184 D/vendor.qti.bluetooth@1.0-ibs_handler( 1758): SerialClockVote: vote for UART CLK OFF
04-18 20:23:22.206 D/PowerManagerService( 2880): displayReady: false groupId=0
04-18 20:23:22.207 D/DisplayPowerController[0]( 2880): animateScreenStateChange: target=ON, mIsEnabled=true
04-18 20:23:22.207 D/PowerManagerService( 2880): displayReady: true groupId=0
04-18 20:23:22.329 I/NativePlugin(15085): call is: getSystemAlertSound
04-18 20:23:22.329 D/RingtoneManager(15085): getActualDefaultRingtoneUri  type    :4
04-18 20:23:22.329 I/RingtoneManager(15085): Ringtone value : content://0@media/internal/audio/media/146?title=Homecoming&canonical=1
04-18 20:23:22.334 D/vendor.qti.bluetooth@1.0-wake_lock( 1758): Release wakelock is released 
04-18 20:23:22.398 E/HeatmapThread( 1872): ECT Thread time in milliseconds: 1776558202
04-18 20:23:22.399 D/HeatmapThread( 1872): !@ batteryplugType : 0
04-18 20:23:22.399 D/HeatmapThread( 1872): !@ batteryLevel : 61  batteryTemperature : 345 
04-18 20:23:22.399 D/HeatmapThread( 1872): !@ Heatmap currtime: 29609303
04-18 20:23:22.399 D/HeatmapThread( 1872): !@ Heatmap prevtime: 29609275
04-18 20:23:22.399 D/HeatmapThread( 1872): !@ Heatmap plugstarttime: 35791394
04-18 20:23:22.399 D/HeatmapThread( 1872): !@ Heatmap prevv_dsoh_update_time: 29609163
04-18 20:23:22.399 E/HeatmapThread( 1872): !@ CAM New BSOH: 100
04-18 20:23:22.407 D/PowerManagerService( 2880): displayReady: false groupId=0
04-18 20:23:22.407 D/DisplayPowerController[0]( 2880): animateScreenStateChange: target=ON, mIsEnabled=true
04-18 20:23:22.407 D/PowerManagerService( 2880): displayReady: true groupId=0
04-18 20:23:22.446 I/sensors-hal( 1767): handle_sns_client_event:379, [0][215804] accel_sample [-0.043,  9.303,  3.235] 79094202670202
04-18 20:23:22.466 I/sensors-hal( 1767): handle_sns_std_sensor_event:90, light_cct: ts = 79094222423535 ns; value = [70, 70, 109, 165, 28, 116, 7, 0, 14368, 0]
04-18 20:23:22.475 I/SDM     ( 1793): AIScalerFeatureIntfImpl::LookupConfig: Scale ratio = 1.780000
04-18 20:23:22.475 I/SDM     ( 1793): AIScalerParserIntfImpl::LookupConfig: Scale Ratio Match Found Here
04-18 20:23:22.546 I/SDM     ( 1793): DisplayBase::CommitThread: Received idle timeout, panel: cmd, timeout: 70000 us
04-18 20:23:22.571 W/adbd    ( 8751): timed out while waiting for FUNCTIONFS_BIND, trying again
04-18 20:23:22.571 I/adbd    ( 8751): UsbFfs: connection terminated: monitor thread finished
04-18 20:23:22.608 D/PowerManagerService( 2880): displayReady: false groupId=0
04-18 20:23:22.608 D/DisplayPowerController[0]( 2880): animateScreenStateChange: target=ON, mIsEnabled=true
04-18 20:23:22.608 D/PowerManagerService( 2880): displayReady: true groupId=0
04-18 20:23:22.621 I/adbd    ( 8751): opening control endpoint /dev/usb-ffs/adb/ep0
04-18 20:23:22.693 D/ActivityManager( 2880): Received BROADCAST intent 0x629398d Key{broadcastIntent pkg=com.google.android.gms/com.google.android.gms.location_base intent=act=com.google.android.location.ALARM_WAKEUP_ACTIVITY_DETECTION xflg=0x4 pkg=com.google.android.gms flags=0x4000000 u=0} requestCode=0 sent=0 from uid 1000
04-18 20:23:22.700 I/sensors-hal( 1767): flush:388, android.sensor.accelerometer/11
04-18 20:23:22.700 I/sensors-hal( 1767): send_sync_sensor_request:515, send sync request
04-18 20:23:22.700 I/sensors-hal( 1767): send_sync_sensor_request:544, wait for notification of response
04-18 20:23:22.700 I/sensors-hal( 1767): qsh_conn_resp_cb:972, resp_value = 0 for accel 
04-18 20:23:22.700 I/sensors-hal( 1767): handle_sns_std_flush_event:840, dt=accel, META_DATA_FLUSH_COMPLETE, _pending_flush_requests=1, _wakeup_type=0
04-18 20:23:22.700 I/sensors-hal( 1767): send_sync_sensor_request:550, takes 0 ms to receive the response with 0
04-18 20:23:22.700 I/sensors-hal( 1767): flush:394, android.sensor.accelerometer/11 completed
04-18 20:23:22.700 D/SensorService( 2880): [EARPROXIMITY] SENSOR_TYPE_META_DATA 11 
04-18 20:23:22.700 I/SensorService( 2880): [EARPROXIMITY] updateEvent prox -1 tsp 0 cg -1 tiltangle 18 cover -1 enforced on -1
04-18 20:23:22.700 I/SensorService( 2880): [EARPROXIMITY] far - tsp 0
04-18 20:23:22.700 D/SensorManager(18747): registerListener :: 11, lsm6dsv_0 Accelerometer Non-wakeup, 20000, 0, 
04-18 20:23:22.772 E/WifiStaIfaceAidlImpl( 2880): getCachedScanData failed with service-specific exception: android.os.ServiceSpecificException:  (code 4)
04-18 20:23:22.774 D/SemWifiUsabilityStatsMonitor( 2880): onWifiUsabilityStats - seqNum 11297, isSameBssidAndFreq true
04-18 20:23:22.774 I/SemWifiLinkQualityMonitor( 2880): Link stat: 2812 / 364 / 1.30 (137) / 1921 / -29.0 || 100.0 : 1921.00 / 0.5 : 0.77 / 0.55 : 0.13 / G (G) || 5da6045a5745: 0.087 / 92.091 / N || N N / 0 0 / Y 2.0 / Y X 0 / 79078709 0 || Invalid
04-18 20:23:22.774 D/InsDataManager( 2880): onOutageCountUpdate() - Outage Data: 0, LQ : Y. Outage Triggered: false
04-18 20:23:22.774 D/InsDataManager( 2880): Trying to save initial normal data.
04-18 20:23:22.774 E/InsController( 2880): Error in onOutageCountUpdate: android.net.VpnTransportInfo cannot be cast to android.net.wifi.WifiInfo
04-18 20:23:22.774 D/SemInsManager( 2880): {"bssid": "5da6045a5745","rssi": -29.0,"latency": 0.08687038001041124,"outage_count": 0,"lq_callback_triggered": true,"outage_log": "Link stat: 2812 / 364 / 1.30 (137) / 1921 / -29.0 || 100.0 : 1921.00 / 0.5 : 0.77 / 0.55 : 0.13 / G (G) || 5da6045a5745: 0.087 / 92.091 / N || N N / 0 0 / Y 2.0 / Y X 0 / 79078709 0 || Invalid""Magnetic Sensor Events size": "0""Pressure Sensor Events size": "0"}
04-18 20:23:22.808 D/PowerManagerService( 2880): displayReady: false groupId=0
04-18 20:23:22.808 D/DisplayPowerController[0]( 2880): animateScreenStateChange: target=ON, mIsEnabled=true
04-18 20:23:22.808 D/PowerManagerService( 2880): displayReady: true groupId=0
04-18 20:23:23.009 D/PowerManagerService( 2880): displayReady: false groupId=0
04-18 20:23:23.009 D/DisplayPowerController[0]( 2880): animateScreenStateChange: target=ON, mIsEnabled=true
04-18 20:23:23.009 D/PowerManagerService( 2880): displayReady: true groupId=0
04-18 20:23:23.024 I/SemWifiCtlFeatureMediator( 2880): Trf ratio: 0.1% (0.43 / 642.93) v ( NR) || Query: BW true (false) 1.0 1.0 1.0 / NSS true (false) 1.0 1.0 1.0 
04-18 20:23:23.209 D/PowerManagerService( 2880): displayReady: false groupId=0
04-18 20:23:23.209 D/DisplayPowerController[0]( 2880): animateScreenStateChange: target=ON, mIsEnabled=true
04-18 20:23:23.210 D/PowerManagerService( 2880): displayReady: true groupId=0
04-18 20:23:23.257 I/sensors-hal( 1767): handle_sns_client_event:435, [0][3835] gyro_sample_cal(cal_available:1)(3) [ 0.007,-0.001,-0.000] bias[ 0.003,-0.001, 0.000] 79095004475046
04-18 20:23:23.398 E/HeatmapThread( 1872): ECT Thread time in milliseconds: 1776558203
04-18 20:23:23.400 D/HeatmapThread( 1872): !@ batteryplugType : 0
04-18 20:23:23.400 D/HeatmapThread( 1872): !@ batteryLevel : 61  batteryTemperature : 345 
04-18 20:23:23.400 D/HeatmapThread( 1872): !@ Heatmap currtime: 29609303
04-18 20:23:23.400 D/HeatmapThread( 1872): !@ Heatmap prevtime: 29609275
04-18 20:23:23.400 D/HeatmapThread( 1872): !@ Heatmap plugstarttime: 35791394
04-18 20:23:23.400 D/HeatmapThread( 1872): !@ Heatmap prevv_dsoh_update_time: 29609163
04-18 20:23:23.400 E/HeatmapThread( 1872): !@ CAM New BSOH: 100
04-18 20:23:23.409 D/PowerManagerService( 2880): displayReady: false groupId=0
04-18 20:23:23.409 D/DisplayPowerController[0]( 2880): animateScreenStateChange: target=ON, mIsEnabled=true
04-18 20:23:23.409 D/PowerManagerService( 2880): displayReady: true groupId=0
04-18 20:23:23.474 I/SDM     ( 1793): AIScalerFeatureIntfImpl::LookupConfig: Scale ratio = 1.780000
04-18 20:23:23.474 I/SDM     ( 1793): AIScalerParserIntfImpl::LookupConfig: Scale Ratio Match Found Here
04-18 20:23:23.505 D/io_stats( 1121): !@   8,0 r 27152674 467726744 w 5718703 116476716 d 448007 81758412 f 590 2197 iot 2155416 0 th 0 0 0 pt 0 inp 0 0 79079.440
04-18 20:23:23.513 V/SemStrongRssiRoaming( 2880): POLL (Rssi:-29 MinRssi:-21 Guard:1)
04-18 20:23:23.545 I/SDM     ( 1793): DisplayBase::CommitThread: Received idle timeout, panel: cmd, timeout: 70000 us
04-18 20:23:23.610 D/PowerManagerService( 2880): displayReady: false groupId=0
04-18 20:23:23.610 D/DisplayPowerController[0]( 2880): animateScreenStateChange: target=ON, mIsEnabled=true
04-18 20:23:23.610 D/PowerManagerService( 2880): displayReady: true groupId=0
04-18 20:23:23.623 W/adbd    ( 8751): timed out while waiting for FUNCTIONFS_BIND, trying again
04-18 20:23:23.623 I/adbd    ( 8751): UsbFfs: connection terminated: monitor thread finished
04-18 20:23:23.665 I/adbd    ( 8751): opening control endpoint /dev/usb-ffs/adb/ep0
04-18 20:23:23.810 D/PowerManagerService( 2880): displayReady: false groupId=0
04-18 20:23:23.810 D/DisplayPowerController[0]( 2880): animateScreenStateChange: target=ON, mIsEnabled=true
04-18 20:23:23.811 D/PowerManagerService( 2880): displayReady: true groupId=0
04-18 20:23:23.906 I/sensors-hal( 1767): handle_sns_std_sensor_event:408, [SSC_LIGHT] P: 71(71),c:21,b:116,m:13,cl:7,l:71,s:42,l0:14592,l1:0,s0:8000,s1:0,acl:1,opr:0.64,f(r):323,u(bl):324,if:0,wi:0,si:0,0(N:0)
04-18 20:23:23.956 I/vendor.qti.bluetooth@1.0-ibs_handler( 1758): ProcessIbsCmd: Received IBS_WAKE_IND: 0xFD
04-18 20:23:23.956 D/vendor.qti.bluetooth@1.0-ibs_handler( 1758): SerialClockVote: vote for UART CLK ON
04-18 20:23:23.956 D/vendor.qti.bluetooth@1.0-wake_lock( 1758): Acquire wakelock is acquired 
04-18 20:23:23.956 I/vendor.qti.bluetooth@1.0-ibs_handler( 1758): ProcessIbsCmd: Writing IBS_WAKE_ACK
04-18 20:23:23.964 I/ScanController( 4384): onScanResult to scannerId: 2- eventType=0x1b, addressType=1, address=XX:XX:XX:XX:7A:51, primaryPhy=1, secondaryPhy=0, advertisingSid=0xff, txPower=127, rssi=-69, periodicAdvInt=0x0
04-18 20:23:23.999 I/AfterimageCompensationService( 2880): AfcThread mLuminance : 180 , AfpcPeriodCount : 1119 , rotation : 0 , AOD : false
04-18 20:23:24.000 I/SurfaceComposerClient( 2880): captureDisplay:Display-4630947191136750483
04-18 20:23:24.000 I/SnapAlloc( 1792): Using graphics libs for alignment calculations
04-18 20:23:24.001 I/SurfaceFlinger( 1888): Capture layer list: 	 com.android.chrome/ChromeChildSurface#12804(seamlessTransition:0)
04-18 20:23:24.001 I/SurfaceFlinger( 1888): Capture layer list: 	 com.android.chrome/com.google.android.apps.chrome.Main$_20643#12794(seamlessTransition:0)
04-18 20:23:24.001 I/SurfaceFlinger( 1888): Capture layer list: 	 StatusBar$_4008#102(seamlessTransition:0)
04-18 20:23:24.001 I/SurfaceFlinger( 1888): Capture layer list: 	 com.sec.android.app.launcher/com.samsung.app.honeyspace.edge.edgepanel.app.CocktailBarService$_4684#12625(seamlessTransition:0)
04-18 20:23:24.001 I/SurfaceFlinger( 1888): Capture layer list: 	 NavigationBar0$_4008#98(seamlessTransition:0)
04-18 20:23:24.001 I/CompositionEngine( 1888): [setDisplaySize] size=(1080, 2340)
04-18 20:23:24.001 E/HwcComposer( 1888): getLuts failed Status(-129, EX_TRANSACTION_FAILED): 'UNKNOWN_TRANSACTION: '
04-18 20:23:24.001 D/RenderEngine( 1888): [SEC_SF_EFFECTS] drawLayersInternal,1483, Rendering layer ScreenCaptureFillLayer at index 0
04-18 20:23:24.001 D/RenderEngine( 1888): [SEC_SF_EFFECTS] drawLayersInternal,1483, Rendering layer com.android.chrome/ChromeChildSurface#12804 at index 1
04-18 20:23:24.001 D/RenderEngine( 1888): [SEC_SF_EFFECTS] drawLayersInternal,1483, Rendering layer com.android.chrome/com.google.android.apps.chrome.Main$_20643#12794 at index 2
04-18 20:23:24.001 D/RenderEngine( 1888): [SEC_SF_EFFECTS] drawLayersInternal,1483, Rendering layer StatusBar$_4008#102 at index 3
04-18 20:23:24.001 D/RenderEngine( 1888): [SEC_SF_EFFECTS] drawLayersInternal,1483, Rendering layer com.sec.android.app.launcher/com.samsung.app.honeyspace.edge.edgepanel.app.CocktailBarService$_4684#12625 at index 4
04-18 20:23:24.001 D/RenderEngine( 1888): [SEC_SF_EFFECTS] drawLayersInternal,1483, Rendering layer NavigationBar0$_4008#98 at index 5
04-18 20:23:24.006 I/vendor.qti.bluetooth@1.0-ibs_handler( 1758): ProcessIbsCmd: Received IBS_SLEEP_IND: 0xFE
04-18 20:23:24.006 D/vendor.qti.bluetooth@1.0-ibs_handler( 1758): SerialClockVote: vote for UART CLK OFF
04-18 20:23:24.010 D/PowerManagerService( 2880): displayReady: false groupId=0
04-18 20:23:24.011 D/system_server( 2880): mAFPC_Read - w = 1080, h = 2340, s = 8, f = 4, s_size = 10183680, luminance = 180, count = 1119, captureOrientation = 0
04-18 20:23:24.011 D/DisplayPowerController[0]( 2880): animateScreenStateChange: target=ON, mIsEnabled=true
04-18 20:23:24.011 D/PowerManagerService( 2880): displayReady: true groupId=0
04-18 20:23:24.042 I/vendor.qti.bluetooth@1.0-ibs_handler( 1758): ProcessIbsCmd: Received IBS_WAKE_IND: 0xFD
04-18 20:23:24.042 D/vendor.qti.bluetooth@1.0-ibs_handler( 1758): SerialClockVote: vote for UART CLK ON
04-18 20:23:24.042 I/vendor.qti.bluetooth@1.0-ibs_handler( 1758): ProcessIbsCmd: Writing IBS_WAKE_ACK
04-18 20:23:24.044 I/ScanController( 4384): onScanResult to scannerId: 2- eventType=0x1b, addressType=0, address=XX:XX:XX:XX:B7:E9, primaryPhy=1, secondaryPhy=0, advertisingSid=0xff, txPower=127, rssi=-47, periodicAdvInt=0x0
04-18 20:23:24.084 I/vendor.qti.bluetooth@1.0-ibs_handler( 1758): ProcessIbsCmd: Received IBS_SLEEP_IND: 0xFE
04-18 20:23:24.084 D/vendor.qti.bluetooth@1.0-ibs_handler( 1758): SerialClockVote: vote for UART CLK OFF
04-18 20:23:24.171 I/BatteryService_BatteryPropertiesRegistrar( 2880): [getProperty]id:1
04-18 20:23:24.171 I/BatteryService_BatteryPropertiesRegistrar( 2880): [getProperty]prop.long:-9223372036854775808 ,prop.string:null
04-18 20:23:24.211 D/PowerManagerService( 2880): displayReady: false groupId=0
04-18 20:23:24.212 D/DisplayPowerController[0]( 2880): animateScreenStateChange: target=ON, mIsEnabled=true
04-18 20:23:24.212 D/PowerManagerService( 2880): displayReady: true groupId=0
04-18 20:23:24.234 D/vendor.qti.bluetooth@1.0-wake_lock( 1758): Release wakelock is released 
04-18 20:23:24.330 I/NativePlugin(15085): call is: getSystemAlertSound
04-18 20:23:24.330 D/RingtoneManager(15085): getActualDefaultRingtoneUri  type    :4
04-18 20:23:24.330 I/RingtoneManager(15085): Ringtone value : content://0@media/internal/audio/media/146?title=Homecoming&canonical=1
04-18 20:23:24.398 E/HeatmapThread( 1872): ECT Thread time in milliseconds: 1776558204
04-18 20:23:24.400 D/HeatmapThread( 1872): !@ batteryplugType : 0
04-18 20:23:24.400 D/HeatmapThread( 1872): !@ batteryLevel : 61  batteryTemperature : 345 
04-18 20:23:24.400 D/HeatmapThread( 1872): !@ Heatmap currtime: 29609303
04-18 20:23:24.400 D/HeatmapThread( 1872): !@ Heatmap prevtime: 29609275
04-18 20:23:24.400 D/HeatmapThread( 1872): !@ Heatmap plugstarttime: 35791394
04-18 20:23:24.400 D/HeatmapThread( 1872): !@ Heatmap prevv_dsoh_update_time: 29609163
04-18 20:23:24.400 E/HeatmapThread( 1872): !@ CAM New BSOH: 100
04-18 20:23:24.412 D/PowerManagerService( 2880): displayReady: false groupId=0
04-18 20:23:24.412 D/DisplayPowerController[0]( 2880): animateScreenStateChange: target=ON, mIsEnabled=true
04-18 20:23:24.412 D/PowerManagerService( 2880): displayReady: true groupId=0
04-18 20:23:24.446 I/sensors-hal( 1767): handle_sns_client_event:379, [0][216726] accel_sample [-0.062,  9.322,  3.240] 79096203477181
04-18 20:23:24.473 I/SDM     ( 1793): AIScalerFeatureIntfImpl::LookupConfig: Scale ratio = 1.780000
04-18 20:23:24.473 I/SDM     ( 1793): AIScalerParserIntfImpl::LookupConfig: Scale Ratio Match Found Here
04-18 20:23:24.480 I/VSyncReactor( 1888): Current= 60, Period= 60, Distance= 0
04-18 20:23:24.497 I/VSyncReactor( 1888): Current= 60, Period= 60, Distance= 60
04-18 20:23:24.544 I/SDM     ( 1793): DisplayBase::CommitThread: Received idle timeout, panel: cmd, timeout: 70000 us
04-18 20:23:24.613 D/PowerManagerService( 2880): displayReady: false groupId=0
04-18 20:23:24.613 D/DisplayPowerController[0]( 2880): animateScreenStateChange: target=ON, mIsEnabled=true
04-18 20:23:24.613 D/PowerManagerService( 2880): displayReady: true groupId=0
04-18 20:23:24.666 W/adbd    ( 8751): timed out while waiting for FUNCTIONFS_BIND, trying again
04-18 20:23:24.667 I/adbd    ( 8751): UsbFfs: connection terminated: monitor thread finished
04-18 20:23:24.709 I/adbd    ( 8751): opening control endpoint /dev/usb-ffs/adb/ep0
04-18 20:23:24.813 D/PowerManagerService( 2880): displayReady: false groupId=0
04-18 20:23:24.813 D/DisplayPowerController[0]( 2880): animateScreenStateChange: target=ON, mIsEnabled=true
04-18 20:23:24.814 D/PowerManagerService( 2880): displayReady: true groupId=0
04-18 20:23:25.013 D/PowerManagerService( 2880): displayReady: false groupId=0
04-18 20:23:25.013 D/DisplayPowerController[0]( 2880): animateScreenStateChange: target=ON, mIsEnabled=true
04-18 20:23:25.014 D/PowerManagerService( 2880): displayReady: true groupId=0
04-18 20:23:25.026 I/sensors-hal( 1767): handle_sns_std_sensor_event:90, light_cct: ts = 79096782423587 ns; value = [70, 70, 109, 165, 35, 116, 7, 2, 14400, 0]
04-18 20:23:25.161 I/SDHMS:LOAD( 7213): type: LoadsFreqs, value: 2:0:0:1050240:2649600:1017600:1763327:2745600:1555200:219:222:160
04-18 20:23:25.214 D/PowerManagerService( 2880): displayReady: false groupId=0
04-18 20:23:25.214 D/DisplayPowerController[0]( 2880): animateScreenStateChange: target=ON, mIsEnabled=true
04-18 20:23:25.214 D/PowerManagerService( 2880): displayReady: true groupId=0
04-18 20:23:25.225 D/InputReader( 2880): Btn_touch(5): value=1 when=79081.160408
04-18 20:23:25.225 I/InputReader( 2880): Touch event's action is 0x0 (id=6, t=0) [pCnt=1, s=0.7425 ] when=79081.160408
04-18 20:23:25.226 I/InputDispatcher( 2880): Delivering touch to (4008): action: 0x0, f=0x0, d=0, '6ace8e4', t=1 +(0,-2205)
04-18 20:23:25.226 D/PowerManagerService( 2880): [api] userActivityFromNative : touch displayId=0 eventTime=79081160
04-18 20:23:25.226 D/PowerManagerService( 2880): UserActivityStateListenerState: 1
04-18 20:23:25.226 D/DisplayModeController( 1888): setDesiredMode 4630947191136750483 {mode={fps=120.00 Hz, modePtr={id=7, vsyncRate=120.00 Hz, peakRefreshRate=120.00 Hz}}, emitEvent=true, force=false}
04-18 20:23:25.227 I/LayerHistory( 1888): StatusBar$_4008#102 voted NoVote (0.00 Hz)
04-18 20:23:25.227 I/SurfaceFlinger( 1888): Touch Boost - choose 120.00 Hz
04-18 20:23:25.227 I/HWComposer( 1888): [4630947191136750483] ActiveConfigToHWC, ID : 7
04-18 20:23:25.227 I/SDM     ( 1793): SDMDisplay::SetActiveConfigWithConstraints: ActiveConfig: 7
04-18 20:23:25.227 I/GestureDetector( 2880): obtain mCurrentDownEvent. id: 363503688 caller: com.android.server.wm.SystemGesturesPointerEventListener.onPointerEvent:17 com.android.server.wm.PointerEventDispatcher.onInputEvent:51 android.view.InputEventReceiver.dispatchInputEvent:392 
04-18 20:23:25.227 I/GestureDetector( 2880): obtain mCurrentDownEvent. id: 363503688 caller: com.android.server.wm.SystemPerformancePointerEventListener.onPointerEvent:13 com.android.server.wm.PointerEventDispatcher.onInputEvent:51 android.view.InputEventReceiver.dispatchInputEvent:392 
04-18 20:23:25.227 I/VRI[NavigationBar0]@ae18b6( 4008): ViewPostIme pointer 0
04-18 20:23:25.227 W/SDM     ( 1793): HWDeviceDRM::GetSupportedBitClkRate: Requested rate not supported: 1362080000
04-18 20:23:25.227 I/SDM     ( 1793): HWDeviceDRM::UpdateMixerAttributes: Mixer WxH 1440x3120-1 for Peripheral
04-18 20:23:25.227 I/SDM     ( 1793): DisplayBuiltIn::SetActiveConfig: setting activeConfig(0) on Display 16777284-0. error(0)
04-18 20:23:25.227 I/SDM     ( 1793): SDMDisplay::FinalizeDisplayConfig: ActiveConfig changed from config 9(2) to 7(0) for display [0]-[0]
04-18 20:23:25.228 I/SDM     ( 1793): DisplayBuiltIn::PrePrepare: [mixer] Reconfiguring mixer with new_mixer size (1080 x 2340)
04-18 20:23:25.228 I/SDM     ( 1793): DisplayBase::ReconfigureMixer: [mixer] Reconfiguring mixer with width : 1080, height : 2340
04-18 20:23:25.228 I/SDM     ( 1793): AIScalerFeatureIntfImpl::LookupConfig: Scale ratio = 1.780000
04-18 20:23:25.228 I/SDM     ( 1793): AIScalerParserIntfImpl::LookupConfig: Scale Ratio Match Found Here
04-18 20:23:25.228 I/SDM     ( 1793): AIScalerFeatureIntfImpl::LookupConfig: Scale ratio = 1.780000
04-18 20:23:25.228 I/SDM     ( 1793): AIScalerParserIntfImpl::LookupConfig: Scale Ratio Match Found Here
04-18 20:23:25.228 I/SDM     ( 1793): HWDeviceDRM::SetupAtomic: update ActiveConfig. pre_vrefresh : 60, current_vrefresh: 120, update_mode_: 1
04-18 20:23:25.229 I/VRI[NavigationBar0]@ae18b6( 4008): call setFrameRateCategory for touch hint category=high hint, reason=touch, vri=VRI[NavigationBar0]@ae18b6
04-18 20:23:25.229 I/SemDvfsHyPerManager( 7213): acquire hyper - TA_TOUCH_SHARE/7213@32, type = -999
04-18 20:23:25.229 I/KeyButtonView( 4008): injectInputEvent - 3
04-18 20:23:25.229 I/HYPER-HAL( 1773): [RequestManager.cpp]acquire(): Acquired ID : 26248667  [7213 / 32]    HINT : TA_TOUCH_SHARE    list : [TIMEOUT / 1500] 
04-18 20:23:25.229 D/InputDispatcher( 2880): Inject key (4008/10045): action=0, f=0x48, d=0, time=79081163000000
04-18 20:23:25.229 D/InputManager-JNI( 2880): !@interceptKeyBeforeQueueing(0), action=0, interactive=true
04-18 20:23:25.229 D/PhoneWindowManager( 2880): interceptKeyTq keycode=3 interactive=true keyguardActive=false policyFlags=2b000002
04-18 20:23:25.229 I/SystemKeyManager( 2880): requested systemKeyInfo size=1 focusedWindow=com.android.chrome/com.google.android.apps.chrome.Main
04-18 20:23:25.229 D/SingleKeyGesture( 2880): interceptKeyDown, info : KeyCode=KEYCODE_POWER, size=1
04-18 20:23:25.229 D/PhoneWindowManagerExt( 2880): interceptKeyTq code=3 down=true repeatCount=0 displayId=0 interactive=true powerCombination=false
04-18 20:23:25.229 I/SystemKeyManager( 2880): requested systemKeyInfo size=1 focusedWindow=com.android.chrome/com.google.android.apps.chrome.Main
04-18 20:23:25.229 D/PhoneWindowManager( 2880): interceptKeyTq interceptKeyResult=1
04-18 20:23:25.229 D/VibratorManagerService( 2880): converted usage = TOUCH(18)
04-18 20:23:25.229 D/VibratorManagerService( 2880): vibrate - uid: 1000, opPkg: android, effect: Mono{mEffect=Composed{segments=[SemHaptic{mType=50038, mMagnitude=-1}], repeat=-1, mMagnitudeType=TYPE_EXTRA}}, attrs: VibrationAttributes{mUsage=TOUCH, mAudioUsage= USAGE_UNKNOWN, mFlags=0, tags=INTENSITY_MIN}, reason: performHapticFeedback(constant=1): Virtual Key - Press, token: com.android.server.vibrator.VibratorManagerService@c54c48d
04-18 20:23:25.229 D/SingleVibrationSession( 2880): semIndexVibrate : EFFECT_HEAVY_CLICK(14), repeat: -1, usage: TOUCH(18), magnitude: 2000
04-18 20:23:25.229 D/VibratorManagerService( 2880): Starting vibrate for vibration 2969
04-18 20:23:25.229 I/VSyncReactor( 1888): Current= 60, Period= 120, hwcPeriod= 60
04-18 20:23:25.229 D/VibratorManagerService( 2880): Check AppOp mode VIBRATE for uid 1000 and package android returned audio=allow, op=allow
04-18 20:23:25.229 D/VibratorManagerService( 2880): Starting vibration 2969 on thread
04-18 20:23:25.230 D/VibratorManagerService( 2880): Start AppOp mode VIBRATE for uid 1000 and package android returned allow
04-18 20:23:25.230 D/InputManager-JNI( 2880): !@handleInterceptActions(0), action=0, wmActions=1
04-18 20:23:25.230 D/VibrationThread( 2880): Playing vibration id 2969 StartSequentialEffectStep
04-18 20:23:25.230 D/VibrationThread( 2880): StartSequentialEffectStep for effect #0
04-18 20:23:25.230 D/SemHapticStep( 2880): sepIndex=14, intensity=2000, repeat=false, duration=130
04-18 20:23:25.230 D/SemHapticStep( 2880): Turning on vibrator 0 for 130ms
04-18 20:23:25.230 D/PhoneWindowManager( 2880): interceptKeyTi keyCode=3 action=0 repeatCount=0 keyguardOn=false canceled=false
04-18 20:23:25.230 D/PhoneWindowManagerExt( 2880): interceptKeyTi code=3 down=true repeatCount=0 displayId=0 interactive=true
04-18 20:23:25.230 I/SystemKeyManager( 2880): requested systemKeyInfo size=1 focusedWindow=com.android.chrome/com.google.android.apps.chrome.Main
04-18 20:23:25.230 I/SystemKeyManager( 2880): requested systemKeyInfo size=1 focusedWindow=com.android.chrome/com.google.android.apps.chrome.Main
04-18 20:23:25.230 D/PhoneWindowManagerExt( 2880): startSearcleByHomeKey, down=true longPress=false displayId=0
04-18 20:23:25.230 D/StatusBarManagerService( 2880): startSearcleByHomeKey down=true longPress=false
04-18 20:23:25.230 I/SystemKeyManager( 2880): requested systemKeyInfo size=1 focusedWindow=com.android.chrome/com.google.android.apps.chrome.Main
04-18 20:23:25.231 D/NavBarStateManager( 4008): NavBarStates(0) canUseNavBarBackgroundFrame: false
04-18 20:23:25.231 D/SearcleManager( 4008): startSearcleByHomeKey down = true, longPress = false
04-18 20:23:25.233 I/GestureDetector( 2880): obtain mCurrentMotionEventRaw. action: 2 id: 169028711
04-18 20:23:25.233 I/GestureDetector( 2880): obtain mCurrentMotionEventRaw. action: 2 id: 169028711
04-18 20:23:25.234 E/SecVibrator-HAL-AIDL-EXT( 1811): V_5_0: performPrebakedHapticPattern 14 : 2000 : 0
04-18 20:23:25.234 E/SecVibrator-HAL-AIDL-CORE( 1811): HW_API: [setForceFeedbackAmplitude]amplitude: 2000
04-18 20:23:25.238 I/SurfaceFlinger( 1888): finalizeDisplayModeChange 4630947191136750483
04-18 20:23:25.239 D/LocalDisplayAdapter( 2880): updateActiveModeLocked for d=4630947191136750483, mActiveModeId=8, mActiveSfDisplayMode=DisplayMode{id=7, width=1080, height=2340, xDpi=375.78082, yDpi=376.17722, peakRefreshRate=120.00001, vsyncRate=120.00001, appVsyncOffsetNanos=8333333, presentationDeadlineNanos=9333333, supportedHdrTypes=[4, 2, 3], group=7}
04-18 20:23:25.239 I/DisplayDeviceRepository( 2880): Display device changed render timings: "Built-in Screen", renderFrameRate=120.00001, presentationDeadlineNanos=9333333, appVsyncOffsetNanos=8333333, frameRateOverrides=[]
04-18 20:23:25.239 I/SurfaceFlinger( 1888): [NavigationBar0$_4008#98] setFrameRateCategory: HighHint
04-18 20:23:25.239 D/WindowManager( 2880): DeferredDisplayUpdater: partially applying DisplayInfo(1080 x 2340) immediately
04-18 20:23:25.239 D/SGM:GameManager( 2880): onDisplayChanged. displyId: 0, state: 2
04-18 20:23:25.239 D/SGM:GameManager( 2880): dpi: 450, longPixel: 2340, shortPixel: 1080
04-18 20:23:25.239 D/AODManagerService( 2880): requestReCalToTSP IsSingleTouchMode = falserequestedReCalToTSP = false / previousDisplayState = ON
04-18 20:23:25.239 D/LiftUpHandler( 2880): [LTW] Stopped already.
04-18 20:23:25.240 D/SurfaceComposerClient( 2880): setCornerRadius ## d8e3a18 com.android.chrome/com.google.android.apps.chrome.Main#2888 cornerRadius=0.000000
04-18 20:23:25.240 D/SGM:FgCheckThread( 2880): onLooperPrepared(), msg: MSG_LCD_ON
04-18 20:23:25.240 D/AudioFlinger( 1869): setParameters: filtered dev setParameters keyvalue screen_state=on
04-18 20:23:25.240 I/PAL: API( 1770): pal_set_param: 1377: Enter: param id 8
04-18 20:23:25.240 I/PAL: ResourceManager( 1770): setParameter: 11407: Screen State:1
04-18 20:23:25.241 I/HBD     (10031): DeX h DeX mode state change in non-main thread 
04-18 20:23:25.241 I/HBD     (10031): DeX h DeX mode state change: 3 
04-18 20:23:25.241 I/SPenContext(10031): virtual void SPen::Context::SetDisplayRefreshRate(float) framerate=120
04-18 20:23:25.241 I/LatencyConfiguration(10031): void SPen::LatencyConfiguration::UpdateRefreshRate(float) RefreshRate=120.000008
04-18 20:23:25.241 I/LatencyConfiguration(10031): void SPen::LatencyConfiguration::UpdateRefreshRate(float) RefreshRateCallback 0xb4000076295c7f10
04-18 20:23:25.241 D/StackScroller( 4008): onDisplayChanged for predraw skip to 2
04-18 20:23:25.241 I/PredictorBase(10031): virtual void SPen::PredictorBase::SetRefreshRate(float) Refresh rate: 120.000
04-18 20:23:25.241 I/spe_log (10031): virtual void SPen::FbrDrawPad::SetRefreshRate(float) = 120.000
04-18 20:23:25.241 I/spe_log (10031): virtual void SPen::FbrDrawPad::SetRefreshRate(float) mFrameDurationNano=8333333, mDisplayRefreshDurationNano: 8333333
04-18 20:23:25.241 I/spe_log (10031): virtual void SPen::LowLatencyStrokeView::SetRefreshRate(float) refresh rate=120.000
04-18 20:23:25.241 D/DisplayLifecycle( 4008): updateDisplay id = 0
