04-18 20:23:25.514 D/SurfaceFlinger( 1888):        DEVICE |           17214228927221 | 00002140 | RGBA_8888    |    0.0    0.0 1080.0   85.0 |    0 2255 1080 2340 | ScreenDecorOverlayBottom$_4008#12102 (2)
04-18 20:23:25.514 D/SurfaceFlinger( 1888): 
04-18 20:23:25.514 D/InputDispatcher( 2880): Focus entered window (0): 70d7b43 com.teslacoilsw.launcher/com.teslacoilsw.launcher.NovaLauncher
04-18 20:23:25.515 D/VRI[NovaLauncher]@2937be3( 7303): mThreadedRenderer.initializeIfNeeded()#2 mSurface={isValid=true 0xb40000764964ac90}
04-18 20:23:25.516 D/InputMethodManagerUtils( 7303): startInputInner - Id : 0
04-18 20:23:25.516 I/InputMethodManager( 7303): startInputInner - IInputMethodManagerGlobalInvoker.startInputOrWindowGainedFocus
04-18 20:23:25.517 V/InputMethodManagerService( 2880): startInputOrWindowGainedFocusInternalLocked: reason=WINDOW_FOCUS_GAIN client=android.os.BinderProxy@c650300 inputContext=null editorInfo=android.view.inputmethod.EditorInfo@fd508e startInputFlags=VIEW_HAS_FOCUS|INITIAL_CONNECTION softInputMode=STATE_UNSPECIFIED|ADJUST_NOTHING windowFlags=#80910100 unverifiedTargetSdkVersion=35 bindingController=com.android.server.inputmethod.InputMethodBindingController@abc6567 imeDispatcher=android.window.ImeOnBackInvokedDispatcher@63ac0af cs=ClientState{9962381 mUid=10684 mPid=7303 mSelfReportedDisplayId=0} imeRequestedVisible=false
04-18 20:23:25.517 V/InputMethodManagerService( 2880): setWindowStateInner, windowToken=android.os.BinderProxy@25ac8f2, state=ImeTargetWindowState{ imeToken null imeFocusChanged true hasEditorFocused false requestedImeVisible false imeDisplayId 0 softInputModeState STATE_UNSPECIFIED|ADJUST_NOTHING isStartInputByGainFocus true}
04-18 20:23:25.517 V/InputMethodManagerService( 2880): Unspecified window will hide input
04-18 20:23:25.517 I/ImeTracker( 2880): com.teslacoilsw.launcher:63d1fd8: onRequestHide at ORIGIN_SERVER reason HIDE_UNSPECIFIED_WINDOW fromUser false
04-18 20:23:25.517 V/InputMethodManagerService( 2880): applyImeVisibility state=6
04-18 20:23:25.517 D/SemInputMethodManagerServiceUtil( 2880): restorePreviousUsedInputMethod : failed to return the previous ime becuase the stored info is null or do not need restore
04-18 20:23:25.517 V/InputMethodManagerService( 2880): semComputeImeDisplayIdForTarget: displayToShowIme=0
04-18 20:23:25.517 V/InputMethodManagerService( 2880): unbindCurrentInputLocked: client=android.os.BinderProxy@ebb995c
04-18 20:23:25.517 V/InputMethodManagerService( 2880): Creating new accessibility sessions for client ClientState{9962381 mUid=10684 mPid=7303 mSelfReportedDisplayId=0}
04-18 20:23:25.517 D/InputMethodManagerService( 2880): isImeSwitcherDisabledPackage : false
04-18 20:23:25.517 V/InputMethodManagerService( 2880): Disabling: SessionState{uid=10278 pid=20643 method=7dc34a0 session=2804de9 channel=ClientState{c6c9fed mUid=10278 mPid=20643 mSelfReportedDisplayId=0} userId=0}
04-18 20:23:25.517 V/InputMethodManagerService( 2880): Enabling: SessionState{uid=10684 pid=7303 method=7dc34a0 session=c375719 channel=ClientState{9962381 mUid=10684 mPid=7303 mSelfReportedDisplayId=0} userId=0}
04-18 20:23:25.517 D/InputMethodManagerService( 2880): checkDisplayOfStartInputAndUpdateKeyboard: displayId=0, mFocusedDisplayId=0
04-18 20:23:25.517 D/InputTransport(20643): Input channel destroyed: 'ClientS', fd=388
04-18 20:23:25.517 D/InputTransport( 2880): Input channel constructed: 'ClientS', fd=1542
04-18 20:23:25.517 I/InputMethodManager( 7303): handleMessage: setImeVisibility visible=false
04-18 20:23:25.517 D/InsetsController( 7303): hide(ime(), fromIme=false)
04-18 20:23:25.517 I/ImeTracker( 7303): com.teslacoilsw.launcher:63d1fd8: onCancelled at PHASE_CLIENT_ALREADY_HIDDEN
04-18 20:23:25.517 I/HBD     (10031): HoneyBoardService onFinishInput 
04-18 20:23:25.517 I/HBD     (10031): a IC have been unbinding,  RemoteInputConnection{idHash=#240dfd1}
04-18 20:23:25.517 I/HBD     (10031): HoneyBoardService [PF_CL][onFinishInput]  0 ms 
04-18 20:23:25.517 D/InputTransport( 2880): Input channel destroyed: 'ClientS', fd=1542
04-18 20:23:25.517 I/HBD     (10031): HoneyBoardService [IMI] onStartInput - caller pid : 7303 , caller uid : 10684 
04-18 20:23:25.517 I/HBD     (10031): r updateConfigs 
04-18 20:23:25.517 I/HBD     (10031): r isEnabledNightMode : true 
04-18 20:23:25.518 I/HBD     (10031): a IC have been binding, RemoteInputConnection{idHash=#cb579eb} 
04-18 20:23:25.518 I/HBD     (10031): h [EditorInputType]setPrivateImeOptionsToTable privateImeOptions ( null )
04-18 20:23:25.518 I/HBD     (10031): b incognitoMode : false 
04-18 20:23:25.518 D/RestrictionPolicy( 2880): isScreenCaptureEnabled : ret=true userId=0
04-18 20:23:25.518 I/HBD     (10031): f needOff = true , isForceOff = false, isNullInputClass : true 
04-18 20:23:25.518 I/WindowManager( 2880): Cancelling animation restarting=true, leash=Surface(name=Surface(name=969cb6e InputMethod)/@0xc3cb29c - animation-leash of insets_animation)/@0xa67e2de
04-18 20:23:25.518 I/WindowManager( 2880): Reparenting to original parent: Surface(name=WindowToken{50c2e9d type=2011 android.os.Binder@e852974})/@0x4ebc4a5, destroy=false, surface=Surface(name=969cb6e InputMethod)/@0xc3cb29c
04-18 20:23:25.518 I/HBD     (10031): h getDefaultInputRange : UNKNOWN 
04-18 20:23:25.518 I/HBD     (10031): h getDefaultInputRange : UNKNOWN 
04-18 20:23:25.518 I/HBD     (10031): h getDefaultInputRange : UNKNOWN 
04-18 20:23:25.518 I/WindowManager( 2880): Reparenting to leash, surface=Surface(name=969cb6e InputMethod)/@0xc3cb29c, leashParent=Surface(name=WindowToken{50c2e9d type=2011 android.os.Binder@e852974})/@0x4ebc4a5
04-18 20:23:25.518 D/InputTransport( 7303): Input channel constructed: 'ClientS', fd=799
04-18 20:23:25.518 I/SurfaceFlinger( 1888): id=12824 createSurf, flag=24004, Surface(name=969cb6e InputMethod)/@0xc3cb29c - animation-leash of insets_animation#12824
04-18 20:23:25.518 D/WindowManager( 2880): makeSurface duration=0 leash=Surface(name=Surface(name=969cb6e InputMethod)/@0xc3cb29c - animation-leash of insets_animation)/@0xbfcb8cb
04-18 20:23:25.518 D/InsetsSourceProvider( 2880): updateControlForTarget: control=InsetsSourceControl: {3 mType=ime mSurfacePosition=Point(0, 85) mInsetsHint=Insets{left=0, top=0, right=0, bottom=1008}}, target=Window{70d7b43 u0 com.teslacoilsw.launcher/com.teslacoilsw.launcher.NovaLauncher}, from=com.android.server.wm.ImeInsetsSourceProvider.updateControlForTarget:17 com.android.server.wm.InsetsStateController.onControlTargetChanged:83 com.android.server.wm.DisplayContent.updateImeControlTarget:21 com.android.server.wm.DisplayContent.updateImeInputAndControlTarget:156 com.android.server.wm.WindowManagerService$LocalService.updateInputMethodTargetWindow:64 
04-18 20:23:25.518 I/ImeTracker( 2880): system_server:6a968c77: onRequestHide at ORIGIN_SERVER reason IME_REQUESTED_CHANGED_LISTENER fromUser false
04-18 20:23:25.518 I/HBD     (10031): i [AiWriter] isChildBlockCase:
04-18 20:23:25.518 D/SurfaceComposerClient( 2880): setCornerRadius ## 70d7b43 com.teslacoilsw.launcher/com.teslacoilsw.launcher.NovaLauncher#124 cornerRadius=0.000000
04-18 20:23:25.518 V/InputMethodManagerService( 2880): Client requesting input be hidden
04-18 20:23:25.518 V/InputMethodManagerService( 2880): setWindowStateInner, windowToken=android.os.BinderProxy@25ac8f2, state=ImeTargetWindowState{ imeToken android.os.Binder@c23ffc1 imeFocusChanged true hasEditorFocused false requestedImeVisible false imeDisplayId 0 softInputModeState STATE_UNSPECIFIED|ADJUST_NOTHING isStartInputByGainFocus true}
04-18 20:23:25.518 I/SamsungAccount( 7170): [AccountManagerProvider] isChildAccount
04-18 20:23:25.518 I/ImeTracker( 2880): system_server:6a968c77: onCancelled at PHASE_SERVER_SHOULD_HIDE
04-18 20:23:25.518 V/InputMethodManagerService( 2880): hideCurrentInputLocked : canceled, shouldHideSoftInput=false, mInputShown=false, mImeWindowVis=0
04-18 20:23:25.518 I/SamsungAccount( 7170): [AccountManagerProvider] Calling package : android.honeyboard.
04-18 20:23:25.519 I/SamsungAccount( 7170): [SignatureInfoDbHelper] searchOnUser(fromDb) - [10/lfgff][android.honeyboard.][64/3291d] => matched
04-18 20:23:25.519 I/SamsungAccount( 7170): [AccountManagerProvider] This is the access of the allowed application
04-18 20:23:25.519 I/SamsungAccount( 7170): [AccountManagerUtil] isSamsungAccountSignedIn : true
04-18 20:23:25.520 I/SamsungAccount( 7170): [TPMU]  SIMState     :SIM_STATE_READY
04-18 20:23:25.520 I/SamsungAccount( 7170): [CountryCodeUtil] isChinaCountryCode : false
04-18 20:23:25.520 I/SamsungAccount( 7170): [TPMU] getMccFromUsim
04-18 20:23:25.520 I/SamsungAccount( 7170): [MccManager] saveMccToPreference Start
04-18 20:23:25.520 I/SamsungAccount( 7170): [MccManager] saveMccToPreference, mcc is same with previous mcc
04-18 20:23:25.520 I/SamsungAccount( 7170): [ChildAccountSupportedListManager] getSupportedListFromLocal from cache
04-18 20:23:25.521 I/SurfaceFlinger( 1888): [Surface(name=969cb6e InputMethod)/@0xc3cb29c - animation-leash of insets_animation#12824] attach to parent LayerHierarchy{RequestedLayerState{WindowToken{50c2e9d type=2011 android.os.Binder@e852974}#145 parentId=15} 2 children}
04-18 20:23:25.521 I/SamsungAccount( 7170): [TPMU]  SIMState     :SIM_STATE_READY
04-18 20:23:25.521 I/SamsungAccount( 7170): [CountryCodeUtil] isChinaCountryCode : false
04-18 20:23:25.521 I/SamsungAccount( 7170): [TPMU] getMccFromUsim
04-18 20:23:25.521 I/SamsungAccount( 7170): [MccManager] saveMccToPreference Start
04-18 20:23:25.521 I/SamsungAccount( 7170): [MccManager] saveMccToPreference, mcc is same with previous mcc
04-18 20:23:25.521 I/SamsungAccount( 7170): [FamilyGroupUtil] meetKoreaCountryCondition(beforeSignUp=false): false
04-18 20:23:25.521 I/WindowManager( 2880): Relayout Window{70d7b43 u0 com.teslacoilsw.launcher/com.teslacoilsw.launcher.NovaLauncher}: viewVisibility=0 req=1080x2340 ty=1 d0
04-18 20:23:25.522 I/SamsungAccount( 7170): [ChildAccountSupportedListManager] getSupportedListFromLocal from cache
04-18 20:23:25.522 I/BLASTBufferQueue_Java( 7303): update, w= 1080 h= 2340 mName = VRI[NovaLauncher]@2937be3 mNativeObject= 0xb4000076396d65b0 sc.mNativeObject= 0xb4000076b963c810 format= -2 caller= android.view.ViewRootImpl.updateBlastSurfaceIfNeeded:3574 android.view.ViewRootImpl.relayoutWindow:11685 android.view.ViewRootImpl.performTraversals:4804 android.view.ViewRootImpl.doTraversal:3924 android.view.ViewRootImpl$TraversalRunnable.run:12903 android.view.Choreographer$CallbackRecord.run:1901 
04-18 20:23:25.522 I/VRI[NovaLauncher]@2937be3( 7303): Relayout returned: old=(0,0,1080,2340) new=(0,0,1080,2340) relayoutAsync=true req=(1080,2340)0 dur=0 res=0x0 s={true 0xb40000764964ac90} ch=false seqId=0
04-18 20:23:25.522 D/SurfaceComposerClient( 2880): setCornerRadius ## 70d7b43 com.teslacoilsw.launcher/com.teslacoilsw.launcher.NovaLauncher#124 cornerRadius=0.000000
04-18 20:23:25.522 D/SurfaceComposerClient( 2880): setCornerRadius ## 70d7b43 com.teslacoilsw.launcher/com.teslacoilsw.launcher.NovaLauncher#124 cornerRadius=0.000000
04-18 20:23:25.522 I/VRI[NovaLauncher]@2937be3( 7303): registerCallbackForPendingTransactions
04-18 20:23:25.522 I/WindowManager( 2880): Relayout hash=70d7b43, pid=0, syncId=-1: mAttrs={(0,0)(fillxfill) sim={adjust=nothing} layoutInDisplayCutoutMode=always ty=BASE_APPLICATION fmt=TRANSPARENT wanim=0x7f150004
04-18 20:23:25.522 I/WindowManager( 2880):   fl=80910100
04-18 20:23:25.522 I/WindowManager( 2880):   pfl=10008840
04-18 20:23:25.522 I/WindowManager( 2880):   vsysui=700
04-18 20:23:25.522 I/WindowManager( 2880):   bhv=1
04-18 20:23:25.522 I/WindowManager( 2880):   fitSides=0
04-18 20:23:25.522 I/WindowManager( 2880):   frameRateBoostOnTouch=true
04-18 20:23:25.522 I/WindowManager( 2880):   dvrrWindowFrameRateHint=true naviIconColor=0}
04-18 20:23:25.522 I/SamsungAccount( 7170): [TPMU]  SIMState     :SIM_STATE_READY
04-18 20:23:25.522 I/SamsungAccount( 7170): [CountryCodeUtil] isChinaCountryCode : false
04-18 20:23:25.522 I/VRI[NovaLauncher]@2937be3( 7303): mWNT: t=0xb4000076296818d0 mBlastBufferQueue=0xb4000076396d65b0 fn= 3 HdrRenderState mRenderHdrSdrRatio=1.0 caller= android.view.ViewRootImpl$10.onFrameDraw:6536 android.view.ViewRootImpl$4.onFrameDraw:2489 android.view.ThreadedRenderer$1.onFrameDraw:718 
04-18 20:23:25.523 I/SamsungAccount( 7170): [TPMU] getMccFromUsim
04-18 20:23:25.523 I/SamsungAccount( 7170): [MccManager] saveMccToPreference Start
04-18 20:23:25.523 I/SamsungAccount( 7170): [MccManager] saveMccToPreference, mcc is same with previous mcc
04-18 20:23:25.523 I/SamsungAccount( 7170): [FamilyGroupUtil] meetServerCountryCondition(beforeSignUp=false): true
04-18 20:23:25.523 I/SamsungAccount( 7170): [TPMU]  SIMState     :SIM_STATE_READY
04-18 20:23:25.523 I/SamsungAccount( 7170): [CountryCodeUtil] isChinaCountryCode : false
04-18 20:23:25.523 I/SamsungAccount( 7170): [TPMU] getMccFromUsim
04-18 20:23:25.523 I/SamsungAccount( 7170): [MccManager] saveMccToPreference Start
04-18 20:23:25.523 I/SamsungAccount( 7170): [MccManager] saveMccToPreference, mcc is same with previous mcc
04-18 20:23:25.523 I/SamsungAccount( 7170): [FamilyGroupUtil] meetKoreaOneUiCondition: false
04-18 20:23:25.524 I/SamsungAccount( 7170): [ChildAccountSupportedListManager] getSupportedListFromLocal from cache
04-18 20:23:25.524 I/SamsungAccount( 7170): [FamilyGroupUtil] meetServerOneUiCondition: true
04-18 20:23:25.524 I/SamsungAccount( 7170): [FamilyGroupUtil] isSupportFamilyService: true
04-18 20:23:25.524 I/SamsungAccount( 7170): [AccountManagerUtil] isSamsungAccountSignedIn : true
04-18 20:23:25.524 I/SamsungAccount( 7170): [ChildAccount] isChildAccount : false
04-18 20:23:25.524 I/SamsungAccount( 7170): [AccountManagerProvider] makeResultBundle - resultCode : 0
04-18 20:23:25.524 I/HBD     (10031): i [AiWriter] isChildAccount:false
04-18 20:23:25.524 I/HBD     (10031): f needOff = true , isForceOff = false, isNullInputClass : true 
04-18 20:23:25.524 I/HBD     (10031): f update cached prediction status : false 
04-18 20:23:25.524 I/HBD     (10031): h getDefaultInputRange : UNKNOWN 
04-18 20:23:25.524 I/HBD     (10031): a currentState : 0 
04-18 20:23:25.524 I/HBD     (10031): a [UpdatePolicy] [post] a: 0 cl: 65537 kit: [0/0] vt: 0 ir: 1 
04-18 20:23:25.525 I/HBD     (10031): a [NRIC] resetNoResponseState 
04-18 20:23:25.525 I/HBD     (10031): f needOff = true , isForceOff = false, isNullInputClass : true 
04-18 20:23:25.525 I/HBD     (10031): f update cached prediction status : false 
04-18 20:23:25.525 I/HBD     (10031): b [AiWriter] setContact : com.teslacoilsw.launcher
04-18 20:23:25.525 I/HBD     (10031): a [AiWriter] setContact : com.teslacoilsw.launcher
04-18 20:23:25.525 I/HBD     (10031): F EBD si S 0 
04-18 20:23:25.525 I/HBD     (10031): m updateContactDBLanguage : 65537 
04-18 20:23:25.525 I/HBD     (10031): a load BaseLanguageRepo 
04-18 20:23:25.526 I/Auth    (18747): (REDACTED) [GetTokenResponse] Decryption key=%s success, service=%s
04-18 20:23:25.527 I/GestureDetector( 2880): handleMessage TAP
04-18 20:23:25.527 I/GestureDetector( 2880): handleMessage TAP
04-18 20:23:25.529 I/SurfaceFlinger( 1888): RequestedLayer [Surface(name=969cb6e InputMethod)/@0[...]tion-leash of insets_animation#12824] hidden!! flag  from(1) --> to(0)
04-18 20:23:25.529 E/SurfaceFlinger( 1888): alpha changed 1.000 -> 0.000 - Surface(name=969cb6e InputMethod)/@0xc3cb29c - animation-leash of insets_animation#12824
04-18 20:23:25.529 I/SurfaceFlinger( 1888): [LayerHierarchy{RequestedLayerState{ImeContainer#15 parentId=123 relativeParentId=124 z=1} 1 children}] reparent to LayerHierarchy{RequestedLayerState{ActivityRecord{143099008 u0 com.teslacoilsw.launcher/.NovaLauncher t8}#123 parentId=122} 4 children}
04-18 20:23:25.529 I/SurfaceFlinger( 1888): [LayerHierarchy{RequestedLayerState{ImeContainer#15 parentId=123 relativeParentId=124 z=1} 1 children}] RelativeParent to LayerHierarchy{RequestedLayerState{70d7b43 com.teslacoilsw.launcher/com.teslacoilsw.launcher.NovaLauncher#124 parentId=123} 2 children}
04-18 20:23:25.529 I/SurfaceFlinger( 1888): [LayerHierarchy{RequestedLayerState{969cb6e InputMethod#150 parentId=12824} no children}] reparent to LayerHierarchy{RequestedLayerState{Surface(name=969cb6e InputMethod)/@0xc3cb29c - animation-leash of insets_animation#12824 parentId=145} 1 children}
04-18 20:23:25.529 I/SurfaceFlinger( 1888): [LayerHierarchy{RequestedLayerState{Surface(name=969cb6e InputMethod)/@0xc3cb29c - animation-leash of insets_animation#12818} no children}] reparent to OffscreenRoot
04-18 20:23:25.529 I/SurfaceFlinger( 1888): [LayerHierarchy{RequestedLayerState{Surface(name=969cb6e InputMethod)/@0xc3cb29c - animation-leash of insets_animation#12818} no children}] RelativeParent to null
04-18 20:23:25.530 I/SurfaceFlinger( 1888): id=12818 Removed Surface(name=969cb6e InputMethod)/@0xc3cb29c - animation-leash of insets_animation#12818 (270)
04-18 20:23:25.537 I/SurfaceFlinger( 1888): destroyed Surface(name=969cb6e InputMethod)/@0xc3cb29c - animation-leash of insets_animation#12818 form LifecycleManager
04-18 20:23:25.537 I/SurfaceFlinger( 1888): id=12818 onLayerDestroyed from LayerHierarchyBuilder(RequestedLayerState{Surface(name=969cb6e InputMethod)/@0xc3cb29c - animation-leash of insets_animation#12818 !handle})
04-18 20:23:25.538 I/Layer   ( 1888): id=12818 Destroyed Surface(name=969cb6e InputMethod)/@0xc3cb29c - animation-leash of insets_animation#12818
04-18 20:23:25.542 D/MdnieScenarioControlService( 2880):  packageName : com.teslacoilsw.launcher    className : com.teslacoilsw.launcher.NovaLauncher
04-18 20:23:25.542 V/MdnieScenarioControlService( 2880): setUIMode from UI function(3)
04-18 20:23:25.548 D/NetdEventListenerService( 2880): DNS Requested by 105, 10278(com.android.chrome), SUCCESS, 10ms
04-18 20:23:25.548 D/NetdEventListenerService( 2880): DNS Requested by 105, 10646(com.scribd.app.reader0), 4(FAIL), isBlocked=true, 0ms
04-18 20:23:25.548 D/FirebasePerformance( 6176): network request trace: https://browser-intake-datadoghq.com/api/v2/rum (responseCode: UNKNOWN, responseTime: 0.682ms) is not allowed to cache. Cache exhausted the limit (availableTracesForCaching: 50, availableNetworkRequestsForCaching: 0, availableGaugesForCaching: 50).
04-18 20:23:25.549 D/NetdEventListenerService( 2880): DNS Requested by 105, 10646(com.scribd.app.reader0), 4(FAIL), isBlocked=true, 0ms
04-18 20:23:25.550 D/NetdEventListenerService( 2880): DNS Requested by 105, 10646(com.scribd.app.reader0), 4(FAIL), isBlocked=true, 0ms
04-18 20:23:25.550 D/NetdEventListenerService( 2880): DNS Requested by 105, 10646(com.scribd.app.reader0), 4(FAIL), isBlocked=true, 0ms
04-18 20:23:25.550 D/NetdEventListenerService( 2880): DNS Requested by 105, 10646(com.scribd.app.reader0), 4(FAIL), isBlocked=true, 0ms
04-18 20:23:25.556 I/ScanController( 4384): onScanResult to scannerId: 7- eventType=0x0, addressType=1, address=XX:XX:XX:XX:55:E6, primaryPhy=1, secondaryPhy=1, advertisingSid=0x2, txPower=127, rssi=-47, periodicAdvInt=0x0
04-18 20:23:25.556 I/HBD     (10031): g isCoverDisplay : false, cached selected json info : SelectedLanguageInfo(languageVersion=4.2, currentLanguageOrder=0, selectedLanguageList=[SelectedLanguage(id=65537, isUsed=true, engName=English, inputType=qwerty, activeOptionList=[auto_replace, auto_spacing, writing_assistant, prediction], bilingualId=-1)]) 
04-18 20:23:25.556 I/HBD     (10031): g updateSelectedLanguageCache is succeeded. English 
04-18 20:23:25.556 I/HBD     (10031): h writeToFile path : /data/user/0/com.samsung.android.honeyboard/files/selected.json 
04-18 20:23:25.556 I/HBD     (10031): h writeToFile json : {"version":"4.2","currentLanguageOrder":0,"selected":[{"activeOptionList":["auto_replace","auto_spacing","writing_assistant","prediction"],"bilingualId":-1,"engName":"English","id":65537,"inputType":"qwerty","isUsed":true}]} 
04-18 20:23:25.557 I/HBD     (10031): h writeToFile complete 
04-18 20:23:25.557 I/HBD     (10031): g isCoverDisplay : false, cached selected json info : SelectedLanguageInfo(languageVersion=4.2, currentLanguageOrder=0, selectedLanguageList=[SelectedLanguage(id=65537, isUsed=true, engName=English, inputType=qwerty, activeOptionList=[auto_replace, auto_spacing, writing_assistant, prediction], bilingualId=-1)]) 
04-18 20:23:25.557 I/HBD     (10031): o updateActionOptionFromPreference isCover = false 
04-18 20:23:25.557 I/HBD     (10031): o before lang.activeOptionList =  [auto_replace, auto_spacing, writing_assistant, prediction] 
04-18 20:23:25.557 I/HBD     (10031): h Write selected lang for DE  
04-18 20:23:25.557 I/HBD     (10031): h writeToFile path : /data/user_de/0/com.samsung.android.honeyboard/files/selected.json 
04-18 20:23:25.557 I/HBD     (10031): h writeToFile json : {"version":"4.2","currentLanguageOrder":0,"selected":[{"activeOptionList":["auto_replace","auto_spacing","writing_assistant","prediction"],"bilingualId":-1,"engName":"English","id":65537,"inputType":"qwerty","isUsed":true}]} 
04-18 20:23:25.557 I/HBD     (10031): o after lang.activeOptionList = [auto_replace, auto_spacing, writing_assistant, prediction] 
04-18 20:23:25.557 I/HBD     (10031): h writeToFile path : /data/user/0/com.samsung.android.honeyboard/files/selected.json 
04-18 20:23:25.557 I/HBD     (10031): h writeToFile json : {"version":"4.2","currentLanguageOrder":0,"selected":[{"activeOptionList":["auto_replace","auto_spacing","writing_assistant","prediction"],"bilingualId":-1,"engName":"English","id":65537,"inputType":"qwerty","isUsed":true}]} 
04-18 20:23:25.557 I/HBD     (10031): h writeToFile complete 
04-18 20:23:25.557 I/HBD     (10031): m normal : updateLanguage : English 
04-18 20:23:25.558 I/HBD     (10031): h Write selected lang for DE  
04-18 20:23:25.558 I/HBD     (10031): h writeToFile path : /data/user_de/0/com.samsung.android.honeyboard/files/selected.json 
04-18 20:23:25.558 I/HBD     (10031): h writeToFile json : {"version":"4.2","currentLanguageOrder":0,"selected":[{"activeOptionList":["auto_replace","auto_spacing","writing_assistant","prediction"],"bilingualId":-1,"engName":"English","id":65537,"inputType":"qwerty","isUsed":true}]} 
04-18 20:23:25.558 I/HBD     (10031): g isCoverDisplay : false, cached selected json info : SelectedLanguageInfo(languageVersion=4.2, currentLanguageOrder=0, selectedLanguageList=[SelectedLanguage(id=65537, isUsed=true, engName=English, inputType=qwerty, activeOptionList=[auto_replace, auto_spacing, writing_assistant, prediction], bilingualId=-1)]) 
04-18 20:23:25.558 I/HBD     (10031): g isCoverDisplay : false, cached selected json info : SelectedLanguageInfo(languageVersion=4.2, currentLanguageOrder=0, selectedLanguageList=[SelectedLanguage(id=65537, isUsed=true, engName=English, inputType=qwerty, activeOptionList=[auto_replace, auto_spacing, writing_assistant, prediction], bilingualId=-1)]) 
04-18 20:23:25.558 I/HBD     (10031): o updateActionOptionFromPreference isCover = false 
04-18 20:23:25.558 I/HBD     (10031): o before lang.activeOptionList =  [auto_replace, auto_spacing, writing_assistant, prediction] 
04-18 20:23:25.558 I/HBD     (10031): o after lang.activeOptionList = [auto_replace, auto_spacing, writing_assistant, prediction] 
04-18 20:23:25.558 I/HBD     (10031): h writeToFile path : /data/user/0/com.samsung.android.honeyboard/files/selected.json 
04-18 20:23:25.558 I/HBD     (10031): h writeToFile json : {"version":"4.2","currentLanguageOrder":0,"selected":[{"activeOptionList":["auto_replace","auto_spacing","writing_assistant","prediction"],"bilingualId":-1,"engName":"English","id":65537,"inputType":"qwerty","isUsed":true}]} 
04-18 20:23:25.558 I/HBD     (10031): h writeToFile complete 
04-18 20:23:25.558 E/AtomicFile(10031): Failed to rename /data/user_de/0/com.samsung.android.honeyboard/files/selected.json.new to /data/user_de/0/com.samsung.android.honeyboard/files/selected.json
04-18 20:23:25.558 I/HBD     (10031): h writeToFile complete 
04-18 20:23:25.558 I/HBD     (10031): h writeToFile complete 
04-18 20:23:25.558 I/HBD     (10031): m normal : updateLanguage : English 
04-18 20:23:25.558 I/HBD     (10031): h Write selected lang for DE  
04-18 20:23:25.558 I/HBD     (10031): g isCoverDisplay : false, cached selected json info : SelectedLanguageInfo(languageVersion=4.2, currentLanguageOrder=0, selectedLanguageList=[SelectedLanguage(id=65537, isUsed=true, engName=English, inputType=qwerty, activeOptionList=[auto_replace, auto_spacing, writing_assistant, prediction], bilingualId=-1)]) 
04-18 20:23:25.558 I/HBD     (10031): h writeToFile path : /data/user_de/0/com.samsung.android.honeyboard/files/selected.json 
04-18 20:23:25.558 I/HBD     (10031): h writeToFile json : {"version":"4.2","currentLanguageOrder":0,"selected":[{"activeOptionList":["auto_replace","auto_spacing","writing_assistant","prediction"],"bilingualId":-1,"engName":"English","id":65537,"inputType":"qwerty","isUsed":true}]} 
04-18 20:23:25.558 I/HBD     (10031): g isCoverDisplay : false, cached selected json info : SelectedLanguageInfo(languageVersion=4.2, currentLanguageOrder=0, selectedLanguageList=[SelectedLanguage(id=65537, isUsed=true, engName=English, inputType=qwerty, activeOptionList=[auto_replace, auto_spacing, writing_assistant, prediction], bilingualId=-1)]) 
04-18 20:23:25.558 I/HBD     (10031): g updateSelectedLanguageCache is succeeded. English 
04-18 20:23:25.558 I/HBD     (10031): h writeToFile path : /data/user/0/com.samsung.android.honeyboard/files/selected.json 
04-18 20:23:25.558 I/HBD     (10031): h writeToFile json : {"version":"4.2","currentLanguageOrder":0,"selected":[{"activeOptionList":["auto_replace","auto_spacing","writing_assistant","prediction"],"bilingualId":-1,"engName":"English","id":65537,"inputType":"qwerty","isUsed":true}]} 
04-18 20:23:25.558 I/HBD     (10031): h writeToFile complete 
04-18 20:23:25.558 I/HBD     (10031): h writeToFile complete 
04-18 20:23:25.558 I/HBD     (10031): h Write selected lang for DE  
04-18 20:23:25.558 I/HBD     (10031): h writeToFile path : /data/user_de/0/com.samsung.android.honeyboard/files/selected.json 
04-18 20:23:25.558 I/HBD     (10031): h writeToFile json : {"version":"4.2","currentLanguageOrder":0,"selected":[{"activeOptionList":["auto_replace","auto_spacing","writing_assistant","prediction"],"bilingualId":-1,"engName":"English","id":65537,"inputType":"qwerty","isUsed":true}]} 
04-18 20:23:25.558 I/HBD     (10031): g isCoverDisplay : false, cached selected json info : SelectedLanguageInfo(languageVersion=4.2, currentLanguageOrder=0, selectedLanguageList=[SelectedLanguage(id=65537, isUsed=true, engName=English, inputType=qwerty, activeOptionList=[auto_replace, auto_spacing, writing_assistant, prediction], bilingualId=-1)]) 
04-18 20:23:25.558 I/HBD     (10031): g updateSelectedLanguageCache is succeeded. English 
04-18 20:23:25.559 I/HBD     (10031): h writeToFile path : /data/user/0/com.samsung.android.honeyboard/files/selected.json 
04-18 20:23:25.559 I/HBD     (10031): h writeToFile json : {"version":"4.2","currentLanguageOrder":0,"selected":[{"activeOptionList":["auto_replace","auto_spacing","writing_assistant","prediction"],"bilingualId":-1,"engName":"English","id":65537,"inputType":"qwerty","isUsed":true}]} 
04-18 20:23:25.559 D/KNOX_MDM_SettingsProvider( 2880): isChangeAllowed() : name = enabled_input_methods
04-18 20:23:25.559 D/KNOX_MDM_SettingsProvider( 2880): edmUri: content://com.sec.knox.provider/RestrictionPolicy3
04-18 20:23:25.559 D/KNOX_MDM_SettingsProvider( 2880): projectionArgs: isSettingsChangesAllowed
04-18 20:23:25.559 D/KNOX_MDM_SettingsProvider( 2880): selectionArgs: false
04-18 20:23:25.559 D/KNOX_MDM_SettingsProvider( 2880): selectionArgs: 10217
04-18 20:23:25.559 I/HBD     (10031): h writeToFile complete 
04-18 20:23:25.559 D/SecContentProvider( 2880): query(), uri = 17 selection = isSettingsChangesAllowed
04-18 20:23:25.559 D/SecContentProvider( 2880): called from android.uid.honeyboard:10217
04-18 20:23:25.559 D/RestrictionPolicy( 2880): isSettingsChangesAllowedAsUser, userId 0 : true
04-18 20:23:25.559 D/KNOX_MDM_SettingsProvider( 2880): ret = 1
04-18 20:23:25.559 I/HBD     (10031): a [UpdatePolicy] [post] a: 31 cl: 65537 kit: [0/0] vt: 0 ir: 1 
04-18 20:23:25.559 D/KNOX_MDM_SettingsProvider( 2880): isChangeAllowed() : name = default_input_method
04-18 20:23:25.559 D/KNOX_MDM_SettingsProvider( 2880): edmUri: content://com.sec.knox.provider/RestrictionPolicy3
04-18 20:23:25.559 D/KNOX_MDM_SettingsProvider( 2880): projectionArgs: isSettingsChangesAllowed
04-18 20:23:25.559 D/KNOX_MDM_SettingsProvider( 2880): selectionArgs: false
04-18 20:23:25.559 D/KNOX_MDM_SettingsProvider( 2880): selectionArgs: 10217
04-18 20:23:25.559 D/SecContentProvider( 2880): query(), uri = 17 selection = isSettingsChangesAllowed
04-18 20:23:25.559 D/SecContentProvider( 2880): called from android.uid.honeyboard:10217
04-18 20:23:25.559 D/RestrictionPolicy( 2880): isSettingsChangesAllowedAsUser, userId 0 : true
04-18 20:23:25.559 D/KNOX_MDM_SettingsProvider( 2880): ret = 1
04-18 20:23:25.559 D/KNOX_MDM_SettingsProvider( 2880): isChangeAllowed() : name = enabled_input_methods
04-18 20:23:25.559 I/HBD     (10031): h Write selected lang for DE  
04-18 20:23:25.559 D/KNOX_MDM_SettingsProvider( 2880): edmUri: content://com.sec.knox.provider/RestrictionPolicy3
04-18 20:23:25.559 D/KNOX_MDM_SettingsProvider( 2880): projectionArgs: isSettingsChangesAllowed
04-18 20:23:25.559 D/KNOX_MDM_SettingsProvider( 2880): selectionArgs: false
04-18 20:23:25.559 D/KNOX_MDM_SettingsProvider( 2880): selectionArgs: 10217
04-18 20:23:25.559 I/HBD     (10031): h writeToFile path : /data/user_de/0/com.samsung.android.honeyboard/files/selected.json 
04-18 20:23:25.559 I/HBD     (10031): h writeToFile json : {"version":"4.2","currentLanguageOrder":0,"selected":[{"activeOptionList":["auto_replace","auto_spacing","writing_assistant","prediction"],"bilingualId":-1,"engName":"English","id":65537,"inputType":"qwerty","isUsed":true}]} 
04-18 20:23:25.559 D/SecContentProvider( 2880): query(), uri = 17 selection = isSettingsChangesAllowed
04-18 20:23:25.559 D/SecContentProvider( 2880): called from android.uid.honeyboard:10217
04-18 20:23:25.559 D/RestrictionPolicy( 2880): isSettingsChangesAllowedAsUser, userId 0 : true
04-18 20:23:25.559 I/HBD     (10031): h writeToFile complete 
04-18 20:23:25.559 D/KNOX_MDM_SettingsProvider( 2880): ret = 1
04-18 20:23:25.559 I/HBD     (10031): p updated Sub Types. English 
04-18 20:23:25.559 I/HBD     (10031): HoneyBoardService [PF_OP][onStartInput]  42 ms 
04-18 20:23:25.559 I/InputMethodService(10031): scheduleImeSurfaceRemoval: removeImeSurface is posted.
04-18 20:23:25.559 I/HBD     (10031): [DirectWriting] DirectWriting emitInputConnection : RemoteInputConnection{idHash=#cb579eb} 
04-18 20:23:25.559 D/KNOX_MDM_SettingsProvider( 2880): isChangeAllowed() : name = default_input_method
04-18 20:23:25.559 D/KNOX_MDM_SettingsProvider( 2880): edmUri: content://com.sec.knox.provider/RestrictionPolicy3
04-18 20:23:25.559 D/KNOX_MDM_SettingsProvider( 2880): projectionArgs: isSettingsChangesAllowed
04-18 20:23:25.559 D/KNOX_MDM_SettingsProvider( 2880): selectionArgs: false
04-18 20:23:25.559 D/KNOX_MDM_SettingsProvider( 2880): selectionArgs: 10217
04-18 20:23:25.559 D/SecContentProvider( 2880): query(), uri = 17 selection = isSettingsChangesAllowed
04-18 20:23:25.559 D/SecContentProvider( 2880): called from android.uid.honeyboard:10217
04-18 20:23:25.559 D/RestrictionPolicy( 2880): isSettingsChangesAllowedAsUser, userId 0 : true
04-18 20:23:25.559 D/KNOX_MDM_SettingsProvider( 2880): ret = 1
04-18 20:23:25.559 I/HBD     (10031): a InputMethodSubtype is set as local:en_US 
04-18 20:23:25.559 I/HBD     (10031): h writeToFile complete 
04-18 20:23:25.559 I/HBD     (10031): p updated Sub Types. English 
04-18 20:23:25.559 I/InputMethodManagerService( 2880): subtype state: oldSubtype = android.view.inputmethod.InputMethodSubtype@10001 newSubtype = android.view.inputmethod.InputMethodSubtype@10001 force = false, intent received : false
04-18 20:23:25.560 I/HBD     (10031): a InputMethodSubtype is set as local:en_US 
04-18 20:23:25.560 I/InputMethodManagerService( 2880): subtype state: oldSubtype = android.view.inputmethod.InputMethodSubtype@10001 newSubtype = android.view.inputmethod.InputMethodSubtype@10001 force = false, intent received : false
04-18 20:23:25.566 I/ScanController( 4384): onScanResult to scannerId: 7- eventType=0x10, addressType=1, address=XX:XX:XX:XX:4F:77, primaryPhy=1, secondaryPhy=0, advertisingSid=0xff, txPower=127, rssi=-47, periodicAdvInt=0x0
04-18 20:23:25.570 I/HBD     (10031): j [SKE_SPECIFIC] specific model[com.teslacoilsw.launcher] loaded, 10643594 ns
04-18 20:23:25.583 D/SatelliteController( 3981): isInCarrierRoamingNbIotNtn: satellite is disabled
04-18 20:23:25.583 D/SemCellularStateManager( 2880): onSignalStrengthsChanged: mCellularSignalLevel=3
04-18 20:23:25.584 I/Tycho.VoiceLibrary( 7818): Ignore cellStateChanged, because there is a wifi connection.
04-18 20:23:25.605 W/chromium(20643): [WARNING:net/cert/ev_root_ca_metadata.cc:118] Not implemented
04-18 20:23:25.606 I/vendor.qti.bluetooth@1.0-ibs_handler( 1758): ProcessIbsCmd: Received IBS_SLEEP_IND: 0xFE
04-18 20:23:25.606 D/vendor.qti.bluetooth@1.0-ibs_handler( 1758): SerialClockVote: vote for UART CLK OFF
04-18 20:23:25.610 I/vendor.qti.bluetooth@1.0-ibs_handler( 1758): ProcessIbsCmd: Received IBS_WAKE_IND: 0xFD
04-18 20:23:25.610 D/vendor.qti.bluetooth@1.0-ibs_handler( 1758): SerialClockVote: vote for UART CLK ON
04-18 20:23:25.610 I/vendor.qti.bluetooth@1.0-ibs_handler( 1758): ProcessIbsCmd: Writing IBS_WAKE_ACK
04-18 20:23:25.614 D/PowerManagerService( 2880): displayReady: false groupId=0
04-18 20:23:25.614 D/DisplayPowerController[0]( 2880): animateScreenStateChange: target=ON, mIsEnabled=true
04-18 20:23:25.614 D/PowerManagerService( 2880): displayReady: true groupId=0
04-18 20:23:25.642 D/DisplayAiqeManager( 2880): getContentMode : start
04-18 20:23:25.642 D/DisplayAiqeManagerService( 2880): getContentMode : start
04-18 20:23:25.642 D/DisplayAiqeAidl( 2880): getContentMode : BROWSER
04-18 20:23:25.642 D/DisplayAiqeManagerService( 2880): getContentMode : mode - BROWSER
04-18 20:23:25.642 D/DisplayAiqeManager( 2880): getContentMode : mode - BROWSER
04-18 20:23:25.642 V/MdnieScenarioControlService( 2880): mAclOffEnabled : false
04-18 20:23:25.642 I/SemMdnieManagerService( 2880): AP setContentMode : 0
04-18 20:23:25.642 D/DisplayAiqeManager( 2880): setContentMode : mode - 0
04-18 20:23:25.642 D/DisplayAiqeManagerService( 2880): setContentMode : mode - 0
04-18 20:23:25.642 D/DisplayAiqeAidl( 2880): setContentMode : UI
04-18 20:23:25.642 D/DisplayAiqeAidl( 2880): mdnieUpdate function -> ContentMode, mNaturalModeVersion : 0
04-18 20:23:25.642 D/DisplayAiqeAidl( 2880): connectToProxy: start
04-18 20:23:25.642 D/DisplayAiqeAidl( 2880): setMdnieMode : mode - SET_MDNIE_MODE:BLF_MODE;SET_MDNIE_ASCR_WIDE:BLF_MODE:VIVID:213;SET_MDNIE_GC:4
04-18 20:23:25.642 V/MdnieScenarioControlService( 2880): Calling MdnieManager API(setContentMode(0))
04-18 20:23:25.642 D/AudioFlinger( 1869): setParameters: filtered dev setParameters keyvalue audioHDR=0
04-18 20:23:25.643 D/ApplicationPackageManager( 7303): we has com.sec.android.app.clockpackage class. reuse it 
04-18 20:23:25.643 I/ApplicationPackageManager( 7303): package : com.sec.android.app.clockpackage, useAppIconResources : false
04-18 20:23:25.643 I/LiveIconUtil( 7303): getLiveIcon was called in ClockPackage
04-18 20:23:25.643 D/AHAL_HFP_QTI( 1770): hfp_set_parameters enter
04-18 20:23:25.643 D/AHAL_HFP_QTI( 1770): hfp_set_parameters Exit
04-18 20:23:25.643 D/AHAL_SecModulePrimary( 1770): processSetVendorParameters: not configured audioHDR
04-18 20:23:25.643 I/LiveIconUtil( 7303): getLiveIcon res = com.sec.android.app.clockpackage
04-18 20:23:25.643 I/LiveIconUtil( 7303): stdIconSize : 135 , targetIconSize : 135
04-18 20:23:25.643 E/ConversionHelperAidl( 1869): Function: parseAndSetVendorParameters Line: 94 Failed 
04-18 20:23:25.643 E/ConversionHelperAidl( 1869): Function: parseAndSetVendorParameters Line: 94 Failed 
04-18 20:23:25.643 V/MdnieScenarioControlService( 2880): setUIMode from UI function
04-18 20:23:25.649 E/AppIconSolution( 7303): Couldn't get theme package resources, package is null
04-18 20:23:25.649 I/AppIconSolution( 7303): load= live icon for com.sec.android.app.clockpackage, from overlay = false
04-18 20:23:25.651 I/vendor.qti.bluetooth@1.0-ibs_handler( 1758): ProcessIbsCmd: Received IBS_SLEEP_IND: 0xFE
04-18 20:23:25.651 D/vendor.qti.bluetooth@1.0-ibs_handler( 1758): SerialClockVote: vote for UART CLK OFF
04-18 20:23:25.654 I/AppWidgetServiceImpl( 2880): getInstalledProvidersForProfiles lock in com.sec.android.app.clockpackage
04-18 20:23:25.654 I/AppWidgetServiceImpl( 2880): getInstalledProvidersForProfiles lock exit 8
04-18 20:23:25.656 D/ApplicationPackageManager( 7303): we has com.sec.android.app.clockpackage class. reuse it 
04-18 20:23:25.656 I/ApplicationPackageManager( 7303): package : com.sec.android.app.clockpackage, useAppIconResources : false
04-18 20:23:25.656 I/LiveIconUtil( 7303): getLiveIcon was called in ClockPackage
04-18 20:23:25.656 I/LiveIconUtil( 7303): getLiveIcon res = com.sec.android.app.clockpackage
04-18 20:23:25.656 I/LiveIconUtil( 7303): stdIconSize : 135 , targetIconSize : 135
04-18 20:23:25.661 E/AppIconSolution( 7303): Couldn't get theme package resources, package is null
04-18 20:23:25.661 I/AppIconSolution( 7303): load= live icon for com.sec.android.app.clockpackage, from overlay = false
04-18 20:23:25.668 I/ActivityManager( 2880): Changes in 10115 19 to 3, 0 to 144
04-18 20:23:25.669 V/OsAgent ( 6094): broadcastSystemEvent - 7
04-18 20:23:25.670 D/BackgroundInstallControlService( 2880): Package event received: 0
04-18 20:23:25.711 W/adbd    ( 8751): timed out while waiting for FUNCTIONFS_BIND, trying again
04-18 20:23:25.711 I/adbd    ( 8751): UsbFfs: connection terminated: monitor thread finished
04-18 20:23:25.757 I/adbd    ( 8751): opening control endpoint /dev/usb-ffs/adb/ep0
04-18 20:23:25.772 D/NetdEventListenerService( 2880): DNS Requested by 105, 10278(com.android.chrome), SUCCESS, 10ms
04-18 20:23:25.777 E/WifiStaIfaceAidlImpl( 2880): getCachedScanData failed with service-specific exception: android.os.ServiceSpecificException:  (code 4)
04-18 20:23:25.778 D/SemWifiUsabilityStatsMonitor( 2880): onWifiUsabilityStats - seqNum 11298, isSameBssidAndFreq true
04-18 20:23:25.778 I/SemWifiLinkQualityMonitor( 2880): Link stat: 2577 / 349 / 1.51 (219) / 1729 / -27.0 || 100.0 : 1729.00 / 0.5 : 0.66 / 0.55 : 0.14 / G (G) || 5da6045a5745: 0.259 / 30.877 / N || N N / 0 0 / Y 2.0 / Y X 0 / 79081713 0 || Invalid
04-18 20:23:25.778 D/InsDataManager( 2880): onOutageCountUpdate() - Outage Data: 0, LQ : Y. Outage Triggered: false
04-18 20:23:25.778 D/InsDataManager( 2880): Trying to save initial normal data.
04-18 20:23:25.778 E/InsController( 2880): Error in onOutageCountUpdate: android.net.VpnTransportInfo cannot be cast to android.net.wifi.WifiInfo
04-18 20:23:25.778 D/SemInsManager( 2880): {"bssid": "5da6045a5745","rssi": -27.0,"latency": 0.25908873343419314,"outage_count": 0,"lq_callback_triggered": true,"outage_log": "Link stat: 2577 / 349 / 1.51 (219) / 1729 / -27.0 || 100.0 : 1729.00 / 0.5 : 0.66 / 0.55 : 0.14 / G (G) || 5da6045a5745: 0.259 / 30.877 / N || N N / 0 0 / Y 2.0 / Y X 0 / 79081713 0 || Invalid""Magnetic Sensor Events size": "0""Pressure Sensor Events size": "0"}
04-18 20:23:25.801 D/vendor.qti.bluetooth@1.0-wake_lock( 1758): Release wakelock is released 
04-18 20:23:25.814 D/PowerManagerService( 2880): displayReady: false groupId=0
04-18 20:23:25.814 D/DisplayPowerController[0]( 2880): animateScreenStateChange: target=ON, mIsEnabled=true
04-18 20:23:25.815 D/PowerManagerService( 2880): displayReady: true groupId=0
04-18 20:23:25.919 W/AccessibilityManagerService( 2880):  wait for adding window timeout: 1006
04-18 20:23:25.924 I/sensors-hal( 1767): set_config:60, sample_period_ns is adjusted to 2084000 based on min/max delay_ns
04-18 20:23:25.924 I/sensors-hal( 1767): batch:368, android.sensor.accelerometer/11, period=2084000, max_latency=0 request completed
04-18 20:23:25.925 D/SensorManager(18747): unregisterListener
04-18 20:23:25.954 V/WindowManagerShell( 4008): Transition animation finished (aborted=false), notifying core (#876) android.os.BinderProxy@e570585@0
04-18 20:23:25.954 I/SurfaceControlRegistry( 4008): apply, t=FinishTransaction_SyncId<876>, caller=android.view.SurfaceControl$Transaction.apply:3459 android.view.SurfaceControl$Transaction.apply:3447 android.view.SurfaceControl$Transaction.apply:3397 com.android.wm.shell.transition.Transitions.onFinish:315 com.android.wm.shell.transition.Transitions$$ExternalSyntheticLambda7.onTransitionFinished:12 com.android.wm.shell.transition.DefaultTransitionHandler$$ExternalSyntheticLambda2.run:36 
04-18 20:23:25.954 V/WindowManager( 2880): Finish Transition: TransitionRecord{a925be5 id=876 type=OPEN flags=0x0 c=[
04-18 20:23:25.954 V/WindowManager( 2880):    ChangeInfo{acc4cc8 container=ActivityRecord{7280314 u0 com.teslacoilsw.launcher/.NovaLauncher t-1} flags=0x0}
04-18 20:23:25.954 V/WindowManager( 2880):    ChangeInfo{22a5ff container=Task{759b931 #8 type=home I=com.teslacoilsw.launcher/.NovaLauncher} flags=0x30}
04-18 20:23:25.954 V/WindowManager( 2880):    ChangeInfo{f8e8fcc container=Task{8712843 #1 type=home} flags=0x30}
04-18 20:23:25.954 V/WindowManager( 2880):    ChangeInfo{34b9215 container=ActivityRecord{143099008 u0 com.teslacoilsw.launcher/.NovaLauncher t8} flags=0x0}
04-18 20:23:25.954 V/WindowManager( 2880):    ChangeInfo{eedc92a container=Display{#0 state=ON size=1080x2340 ROTATION_0} flags=0x0}
04-18 20:23:25.954 V/WindowManager( 2880):    ChangeInfo{f05a31b container=DefaultTaskDisplayArea_d0@170776820 flags=0x0}
04-18 20:23:25.954 V/WindowManager( 2880):    ChangeInfo{efadcb8 container=RemoteWallpaperAnim:1:1@172243350 flags=0x0}
04-18 20:23:25.954 V/WindowManager( 2880):    ChangeInfo{e603a91 container=ActivityRecord{201204734 u0 com.android.chrome/com.google.android.apps.chrome.Main t33248} flags=0x0}
04-18 20:23:25.954 V/WindowManager( 2880):    ChangeInfo{df74df6 container=WallpaperWindowToken{c19afac showWhenLocked=false}_<system> flags=0x0}
04-18 20:23:25.954 V/WindowManager( 2880):    ChangeInfo{e5155f7 container=Task{ea0e75f #33248 type=standard A=10278:com.android.chrome} flags=0x10}
04-18 20:23:25.954 V/WindowManager( 2880): ]
04-18 20:23:25.954 V/WindowManager( 2880): }, caller=com.android.server.wm.WindowOrganizerController.finishTransitionInner:31 com.android.server.wm.WindowOrganizerController.finishAllTransitions:60 android.window.IWindowOrganizerController$Stub.onTransact:283 
04-18 20:23:25.954 V/WindowManager( 2880): Setting visibility of Window{d8e3a18 u0 com.android.chrome/com.google.android.apps.chrome.Main}: false, caller=com.android.server.wm.WindowContainer.sendAppVisibilityToClients:19 com.android.server.wm.WindowToken.setClientVisible:48 com.android.server.wm.ActivityRecord.commitVisibility:186 com.android.server.wm.TransitionController.finishTransition:846 com.android.server.wm.WindowOrganizerController.finishTransitionInner:31 
04-18 20:23:25.955 V/WindowManager( 2880): Finish Transition (#876): created at 04-18 20:23:25.389 collect-started=0.194ms request-sent=1.64ms started=4.53ms ready=16.209ms sent=50.33ms commit=7.198ms finished=564.818ms
04-18 20:23:25.955 D/PersonaActivityHelper( 2880): token.toString()  Token{a611384 ActivityRecord{143099008 u0 com.teslacoilsw.launcher/.NovaLauncher t8}}
04-18 20:23:25.955 D/PersonaActivityHelper( 2880): mLastResumedSFActivity getPackageName  com.android.settings
04-18 20:23:25.955 D/PersonaActivityHelper( 2880): mLastResumedSFActivity getShortClassName  .SubSettings
04-18 20:23:25.955 I/VRI[Main]@4a1a3c2(20643): handleAppVisibility mAppVisible = true visible = false
04-18 20:23:25.955 D/VRI[Main]@4a1a3c2(20643): visibilityChanged oldVisibility=true newVisibility=false
04-18 20:23:25.955 D/PersonaActivityHelper( 2880): token.toString()  Token{7282275 ActivityRecord{201204734 u0 com.android.chrome/com.google.android.apps.chrome.Main t33248}}
04-18 20:23:25.955 D/PersonaActivityHelper( 2880): mLastResumedSFActivity getPackageName  com.android.settings
04-18 20:23:25.955 D/PersonaActivityHelper( 2880): mLastResumedSFActivity getShortClassName  .SubSettings
04-18 20:23:25.955 D/ChangeTransitionController( 2880): onTransitionFinished: TransitionRecord{a925be5 id=876 type=OPEN flags=0x0 c=[
04-18 20:23:25.955 D/ChangeTransitionController( 2880):    ChangeInfo{acc4cc8 container=ActivityRecord{7280314 u0 com.teslacoilsw.launcher/.NovaLauncher t-1} flags=0x0}
04-18 20:23:25.955 D/ChangeTransitionController( 2880):    ChangeInfo{22a5ff container=Task{759b931 #8 type=home I=com.teslacoilsw.launcher/.NovaLauncher} flags=0x30}
04-18 20:23:25.955 D/ChangeTransitionController( 2880):    ChangeInfo{f8e8fcc container=Task{8712843 #1 type=home} flags=0x30}
04-18 20:23:25.955 D/ChangeTransitionController( 2880):    ChangeInfo{34b9215 container=ActivityRecord{143099008 u0 com.teslacoilsw.launcher/.NovaLauncher t8} flags=0x0}
04-18 20:23:25.955 D/ChangeTransitionController( 2880):    ChangeInfo{eedc92a container=Display{#0 state=ON size=1080x2340 ROTATION_0} flags=0x0}
04-18 20:23:25.955 D/ChangeTransitionController( 2880):    ChangeInfo{f05a31b container=DefaultTaskDisplayArea_d0@170776820 flags=0x0}
04-18 20:23:25.955 D/ChangeTransitionController( 2880):    ChangeInfo{efadcb8 container=RemoteWallpaperAnim:1:1@172243350 flags=0x0}
04-18 20:23:25.955 D/ChangeTransitionController( 2880):    ChangeInfo{e603a91 container=ActivityRecord{201204734 u0 com.android.chrome/com.google.android.apps.chrome.Main t33248} flags=0x0}
04-18 20:23:25.955 D/ChangeTransitionController( 2880):    ChangeInfo{df74df6 container=WallpaperWindowToken{c19afac showWhenLocked=false}_<system> flags=0x0}
04-18 20:23:25.955 D/ChangeTransitionController( 2880):    ChangeInfo{e5155f7 container=Task{ea0e75f #33248 type=standard A=10278:com.android.chrome} flags=0x10}
04-18 20:23:25.955 D/ChangeTransitionController( 2880): ]
04-18 20:23:25.955 D/ChangeTransitionController( 2880): }
04-18 20:23:25.955 V/WindowManagerShell( 4008): Track 0 became idle
04-18 20:23:25.955 V/WindowManagerShell( 4008): All active transition animations finished
04-18 20:23:25.956 D/SurfaceComposerClient( 2880): setCornerRadius ## 70d7b43 com.teslacoilsw.launcher/com.teslacoilsw.launcher.NovaLauncher#124 cornerRadius=0.000000
04-18 20:23:25.956 D/SurfaceControl( 2880): restrictHighRefreshRate, enabled=true
04-18 20:23:25.956 I/SurfaceFlinger( 1888): HRR : 1
04-18 20:23:25.958 I/ActivityManager( 2880): Changes in 90001 3 to 15, 184 to 128
04-18 20:23:25.958 I/ActivityManager( 2880): Changes in 10278 2 to 15, 255 to 128
04-18 20:23:25.958 D/HintManagerService( 2880): Sent cleanup message for uid 10278
04-18 20:23:25.958 I/CameraService( 2216): onUidStateChanged: uid=10278, procState is changed. (2 -> 15)
04-18 20:23:25.959 V/OsAgent ( 6094): broadcastSystemEvent - 7
04-18 20:23:25.959 V/OsAgent ( 6094): broadcastSystemEvent - 7
04-18 20:23:25.959 W/IPCThreadState( 2216): Sending oneway calls to frozen process.
04-18 20:23:25.959 W/IPCThreadState( 2216): Sending oneway calls to frozen process.
04-18 20:23:25.959 I/HYPER-HAL( 1773): [RequestManager.cpp]acquire(): Acquired ID : 26341132  [1778 / 5479]    HINT :      list : [TID_LOW_LATENCY / 0] [TID / 27006] [TID / 27007] [TID / 20643] [TID / 26975] 
04-18 20:23:25.959 I/HYPER-HAL( 1773): [RequestManager.cpp]releaseLocked(): Released ID : 26341132
04-18 20:23:25.959 I/HYPER-HAL( 1773): [RequestManager.cpp]acquire(): Acquired ID : 26348391  [1778 / 5480]    HINT :      list : [UCLAMP_MIN_BOOST / 0] [TIMEOUT / 50] [TID / 27006] [TID / 27007] [TID / 20643] [TID / 26975] 
04-18 20:23:25.959 I/HYPER-HAL( 1773): [RequestManager.cpp]acquire(): Acquired ID : 3633777  [1778 / 917]    HINT :      list : [TID_LOW_LATENCY / 0] [TID / 27006] [TID / 27007] [TID / 20643] [TID / 26975] 
04-18 20:23:25.960 I/HYPER-HAL( 1773): [RequestManager.cpp]releaseLocked(): Released ID : 3633777
04-18 20:23:25.960 I/HYPER-HAL( 1773): [RequestManager.cpp]acquire(): Acquired ID : 3636474  [1778 / 918]    HINT :      list : [UCLAMP_MIN_BOOST / 0] [TIMEOUT / 50] [TID / 27006] [TID / 27007] [TID / 20643] [TID / 26975] 
04-18 20:23:25.962 I/SurfaceFlinger( 1888): RequestedLayer [Task=33248#2882] hidden!! flag  from(0) --> to(1)
04-18 20:23:25.962 E/SurfaceFlinger( 1888): alpha changed 0.000 -> 1.000 - Task=33248#2882
04-18 20:23:25.962 I/SurfaceFlinger( 1888): [Display 0 name="Built-in Screen"#49] setFrameRateCategory: Default
04-18 20:23:25.962 I/SurfaceFlinger( 1888): [LayerHierarchy{RequestedLayerState{Task=1#53 parentId=10} 2 children}] reparent to LayerHierarchy{RequestedLayerState{DefaultTaskDisplayArea_d0#10 parentId=9} 37 children}
04-18 20:23:25.962 I/SurfaceFlinger( 1888): [LayerHierarchy{RequestedLayerState{WallpaperWindowToken{c19afac showWhenLocked=false}#77 parentId=8 z=1} 1 children}] reparent to LayerHierarchy{RequestedLayerState{Leaf:1:1#8 parentId=7} 2 children}
04-18 20:23:25.962 I/SurfaceFlinger( 1888): [LayerHierarchy{RequestedLayerState{Task=33248#2882 parentId=10 z=34} 1 children}] reparent to LayerHierarchy{RequestedLayerState{DefaultTaskDisplayArea_d0#10 parentId=9} 38 children}
04-18 20:23:25.962 I/SurfaceFlinger( 1888): [LayerHierarchy{RequestedLayerState{Transition Root: Task=1#12823} no children}] reparent to OffscreenRoot
04-18 20:23:25.962 I/SurfaceFlinger( 1888): [LayerHierarchy{RequestedLayerState{Transition Root: Task=1#12823} no children}] RelativeParent to null
04-18 20:23:25.962 D/SystemUIService( 4008): SYSUI_RAM_OPTIMIZATION onTrimMemory=20
04-18 20:23:25.962 D/CentralSurfaces( 4008): SYSUI_RAM_OPTIMIZATION onTrimMemory=20
04-18 20:23:25.962 I/SurfaceFlinger( 1888): id=12823 Removed Transition Root: Task=1#12823 (269)
