=== CI FAILURE ===
Workflow:      Web CI
Workflow file: akarlin3/prismTask/.github/workflows/web-ci.yml@refs/pull/1844/merge
Job(s):        web-unit-tests (1, 3), web-lint-and-test
Run ID:        36490415392
Run attempt:   1
Run URL:       https://github.com/akarlin3/prismTask/actions/runs/36490415392
Commit:        03326ee69e9c1c26aecea5f657634b98138c6d42
Branch:        1844/merge
Event:         pull_request
Actor:         akarlin3
Runner OS:     Linux
Timestamp:     2026-09-28T22:08:17.130Z

Failed steps:
  - web-unit-tests (1, 3): #5 Run Vitest shard 1/3
  - web-lint-and-test: #2 Verify split web checks

=== FAILED JOB LOG ===

--- Job: web-unit-tests (1, 3) (id 109157447892) ---
2026-09-28T22:07:00.6233392Z Current runner version: '2.337.0'
2026-09-28T22:07:00.6259724Z ##[group]Runner Image Provisioner
2026-09-28T22:07:00.6260646Z Hosted Compute Agent
2026-09-28T22:07:00.6261376Z Version: 20260828.587
2026-09-28T22:07:00.6262127Z Commit: abac92662cab4cc7352de4f9f9d2e2419aad9c29
2026-09-28T22:07:00.6262906Z Build Date: 2026-08-28T16:44:25Z
2026-09-28T22:07:00.6263733Z Worker ID: {d8de8dd0-890b-4195-8450-431f695e17b1}
2026-09-28T22:07:00.6264682Z Azure Region: centralus
2026-09-28T22:07:00.6265283Z ##[endgroup]
2026-09-28T22:07:00.6266754Z ##[group]Operating System
2026-09-28T22:07:00.6267395Z Ubuntu
2026-09-28T22:07:00.6268002Z 24.04.5
2026-09-28T22:07:00.6268610Z LTS
2026-09-28T22:07:00.6269174Z ##[endgroup]
2026-09-28T22:07:00.6269828Z ##[group]Runner Image
2026-09-28T22:07:00.6270480Z Image: ubuntu-24.04
2026-09-28T22:07:00.6272066Z Version: 20260920.314.1
2026-09-28T22:07:00.6273903Z Included Software: https://github.com/actions/runner-images/blob/ubuntu24/20260920.314/images/ubuntu/Ubuntu2404-Readme.md
2026-09-28T22:07:00.6276636Z Image Release: https://github.com/actions/runner-images/releases/tag/ubuntu24%2F20260920.314
2026-09-28T22:07:00.6278219Z ##[endgroup]
2026-09-28T22:07:00.6280557Z ##[group]GITHUB_TOKEN Permissions
2026-09-28T22:07:00.6283746Z Actions: read
2026-09-28T22:07:00.6285031Z Checks: read
2026-09-28T22:07:00.6286030Z Contents: write
2026-09-28T22:07:00.6286897Z Metadata: read
2026-09-28T22:07:00.6288005Z PullRequests: read
2026-09-28T22:07:00.6288964Z ##[endgroup]
2026-09-28T22:07:00.6291869Z Secret source: Actions
2026-09-28T22:07:00.6293287Z Cache mode: write
2026-09-28T22:07:00.6294817Z Prepare workflow directory
2026-09-28T22:07:00.6755137Z Prepare all required actions
2026-09-28T22:07:00.6824422Z Getting action download info
2026-09-28T22:07:00.9473471Z Download action repository 'actions/checkout@v6' (SHA:d23441a48e516b6c34aea4fa41551a30e30af803)
2026-09-28T22:07:01.2084022Z Complete job name: web-unit-tests (1, 3)
2026-09-28T22:07:01.2783549Z ##[group]Run actions/checkout@v6
2026-09-28T22:07:01.2784664Z with:
2026-09-28T22:07:01.2785136Z   repository: akarlin3/prismTask
2026-09-28T22:07:01.2789408Z   token: ***
2026-09-28T22:07:01.2789873Z   ssh-strict: true
2026-09-28T22:07:01.2790334Z   ssh-user: git
2026-09-28T22:07:01.2790802Z   persist-credentials: true
2026-09-28T22:07:01.2791316Z   clean: true
2026-09-28T22:07:01.2791786Z   sparse-checkout-cone-mode: true
2026-09-28T22:07:01.2792316Z   fetch-depth: 1
2026-09-28T22:07:01.2792756Z   fetch-tags: false
2026-09-28T22:07:01.2793215Z   show-progress: true
2026-09-28T22:07:01.2793670Z   lfs: false
2026-09-28T22:07:01.2794097Z   submodules: false
2026-09-28T22:07:01.2794710Z   set-safe-directory: true
2026-09-28T22:07:01.2795237Z   allow-unsafe-pr-checkout: false
2026-09-28T22:07:01.2795968Z ##[endgroup]
2026-09-28T22:07:01.3839319Z Syncing repository: akarlin3/prismTask
2026-09-28T22:07:01.3842246Z ##[group]Getting Git version info
2026-09-28T22:07:01.3843676Z Working directory is '/home/runner/work/prismTask/prismTask'
2026-09-28T22:07:01.3845764Z [command]/usr/bin/git version
2026-09-28T22:07:01.3871931Z git version 2.55.0
2026-09-28T22:07:01.3905610Z ##[endgroup]
2026-09-28T22:07:01.3913279Z Temporarily overriding HOME='/home/runner/work/_temp/bf076e8a-f4cf-40b3-a0c6-f3e356987f2d' before making global git config changes
2026-09-28T22:07:01.3915546Z Adding repository directory to the temporary git global config as a safe directory
2026-09-28T22:07:01.3919408Z [command]/usr/bin/git config --global --add safe.directory /home/runner/work/prismTask/prismTask
2026-09-28T22:07:01.3974691Z Deleting the contents of '/home/runner/work/prismTask/prismTask'
2026-09-28T22:07:01.3979322Z ##[group]Determining repository object format
2026-09-28T22:07:01.3981963Z ##[endgroup]
2026-09-28T22:07:01.3982921Z ##[group]Initializing the repository
2026-09-28T22:07:01.3988589Z [command]/usr/bin/git init /home/runner/work/prismTask/prismTask
2026-09-28T22:07:01.4085637Z hint: Using 'master' as the name for the initial branch. This default branch name
2026-09-28T22:07:01.4087843Z hint: will change to "main" in Git 3.0. To configure the initial branch name
2026-09-28T22:07:01.4089409Z hint: to use in all of your new repositories, which will suppress this warning,
2026-09-28T22:07:01.4090718Z hint: call:
2026-09-28T22:07:01.4091714Z hint:
2026-09-28T22:07:01.4092761Z hint: 	git config --global init.defaultBranch <name>
2026-09-28T22:07:01.4093927Z hint:
2026-09-28T22:07:01.4095563Z hint: Names commonly chosen instead of 'master' are 'main', 'trunk' and
2026-09-28T22:07:01.4097187Z hint: 'development'. The just-created branch can be renamed via this command:
2026-09-28T22:07:01.4098376Z hint:
2026-09-28T22:07:01.4099090Z hint: 	git branch -m <name>
2026-09-28T22:07:01.4099870Z hint:
2026-09-28T22:07:01.4100901Z hint: Disable this message with "git config set advice.defaultBranchName false"
2026-09-28T22:07:01.4101996Z Initialized empty Git repository in /home/runner/work/prismTask/prismTask/.git/
2026-09-28T22:07:01.4106087Z [command]/usr/bin/git remote add origin https://github.com/akarlin3/prismTask
2026-09-28T22:07:01.4158112Z ##[endgroup]
2026-09-28T22:07:01.4159459Z ##[group]Disabling automatic garbage collection
2026-09-28T22:07:01.4162992Z [command]/usr/bin/git config --local gc.auto 0
2026-09-28T22:07:01.4202240Z ##[endgroup]
2026-09-28T22:07:01.4204393Z ##[group]Setting up auth
2026-09-28T22:07:01.4205320Z Removing SSH command configuration
2026-09-28T22:07:01.4211039Z [command]/usr/bin/git config --local --name-only --get-regexp core\.sshCommand
2026-09-28T22:07:01.4251245Z [command]/usr/bin/git submodule foreach --recursive sh -c "git config --local --name-only --get-regexp 'core\.sshCommand' && git config --local --unset-all 'core.sshCommand' || :"
2026-09-28T22:07:01.4613941Z Removing HTTP extra header
2026-09-28T22:07:01.4623521Z [command]/usr/bin/git config --local --name-only --get-regexp http\.https\:\/\/github\.com\/\.extraheader
2026-09-28T22:07:01.4672017Z [command]/usr/bin/git submodule foreach --recursive sh -c "git config --local --name-only --get-regexp 'http\.https\:\/\/github\.com\/\.extraheader' && git config --local --unset-all 'http.https://github.com/.extraheader' || :"
2026-09-28T22:07:01.4931631Z Removing includeIf entries pointing to credentials config files
2026-09-28T22:07:01.4938842Z [command]/usr/bin/git config --local --name-only --get-regexp ^includeIf\.gitdir:
2026-09-28T22:07:01.4979477Z [command]/usr/bin/git submodule foreach --recursive git config --local --show-origin --name-only --get-regexp remote.origin.url
2026-09-28T22:07:01.5232414Z [command]/usr/bin/git config --file /home/runner/work/_temp/git-credentials-6f585c00-5ede-409d-a363-12b3fbab3c18.config http.https://github.com/.extraheader AUTHORIZATION: basic ***
2026-09-28T22:07:01.5280406Z [command]/usr/bin/git config --local includeIf.gitdir:/home/runner/work/prismTask/prismTask/.git.path /home/runner/work/_temp/git-credentials-6f585c00-5ede-409d-a363-12b3fbab3c18.config
2026-09-28T22:07:01.5319911Z [command]/usr/bin/git config --local includeIf.gitdir:/home/runner/work/prismTask/prismTask/.git/worktrees/*.path /home/runner/work/_temp/git-credentials-6f585c00-5ede-409d-a363-12b3fbab3c18.config
2026-09-28T22:07:01.5361222Z [command]/usr/bin/git config --local includeIf.gitdir:/github/workspace/.git.path /github/runner_temp/git-credentials-6f585c00-5ede-409d-a363-12b3fbab3c18.config
2026-09-28T22:07:01.5398475Z [command]/usr/bin/git config --local includeIf.gitdir:/github/workspace/.git/worktrees/*.path /github/runner_temp/git-credentials-6f585c00-5ede-409d-a363-12b3fbab3c18.config
2026-09-28T22:07:01.5431574Z ##[endgroup]
2026-09-28T22:07:01.5432427Z ##[group]Fetching the repository
2026-09-28T22:07:01.5440762Z [command]/usr/bin/git -c protocol.version=2 fetch --no-tags --prune --no-recurse-submodules --depth=1 origin +03326ee69e9c1c26aecea5f657634b98138c6d42:refs/remotes/pull/1844/merge
2026-09-28T22:07:03.7190128Z From https://github.com/akarlin3/prismTask
2026-09-28T22:07:03.7192417Z  * [new ref]         03326ee69e9c1c26aecea5f657634b98138c6d42 -> pull/1844/merge
2026-09-28T22:07:03.7197822Z ##[endgroup]
2026-09-28T22:07:03.7199638Z ##[group]Determining the checkout info
2026-09-28T22:07:03.7201732Z ##[endgroup]
2026-09-28T22:07:03.7202994Z [command]/usr/bin/git sparse-checkout disable
2026-09-28T22:07:03.7257545Z [command]/usr/bin/git config --local --unset-all extensions.worktreeConfig
2026-09-28T22:07:03.7293260Z ##[group]Checking out the ref
2026-09-28T22:07:03.7296821Z [command]/usr/bin/git checkout --progress --force refs/remotes/pull/1844/merge
2026-09-28T22:07:04.0589717Z Note: switching to 'refs/remotes/pull/1844/merge'.
2026-09-28T22:07:04.0590981Z 
2026-09-28T22:07:04.0591255Z You are in 'detached HEAD' state. You can look around, make experimental
2026-09-28T22:07:04.0591834Z changes and commit them, and you can discard any commits you make in this
2026-09-28T22:07:04.0592396Z state without impacting any branches by switching back to a branch.
2026-09-28T22:07:04.0592727Z 
2026-09-28T22:07:04.0593042Z If you want to create a new branch to retain commits you create, you may
2026-09-28T22:07:04.0593577Z do so (now or later) by using -c with the switch command. Example:
2026-09-28T22:07:04.0593868Z 
2026-09-28T22:07:04.0594019Z   git switch -c <new-branch-name>
2026-09-28T22:07:04.0594494Z 
2026-09-28T22:07:04.0594660Z Or undo this operation with:
2026-09-28T22:07:04.0594856Z 
2026-09-28T22:07:04.0594981Z   git switch -
2026-09-28T22:07:04.0595164Z 
2026-09-28T22:07:04.0607916Z Turn off this advice by setting config variable advice.detachedHead to false
2026-09-28T22:07:04.0608448Z 
2026-09-28T22:07:04.0609003Z HEAD is now at 03326ee Merge 0f48e48ee7a4f62dd5b303bad0ca5a645cdd9eee into 7abd0e41cf362b3826e7a157197beaea27fe3dae
2026-09-28T22:07:04.0611103Z ##[endgroup]
2026-09-28T22:07:04.0661413Z [command]/usr/bin/git log -1 --format=%H
2026-09-28T22:07:04.0693877Z 03326ee69e9c1c26aecea5f657634b98138c6d42
2026-09-28T22:07:04.1016177Z Prepare all required actions
2026-09-28T22:07:04.1016879Z Getting action download info
2026-09-28T22:07:04.2138301Z Download action repository 'actions/setup-node@v4' (SHA:49933ea5288caeca8642d1e84afbd3f7d6820020)
2026-09-28T22:07:04.3892947Z ##[group]Run ./.github/actions/setup-node-web
2026-09-28T22:07:04.3893325Z ##[endgroup]
2026-09-28T22:07:04.3949473Z ##[start-action display=Set up Node 22;id=__self.__actions_setup-node]
2026-09-28T22:07:04.4031448Z ##[group]Run actions/setup-node@v4
2026-09-28T22:07:04.4031837Z with:
2026-09-28T22:07:04.4032092Z   node-version: 22
2026-09-28T22:07:04.4032348Z   cache: npm
2026-09-28T22:07:04.4032635Z   cache-dependency-path: web/package-lock.json
2026-09-28T22:07:04.4032991Z   always-auth: false
2026-09-28T22:07:04.4033257Z   check-latest: false
2026-09-28T22:07:04.4036101Z   token: ***
2026-09-28T22:07:04.4036360Z ##[endgroup]
2026-09-28T22:07:04.5883591Z Found in cache @ /opt/hostedtoolcache/node/22.23.2/x64
2026-09-28T22:07:04.5890080Z (node:2242) [DEP0040] DeprecationWarning: The `punycode` module is deprecated. Please use a userland alternative instead.
2026-09-28T22:07:04.5894390Z ##[group]Environment details
2026-09-28T22:07:04.5899726Z (Use `node --trace-deprecation ...` to show where the warning was created)
2026-09-28T22:07:08.5757692Z node: v22.23.2
2026-09-28T22:07:08.5758097Z npm: 10.9.8
2026-09-28T22:07:08.5758339Z yarn: 1.22.22
2026-09-28T22:07:08.5759388Z ##[endgroup]
2026-09-28T22:07:08.5776294Z [command]/opt/hostedtoolcache/node/22.23.2/x64/bin/npm config get cache
2026-09-28T22:07:09.1512856Z /home/runner/.npm
2026-09-28T22:07:09.3410852Z npm cache is not found
2026-09-28T22:07:09.3520616Z ##[end-action id=__self.__actions_setup-node;outcome=success;conclusion=success;duration_ms=4956]
2026-09-28T22:07:09.3524078Z ##[start-action display=Install dependencies;id=__self.__run]
2026-09-28T22:07:09.3563819Z ##[group]Run npm ci
2026-09-28T22:07:09.3564157Z [36;1mnpm ci[0m
2026-09-28T22:07:09.3804475Z shell: /usr/bin/bash --noprofile --norc -e -o pipefail {0}
2026-09-28T22:07:09.3804882Z ##[endgroup]
2026-09-28T22:07:24.1018163Z 
2026-09-28T22:07:24.1024971Z added 443 packages, and audited 444 packages in 15s
2026-09-28T22:07:24.1026002Z 
2026-09-28T22:07:24.1026572Z 94 packages are looking for funding
2026-09-28T22:07:24.1027175Z   run `npm fund` for details
2026-09-28T22:07:24.1665765Z 
2026-09-28T22:07:24.1666929Z 17 vulnerabilities (1 low, 6 moderate, 9 high, 1 critical)
2026-09-28T22:07:24.1667691Z 
2026-09-28T22:07:24.1668221Z To address all issues, run:
2026-09-28T22:07:24.1668855Z   npm audit fix
2026-09-28T22:07:24.1669310Z 
2026-09-28T22:07:24.1669709Z Run `npm audit` for details.
2026-09-28T22:07:24.2436014Z ##[end-action id=__self.__run;outcome=success;conclusion=success;duration_ms=14891]
2026-09-28T22:07:24.2496369Z ##[group]Run npm run test:run -- --shard=1/3
2026-09-28T22:07:24.2496792Z [36;1mnpm run test:run -- --shard=1/3[0m
2026-09-28T22:07:24.2573411Z shell: /usr/bin/bash -e {0}
2026-09-28T22:07:24.2573702Z ##[endgroup]
2026-09-28T22:07:24.4085196Z 
2026-09-28T22:07:24.4101658Z > web@2.0.0 test:run
2026-09-28T22:07:24.4102283Z > vitest run --pool=threads --shard=1/3
2026-09-28T22:07:24.4102671Z 
2026-09-28T22:07:24.8130048Z 
2026-09-28T22:07:24.8156870Z [1m[30m[46m RUN [49m[39m[22m [36mv4.1.7 [39m[90m/home/runner/work/prismTask/prismTask/web[39m
2026-09-28T22:07:24.8185768Z 
2026-09-28T22:07:27.9085195Z  [32m✓[39m src/stores/__tests__/batchStore.test.ts [2m([22m[2m12 tests[22m[2m)[22m[32m 43[2mms[22m[39m
2026-09-28T22:07:28.0921390Z  [32m✓[39m src/api/firestore/__tests__/tasks.test.ts [2m([22m[2m27 tests[22m[2m)[22m[32m 25[2mms[22m[39m
2026-09-28T22:07:28.2677327Z  [32m✓[39m src/stores/__tests__/habitStore.bookable.test.ts [2m([22m[2m17 tests[22m[2m)[22m[32m 22[2mms[22m[39m
2026-09-28T22:07:29.4406863Z  [32m✓[39m src/api/firestore/__tests__/taskCompletions.test.ts [2m([22m[2m13 tests[22m[2m)[22m[32m 15[2mms[22m[39m
2026-09-28T22:07:30.2297321Z  [32m✓[39m src/features/settings/sections/__tests__/AdvancedTuningSection.test.tsx [2m([22m[2m9 tests[22m[2m)[22m[33m 366[2mms[22m[39m
2026-09-28T22:07:30.6528517Z  [32m✓[39m src/utils/__tests__/streaks.modeAware.test.ts [2m([22m[2m15 tests[22m[2m)[22m[32m 82[2mms[22m[39m
2026-09-28T22:07:31.6635306Z  [32m✓[39m src/stores/__tests__/restDayStore.test.ts [2m([22m[2m10 tests[22m[2m)[22m[32m 17[2mms[22m[39m
2026-09-28T22:07:31.9760097Z  [32m✓[39m src/stores/__tests__/settingsStore.startOfDayHour.test.ts [2m([22m[2m9 tests[22m[2m)[22m[32m 23[2mms[22m[39m
2026-09-28T22:07:32.9397591Z  [32m✓[39m src/theme/__tests__/prismTheme.test.ts [2m([22m[2m21 tests[22m[2m)[22m[32m 45[2mms[22m[39m
2026-09-28T22:07:33.2818670Z  [32m✓[39m src/features/batch/__tests__/batchApplier.habit.test.ts [2m([22m[2m6 tests[22m[2m)[22m[32m 10[2mms[22m[39m
2026-09-28T22:07:33.4046636Z  [32m✓[39m src/features/today/__tests__/DoneCounterSheet.test.tsx [2m([22m[2m5 tests[22m[2m)[22m[33m 663[2mms[22m[39m
2026-09-28T22:07:33.4048538Z      [33m[2m✓[22m[39m non-recurring task: row Undo button calls uncompleteTask directly (no dialog) [33m 328[2mms[22m[39m
2026-09-28T22:07:35.7532095Z  [32m✓[39m src/features/today/__tests__/PlanForTodaySheet.bucket.test.ts [2m([22m[2m13 tests[22m[2m)[22m[32m 11[2mms[22m[39m
2026-09-28T22:07:35.9966510Z  [32m✓[39m src/features/medication/__tests__/clinicalReport.test.ts [2m([22m[2m7 tests[22m[2m)[22m[32m 11[2mms[22m[39m
2026-09-28T22:07:36.6187436Z  [32m✓[39m src/features/habits/__tests__/HabitListScreen.test.tsx [2m([22m[2m4 tests[22m[2m)[22m[32m 160[2mms[22m[39m
2026-09-28T22:07:37.0515394Z  [32m✓[39m src/lib/notifications/__tests__/escalationChain.test.ts [2m([22m[2m13 tests[22m[2m)[22m[32m 12[2mms[22m[39m
2026-09-28T22:07:37.4783172Z  [32m✓[39m src/api/firestore/__tests__/externalAnchors.test.ts [2m([22m[2m10 tests[22m[2m)[22m[32m 14[2mms[22m[39m
2026-09-28T22:07:37.9796331Z  [32m✓[39m src/components/AnalogClockPicker.test.tsx [2m([22m[2m22 tests[22m[2m)[22m[32m 10[2mms[22m[39m
2026-09-28T22:07:38.3813711Z  [32m✓[39m src/lib/__tests__/moodCorrelationEngine.test.ts [2m([22m[2m8 tests[22m[2m)[22m[32m 6[2mms[22m[39m
2026-09-28T22:07:38.8556832Z  [32m✓[39m src/stores/__tests__/settingsStore.aiFeatures.test.ts [2m([22m[2m8 tests[22m[2m)[22m[32m 20[2mms[22m[39m
2026-09-28T22:07:39.5764041Z  [32m✓[39m src/api/firestore/__tests__/taskBehaviorPreferences.test.ts [2m([22m[2m10 tests[22m[2m)[22m[32m 13[2mms[22m[39m
2026-09-28T22:07:40.1536933Z  [32m✓[39m src/api/firestore/__tests__/taskTimings.test.ts [2m([22m[2m7 tests[22m[2m)[22m[32m 11[2mms[22m[39m
2026-09-28T22:07:40.8807096Z  [32m✓[39m src/api/firestore/__tests__/boundaryRules.test.ts [2m([22m[2m4 tests[22m[2m)[22m[32m 19[2mms[22m[39m
2026-09-28T22:07:40.8837146Z  [32m✓[39m src/stores/__tests__/habitStore.medicationFilter.test.ts [2m([22m[2m3 tests[22m[2m)[22m[32m 10[2mms[22m[39m
2026-09-28T22:07:41.4133110Z  [32m✓[39m src/utils/__tests__/boundaryEnforcer.test.ts [2m([22m[2m10 tests[22m[2m)[22m[32m 7[2mms[22m[39m
2026-09-28T22:07:42.1766556Z  [32m✓[39m src/api/__tests__/medicationSlots.test.ts [2m([22m[2m3 tests[22m[2m)[22m[32m 14[2mms[22m[39m
2026-09-28T22:07:42.2116989Z  [32m✓[39m src/api/firestore/__tests__/aiPreferences.test.ts [2m([22m[2m10 tests[22m[2m)[22m[32m 12[2mms[22m[39m
2026-09-28T22:07:42.6486960Z  [32m✓[39m src/lib/__tests__/morningCheckInBanner.test.ts [2m([22m[2m10 tests[22m[2m)[22m[32m 6[2mms[22m[39m
2026-09-28T22:07:43.4495500Z  [32m✓[39m src/utils/__tests__/energyAwarePomodoro.test.ts [2m([22m[2m11 tests[22m[2m)[22m[32m 12[2mms[22m[39m
2026-09-28T22:07:43.5036840Z  [32m✓[39m src/features/batch/__tests__/medicationNameMatcher.test.ts [2m([22m[2m14 tests[22m[2m)[22m[32m 13[2mms[22m[39m
2026-09-28T22:07:43.9666576Z  [32m✓[39m src/features/medication/__tests__/virtualSlots.test.ts [2m([22m[2m7 tests[22m[2m)[22m[32m 10[2mms[22m[39m
2026-09-28T22:07:44.7412027Z  [32m✓[39m src/stores/__tests__/onboardingStore.test.ts [2m([22m[2m6 tests[22m[2m)[22m[32m 8[2mms[22m[39m
2026-09-28T22:07:44.7565119Z  [32m✓[39m src/utils/__tests__/cognitiveLoadClassifier.test.ts [2m([22m[2m12 tests[22m[2m)[22m[32m 10[2mms[22m[39m
2026-09-28T22:07:46.0522916Z  [32m✓[39m src/utils/__tests__/moodCorrelation.test.ts [2m([22m[2m8 tests[22m[2m)[22m[32m 6[2mms[22m[39m
2026-09-28T22:07:46.2906510Z  [32m✓[39m src/utils/__tests__/shipItCelebrationManager.test.ts [2m([22m[2m8 tests[22m[2m)[22m[32m 7[2mms[22m[39m
2026-09-28T22:07:46.5026810Z  [32m✓[39m src/utils/__tests__/habitPeriod.test.ts [2m([22m[2m7 tests[22m[2m)[22m[32m 12[2mms[22m[39m
2026-09-28T22:07:47.3206625Z  [32m✓[39m src/utils/__tests__/moodAnalytics.test.ts [2m([22m[2m6 tests[22m[2m)[22m[32m 9[2mms[22m[39m
2026-09-28T22:07:47.6239663Z  [32m✓[39m src/api/firestore/__tests__/taskDependencies.test.ts [2m([22m[2m4 tests[22m[2m)[22m[32m 9[2mms[22m[39m
2026-09-28T22:07:48.6680564Z  [32m✓[39m src/utils/__tests__/useLogicalToday.test.ts [2m([22m[2m4 tests[22m[2m)[22m[32m 28[2mms[22m[39m
2026-09-28T22:07:48.9281217Z  [32m✓[39m src/features/checkin/__tests__/MorningCheckInStepper.test.ts [2m([22m[2m3 tests[22m[2m)[22m[32m 8[2mms[22m[39m
2026-09-28T22:07:49.8190970Z  [32m✓[39m src/api/__tests__/authDeletion.test.ts [2m([22m[2m4 tests[22m[2m)[22m[32m 6[2mms[22m[39m
2026-09-28T22:07:50.1752318Z  [32m✓[39m src/stores/__tests__/medicationPreferencesStore.test.ts [2m([22m[2m4 tests[22m[2m)[22m[32m 9[2mms[22m[39m
2026-09-28T22:07:50.9086330Z  [32m✓[39m src/utils/__tests__/dependencyCycleGuard.test.ts [2m([22m[2m10 tests[22m[2m)[22m[32m 10[2mms[22m[39m
2026-09-28T22:07:51.2529336Z  [32m✓[39m src/utils/__tests__/lifeCategoryClassifier.test.ts [2m([22m[2m11 tests[22m[2m)[22m[32m 8[2mms[22m[39m
2026-09-28T22:07:51.4477530Z  [31m❯[39m src/hooks/__tests__/useCalendarTasks.test.ts [2m([22m[2m3 tests[22m[2m | [22m[31m2 failed[39m[2m)[22m[33m 2090[2mms[22m[39m
2026-09-28T22:07:51.4519051Z [31m     [31m×[31m places a dated task on its due-date cell[39m[33m 1066[2mms[22m[39m
2026-09-28T22:07:51.4527996Z      [32m✓[39m reads from Firestore (not the FastAPI endpoint)[32m 10[2mms[22m[39m
2026-09-28T22:07:51.4529511Z [31m     [31m×[31m omits completed and cancelled tasks[39m[33m 1009[2mms[22m[39m
2026-09-28T22:07:52.0738309Z  [32m✓[39m src/utils/__tests__/selfCareTiers.test.ts [2m([22m[2m9 tests[22m[2m)[22m[32m 11[2mms[22m[39m
2026-09-28T22:07:52.5270386Z  [32m✓[39m src/stores/__tests__/milestoneStore.test.ts [2m([22m[2m4 tests[22m[2m)[22m[32m 9[2mms[22m[39m
2026-09-28T22:07:52.7031782Z  [32m✓[39m src/stores/__tests__/sortPreferencesStore.test.ts [2m([22m[2m3 tests[22m[2m)[22m[32m 6[2mms[22m[39m
2026-09-28T22:07:53.4566521Z  [32m✓[39m src/stores/__tests__/medicationTierStatesStore.test.ts [2m([22m[2m3 tests[22m[2m)[22m[32m 18[2mms[22m[39m
2026-09-28T22:07:54.3831006Z  [32m✓[39m src/components/shared/__tests__/PriorityBadge.test.tsx [2m([22m[2m4 tests[22m[2m)[22m[32m 222[2mms[22m[39m
2026-09-28T22:07:54.7630154Z  [32m✓[39m src/stores/__tests__/projectPhaseStore.test.ts [2m([22m[2m3 tests[22m[2m)[22m[32m 9[2mms[22m[39m
2026-09-28T22:07:55.5981733Z  [32m✓[39m src/api/__tests__/briefingPlanner.test.ts [2m([22m[2m4 tests[22m[2m)[22m[32m 9[2mms[22m[39m
2026-09-28T22:07:55.7879950Z  [32m✓[39m src/hooks/__tests__/useCalendarHabits.test.ts [2m([22m[2m5 tests[22m[2m)[22m[32m 7[2mms[22m[39m
2026-09-28T22:07:56.9733893Z  [32m✓[39m src/utils/__tests__/selfCareNudgeEngine.test.ts [2m([22m[2m5 tests[22m[2m)[22m[32m 6[2mms[22m[39m
2026-09-28T22:07:57.0582501Z  [32m✓[39m src/utils/__tests__/projectFilters.test.ts [2m([22m[2m7 tests[22m[2m)[22m[32m 7[2mms[22m[39m
2026-09-28T22:07:57.3926435Z  [32m✓[39m src/utils/__tests__/checkInStreak.test.ts [2m([22m[2m5 tests[22m[2m)[22m[32m 9[2mms[22m[39m
2026-09-28T22:07:58.4186556Z  [32m✓[39m src/features/medication/__tests__/MedicationTimeEditModal.test.ts [2m([22m[2m6 tests[22m[2m)[22m[32m 5[2mms[22m[39m
2026-09-28T22:07:58.6491311Z  [32m✓[39m src/api/__tests__/extract.test.ts [2m([22m[2m2 tests[22m[2m)[22m[32m 8[2mms[22m[39m
2026-09-28T22:07:58.6958611Z  [32m✓[39m src/components/shared/__tests__/OfflineBanner.test.tsx [2m([22m[2m4 tests[22m[2m)[22m[32m 187[2mms[22m[39m
2026-09-28T22:07:58.7002222Z 
2026-09-28T22:07:58.7004391Z [31m⎯⎯⎯⎯⎯⎯⎯[39m[1m[41m Failed Tests 2 [49m[22m[31m⎯⎯⎯⎯⎯⎯⎯[39m
2026-09-28T22:07:58.7006634Z 
2026-09-28T22:07:58.7008333Z [41m[1m FAIL [22m[49m src/hooks/__tests__/useCalendarTasks.test.ts[2m > [22museCalendarTasks (B-05 reads Firestore, groups by due date)[2m > [22mplaces a dated task on its due-date cell
2026-09-28T22:07:58.7015008Z [31m[1mAssertionError[22m: expected [] to have a length of 1 but got +0
2026-09-28T22:07:58.7015539Z 
2026-09-28T22:07:58.7015805Z Ignored nodes: comments, script, style
2026-09-28T22:07:58.7016347Z [36m<html>[31m
2026-09-28T22:07:58.7016774Z   [36m<head />[31m
2026-09-28T22:07:58.7017163Z   [36m<body>[31m
2026-09-28T22:07:58.7017549Z     [36m<div />[31m
2026-09-28T22:07:58.7017935Z   [36m</body>[31m
2026-09-28T22:07:58.7018332Z [36m</html>[31m[39m
2026-09-28T22:07:58.7018552Z 
2026-09-28T22:07:58.7018758Z [32m- Expected[39m
2026-09-28T22:07:58.7019180Z [31m+ Received[39m
2026-09-28T22:07:58.7019384Z 
2026-09-28T22:07:58.7019560Z [32m- 1[39m
2026-09-28T22:07:58.7019907Z [31m+ 0[39m
2026-09-28T22:07:58.7020094Z 
2026-09-28T22:07:58.7020757Z [36m [2m❯[22m src/hooks/__tests__/useCalendarTasks.test.ts:[2m64:69[22m[39m
2026-09-28T22:07:58.7043364Z     [90m 62|[39m
2026-09-28T22:07:58.7044042Z     [90m 63|[39m     [35mawait[39m [34mwaitFor[39m(() [33m=>[39m
2026-09-28T22:07:58.7045293Z     [90m 64|[39m       expect(result.current.getTasksForDate(new Date(2026, 5, 15))).to…
2026-09-28T22:07:58.7046343Z     [90m   |[39m                                                                     [31m^[39m
2026-09-28T22:07:58.7047364Z     [90m 65|[39m     )[33m;[39m
2026-09-28T22:07:58.7048227Z     [90m 66|[39m     expect(result.current.getTasksForDate(new Date(2026, 5, 15))[0].id…
2026-09-28T22:07:58.7049865Z [90m [2m❯[22m runWithExpensiveErrorDiagnosticsDisabled node_modules/@testing-library/dom/dist/config.js:[2m47:12[22m[39m
2026-09-28T22:07:58.7051488Z [90m [2m❯[22m checkCallback node_modules/@testing-library/dom/dist/wait-for.js:[2m124:77[22m[39m
2026-09-28T22:07:58.7053365Z [90m [2m❯[22m Timeout.checkRealTimersCallback node_modules/@testing-library/dom/dist/wait-for.js:[2m118:16[22m[39m
2026-09-28T22:07:58.7054163Z 
2026-09-28T22:07:58.7054878Z [31m[2m⎯⎯⎯⎯⎯⎯⎯⎯⎯⎯⎯⎯⎯⎯⎯⎯⎯⎯⎯⎯⎯⎯⎯⎯[1/2]⎯[22m[39m
2026-09-28T22:07:58.7055210Z 
2026-09-28T22:07:58.7056656Z [41m[1m FAIL [22m[49m src/hooks/__tests__/useCalendarTasks.test.ts[2m > [22museCalendarTasks (B-05 reads Firestore, groups by due date)[2m > [22momits completed and cancelled tasks
2026-09-28T22:07:58.7058245Z [31m[1mAssertionError[22m: expected [] to have a length of 1 but got +0
2026-09-28T22:07:58.7058758Z 
2026-09-28T22:07:58.7059010Z Ignored nodes: comments, script, style
2026-09-28T22:07:58.7059507Z [36m<html>[31m
2026-09-28T22:07:58.7059905Z   [36m<head />[31m
2026-09-28T22:07:58.7060304Z   [36m<body>[31m
2026-09-28T22:07:58.7060678Z     [36m<div />[31m
2026-09-28T22:07:58.7061050Z   [36m</body>[31m
2026-09-28T22:07:58.7061434Z [36m</html>[31m[39m
2026-09-28T22:07:58.7061648Z 
2026-09-28T22:07:58.7061850Z [32m- Expected[39m
2026-09-28T22:07:58.7062270Z [31m+ Received[39m
2026-09-28T22:07:58.7062480Z 
2026-09-28T22:07:58.7062652Z [32m- 1[39m
2026-09-28T22:07:58.7062962Z [31m+ 0[39m
2026-09-28T22:07:58.7063123Z 
2026-09-28T22:07:58.7063714Z [36m [2m❯[22m src/hooks/__tests__/useCalendarTasks.test.ts:[2m88:69[22m[39m
2026-09-28T22:07:58.7064554Z     [90m 86|[39m     )[33m;[39m
2026-09-28T22:07:58.7065236Z     [90m 87|[39m     [35mawait[39m [34mwaitFor[39m(() [33m=>[39m
2026-09-28T22:07:58.7066212Z     [90m 88|[39m       expect(result.current.getTasksForDate(new Date(2026, 5, 10))).to…
2026-09-28T22:07:58.7067215Z     [90m   |[39m                                                                     [31m^[39m
2026-09-28T22:07:58.7067875Z     [90m 89|[39m     )[33m;[39m
2026-09-28T22:07:58.7068725Z     [90m 90|[39m     expect(result.current.getTasksForDate(new Date(2026, 5, 10))[0].id…
2026-09-28T22:07:58.7070264Z [90m [2m❯[22m runWithExpensiveErrorDiagnosticsDisabled node_modules/@testing-library/dom/dist/config.js:[2m47:12[22m[39m
2026-09-28T22:07:58.7071877Z [90m [2m❯[22m checkCallback node_modules/@testing-library/dom/dist/wait-for.js:[2m124:77[22m[39m
2026-09-28T22:07:58.7073463Z [90m [2m❯[22m Timeout.checkRealTimersCallback node_modules/@testing-library/dom/dist/wait-for.js:[2m118:16[22m[39m
2026-09-28T22:07:58.7074418Z 
2026-09-28T22:07:58.7074856Z [31m[2m⎯⎯⎯⎯⎯⎯⎯⎯⎯⎯⎯⎯⎯⎯⎯⎯⎯⎯⎯⎯⎯⎯⎯⎯[2/2]⎯[22m[39m
2026-09-28T22:07:58.7075191Z 
2026-09-28T22:07:58.7075269Z 
2026-09-28T22:07:58.7076017Z [2m Test Files [22m [1m[31m1 failed[39m[22m[2m | [22m[1m[32m57 passed[39m[22m[90m (58)[39m
2026-09-28T22:07:58.7077276Z [2m      Tests [22m [1m[31m2 failed[39m[22m[2m | [22m[1m[32m470 passed[39m[22m[90m (472)[39m
2026-09-28T22:07:58.7078087Z [2m   Start at [22m 22:07:24
2026-09-28T22:07:58.7079160Z [2m   Duration [22m 33.85s[2m (transform 1.85s, setup 6.82s, import 23.21s, tests 4.41s, environment 55.77s)[22m
2026-09-28T22:07:58.7079793Z 
2026-09-28T22:07:58.7091800Z 
2026-09-28T22:07:58.7115628Z ##[error]AssertionError: expected [] to have a length of 1 but got +0

Ignored nodes: comments, script, style
<html>
  <head />
  <body>
    <div />
  </body>
</html>

- Expected
+ Received

- 1
+ 0

 ❯ src/hooks/__tests__/useCalendarTasks.test.ts:64:69
 ❯ runWithExpensiveErrorDiagnosticsDisabled node_modules/@testing-library/dom/dist/config.js:47:12
 ❯ checkCallback node_modules/@testing-library/dom/dist/wait-for.js:124:77
 ❯ Timeout.checkRealTimersCallback node_modules/@testing-library/dom/dist/wait-for.js:118:16


2026-09-28T22:07:58.7123889Z 
2026-09-28T22:07:58.7128513Z ##[error]AssertionError: expected [] to have a length of 1 but got +0

Ignored nodes: comments, script, style
<html>
  <head />
  <body>
    <div />
  </body>
</html>

- Expected
+ Received

- 1
+ 0

 ❯ src/hooks/__tests__/useCalendarTasks.test.ts:88:69
 ❯ runWithExpensiveErrorDiagnosticsDisabled node_modules/@testing-library/dom/dist/config.js:47:12
 ❯ checkCallback node_modules/@testing-library/dom/dist/wait-for.js:124:77
 ❯ Timeout.checkRealTimersCallback node_modules/@testing-library/dom/dist/wait-for.js:118:16


2026-09-28T22:07:58.7560204Z ##[error]Process completed with exit code 1.
2026-09-28T22:07:58.7663293Z Post job cleanup.
2026-09-28T22:07:58.7667002Z ##[start-action display=Set up Node 22;id=__483a8943-3e66-4bd8-a875-b2aef16dc39c.__actions_setup-node]
2026-09-28T22:07:58.7670190Z ##[end-action id=__483a8943-3e66-4bd8-a875-b2aef16dc39c.__actions_setup-node;outcome=skipped;conclusion=skipped;duration_ms=0]
2026-09-28T22:07:58.7778484Z Post job cleanup.
2026-09-28T22:07:58.8654432Z [command]/usr/bin/git version
2026-09-28T22:07:58.8696997Z git version 2.55.0
2026-09-28T22:07:58.8735945Z Temporarily overriding HOME='/home/runner/work/_temp/9d112d00-eb6e-46d1-8e1d-2b4d01faa44b' before making global git config changes
2026-09-28T22:07:58.8737400Z Adding repository directory to the temporary git global config as a safe directory
2026-09-28T22:07:58.8741702Z [command]/usr/bin/git config --global --add safe.directory /home/runner/work/prismTask/prismTask
2026-09-28T22:07:58.8775548Z Removing SSH command configuration
2026-09-28T22:07:58.8782578Z [command]/usr/bin/git config --local --name-only --get-regexp core\.sshCommand
2026-09-28T22:07:58.8821521Z [command]/usr/bin/git submodule foreach --recursive sh -c "git config --local --name-only --get-regexp 'core\.sshCommand' && git config --local --unset-all 'core.sshCommand' || :"
2026-09-28T22:07:58.9088620Z Removing HTTP extra header
2026-09-28T22:07:58.9095938Z [command]/usr/bin/git config --local --name-only --get-regexp http\.https\:\/\/github\.com\/\.extraheader
2026-09-28T22:07:58.9146446Z [command]/usr/bin/git submodule foreach --recursive sh -c "git config --local --name-only --get-regexp 'http\.https\:\/\/github\.com\/\.extraheader' && git config --local --unset-all 'http.https://github.com/.extraheader' || :"
2026-09-28T22:07:58.9501294Z Removing includeIf entries pointing to credentials config files
2026-09-28T22:07:58.9510833Z [command]/usr/bin/git config --local --name-only --get-regexp ^includeIf\.gitdir:
2026-09-28T22:07:58.9557618Z includeif.gitdir:/home/runner/work/prismTask/prismTask/.git.path
2026-09-28T22:07:58.9560091Z includeif.gitdir:/home/runner/work/prismTask/prismTask/.git/worktrees/*.path
2026-09-28T22:07:58.9561108Z includeif.gitdir:/github/workspace/.git.path
2026-09-28T22:07:58.9562020Z includeif.gitdir:/github/workspace/.git/worktrees/*.path
2026-09-28T22:07:58.9575149Z [command]/usr/bin/git config --local --get-all includeif.gitdir:/home/runner/work/prismTask/prismTask/.git.path
2026-09-28T22:07:58.9612015Z /home/runner/work/_temp/git-credentials-6f585c00-5ede-409d-a363-12b3fbab3c18.config
2026-09-28T22:07:58.9629696Z [command]/usr/bin/git config --local --unset includeif.gitdir:/home/runner/work/prismTask/prismTask/.git.path /home/runner/work/_temp/git-credentials-6f585c00-5ede-409d-a363-12b3fbab3c18.config
2026-09-28T22:07:58.9688953Z [command]/usr/bin/git config --local --get-all includeif.gitdir:/home/runner/work/prismTask/prismTask/.git/worktrees/*.path
2026-09-28T22:07:58.9727601Z /home/runner/work/_temp/git-credentials-6f585c00-5ede-409d-a363-12b3fbab3c18.config
2026-09-28T22:07:58.9745840Z [command]/usr/bin/git config --local --unset includeif.gitdir:/home/runner/work/prismTask/prismTask/.git/worktrees/*.path /home/runner/work/_temp/git-credentials-6f585c00-5ede-409d-a363-12b3fbab3c18.config
2026-09-28T22:07:58.9797073Z [command]/usr/bin/git config --local --get-all includeif.gitdir:/github/workspace/.git.path
2026-09-28T22:07:58.9830821Z /github/runner_temp/git-credentials-6f585c00-5ede-409d-a363-12b3fbab3c18.config
2026-09-28T22:07:58.9844865Z [command]/usr/bin/git config --local --unset includeif.gitdir:/github/workspace/.git.path /github/runner_temp/git-credentials-6f585c00-5ede-409d-a363-12b3fbab3c18.config
2026-09-28T22:07:58.9907111Z [command]/usr/bin/git config --local --get-all includeif.gitdir:/github/workspace/.git/worktrees/*.path
2026-09-28T22:07:58.9948459Z /github/runner_temp/git-credentials-6f585c00-5ede-409d-a363-12b3fbab3c18.config
2026-09-28T22:07:58.9965462Z [command]/usr/bin/git config --local --unset includeif.gitdir:/github/workspace/.git/worktrees/*.path /github/runner_temp/git-credentials-6f585c00-5ede-409d-a363-12b3fbab3c18.config
2026-09-28T22:07:59.0013183Z [command]/usr/bin/git submodule foreach --recursive git config --local --show-origin --name-only --get-regexp remote.origin.url
2026-09-28T22:07:59.0290893Z Removing credentials config '/home/runner/work/_temp/git-credentials-6f585c00-5ede-409d-a363-12b3fbab3c18.config'
2026-09-28T22:07:59.0439979Z Cleaning up orphan processes
2026-09-28T22:07:59.0750202Z ##[warning]Node.js 20 is deprecated. The following actions target Node.js 20 but are being forced to run on Node.js 24: actions/setup-node@v4. For more information see: https://github.blog/changelog/2025-09-19-deprecation-of-node-20-on-github-actions-runners/


--- Job: web-lint-and-test (id 109157807259) ---
2026-09-28T22:08:05.4577801Z Current runner version: '2.337.0'
2026-09-28T22:08:05.4602498Z ##[group]Runner Image Provisioner
2026-09-28T22:08:05.4603329Z Hosted Compute Agent
2026-09-28T22:08:05.4603904Z Version: 20260828.587
2026-09-28T22:08:05.4604477Z Commit: abac92662cab4cc7352de4f9f9d2e2419aad9c29
2026-09-28T22:08:05.4605155Z Build Date: 2026-08-28T16:44:25Z
2026-09-28T22:08:05.4605786Z Worker ID: {70c76213-0e06-4643-aaca-63c45c3b601a}
2026-09-28T22:08:05.4606407Z Azure Region: westus3
2026-09-28T22:08:05.4606964Z ##[endgroup]
2026-09-28T22:08:05.4608320Z ##[group]Operating System
2026-09-28T22:08:05.4608920Z Ubuntu
2026-09-28T22:08:05.4609381Z 24.04.5
2026-09-28T22:08:05.4609841Z LTS
2026-09-28T22:08:05.4610641Z ##[endgroup]
2026-09-28T22:08:05.4611294Z ##[group]Runner Image
2026-09-28T22:08:05.4611867Z Image: ubuntu-24.04
2026-09-28T22:08:05.4612392Z Version: 20260920.314.1
2026-09-28T22:08:05.4613590Z Included Software: https://github.com/actions/runner-images/blob/ubuntu24/20260920.314/images/ubuntu/Ubuntu2404-Readme.md
2026-09-28T22:08:05.4614973Z Image Release: https://github.com/actions/runner-images/releases/tag/ubuntu24%2F20260920.314
2026-09-28T22:08:05.4615838Z ##[endgroup]
2026-09-28T22:08:05.4617139Z ##[group]GITHUB_TOKEN Permissions
2026-09-28T22:08:05.4619183Z Actions: read
2026-09-28T22:08:05.4619730Z Checks: read
2026-09-28T22:08:05.4620241Z Contents: write
2026-09-28T22:08:05.4621029Z Metadata: read
2026-09-28T22:08:05.4621536Z PullRequests: read
2026-09-28T22:08:05.4622079Z ##[endgroup]
2026-09-28T22:08:05.4624176Z Secret source: Actions
2026-09-28T22:08:05.4625068Z Cache mode: write
2026-09-28T22:08:05.4625747Z Prepare workflow directory
2026-09-28T22:08:05.4952435Z Prepare all required actions
2026-09-28T22:08:05.5049716Z Complete job name: web-lint-and-test
2026-09-28T22:08:05.5762689Z ##[group]Run if [ 'success' != 'success' ]; then
2026-09-28T22:08:05.5763619Z [36;1mif [ 'success' != 'success' ]; then[0m
2026-09-28T22:08:05.5764376Z [36;1m  echo "web-lint finished with success" >&2[0m
2026-09-28T22:08:05.5765056Z [36;1m  exit 1[0m
2026-09-28T22:08:05.5765601Z [36;1mfi[0m
2026-09-28T22:08:05.5766116Z [36;1mif [ 'failure' != 'success' ]; then[0m
2026-09-28T22:08:05.5766794Z [36;1m  echo "web-unit-tests finished with failure" >&2[0m
2026-09-28T22:08:05.5767490Z [36;1m  exit 1[0m
2026-09-28T22:08:05.5768009Z [36;1mfi[0m
2026-09-28T22:08:05.5768522Z [36;1mif [ 'success' != 'success' ]; then[0m
2026-09-28T22:08:05.5769197Z [36;1m  echo "web-build finished with success" >&2[0m
2026-09-28T22:08:05.5769837Z [36;1m  exit 1[0m
2026-09-28T22:08:05.5770454Z [36;1mfi[0m
2026-09-28T22:08:05.5771140Z [36;1mecho "✓ Split web lint, unit-test shards, and build passed."[0m
2026-09-28T22:08:05.6728346Z shell: /usr/bin/bash -e {0}
2026-09-28T22:08:05.6730200Z ##[endgroup]
2026-09-28T22:08:05.7018419Z web-unit-tests finished with failure
2026-09-28T22:08:05.7046381Z ##[error]Process completed with exit code 1.
2026-09-28T22:08:05.7282294Z Cleaning up orphan processes
