=== CI FAILURE ===
Workflow:      Web CI
Workflow file: akarlin3/prismTask/.github/workflows/web-ci.yml@refs/pull/1842/merge
Job(s):        web-unit-tests (1, 3), web-lint-and-test
Run ID:        36344708966
Run attempt:   1
Run URL:       https://github.com/akarlin3/prismTask/actions/runs/36344708966
Commit:        8645ce6e47939ba930025679dd8e168a7dd60c15
Branch:        1842/merge
Event:         pull_request
Actor:         akarlin3
Runner OS:     Linux
Timestamp:     2026-09-27T19:33:45.740Z

Failed steps:
  - web-unit-tests (1, 3): #5 Run Vitest shard 1/3
  - web-lint-and-test: #2 Verify split web checks

=== FAILED JOB LOG ===

--- Job: web-unit-tests (1, 3) (id 108691494866) ---
2026-09-27T19:32:30.7613901Z Current runner version: '2.337.0'
2026-09-27T19:32:30.7638351Z ##[group]Runner Image Provisioner
2026-09-27T19:32:30.7639276Z Hosted Compute Agent
2026-09-27T19:32:30.7640025Z Version: 20260828.587
2026-09-27T19:32:30.7640702Z Commit: abac92662cab4cc7352de4f9f9d2e2419aad9c29
2026-09-27T19:32:30.7641547Z Build Date: 2026-08-28T16:44:25Z
2026-09-27T19:32:30.7642277Z Worker ID: {1a0dd431-bc33-4b10-8a69-acfec15e9d90}
2026-09-27T19:32:30.7643028Z Azure Region: westcentralus
2026-09-27T19:32:30.7643702Z ##[endgroup]
2026-09-27T19:32:30.7645860Z ##[group]Operating System
2026-09-27T19:32:30.7646697Z Ubuntu
2026-09-27T19:32:30.7647262Z 24.04.5
2026-09-27T19:32:30.7647786Z LTS
2026-09-27T19:32:30.7648365Z ##[endgroup]
2026-09-27T19:32:30.7648941Z ##[group]Runner Image
2026-09-27T19:32:30.7649581Z Image: ubuntu-24.04
2026-09-27T19:32:30.7650233Z Version: 20260920.314.1
2026-09-27T19:32:30.7651536Z Included Software: https://github.com/actions/runner-images/blob/ubuntu24/20260920.314/images/ubuntu/Ubuntu2404-Readme.md
2026-09-27T19:32:30.7653245Z Image Release: https://github.com/actions/runner-images/releases/tag/ubuntu24%2F20260920.314
2026-09-27T19:32:30.7654266Z ##[endgroup]
2026-09-27T19:32:30.7656161Z ##[group]GITHUB_TOKEN Permissions
2026-09-27T19:32:30.7658360Z Actions: read
2026-09-27T19:32:30.7659098Z Checks: read
2026-09-27T19:32:30.7659816Z Contents: write
2026-09-27T19:32:30.7660452Z Metadata: read
2026-09-27T19:32:30.7661033Z PullRequests: read
2026-09-27T19:32:30.7661599Z ##[endgroup]
2026-09-27T19:32:30.7663718Z Secret source: Actions
2026-09-27T19:32:30.7664716Z Cache mode: write
2026-09-27T19:32:30.7666341Z Prepare workflow directory
2026-09-27T19:32:30.8070019Z Prepare all required actions
2026-09-27T19:32:30.8116729Z Getting action download info
2026-09-27T19:32:31.1123013Z Download action repository 'actions/checkout@v6' (SHA:d23441a48e516b6c34aea4fa41551a30e30af803)
2026-09-27T19:32:31.3674426Z Complete job name: web-unit-tests (1, 3)
2026-09-27T19:32:31.4382057Z ##[group]Run actions/checkout@v6
2026-09-27T19:32:31.4383099Z with:
2026-09-27T19:32:31.4383681Z   repository: akarlin3/prismTask
2026-09-27T19:32:31.4387884Z   token: ***
2026-09-27T19:32:31.4388461Z   ssh-strict: true
2026-09-27T19:32:31.4389040Z   ssh-user: git
2026-09-27T19:32:31.4389622Z   persist-credentials: true
2026-09-27T19:32:31.4390334Z   clean: true
2026-09-27T19:32:31.4390920Z   sparse-checkout-cone-mode: true
2026-09-27T19:32:31.4391578Z   fetch-depth: 1
2026-09-27T19:32:31.4392134Z   fetch-tags: false
2026-09-27T19:32:31.4392700Z   show-progress: true
2026-09-27T19:32:31.4393269Z   lfs: false
2026-09-27T19:32:31.4393800Z   submodules: false
2026-09-27T19:32:31.4394407Z   set-safe-directory: true
2026-09-27T19:32:31.4395193Z   allow-unsafe-pr-checkout: false
2026-09-27T19:32:31.4396153Z ##[endgroup]
2026-09-27T19:32:31.5392768Z Syncing repository: akarlin3/prismTask
2026-09-27T19:32:31.5395588Z ##[group]Getting Git version info
2026-09-27T19:32:31.5396846Z Working directory is '/home/runner/work/prismTask/prismTask'
2026-09-27T19:32:31.5398563Z [command]/usr/bin/git version
2026-09-27T19:32:31.5450886Z git version 2.55.0
2026-09-27T19:32:31.5474441Z ##[endgroup]
2026-09-27T19:32:31.5489140Z Temporarily overriding HOME='/home/runner/work/_temp/17bc8316-a0f1-4c72-9b43-f9adad072692' before making global git config changes
2026-09-27T19:32:31.5491568Z Adding repository directory to the temporary git global config as a safe directory
2026-09-27T19:32:31.5494133Z [command]/usr/bin/git config --global --add safe.directory /home/runner/work/prismTask/prismTask
2026-09-27T19:32:31.5576700Z Deleting the contents of '/home/runner/work/prismTask/prismTask'
2026-09-27T19:32:31.5581149Z ##[group]Determining repository object format
2026-09-27T19:32:31.5584063Z ##[endgroup]
2026-09-27T19:32:31.5585639Z ##[group]Initializing the repository
2026-09-27T19:32:31.5589823Z [command]/usr/bin/git init /home/runner/work/prismTask/prismTask
2026-09-27T19:32:31.5695885Z hint: Using 'master' as the name for the initial branch. This default branch name
2026-09-27T19:32:31.5697327Z hint: will change to "main" in Git 3.0. To configure the initial branch name
2026-09-27T19:32:31.5703037Z hint: to use in all of your new repositories, which will suppress this warning,
2026-09-27T19:32:31.5705149Z hint: call:
2026-09-27T19:32:31.5706390Z hint:
2026-09-27T19:32:31.5707842Z hint: 	git config --global init.defaultBranch <name>
2026-09-27T19:32:31.5709365Z hint:
2026-09-27T19:32:31.5710737Z hint: Names commonly chosen instead of 'master' are 'main', 'trunk' and
2026-09-27T19:32:31.5712919Z hint: 'development'. The just-created branch can be renamed via this command:
2026-09-27T19:32:31.5714687Z hint:
2026-09-27T19:32:31.5716101Z hint: 	git branch -m <name>
2026-09-27T19:32:31.5717346Z hint:
2026-09-27T19:32:31.5718733Z hint: Disable this message with "git config set advice.defaultBranchName false"
2026-09-27T19:32:31.5720803Z Initialized empty Git repository in /home/runner/work/prismTask/prismTask/.git/
2026-09-27T19:32:31.5724156Z [command]/usr/bin/git remote add origin https://github.com/akarlin3/prismTask
2026-09-27T19:32:31.5776904Z ##[endgroup]
2026-09-27T19:32:31.5778229Z ##[group]Disabling automatic garbage collection
2026-09-27T19:32:31.5781288Z [command]/usr/bin/git config --local gc.auto 0
2026-09-27T19:32:31.5813890Z ##[endgroup]
2026-09-27T19:32:31.5815816Z ##[group]Setting up auth
2026-09-27T19:32:31.5822837Z Removing SSH command configuration
2026-09-27T19:32:31.5826361Z [command]/usr/bin/git config --local --name-only --get-regexp core\.sshCommand
2026-09-27T19:32:31.5860588Z [command]/usr/bin/git submodule foreach --recursive sh -c "git config --local --name-only --get-regexp 'core\.sshCommand' && git config --local --unset-all 'core.sshCommand' || :"
2026-09-27T19:32:31.6222918Z Removing HTTP extra header
2026-09-27T19:32:31.6230153Z [command]/usr/bin/git config --local --name-only --get-regexp http\.https\:\/\/github\.com\/\.extraheader
2026-09-27T19:32:31.6288128Z [command]/usr/bin/git submodule foreach --recursive sh -c "git config --local --name-only --get-regexp 'http\.https\:\/\/github\.com\/\.extraheader' && git config --local --unset-all 'http.https://github.com/.extraheader' || :"
2026-09-27T19:32:31.6506792Z Removing includeIf entries pointing to credentials config files
2026-09-27T19:32:31.6513197Z [command]/usr/bin/git config --local --name-only --get-regexp ^includeIf\.gitdir:
2026-09-27T19:32:31.6549801Z [command]/usr/bin/git submodule foreach --recursive git config --local --show-origin --name-only --get-regexp remote.origin.url
2026-09-27T19:32:31.6777636Z [command]/usr/bin/git config --file /home/runner/work/_temp/git-credentials-59b6d4df-4f47-45a5-8940-724d50209cbf.config http.https://github.com/.extraheader AUTHORIZATION: basic ***
2026-09-27T19:32:31.6818733Z [command]/usr/bin/git config --local includeIf.gitdir:/home/runner/work/prismTask/prismTask/.git.path /home/runner/work/_temp/git-credentials-59b6d4df-4f47-45a5-8940-724d50209cbf.config
2026-09-27T19:32:31.6855228Z [command]/usr/bin/git config --local includeIf.gitdir:/home/runner/work/prismTask/prismTask/.git/worktrees/*.path /home/runner/work/_temp/git-credentials-59b6d4df-4f47-45a5-8940-724d50209cbf.config
2026-09-27T19:32:31.6899784Z [command]/usr/bin/git config --local includeIf.gitdir:/github/workspace/.git.path /github/runner_temp/git-credentials-59b6d4df-4f47-45a5-8940-724d50209cbf.config
2026-09-27T19:32:31.6935407Z [command]/usr/bin/git config --local includeIf.gitdir:/github/workspace/.git/worktrees/*.path /github/runner_temp/git-credentials-59b6d4df-4f47-45a5-8940-724d50209cbf.config
2026-09-27T19:32:31.6965709Z ##[endgroup]
2026-09-27T19:32:31.6966479Z ##[group]Fetching the repository
2026-09-27T19:32:31.6974515Z [command]/usr/bin/git -c protocol.version=2 fetch --no-tags --prune --no-recurse-submodules --depth=1 origin +8645ce6e47939ba930025679dd8e168a7dd60c15:refs/remotes/pull/1842/merge
2026-09-27T19:32:33.2913751Z From https://github.com/akarlin3/prismTask
2026-09-27T19:32:33.2915981Z  * [new ref]         8645ce6e47939ba930025679dd8e168a7dd60c15 -> pull/1842/merge
2026-09-27T19:32:33.2919655Z ##[endgroup]
2026-09-27T19:32:33.2921408Z ##[group]Determining the checkout info
2026-09-27T19:32:33.2922648Z ##[endgroup]
2026-09-27T19:32:33.2923315Z [command]/usr/bin/git sparse-checkout disable
2026-09-27T19:32:33.2970260Z [command]/usr/bin/git config --local --unset-all extensions.worktreeConfig
2026-09-27T19:32:33.3008167Z ##[group]Checking out the ref
2026-09-27T19:32:33.3013078Z [command]/usr/bin/git checkout --progress --force refs/remotes/pull/1842/merge
2026-09-27T19:32:33.6092617Z Note: switching to 'refs/remotes/pull/1842/merge'.
2026-09-27T19:32:33.6093914Z 
2026-09-27T19:32:33.6095155Z You are in 'detached HEAD' state. You can look around, make experimental
2026-09-27T19:32:33.6097509Z changes and commit them, and you can discard any commits you make in this
2026-09-27T19:32:33.6099790Z state without impacting any branches by switching back to a branch.
2026-09-27T19:32:33.6101185Z 
2026-09-27T19:32:33.6102167Z If you want to create a new branch to retain commits you create, you may
2026-09-27T19:32:33.6104452Z do so (now or later) by using -c with the switch command. Example:
2026-09-27T19:32:33.6106189Z 
2026-09-27T19:32:33.6106774Z   git switch -c <new-branch-name>
2026-09-27T19:32:33.6107762Z 
2026-09-27T19:32:33.6108336Z Or undo this operation with:
2026-09-27T19:32:33.6109175Z 
2026-09-27T19:32:33.6109667Z   git switch -
2026-09-27T19:32:33.6110307Z 
2026-09-27T19:32:33.6111433Z Turn off this advice by setting config variable advice.detachedHead to false
2026-09-27T19:32:33.6112593Z 
2026-09-27T19:32:33.6116170Z HEAD is now at 8645ce6 Merge 1c78a6aa020d6e418528ea9168bc29a80b707877 into 7abd0e41cf362b3826e7a157197beaea27fe3dae
2026-09-27T19:32:33.6119929Z ##[endgroup]
2026-09-27T19:32:33.6163530Z [command]/usr/bin/git log -1 --format=%H
2026-09-27T19:32:33.6192064Z 8645ce6e47939ba930025679dd8e168a7dd60c15
2026-09-27T19:32:33.6588514Z Prepare all required actions
2026-09-27T19:32:33.6590460Z Getting action download info
2026-09-27T19:32:33.7835942Z Download action repository 'actions/setup-node@v4' (SHA:49933ea5288caeca8642d1e84afbd3f7d6820020)
2026-09-27T19:32:33.9351426Z ##[group]Run ./.github/actions/setup-node-web
2026-09-27T19:32:33.9352389Z ##[endgroup]
2026-09-27T19:32:33.9414325Z ##[start-action display=Set up Node 22;id=__self.__actions_setup-node]
2026-09-27T19:32:33.9533182Z ##[group]Run actions/setup-node@v4
2026-09-27T19:32:33.9534111Z with:
2026-09-27T19:32:33.9535055Z   node-version: 22
2026-09-27T19:32:33.9535848Z   cache: npm
2026-09-27T19:32:33.9536675Z   cache-dependency-path: web/package-lock.json
2026-09-27T19:32:33.9537595Z   always-auth: false
2026-09-27T19:32:33.9538395Z   check-latest: false
2026-09-27T19:32:33.9541783Z   token: ***
2026-09-27T19:32:33.9542570Z ##[endgroup]
2026-09-27T19:32:34.1143998Z Found in cache @ /opt/hostedtoolcache/node/22.23.2/x64
2026-09-27T19:32:34.1148689Z (node:2326) [DEP0040] DeprecationWarning: The `punycode` module is deprecated. Please use a userland alternative instead.
2026-09-27T19:32:34.1149792Z (Use `node --trace-deprecation ...` to show where the warning was created)
2026-09-27T19:32:34.1151394Z ##[group]Environment details
2026-09-27T19:32:36.6825083Z node: v22.23.2
2026-09-27T19:32:36.6825913Z npm: 10.9.8
2026-09-27T19:32:36.6826165Z yarn: 1.22.22
2026-09-27T19:32:36.6827039Z ##[endgroup]
2026-09-27T19:32:36.6845755Z [command]/opt/hostedtoolcache/node/22.23.2/x64/bin/npm config get cache
2026-09-27T19:32:36.9442025Z /home/runner/.npm
2026-09-27T19:32:37.1181898Z npm cache is not found
2026-09-27T19:32:37.1292783Z ##[end-action id=__self.__actions_setup-node;outcome=success;conclusion=success;duration_ms=3187]
2026-09-27T19:32:37.1296776Z ##[start-action display=Install dependencies;id=__self.__run]
2026-09-27T19:32:37.1340694Z ##[group]Run npm ci
2026-09-27T19:32:37.1340990Z [36;1mnpm ci[0m
2026-09-27T19:32:37.1608412Z shell: /usr/bin/bash --noprofile --norc -e -o pipefail {0}
2026-09-27T19:32:37.1608857Z ##[endgroup]
2026-09-27T19:32:51.7350776Z 
2026-09-27T19:32:51.7357884Z added 443 packages, and audited 444 packages in 15s
2026-09-27T19:32:51.7358823Z 
2026-09-27T19:32:51.7359387Z 94 packages are looking for funding
2026-09-27T19:32:51.7359742Z   run `npm fund` for details
2026-09-27T19:32:51.7777436Z 
2026-09-27T19:32:51.7778334Z 17 vulnerabilities (1 low, 6 moderate, 9 high, 1 critical)
2026-09-27T19:32:51.7778931Z 
2026-09-27T19:32:51.7779243Z To address all issues, run:
2026-09-27T19:32:51.7779799Z   npm audit fix
2026-09-27T19:32:51.7780069Z 
2026-09-27T19:32:51.7780343Z Run `npm audit` for details.
2026-09-27T19:32:51.8409488Z ##[end-action id=__self.__run;outcome=success;conclusion=success;duration_ms=14711]
2026-09-27T19:32:51.8453546Z ##[group]Run npm run test:run -- --shard=1/3
2026-09-27T19:32:51.8453946Z [36;1mnpm run test:run -- --shard=1/3[0m
2026-09-27T19:32:51.8517722Z shell: /usr/bin/bash -e {0}
2026-09-27T19:32:51.8518011Z ##[endgroup]
2026-09-27T19:32:51.9519662Z 
2026-09-27T19:32:51.9520275Z > web@2.0.0 test:run
2026-09-27T19:32:51.9520894Z > vitest run --pool=threads --shard=1/3
2026-09-27T19:32:51.9521186Z 
2026-09-27T19:32:52.2797870Z 
2026-09-27T19:32:52.2802637Z [1m[30m[46m RUN [49m[39m[22m [36mv4.1.7 [39m[90m/home/runner/work/prismTask/prismTask/web[39m
2026-09-27T19:32:52.2803849Z 
2026-09-27T19:32:54.8356235Z  [32m✓[39m src/api/firestore/__tests__/tasks.test.ts [2m([22m[2m27 tests[22m[2m)[22m[32m 28[2mms[22m[39m
2026-09-27T19:32:55.4429785Z  [32m✓[39m src/stores/__tests__/batchStore.test.ts [2m([22m[2m12 tests[22m[2m)[22m[32m 56[2mms[22m[39m
2026-09-27T19:32:55.6012952Z  [32m✓[39m src/stores/__tests__/habitStore.bookable.test.ts [2m([22m[2m17 tests[22m[2m)[22m[32m 34[2mms[22m[39m
2026-09-27T19:32:56.8629563Z  [32m✓[39m src/features/capacity/__tests__/capacityModel.test.ts [2m([22m[2m23 tests[22m[2m)[22m[32m 38[2mms[22m[39m
2026-09-27T19:32:56.9243693Z  [32m✓[39m src/api/firestore/__tests__/taskCompletions.test.ts [2m([22m[2m13 tests[22m[2m)[22m[32m 12[2mms[22m[39m
2026-09-27T19:32:57.4790299Z  [32m✓[39m src/utils/__tests__/streaks.modeAware.test.ts [2m([22m[2m15 tests[22m[2m)[22m[32m 35[2mms[22m[39m
2026-09-27T19:32:58.9926612Z  [32m✓[39m src/features/settings/sections/__tests__/AdvancedTuningSection.test.tsx [2m([22m[2m9 tests[22m[2m)[22m[33m 336[2mms[22m[39m
2026-09-27T19:32:59.0143270Z  [32m✓[39m src/stores/__tests__/restDayStore.test.ts [2m([22m[2m10 tests[22m[2m)[22m[32m 24[2mms[22m[39m
2026-09-27T19:33:00.3315392Z  [32m✓[39m src/theme/__tests__/prismTheme.test.ts [2m([22m[2m21 tests[22m[2m)[22m[32m 45[2mms[22m[39m
2026-09-27T19:33:00.3578390Z  [32m✓[39m src/stores/__tests__/settingsStore.startOfDayHour.test.ts [2m([22m[2m9 tests[22m[2m)[22m[32m 28[2mms[22m[39m
2026-09-27T19:33:01.0153228Z  [32m✓[39m src/features/today/__tests__/DoneCounterSheet.test.tsx [2m([22m[2m5 tests[22m[2m)[22m[33m 711[2mms[22m[39m
2026-09-27T19:33:01.0206560Z      [33m[2m✓[22m[39m non-recurring task: row Undo button calls uncompleteTask directly (no dialog) [33m 347[2mms[22m[39m
2026-09-27T19:33:01.7299647Z  [32m✓[39m src/features/batch/__tests__/batchApplier.habit.test.ts [2m([22m[2m6 tests[22m[2m)[22m[32m 10[2mms[22m[39m
2026-09-27T19:33:03.8046909Z  [32m✓[39m src/features/habits/__tests__/HabitListScreen.test.tsx [2m([22m[2m4 tests[22m[2m)[22m[32m 136[2mms[22m[39m
2026-09-27T19:33:03.9701530Z  [32m✓[39m src/features/today/__tests__/PlanForTodaySheet.bucket.test.ts [2m([22m[2m13 tests[22m[2m)[22m[32m 22[2mms[22m[39m
2026-09-27T19:33:04.3429915Z  [32m✓[39m src/features/medication/__tests__/clinicalReport.test.ts [2m([22m[2m7 tests[22m[2m)[22m[32m 9[2mms[22m[39m
2026-09-27T19:33:05.1447061Z  [32m✓[39m src/lib/notifications/__tests__/escalationChain.test.ts [2m([22m[2m13 tests[22m[2m)[22m[32m 14[2mms[22m[39m
2026-09-27T19:33:05.4625104Z  [32m✓[39m src/api/firestore/__tests__/externalAnchors.test.ts [2m([22m[2m10 tests[22m[2m)[22m[32m 12[2mms[22m[39m
2026-09-27T19:33:05.7115115Z  [32m✓[39m src/components/AnalogClockPicker.test.tsx [2m([22m[2m22 tests[22m[2m)[22m[32m 12[2mms[22m[39m
2026-09-27T19:33:06.3658523Z  [32m✓[39m src/lib/__tests__/moodCorrelationEngine.test.ts [2m([22m[2m8 tests[22m[2m)[22m[32m 10[2mms[22m[39m
2026-09-27T19:33:06.8896986Z  [32m✓[39m src/stores/__tests__/settingsStore.aiFeatures.test.ts [2m([22m[2m8 tests[22m[2m)[22m[32m 22[2mms[22m[39m
2026-09-27T19:33:07.7792783Z  [32m✓[39m src/api/firestore/__tests__/taskBehaviorPreferences.test.ts [2m([22m[2m10 tests[22m[2m)[22m[32m 12[2mms[22m[39m
2026-09-27T19:33:08.1569233Z  [32m✓[39m src/api/firestore/__tests__/taskTimings.test.ts [2m([22m[2m7 tests[22m[2m)[22m[32m 13[2mms[22m[39m
2026-09-27T19:33:08.7901206Z  [32m✓[39m src/stores/__tests__/habitStore.medicationFilter.test.ts [2m([22m[2m3 tests[22m[2m)[22m[32m 14[2mms[22m[39m
2026-09-27T19:33:09.2087247Z  [32m✓[39m src/api/firestore/__tests__/boundaryRules.test.ts [2m([22m[2m4 tests[22m[2m)[22m[32m 13[2mms[22m[39m
2026-09-27T19:33:09.7681418Z  [32m✓[39m src/utils/__tests__/boundaryEnforcer.test.ts [2m([22m[2m10 tests[22m[2m)[22m[32m 10[2mms[22m[39m
2026-09-27T19:33:10.3116997Z  [32m✓[39m src/api/firestore/__tests__/aiPreferences.test.ts [2m([22m[2m10 tests[22m[2m)[22m[32m 13[2mms[22m[39m
2026-09-27T19:33:10.7194018Z  [32m✓[39m src/api/__tests__/medicationSlots.test.ts [2m([22m[2m3 tests[22m[2m)[22m[32m 13[2mms[22m[39m
2026-09-27T19:33:11.2182041Z  [32m✓[39m src/lib/__tests__/morningCheckInBanner.test.ts [2m([22m[2m10 tests[22m[2m)[22m[32m 8[2mms[22m[39m
2026-09-27T19:33:11.5317405Z  [32m✓[39m src/utils/__tests__/energyAwarePomodoro.test.ts [2m([22m[2m11 tests[22m[2m)[22m[32m 9[2mms[22m[39m
2026-09-27T19:33:12.1472869Z  [32m✓[39m src/features/medication/__tests__/virtualSlots.test.ts [2m([22m[2m7 tests[22m[2m)[22m[32m 12[2mms[22m[39m
2026-09-27T19:33:12.5868465Z  [32m✓[39m src/utils/__tests__/cognitiveLoadClassifier.test.ts [2m([22m[2m12 tests[22m[2m)[22m[32m 10[2mms[22m[39m
2026-09-27T19:33:12.8378519Z  [32m✓[39m src/stores/__tests__/onboardingStore.test.ts [2m([22m[2m6 tests[22m[2m)[22m[32m 9[2mms[22m[39m
2026-09-27T19:33:13.9784566Z  [32m✓[39m src/utils/__tests__/shipItCelebrationManager.test.ts [2m([22m[2m8 tests[22m[2m)[22m[32m 6[2mms[22m[39m
2026-09-27T19:33:14.2347037Z  [32m✓[39m src/utils/__tests__/moodCorrelation.test.ts [2m([22m[2m8 tests[22m[2m)[22m[32m 8[2mms[22m[39m
2026-09-27T19:33:14.9902539Z  [32m✓[39m src/utils/__tests__/habitPeriod.test.ts [2m([22m[2m7 tests[22m[2m)[22m[32m 14[2mms[22m[39m
2026-09-27T19:33:15.2131220Z  [32m✓[39m src/utils/__tests__/moodAnalytics.test.ts [2m([22m[2m6 tests[22m[2m)[22m[32m 7[2mms[22m[39m
2026-09-27T19:33:15.5652091Z  [32m✓[39m src/api/firestore/__tests__/taskDependencies.test.ts [2m([22m[2m4 tests[22m[2m)[22m[32m 9[2mms[22m[39m
2026-09-27T19:33:16.7715569Z  [32m✓[39m src/utils/__tests__/useLogicalToday.test.ts [2m([22m[2m4 tests[22m[2m)[22m[32m 41[2mms[22m[39m
2026-09-27T19:33:16.8280157Z  [32m✓[39m src/features/checkin/__tests__/MorningCheckInStepper.test.ts [2m([22m[2m3 tests[22m[2m)[22m[32m 6[2mms[22m[39m
2026-09-27T19:33:17.9557549Z  [32m✓[39m src/api/__tests__/authDeletion.test.ts [2m([22m[2m4 tests[22m[2m)[22m[32m 11[2mms[22m[39m
2026-09-27T19:33:18.2961332Z  [32m✓[39m src/stores/__tests__/medicationPreferencesStore.test.ts [2m([22m[2m4 tests[22m[2m)[22m[32m 6[2mms[22m[39m
2026-09-27T19:33:19.0083310Z  [32m✓[39m src/utils/__tests__/dependencyCycleGuard.test.ts [2m([22m[2m10 tests[22m[2m)[22m[32m 6[2mms[22m[39m
2026-09-27T19:33:19.3261464Z  [32m✓[39m src/utils/__tests__/lifeCategoryClassifier.test.ts [2m([22m[2m11 tests[22m[2m)[22m[32m 7[2mms[22m[39m
2026-09-27T19:33:20.0257693Z  [32m✓[39m src/utils/__tests__/selfCareTiers.test.ts [2m([22m[2m9 tests[22m[2m)[22m[32m 6[2mms[22m[39m
2026-09-27T19:33:20.0714218Z  [31m❯[39m src/hooks/__tests__/useCalendarTasks.test.ts [2m([22m[2m3 tests[22m[2m | [22m[31m2 failed[39m[2m)[22m[33m 2052[2mms[22m[39m
2026-09-27T19:33:20.0736846Z [31m     [31m×[31m places a dated task on its due-date cell[39m[33m 1035[2mms[22m[39m
2026-09-27T19:33:20.0769876Z      [32m✓[39m reads from Firestore (not the FastAPI endpoint)[32m 5[2mms[22m[39m
2026-09-27T19:33:20.0800591Z [31m     [31m×[31m omits completed and cancelled tasks[39m[33m 1008[2mms[22m[39m
2026-09-27T19:33:20.4357452Z  [32m✓[39m src/stores/__tests__/milestoneStore.test.ts [2m([22m[2m4 tests[22m[2m)[22m[32m 10[2mms[22m[39m
2026-09-27T19:33:21.3251591Z  [32m✓[39m src/stores/__tests__/medicationTierStatesStore.test.ts [2m([22m[2m3 tests[22m[2m)[22m[32m 6[2mms[22m[39m
2026-09-27T19:33:21.4812165Z  [32m✓[39m src/stores/__tests__/sortPreferencesStore.test.ts [2m([22m[2m3 tests[22m[2m)[22m[32m 10[2mms[22m[39m
2026-09-27T19:33:22.7926987Z  [32m✓[39m src/stores/__tests__/projectPhaseStore.test.ts [2m([22m[2m3 tests[22m[2m)[22m[32m 8[2mms[22m[39m
2026-09-27T19:33:23.0857135Z  [32m✓[39m src/components/shared/__tests__/PriorityBadge.test.tsx [2m([22m[2m4 tests[22m[2m)[22m[32m 220[2mms[22m[39m
2026-09-27T19:33:23.6106939Z  [32m✓[39m src/hooks/__tests__/useCalendarHabits.test.ts [2m([22m[2m5 tests[22m[2m)[22m[32m 7[2mms[22m[39m
2026-09-27T19:33:24.1557118Z  [32m✓[39m src/api/__tests__/briefingPlanner.test.ts [2m([22m[2m4 tests[22m[2m)[22m[32m 11[2mms[22m[39m
2026-09-27T19:33:25.0447314Z  [32m✓[39m src/utils/__tests__/selfCareNudgeEngine.test.ts [2m([22m[2m5 tests[22m[2m)[22m[32m 6[2mms[22m[39m
2026-09-27T19:33:25.5349064Z  [32m✓[39m src/utils/__tests__/projectFilters.test.ts [2m([22m[2m7 tests[22m[2m)[22m[32m 9[2mms[22m[39m
2026-09-27T19:33:25.7096788Z  [32m✓[39m src/utils/__tests__/checkInStreak.test.ts [2m([22m[2m5 tests[22m[2m)[22m[32m 8[2mms[22m[39m
2026-09-27T19:33:26.6458668Z  [32m✓[39m src/components/shared/__tests__/OfflineBanner.test.tsx [2m([22m[2m4 tests[22m[2m)[22m[32m 239[2mms[22m[39m
2026-09-27T19:33:26.9146973Z  [32m✓[39m src/features/medication/__tests__/MedicationTimeEditModal.test.ts [2m([22m[2m6 tests[22m[2m)[22m[32m 6[2mms[22m[39m
2026-09-27T19:33:27.0060465Z  [32m✓[39m src/api/__tests__/extract.test.ts [2m([22m[2m2 tests[22m[2m)[22m[32m 6[2mms[22m[39m
2026-09-27T19:33:27.0094007Z 
2026-09-27T19:33:27.0095038Z [31m⎯⎯⎯⎯⎯⎯⎯[39m[1m[41m Failed Tests 2 [49m[22m[31m⎯⎯⎯⎯⎯⎯⎯[39m
2026-09-27T19:33:27.0095574Z 
2026-09-27T19:33:27.0106688Z [41m[1m FAIL [22m[49m src/hooks/__tests__/useCalendarTasks.test.ts[2m > [22museCalendarTasks (B-05 reads Firestore, groups by due date)[2m > [22mplaces a dated task on its due-date cell
2026-09-27T19:33:27.0108183Z [31m[1mAssertionError[22m: expected [] to have a length of 1 but got +0
2026-09-27T19:33:27.0108729Z 
2026-09-27T19:33:27.0109037Z Ignored nodes: comments, script, style
2026-09-27T19:33:27.0109632Z [36m<html>[31m
2026-09-27T19:33:27.0110151Z   [36m<head />[31m
2026-09-27T19:33:27.0110586Z   [36m<body>[31m
2026-09-27T19:33:27.0110982Z     [36m<div />[31m
2026-09-27T19:33:27.0111338Z   [36m</body>[31m
2026-09-27T19:33:27.0111591Z [36m</html>[31m[39m
2026-09-27T19:33:27.0111730Z 
2026-09-27T19:33:27.0111858Z [32m- Expected[39m
2026-09-27T19:33:27.0112106Z [31m+ Received[39m
2026-09-27T19:33:27.0112235Z 
2026-09-27T19:33:27.0112341Z [32m- 1[39m
2026-09-27T19:33:27.0112561Z [31m+ 0[39m
2026-09-27T19:33:27.0112667Z 
2026-09-27T19:33:27.0113079Z [36m [2m❯[22m src/hooks/__tests__/useCalendarTasks.test.ts:[2m64:69[22m[39m
2026-09-27T19:33:27.0140096Z     [90m 62|[39m
2026-09-27T19:33:27.0140814Z     [90m 63|[39m     [35mawait[39m [34mwaitFor[39m(() [33m=>[39m
2026-09-27T19:33:27.0141863Z     [90m 64|[39m       expect(result.current.getTasksForDate(new Date(2026, 5, 15))).to…
2026-09-27T19:33:27.0142557Z     [90m   |[39m                                                                     [31m^[39m
2026-09-27T19:33:27.0143219Z     [90m 65|[39m     )[33m;[39m
2026-09-27T19:33:27.0143739Z     [90m 66|[39m     expect(result.current.getTasksForDate(new Date(2026, 5, 15))[0].id…
2026-09-27T19:33:27.0145157Z [90m [2m❯[22m runWithExpensiveErrorDiagnosticsDisabled node_modules/@testing-library/dom/dist/config.js:[2m47:12[22m[39m
2026-09-27T19:33:27.0146968Z [90m [2m❯[22m checkCallback node_modules/@testing-library/dom/dist/wait-for.js:[2m124:77[22m[39m
2026-09-27T19:33:27.0148912Z [90m [2m❯[22m Timeout.checkRealTimersCallback node_modules/@testing-library/dom/dist/wait-for.js:[2m118:16[22m[39m
2026-09-27T19:33:27.0149748Z 
2026-09-27T19:33:27.0150172Z [31m[2m⎯⎯⎯⎯⎯⎯⎯⎯⎯⎯⎯⎯⎯⎯⎯⎯⎯⎯⎯⎯⎯⎯⎯⎯[1/2]⎯[22m[39m
2026-09-27T19:33:27.0150524Z 
2026-09-27T19:33:27.0152082Z [41m[1m FAIL [22m[49m src/hooks/__tests__/useCalendarTasks.test.ts[2m > [22museCalendarTasks (B-05 reads Firestore, groups by due date)[2m > [22momits completed and cancelled tasks
2026-09-27T19:33:27.0153943Z [31m[1mAssertionError[22m: expected [] to have a length of 1 but got +0
2026-09-27T19:33:27.0154496Z 
2026-09-27T19:33:27.0154770Z Ignored nodes: comments, script, style
2026-09-27T19:33:27.0155524Z [36m<html>[31m
2026-09-27T19:33:27.0155919Z   [36m<head />[31m
2026-09-27T19:33:27.0156315Z   [36m<body>[31m
2026-09-27T19:33:27.0156716Z     [36m<div />[31m
2026-09-27T19:33:27.0157115Z   [36m</body>[31m
2026-09-27T19:33:27.0157519Z [36m</html>[31m[39m
2026-09-27T19:33:27.0157743Z 
2026-09-27T19:33:27.0157936Z [32m- Expected[39m
2026-09-27T19:33:27.0158196Z [31m+ Received[39m
2026-09-27T19:33:27.0158348Z 
2026-09-27T19:33:27.0158453Z [32m- 1[39m
2026-09-27T19:33:27.0158672Z [31m+ 0[39m
2026-09-27T19:33:27.0158778Z 
2026-09-27T19:33:27.0159174Z [36m [2m❯[22m src/hooks/__tests__/useCalendarTasks.test.ts:[2m88:69[22m[39m
2026-09-27T19:33:27.0159630Z     [90m 86|[39m     )[33m;[39m
2026-09-27T19:33:27.0160049Z     [90m 87|[39m     [35mawait[39m [34mwaitFor[39m(() [33m=>[39m
2026-09-27T19:33:27.0160638Z     [90m 88|[39m       expect(result.current.getTasksForDate(new Date(2026, 5, 10))).to…
2026-09-27T19:33:27.0161607Z     [90m   |[39m                                                                     [31m^[39m
2026-09-27T19:33:27.0162320Z     [90m 89|[39m     )[33m;[39m
2026-09-27T19:33:27.0163264Z     [90m 90|[39m     expect(result.current.getTasksForDate(new Date(2026, 5, 10))[0].id…
2026-09-27T19:33:27.0165108Z [90m [2m❯[22m runWithExpensiveErrorDiagnosticsDisabled node_modules/@testing-library/dom/dist/config.js:[2m47:12[22m[39m
2026-09-27T19:33:27.0166825Z [90m [2m❯[22m checkCallback node_modules/@testing-library/dom/dist/wait-for.js:[2m124:77[22m[39m
2026-09-27T19:33:27.0168509Z [90m [2m❯[22m Timeout.checkRealTimersCallback node_modules/@testing-library/dom/dist/wait-for.js:[2m118:16[22m[39m
2026-09-27T19:33:27.0169294Z 
2026-09-27T19:33:27.0169699Z [31m[2m⎯⎯⎯⎯⎯⎯⎯⎯⎯⎯⎯⎯⎯⎯⎯⎯⎯⎯⎯⎯⎯⎯⎯⎯[2/2]⎯[22m[39m
2026-09-27T19:33:27.0170045Z 
2026-09-27T19:33:27.0170084Z 
2026-09-27T19:33:27.0170880Z [2m Test Files [22m [1m[31m1 failed[39m[22m[2m | [22m[1m[32m57 passed[39m[22m[90m (58)[39m
2026-09-27T19:33:27.0172211Z [2m      Tests [22m [1m[31m2 failed[39m[22m[2m | [22m[1m[32m479 passed[39m[22m[90m (481)[39m
2026-09-27T19:33:27.0173066Z [2m   Start at [22m 19:32:52
2026-09-27T19:33:27.0173944Z [2m   Duration [22m 34.69s[2m (transform 1.51s, setup 6.88s, import 23.56s, tests 4.45s, environment 57.39s)[22m
2026-09-27T19:33:27.0174344Z 
2026-09-27T19:33:27.0192834Z 
2026-09-27T19:33:27.0216730Z ##[error]AssertionError: expected [] to have a length of 1 but got +0

Ignored nodes: comments, script, style
<html>
  <head />
  <body>
    <div />
  </body>
</html>

- Expected
+ Received

- 1
+ 0

 ❯ src/hooks/__tests__/useCalendarTasks.test.ts:64:69
 ❯ runWithExpensiveErrorDiagnosticsDisabled node_modules/@testing-library/dom/dist/config.js:47:12
 ❯ checkCallback node_modules/@testing-library/dom/dist/wait-for.js:124:77
 ❯ Timeout.checkRealTimersCallback node_modules/@testing-library/dom/dist/wait-for.js:118:16


2026-09-27T19:33:27.0227655Z 
2026-09-27T19:33:27.0233996Z ##[error]AssertionError: expected [] to have a length of 1 but got +0

Ignored nodes: comments, script, style
<html>
  <head />
  <body>
    <div />
  </body>
</html>

- Expected
+ Received

- 1
+ 0

 ❯ src/hooks/__tests__/useCalendarTasks.test.ts:88:69
 ❯ runWithExpensiveErrorDiagnosticsDisabled node_modules/@testing-library/dom/dist/config.js:47:12
 ❯ checkCallback node_modules/@testing-library/dom/dist/wait-for.js:124:77
 ❯ Timeout.checkRealTimersCallback node_modules/@testing-library/dom/dist/wait-for.js:118:16


2026-09-27T19:33:27.0717287Z ##[error]Process completed with exit code 1.
2026-09-27T19:33:27.0820939Z Post job cleanup.
2026-09-27T19:33:27.0824242Z ##[start-action display=Set up Node 22;id=__b95efb17-18c3-4a1d-b685-beb12b14f168.__actions_setup-node]
2026-09-27T19:33:27.0849869Z ##[end-action id=__b95efb17-18c3-4a1d-b685-beb12b14f168.__actions_setup-node;outcome=skipped;conclusion=skipped;duration_ms=0]
2026-09-27T19:33:27.0939137Z Post job cleanup.
2026-09-27T19:33:27.1773730Z [command]/usr/bin/git version
2026-09-27T19:33:27.1816250Z git version 2.55.0
2026-09-27T19:33:27.1859708Z Temporarily overriding HOME='/home/runner/work/_temp/61579918-fefc-42d0-a04c-df1903d1c15b' before making global git config changes
2026-09-27T19:33:27.1861464Z Adding repository directory to the temporary git global config as a safe directory
2026-09-27T19:33:27.1865922Z [command]/usr/bin/git config --global --add safe.directory /home/runner/work/prismTask/prismTask
2026-09-27T19:33:27.1929620Z Removing SSH command configuration
2026-09-27T19:33:27.1936995Z [command]/usr/bin/git config --local --name-only --get-regexp core\.sshCommand
2026-09-27T19:33:27.1972656Z [command]/usr/bin/git submodule foreach --recursive sh -c "git config --local --name-only --get-regexp 'core\.sshCommand' && git config --local --unset-all 'core.sshCommand' || :"
2026-09-27T19:33:27.2222032Z Removing HTTP extra header
2026-09-27T19:33:27.2227659Z [command]/usr/bin/git config --local --name-only --get-regexp http\.https\:\/\/github\.com\/\.extraheader
2026-09-27T19:33:27.2274448Z [command]/usr/bin/git submodule foreach --recursive sh -c "git config --local --name-only --get-regexp 'http\.https\:\/\/github\.com\/\.extraheader' && git config --local --unset-all 'http.https://github.com/.extraheader' || :"
2026-09-27T19:33:27.2534306Z Removing includeIf entries pointing to credentials config files
2026-09-27T19:33:27.2544518Z [command]/usr/bin/git config --local --name-only --get-regexp ^includeIf\.gitdir:
2026-09-27T19:33:27.2576879Z includeif.gitdir:/home/runner/work/prismTask/prismTask/.git.path
2026-09-27T19:33:27.2577917Z includeif.gitdir:/home/runner/work/prismTask/prismTask/.git/worktrees/*.path
2026-09-27T19:33:27.2578842Z includeif.gitdir:/github/workspace/.git.path
2026-09-27T19:33:27.2579781Z includeif.gitdir:/github/workspace/.git/worktrees/*.path
2026-09-27T19:33:27.2588961Z [command]/usr/bin/git config --local --get-all includeif.gitdir:/home/runner/work/prismTask/prismTask/.git.path
2026-09-27T19:33:27.2615271Z /home/runner/work/_temp/git-credentials-59b6d4df-4f47-45a5-8940-724d50209cbf.config
2026-09-27T19:33:27.2629033Z [command]/usr/bin/git config --local --unset includeif.gitdir:/home/runner/work/prismTask/prismTask/.git.path /home/runner/work/_temp/git-credentials-59b6d4df-4f47-45a5-8940-724d50209cbf.config
2026-09-27T19:33:27.2674147Z [command]/usr/bin/git config --local --get-all includeif.gitdir:/home/runner/work/prismTask/prismTask/.git/worktrees/*.path
2026-09-27T19:33:27.2702998Z /home/runner/work/_temp/git-credentials-59b6d4df-4f47-45a5-8940-724d50209cbf.config
2026-09-27T19:33:27.2713865Z [command]/usr/bin/git config --local --unset includeif.gitdir:/home/runner/work/prismTask/prismTask/.git/worktrees/*.path /home/runner/work/_temp/git-credentials-59b6d4df-4f47-45a5-8940-724d50209cbf.config
2026-09-27T19:33:27.2753203Z [command]/usr/bin/git config --local --get-all includeif.gitdir:/github/workspace/.git.path
2026-09-27T19:33:27.2786029Z /github/runner_temp/git-credentials-59b6d4df-4f47-45a5-8940-724d50209cbf.config
2026-09-27T19:33:27.2799130Z [command]/usr/bin/git config --local --unset includeif.gitdir:/github/workspace/.git.path /github/runner_temp/git-credentials-59b6d4df-4f47-45a5-8940-724d50209cbf.config
2026-09-27T19:33:27.2839613Z [command]/usr/bin/git config --local --get-all includeif.gitdir:/github/workspace/.git/worktrees/*.path
2026-09-27T19:33:27.2867175Z /github/runner_temp/git-credentials-59b6d4df-4f47-45a5-8940-724d50209cbf.config
2026-09-27T19:33:27.2876593Z [command]/usr/bin/git config --local --unset includeif.gitdir:/github/workspace/.git/worktrees/*.path /github/runner_temp/git-credentials-59b6d4df-4f47-45a5-8940-724d50209cbf.config
2026-09-27T19:33:27.2916864Z [command]/usr/bin/git submodule foreach --recursive git config --local --show-origin --name-only --get-regexp remote.origin.url
2026-09-27T19:33:27.3139651Z Removing credentials config '/home/runner/work/_temp/git-credentials-59b6d4df-4f47-45a5-8940-724d50209cbf.config'
2026-09-27T19:33:27.3286403Z Cleaning up orphan processes
2026-09-27T19:33:27.3561327Z ##[warning]Node.js 20 is deprecated. The following actions target Node.js 20 but are being forced to run on Node.js 24: actions/setup-node@v4. For more information see: https://github.blog/changelog/2025-09-19-deprecation-of-node-20-on-github-actions-runners/


--- Job: web-lint-and-test (id 108691691822) ---
2026-09-27T19:33:36.1829176Z Current runner version: '2.337.0'
2026-09-27T19:33:36.1853673Z ##[group]Runner Image Provisioner
2026-09-27T19:33:36.1854843Z Hosted Compute Agent
2026-09-27T19:33:36.1855448Z Version: 20260828.587
2026-09-27T19:33:36.1856139Z Commit: abac92662cab4cc7352de4f9f9d2e2419aad9c29
2026-09-27T19:33:36.1856899Z Build Date: 2026-08-28T16:44:25Z
2026-09-27T19:33:36.1857606Z Worker ID: {19e08f92-4e9e-4b08-ba8c-46fed12ba43d}
2026-09-27T19:33:36.1858412Z Azure Region: eastus
2026-09-27T19:33:36.1858974Z ##[endgroup]
2026-09-27T19:33:36.1860501Z ##[group]Operating System
2026-09-27T19:33:36.1861166Z Ubuntu
2026-09-27T19:33:36.1861690Z 24.04.5
2026-09-27T19:33:36.1862339Z LTS
2026-09-27T19:33:36.1862852Z ##[endgroup]
2026-09-27T19:33:36.1863387Z ##[group]Runner Image
2026-09-27T19:33:36.1864087Z Image: ubuntu-24.04
2026-09-27T19:33:36.1864885Z Version: 20260920.314.1
2026-09-27T19:33:36.1866191Z Included Software: https://github.com/actions/runner-images/blob/ubuntu24/20260920.314/images/ubuntu/Ubuntu2404-Readme.md
2026-09-27T19:33:36.1867677Z Image Release: https://github.com/actions/runner-images/releases/tag/ubuntu24%2F20260920.314
2026-09-27T19:33:36.1868740Z ##[endgroup]
2026-09-27T19:33:36.1870145Z ##[group]GITHUB_TOKEN Permissions
2026-09-27T19:33:36.1872726Z Actions: read
2026-09-27T19:33:36.1873334Z Checks: read
2026-09-27T19:33:36.1873990Z Contents: write
2026-09-27T19:33:36.1874932Z Metadata: read
2026-09-27T19:33:36.1875603Z PullRequests: read
2026-09-27T19:33:36.1876226Z ##[endgroup]
2026-09-27T19:33:36.1878268Z Secret source: Actions
2026-09-27T19:33:36.1879311Z Cache mode: write
2026-09-27T19:33:36.1880395Z Prepare workflow directory
2026-09-27T19:33:36.2206833Z Prepare all required actions
2026-09-27T19:33:36.2309059Z Complete job name: web-lint-and-test
2026-09-27T19:33:36.3099496Z ##[group]Run if [ 'success' != 'success' ]; then
2026-09-27T19:33:36.3100666Z [36;1mif [ 'success' != 'success' ]; then[0m
2026-09-27T19:33:36.3101513Z [36;1m  echo "web-lint finished with success" >&2[0m
2026-09-27T19:33:36.3102354Z [36;1m  exit 1[0m
2026-09-27T19:33:36.3102918Z [36;1mfi[0m
2026-09-27T19:33:36.3103492Z [36;1mif [ 'failure' != 'success' ]; then[0m
2026-09-27T19:33:36.3104809Z [36;1m  echo "web-unit-tests finished with failure" >&2[0m
2026-09-27T19:33:36.3105655Z [36;1m  exit 1[0m
2026-09-27T19:33:36.3106266Z [36;1mfi[0m
2026-09-27T19:33:36.3106859Z [36;1mif [ 'success' != 'success' ]; then[0m
2026-09-27T19:33:36.3107626Z [36;1m  echo "web-build finished with success" >&2[0m
2026-09-27T19:33:36.3108378Z [36;1m  exit 1[0m
2026-09-27T19:33:36.3108978Z [36;1mfi[0m
2026-09-27T19:33:36.3109691Z [36;1mecho "✓ Split web lint, unit-test shards, and build passed."[0m
2026-09-27T19:33:36.3779457Z shell: /usr/bin/bash -e {0}
2026-09-27T19:33:36.3780927Z ##[endgroup]
2026-09-27T19:33:36.4077988Z web-unit-tests finished with failure
2026-09-27T19:33:36.4104216Z ##[error]Process completed with exit code 1.
2026-09-27T19:33:36.4305150Z Cleaning up orphan processes
